31038251206
46270046888
29689448336
6970376042
22953538314
37592856396
3765829468
14252918678
36525492016
41659160200
32207707328
40828242614
4917832432
29871151146
25823066442
36576991382
20731003068
39477386032
39731640608
13219925062
15152823494
31694904258
20036418348
370075966
20950620048
44164982052
23728793912
7015204790
30376601190
32840049524
4634126490
36368596896
24563111542
29006933582
37784122368
44574334614
932245904
27922088822
8449601396
42435102366
34578094280
28772767452
46182741766
20490160780
42590336052
40658375200
46779398838
17337379996
3535314616
36973233652
13548771926
25327451840
46595928004
24194678036
19411237976
10724220068
27041541668
7735134122
34107729762
22399215060
9779333494
36803538740
36202627958
20434842326
52022409782
9494889940
8993424048
50864521620
26123629890
15362642076
5643228834
26957878922
32738476202
16276435448
22093079190
42168526134
35862602086
28411765728
5663971122
1058847912
10386935790
34931805882
9632352524
22715362606
41614230074
45356558866
50391688162
33269086196
26469725136
38593013882
5803689958
45723663064
37122551282
32727262674
2806919996
47243496572
15661543194
42758642396
119175720
1229665944
