2667
1248144
14679015788
2447923335567788
234566789024567
457893458
2456789111113335588
23445668911113345677898
2391235677
538
26367
557
2345666678901155779998
105
30
173457
1369235688
12268277
13567925578
3837
2234457911336998
2345790268
2244445668911234566
2379011367
1345668012334577898
22344569011156798
238245788
12356790124576
1222446669011235798
38133788
269148
2580157798
13713467
5
122467913335567788
15867
12259115788
2244679111234556898
43
12349011334798
57136798
24669234588
1347902357778
137045
222566679036788
24912488
8
1490277
135891355688
1223466901333555677798
