319
1 6 4
2 10 5
3 11 9
7 16 13
8 17 18
12 19 21
14 24 23
15 28 25
20 31 29
22 37 34
26 44 36
27 46 38
30 51 39
32 52 41
33 56 42
35 57 47
40 61 48
43 68 49
45 75 50
53 76 54
58 80 55
59 83 66
60 84 70
62 87 71
63 98 72
64 102 74
65 104 77
67 111 79
69 112 82
73 113 86
78 115 89
81 122 90
85 126 93
88 127 94
91 129 95
92 131 106
96 132 108
97 133 110
99 137 114
100 141 118
101 150 120
103 151 123
105 152 124
107 155 125
109 156 130
116 164 134
117 167 143
119 169 144
121 175 148
128 180 149
135 183 154
136 184 158
138 185 162
139 188 165
140 190 168
142 193 173
145 194 176
146 195 178
147 197 181
153 199 182
157 200 187
159 203 189
160 204 192
161 209 198
163 211 201
166 212 202
170 214 205
171 217 208
172 221 222
174 223 227
177 225 229
179 231 230
186 232 237
191 239 242
196 241 247
206 243 248
207 245 249
210 251 250
213 253 254
215 258 255
216 260 257
218 261 264
219 267 265
220 268 266
224 274 269
226 277 270
228 279 271
233 280 272
234 283 273
235 285 276
236 288 287
238 289 294
240 290 295
244 291 298
246 292 308
252 293 311
256 296 318
259 297 320
262 300 322
263 301 325
275 305 328
278 306 329
281 307 342
282 316 344
284 319 346
286 321 351
299 323 352
302 326 355
303 327 356
304 330 357
309 331 364
310 332 366
312 333 375
313 334 376
314 335 379
315 336 381
317 337 393
324 341 397
338 343 399
339 345 400
340 348 402
347 349 403
350 354 405
353 360 407
358 361 412
359 365 419
362 368 426
363 369 427
367 370 428
372 371 434
374 373 435
380 377 436
383 378 438
384 382 443
386 385 452
387 389 458
388 390 461
391 392 466
395 394 470
398 396 481
401 404 484
406 409 485
408 410 487
413 411 490
415 414 495
418 416 499
424 417 500
431 420 501
432 421 507
433 422 509
437 423 510
439 425 513
441 429 516
444 430 521
445 440 522
446 442 524
450 447 527
451 448 531
454 449 533
455 453 534
456 457 539
459 460 543
463 462 547
464 465 559
467 471 565
468 472 567
469 477 568
473 479 574
474 482 584
475 488 587
476 489 589
478 493 590
480 494 593
483 496 596
486 497 599
491 498 601
492 502 607
503 504 611
505 512 612
506 514 613
508 515 616
511 517 617
518 519 618
520 523 619
526 525 621
528 529 623
530 532 633
535 536 639
538 537 641
541 540 649
542 545 650
544 546 651
555 548 652
556 549 654
557 550 657
558 551 658
562 552 659
563 553 664
566 554 671
570 560 673
571 561 675
573 564 676
575 569 678
576 572 681
579 577 683
581 578 686
583 580 687
586 582 688
591 585 690
594 588 696
595 592 700
597 600 701
598 602 703
603 604 704
605 606 705
609 608 706
610 615 711
614 625 714
620 626 716
622 627 719
624 628 720
629 630 721
631 632 722
637 634 723
638 635 729
648 636 732
655 640 734
660 642 735
662 643 742
666 644 749
672 645 752
674 646 753
679 647 754
684 653 755
689 656 760
691 661 769
692 663 771
695 665 772
697 667 773
698 668 774
699 669 776
702 670 780
709 677 783
710 680 784
712 682 785
713 685 788
715 693 789
717 694 792
718 707 795
727 708 798
730 724 799
733 725 800
739 726 803
744 728 804
748 731 805
750 736 809
751 737 813
756 738 816
757 740 820
758 741 824
761 743 827
762 745 828
765 746 832
770 747 833
777 759 835
778 763 838
779 764 846
781 766 848
782 767 850
787 768 853
794 775 856
797 786 857
801 790 863
806 791 867
807 793 868
811 796 869
812 802 870
814 808 871
815 810 872
821 817 874
822 818 875
823 819 878
826 825 882
829 830 887
834 831 891
837 836 892
839 841 894
840 849 895
842 852 897
843 855 898
844 859 900
845 860 910
847 865 912
851 873 913
854 876 916
858 880 918
861 884 919
862 885 921
864 888 924
866 889 926
877 893 940
879 902 942
881 903 945
883 904 952
886 911 956
890 915 957
896 917 958
899 922 960
901 923 964
905 928 966
906 932 969
907 935 975
908 938 978
909 943 979
914 947 981
920 948 991
925 949 994
927 954 998
929 959 999
