3266
4 1 2
5 3 6
11 8 7
13 9 12
14 10 16
21 15 33
23 17 36
29 18 37
30 19 43
34 20 44
35 22 45
38 24 46
40 25 48
41 26 51
42 27 52
49 28 58
50 31 62
53 32 63
54 39 67
59 47 73
60 55 74
61 56 77
65 57 78
72 64 81
75 66 87
76 68 89
79 69 94
80 70 102
86 71 105
88 82 108
90 83 109
93 84 113
96 85 115
97 91 118
98 92 120
100 95 121
101 99 123
107 103 129
110 104 131
111 106 133
112 116 134
114 117 136
122 119 137
128 124 138
130 125 140
144 126 142
145 127 143
151 132 146
152 135 157
154 139 158
155 141 160
163 147 161
165 148 166
169 149 167
170 150 168
171 153 172
173 156 174
177 159 178
179 162 181
180 164 182
183 175 185
190 176 193
191 184 197
194 186 199
195 187 202
200 188 204
203 189 206
207 192 209
208 196 214
212 198 215
216 201 217
218 205 220
222 210 221
223 211 225
224 213 226
227 219 228
232 229 230
239 231 236
244 233 237
246 234 240
247 235 241
251 238 242
253 243 245
254 248 249
265 250 252
272 256 255
273 258 257
277 260 259
280 261 263
283 262 264
284 276 266
289 279 267
295 287 268
297 290 269
298 291 270
299 292 271
301 294 274
305 296 275
312 300 278
315 302 281
316 303 282
317 307 285
320 313 286
324 318 288
326 319 293
331 323 304
332 328 306
336 329 308
339 330 309
341 337 310
347 338 311
351 343 314
357 344 321
366 345 322
370 346 325
373 348 327
376 352 333
377 353 334
379 354 335
380 355 340
381 356 342
387 358 349
391 359 350
392 360 361
393 362 365
396 363 368
398 364 371
405 367 374
409 369 375
410 372 383
412 378 384
416 382 385
417 386 389
422 388 390
429 400 394
430 401 395
435 408 397
441 411 399
444 413 402
448 414 403
457 419 404
462 424 406
463 425 407
464 426 415
467 431 418
468 432 420
470 434 421
477 436 423
480 437 427
482 439 428
486 440 433
489 445 438
504 446 442
505 451 443
507 453 447
509 456 449
510 458 450
511 460 452
513 461 454
517 465 455
519 473 459
520 474 466
526 483 469
529 484 471
533 487 472
534 491 475
535 492 476
540 496 478
544 498 479
546 499 481
548 501 485
549 502 488
554 506 490
556 508 493
564 522 494
578 523 495
580 527 497
583 531 500
585 532 503
590 538 512
592 539 514
598 547 515
600 552 516
602 553 518
603 555 521
604 557 524
607 558 525
608 559 528
613 560 530
614 563 536
616 565 537
618 566 541
619 570 542
620 573 543
622 575 545
624 576 550
626 579 551
630 581 561
637 582 562
638 586 567
639 588 568
642 589 569
645 593 571
648 594 572
649 595 574
651 597 577
652 601 584
657 606 587
658 610 591
662 612 596
666 615 599
668 617 605
670 621 609
674 625 611
676 628 623
678 631 627
682 633 629
687 636 632
692 643 634
693 647 635
694 653 640
696 654 641
698 655 644
699 659 646
705 664 650
706 665 656
708 673 660
711 675 661
713 677 663
721 680 667
731 681 669
732 684 671
734 686 672
736 688 679
738 689 683
743 691 685
748 695 690
749 701 697
750 702 700
753 703 707
757 704 709
760 710 712
761 714 715
762 717 716
764 720 718
766 724 719
771 733 722
772 737 723
782 745 725
786 746 726
790 755 727
792 758 728
795 763 729
796 769 730
799 773 735
802 774 739
803 776 740
804 779 741
805 783 742
806 784 744
812 789 747
813 791 751
815 793 752
820 794 754
823 798 756
826 801 759
838 807 765
840 809 767
841 810 768
853 818 770
855 819 775
856 822 777
857 824 778
859 827 780
863 828 781
865 829 785
868 832 787
870 836 788
871 839 797
872 842 800
879 843 808
880 845 811
881 846 814
882 847 816
884 848 817
887 849 821
889 851 825
892 858 830
893 864 831
898 866 833
900 873 834
902 875 835
904 876 837
906 878 844
908 888 850
911 890 852
914 891 854
915 895 860
917 899 861
919 912 862
923 913 867
925 922 869
934 924 874
936 928 877
938 937 883
946 939 885
948 942 886
949 944 894
953 954 896
955 958 897
956 963 901
965 966 903
972 967 905
973 968 907
976 969 909
977 970 910
979 974 916
980 975 918
981 983 920
984 991 921
995 993 926
998 994 927
1006 997 929
1011 1001 930
1017 1002 931
1018 1003 932
1019 1004 933
1020 1008 935
1024 1013 940
1026 1014 941
1029 1015 943
1032 1025 945
1034 1027 947
1036 1028 950
1037 1030 951
1038 1031 952
1039 1040 957
1046 1043 959
1052 1045 960
1053 1048 961
1054 1050 962
1055 1057 964
1056 1060 971
1058 1063 978
1059 1065 982
1062 1070 985
1072 1074 986
1076 1075 987
1080 1078 988
1088 1083 989
1094 1084 990
1095 1090 992
1099 1092 996
1102 1097 999
1105 1098 1000
1106 1103 1005
1107 1104 1007
1108 1109 1009
1110 1111 1010
1112 1114 1012
1120 1115 1016
1121 1116 1021
1122 1118 1022
1127 1124 1023
1128 1132 1033
1129 1134 1035
1131 1136 1041
1133 1142 1042
1140 1144 1044
1141 1148 1047
1143 1151 1049
1145 1152 1051
1149 1153 1061
1150 1157 1064
1154 1159 1066
1155 1164 1067
1156 1165 1068
1158 1167 1069
1160 1173 1071
1161 1174 1073
1162 1178 1077
1163 1183 1079
1168 1188 1081
1172 1190 1082
1175 1194 1085
1179 1196 1086
1181 1205 1087
1184 1209 1089
1185 1212 1091
1187 1213 1093
1189 1214 1096
1191 1216 1100
1193 1217 1101
1195 1221 1113
1197 1225 1117
1198 1228 1119
1206 1230 1123
1208 1231 1125
1211 1233 1126
1220 1239 1130
1223 1241 1135
1227 1242 1137
1229 1246 1138
1234 1250 1139
1235 1251 1146
1237 1257 1147
1243 1262 1166
1248 1263 1169
1249 1267 1170
1254 1269 1171
1256 1270 1176
1258 1272 1177
1264 1276 1180
1265 1285 1182
1266 1291 1186
1273 1295 1192
1274 1299 1199
1279 1300 1200
1280 1304 1201
1281 1306 1202
1282 1309 1203
1284 1310 1204
1287 1312 1207
1288 1316 1210
1292 1319 1215
1294 1321 1218
1296 1325 1219
1298 1330 1222
1302 1331 1224
1307 1334 1226
1308 1336 1232
1311 1337 1236
1314 1341 1238
1317 1344 1240
1318 1349 1244
1323 1350 1245
1324 1351 1247
1326 1352 1252
1328 1355 1253
1333 1359 1255
1335 1361 1259
1338 1366 1260
1339 1368 1261
1340 1371 1268
1345 1372 1271
1346 1374 1275
1348 1379 1277
1354 1382 1278
1356 1383 1283
1357 1388 1286
1362 1391 1289
1365 1393 1290
1367 1394 1293
1369 1396 1297
1375 1397 1301
1376 1399 1303
1377 1403 1305
1378 1406 1313
1380 1409 1315
1384 1412 1320
1385 1414 1322
1386 1415 1327
1389 1417 1329
1390 1420 1332
1392 1421 1342
1395 1422 1343
1398 1424 1347
1400 1428 1353
1402 1429 1358
1405 1432 1360
1411 1433 1363
1413 1435 1364
1416 1438 1370
1423 1440 1373
1425 1441 1381
1426 1442 1387
1434 1443 1401
1436 1447 1404
1437 1448 1407
1439 1456 1408
1444 1457 1410
1445 1461 1418
1446 1463 1419
1450 1465 1427
1451 1466 1430
1454 1475 1431
1455 1481 1449
1459 1486 1452
1467 1487 1453
1469 1488 1458
1470 1491 1460
1472 1494 1462
1473 1495 1464
1476 1496 1468
1478 1497 1471
1482 1499 1474
1484 1503 1477
1493 1505 1479
1502 1508 1480
1507 1512 1483
1510 1513 1485
1511 1519 1489
1515 1521 1490
1517 1523 1492
1525 1530 1498
1526 1533 1500
1528 1537 1501
1529 1538 1504
1531 1541 1506
1532 1544 1509
1534 1546 1514
1536 1548 1516
1539 1552 1518
1542 1556 1520
1543 1558 1522
1547 1563 1524
1551 1564 1527
1553 1570 1535
1555 1572 1540
1557 1573 1545
1560 1574 1549
1561 1575 1550
1562 1577 1554
1567 1581 1559
1571 1587 1565
1578 1594 1566
1579 1599 1568
1580 1601 1569
1583 1604 1576
1584 1606 1582
1585 1608 1588
1586 1611 1589
1591 1612 1590
1593 1613 1592
1595 1615 1597
1596 1620 1605
1598 1622 1607
1600 1624 1616
1602 1625 1617
1603 1628 1623
1609 1632 1626
1610 1633 1627
1614 1637 1630
1618 1639 1636
1619 1640 1644
1621 1645 1647
1629 1646 1651
1631 1650 1652
1634 1653 1655
1635 1656 1657
1638 1658 1661
1641 1659 1666
1642 1662 1668
1643 1665 1670
1648 1669 1674
1649 1675 1678
1654 1679 1688
1660 1681 1690
1663 1685 1693
1664 1686 1697
1667 1689 1699
1671 1691 1700
1672 1698 1705
1673 1701 1720
1676 1702 1724
1677 1704 1725
1680 1706 1731
1682 1712 1732
1683 1713 1733
1684 1716 1734
1687 1717 1736
1692 1718 1737
1694 1719 1738
1695 1722 1742
1696 1723 1743
1703 1726 1751
1707 1729 1752
1708 1730 1753
1709 1741 1754
1710 1744 1757
1711 1745 1759
1714 1747 1760
1715 1748 1761
1721 1755 1767
1727 1758 1768
1728 1763 1770
1735 1764 1778
1739 1765 1779
1740 1766 1780
1746 1769 1783
1749 1771 1786
1750 1772 1789
1756 1773 1791
1762 1775 1793
1774 1777 1796
1776 1785 1797
1781 1795 1801
1782 1798 1809
1784 1799 1810
1787 1800 1812
1788 1802 1813
1790 1803 1820
1792 1814 1822
1794 1815 1828
1804 1816 1829
1805 1818 1831
1806 1823 1833
1807 1824 1838
1808 1825 1845
1811 1826 1846
1817 1830 1851
1819 1832 1853
1821 1834 1854
1827 1836 1855
1835 1837 1864
1839 1841 1865
1840 1843 1868
1842 1844 1871
1847 1848 1874
1849 1850 1877
1852 1858 1878
1856 1860 1879
1857 1863 1882
1859 1866 1883
1861 1873 1886
1862 1875 1890
1867 1876 1896
1869 1880 1903
1870 1887 1905
1872 1889 1912
1881 1891 1913
1884 1893 1915
1885 1898 1920
1888 1901 1924
1892 1902 1927
1894 1906 1928
1895 1907 1931
1897 1909 1933
1899 1911 1934
1900 1914 1935
1904 1919 1936
1908 1925 1937
1910 1932 1938
1916 1940 1943
1917 1941 1944
1918 1942 1947
1921 1946 1956
1922 1948 1958
1923 1950 1959
1926 1951 1960
1929 1954 1962
1930 1961 1963
1939 1977 1964
1945 1980 1966
1949 1981 1968
1952 1986 1969
1953 1987 1970
1955 1996 1971
1957 1997 1974
1965 1998 1975
1967 1999 1976
1972 2001 1978
1973 2003 1979
1984 2004 1982
1985 2009 1983
1988 2010 1990
1989 2015 1991
1993 2016 1992
2000 2017 1994
2005 2022 1995
2006 2023 2002
2007 2024 2013
2008 2025 2019
2011 2026 2020
2012 2027 2021
2014 2029 2032
2018 2030 2033
2028 2034 2035
2031 2036 2038
2037 2043 2039
2042 2044 2040
2047 2046 2041
2051 2048 2045
2054 2049 2063
2057 2050 2066
2058 2052 2069
2060 2053 2070
2061 2055 2071
2062 2056 2072
2064 2059 2074
2067 2065 2081
2073 2068 2087
2082 2075 2089
2083 2076 2096
2084 2077 2097
2088 2078 2103
2090 2079 2105
2091 2080 2108
2099 2085 2114
2102 2086 2120
2104 2092 2126
2107 2093 2131
2109 2094 2132
2110 2095 2133
2111 2098 2135
2112 2100 2142
2113 2101 2147
2116 2106 2149
2119 2115 2151
2122 2117 2158
2123 2118 2162
2125 2121 2186
2137 2124 2187
2139 2127 2188
2145 2128 2189
2148 2129 2194
2152 2130 2198
2153 2134 2199
2154 2136 2200
2155 2138 2202
2157 2140 2209
2160 2141 2212
2164 2143 2213
2166 2144 2214
2167 2146 2217
2171 2150 2219
2172 2156 2220
2173 2159 2225
2178 2161 2228
2179 2163 2230
2181 2165 2235
2184 2168 2240
2191 2169 2241
2193 2170 2243
2195 2174 2249
2201 2175 2250
2203 2176 2257
2204 2177 2258
2205 2180 2263
2206 2182 2267
2210 2183 2269
2216 2185 2270
2221 2190 2276
2223 2192 2279
2226 2196 2280
2229 2197 2282
2238 2207 2288
2239 2208 2293
2242 2211 2297
2244 2215 2298
2245 2218 2299
2246 2222 2301
2247 2224 2307
2248 2227 2311
2251 2231 2312
2252 2232 2314
2253 2233 2319
2261 2234 2320
2264 2236 2323
2265 2237 2327
2271 2254 2328
2277 2255 2330
2286 2256 2331
2287 2259 2339
2289 2260 2340
2290 2262 2341
2296 2266 2342
2304 2268 2343
2305 2272 2346
2306 2273 2350
2308 2274 2351
2310 2275 2352
2315 2278 2353
2316 2281 2360
2318 2283 2364
2321 2284 2368
2322 2285 2369
2324 2291 2373
2325 2292 2377
2332 2294 2379
2336 2295 2383
2337 2300 2387
2344 2302 2389
2345 2303 2390
2354 2309 2395
2356 2313 2397
2357 2317 2398
2362 2326 2403
2363 2329 2404
2366 2333 2406
2376 2334 2410
2378 2335 2417
2384 2338 2418
2385 2347 2419
2386 2348 2424
2392 2349 2425
2393 2355 2426
2396 2358 2427
2399 2359 2432
2400 2361 2440
2405 2365 2442
2408 2367 2446
2412 2370 2449
2413 2371 2450
2414 2372 2457
2415 2374 2460
2420 2375 2466
2422 2380 2467
2428 2381 2468
2430 2382 2472
2431 2388 2474
2439 2391 2477
2445 2394 2481
2447 2401 2482
2451 2402 2487
2452 2407 2488
2453 2409 2491
2454 2411 2494
2456 2416 2496
2464 2421 2498
2465 2423 2511
2469 2429 2512
2473 2433 2513
2476 2434 2514
2478 2435 2515
2479 2436 2520
2480 2437 2527
2484 2438 2528
2485 2441 2530
2492 2443 2533
2493 2444 2540
2495 2448 2543
2497 2455 2545
2500 2458 2546
2502 2459 2547
2503 2461 2553
2505 2462 2555
2516 2463 2556
2518 2470 2557
2519 2471 2559
2523 2475 2562
2524 2483 2565
2526 2486 2569
2529 2489 2571
2532 2490 2583
2537 2499 2587
2538 2501 2588
2541 2504 2589
2542 2506 2594
2544 2507 2595
2548 2508 2596
2550 2509 2597
2551 2510 2598
2554 2517 2600
2560 2521 2608
2561 2522 2609
2564 2525 2612
2566 2531 2614
2568 2534 2620
2570 2535 2621
2572 2536 2622
2573 2539 2623
2574 2549 2625
2575 2552 2629
2576 2558 2631
2578 2563 2632
2579 2567 2635
2586 2577 2637
2592 2580 2642
2599 2581 2646
2602 2582 2647
2603 2584 2650
2606 2585 2653
2610 2590 2655
2611 2591 2665
2616 2593 2671
2617 2601 2672
2618 2604 2674
2624 2605 2679
2626 2607 2680
2627 2613 2682
2628 2615 2686
2630 2619 2695
2633 2636 2696
2634 2639 2699
2638 2640 2700
2641 2643 2701
2648 2644 2702
2649 2645 2704
2651 2652 2706
2654 2656 2707
2659 2657 2715
2663 2658 2716
2667 2660 2725
2669 2661 2730
2673 2662 2735
2676 2664 2736
2677 2666 2737
2681 2668 2744
2683 2670 2749
2687 2675 2751
2688 2678 2753
2690 2684 2755
2693 2685 2756
2694 2689 2761
2697 2691 2763
2703 2692 2764
2708 2698 2770
2711 2705 2776
2712 2709 2779
2713 2710 2780
2714 2718 2791
2717 2722 2792
2719 2723 2795
2720 2724 2804
2721 2726 2808
2727 2729 2809
2728 2731 2810
2733 2732 2812
2734 2738 2819
2739 2741 2824
2740 2743 2827
2742 2745 2836
2746 2747 2837
2750 2748 2839
2754 2752 2845
2757 2758 2851
2759 2760 2853
2762 2768 2854
2765 2771 2855
2766 2772 2856
2767 2773 2862
2769 2778 2865
2774 2783 2866
2775 2784 2869
2777 2785 2875
2781 2786 2876
2782 2790 2878
2787 2793 2879
2788 2796 2888
2789 2797 2892
2794 2798 2893
2799 2802 2894
2800 2806 2895
2801 2807 2898
2803 2811 2901
2805 2813 2902
2814 2816 2906
2815 2817 2913
2818 2821 2918
2820 2822 2920
2823 2826 2921
2825 2828 2922
2829 2830 2924
2831 2833 2926
2832 2834 2927
2840 2835 2928
2846 2838 2930
2847 2841 2932
2848 2842 2934
2858 2843 2935
2859 2844 2937
2864 2849 2938
2868 2850 2940
2873 2852 2942
2874 2857 2950
2882 2860 2953
2883 2861 2955
2884 2863 2956
2885 2867 2957
2886 2870 2958
2887 2871 2959
2889 2872 2972
2896 2877 2973
2899 2880 2974
2900 2881 2975
2904 2890 2979
2905 2891 2982
2908 2897 2983
2911 2903 2984
2912 2907 2986
2914 2909 2988
2915 2910 2990
2916 2917 2992
2925 2919 2995
2931 2923 3000
2939 2929 3001
2943 2933 3006
2944 2936 3007
2945 2941 3011
2947 2946 3019
2952 2948 3020
2954 2949 3022
2960 2951 3026
2963 2961 3028
2964 2962 3030
2965 2977 3031
2966 2978 3037
2967 2980 3047
2968 2981 3057
2969 2985 3061
2970 2987 3062
2971 2989 3064
2976 2993 3065
2991 2996 3067
2994 2997 3073
2999 2998 3074
3003 3002 3081
3004 3012 3083
3005 3013 3084
3008 3014 3086
3009 3018 3099
3010 3021 3100
3015 3023 3105
3016 3027 3107
3017 3033 3108
3024 3034 3114
3025 3035 3118
3029 3038 3122
3032 3039 3127
3036 3040 3132
3042 3041 3134
3043 3045 3137
3044 3046 3143
3048 3049 3145
3050 3051 3146
3052 3053 3147
3054 3055 3149
3059 3056 3150
3060 3058 3151
3063 3066 3154
3071 3068 3155
3072 3069 3162
3077 3070 3163
3078 3075 3168
3079 3076 3172
3080 3082 3173
3091 3085 3184
3093 3087 3186
3094 3088 3187
3095 3089 3192
3096 3090 3194
3097 3092 3195
3098 3103 3203
3101 3104 3204
3102 3106 3205
3109 3113 3206
3110 3115 3214
3111 3116 3217
3112 3120 3219
3117 3121 3221
3119 3123 3226
3124 3125 3228
3128 3126 3231
3130 3129 3235
3131 3135 3237
3133 3136 3238
3138 3140 3240
3139 3152 3242
3141 3153 3246
3142 3158 3248
3144 3159 3250
3148 3160 3251
3156 3165 3252
3157 3166 3257
3161 3176 3260
3164 3179 3261
3167 3180 3267
3169 3185 3268
3170 3188 3271
3171 3189 3273
3174 3191 3277
3175 3193 3283
3177 3197 3287
3178 3198 3288
3181 3199 3289
3182 3200 3290
3183 3202 3291
3190 3207 3297
3196 3208 3298
3201 3211 3299
3209 3212 3302
3210 3215 3305
3213 3218 3306
3216 3220 3307
3222 3224 3310
3223 3225 3312
3227 3232 3319
3229 3234 3320
3230 3236 3324
3233 3239 3327
3241 3243 3328
3245 3244 3329
3249 3247 3332
3259 3253 3334
3263 3254 3336
3264 3255 3337
3265 3256 3348
3274 3258 3349
3275 3262 3355
3276 3266 3358
3279 3269 3359
3281 3270 3367
3284 3272 3369
3285 3278 3373
3293 3280 3376
3295 3282 3387
3296 3286 3388
3301 3292 3394
3304 3294 3395
3309 3300 3396
3315 3303 3397
3317 3308 3401
3318 3311 3405
3321 3313 3406
3322 3314 3407
3323 3316 3409
3325 3330 3410
3326 3333 3411
3331 3338 3415
3335 3339 3417
3340 3343 3436
3341 3344 3438
3342 3345 3441
3346 3347 3444
3351 3350 3446
3353 3352 3447
3354 3356 3448
3360 3357 3452
3362 3361 3453
3365 3363 3454
3366 3364 3455
3368 3372 3456
3370 3375 3457
3371 3379 3459
3374 3380 3464
3377 3381 3467
3378 3382 3479
3386 3383 3481
3389 3384 3482
3391 3385 3486
3404 3390 3487
3408 3392 3491
3413 3393 3492
3418 3398 3494
3419 3399 3495
3420 3400 3498
3421 3402 3499
3425 3403 3506
3426 3412 3509
3428 3414 3510
3429 3416 3513
3435 3422 3516
3440 3423 3517
3451 3424 3518
3458 3427 3522
3465 3430 3523
3468 3431 3524
3469 3432 3527
3475 3433 3528
3477 3434 3531
3478 3437 3532
3484 3439 3535
3485 3442 3537
3488 3443 3539
3489 3445 3540
3490 3449 3541
3493 3450 3542
3497 3460 3543
3500 3461 3544
3502 3462 3545
3503 3463 3548
3508 3466 3549
3511 3470 3552
3512 3471 3557
3519 3472 3563
3533 3473 3565
3534 3474 3566
3536 3476 3567
3538 3480 3569
3547 3483 3572
3550 3496 3573
3551 3501 3575
3553 3504 3576
3554 3505 3582
3555 3507 3584
3556 3514 3586
3559 3515 3588
3561 3520 3591
3564 3521 3592
3568 3525 3596
3570 3526 3597
3571 3529 3598
3577 3530 3603
3578 3546 3605
3580 3558 3606
3590 3560 3607
3594 3562 3611
3599 3574 3615
3604 3579 3620
3608 3581 3621
3610 3583 3626
3612 3585 3628
3613 3587 3630
3616 3589 3637
3618 3593 3641
3619 3595 3642
3622 3600 3644
3625 3601 3646
3627 3602 3650
3632 3609 3653
3636 3614 3661
3638 3617 3669
3640 3623 3678
3643 3624 3679
3645 3629 3685
3648 3631 3692
3651 3633 3694
3654 3634 3695
3655 3635 3697
3656 3639 3698
3657 3647 3699
3659 3649 3700
3660 3652 3703
3662 3658 3707
3664 3663 3708
3666 3665 3713
3671 3667 3716
3673 3668 3717
3674 3670 3719
3675 3672 3722
3676 3680 3729
3677 3681 3733
3688 3682 3734
3690 3683 3737
3696 3684 3739
3702 3686 3740
3704 3687 3742
3711 3689 3743
3712 3691 3746
3721 3693 3747
3723 3701 3748
3724 3705 3750
3726 3706 3751
3738 3709 3754
3752 3710 3758
3763 3714 3760
3766 3715 3762
3767 3718 3764
3774 3720 3769
3778 3725 3772
3784 3727 3773
3786 3728 3775
3787 3730 3779
3788 3731 3780
3793 3732 3781
3795 3735 3794
3800 3736 3797
3803 3741 3798
3806 3744 3799
3808 3745 3801
3809 3749 3802
3812 3753 3804
3813 3755 3805
3814 3756 3807
3816 3757 3810
3820 3759 3817
3822 3761 3819
3831 3765 3821
3833 3768 3823
3834 3770 3825
3837 3771 3826
3838 3776 3828
3839 3777 3832
3847 3782 3835
3852 3783 3840
3853 3785 3841
3857 3789 3842
3858 3790 3843
3861 3791 3844
3862 3792 3846
3864 3796 3848
3867 3811 3850
3868 3815 3851
3869 3818 3854
3870 3824 3859
3873 3827 3860
3878 3829 3871
3879 3830 3872
3884 3836 3875
3885 3845 3877
3887 3849 3882
3888 3855 3895
3889 3856 3898
3890 3863 3899
3891 3865 3900
3892 3866 3902
3897 3874 3903
3901 3876 3907
3904 3880 3908
3913 3881 3909
3914 3883 3910
3919 3886 3912
3923 3893 3915
3925 3894 3916
3927 3896 3918
3930 3905 3921
3931 3906 3928
3934 3911 3929
3937 3917 3938
3941 3920 3939
3948 3922 3943
3950 3924 3944
3951 3926 3949
3952 3932 3953
3954 3933 3958
3955 3935 3959
3965 3936 3962
3973 3940 3963
3974 3942 3964
3975 3945 3966
3979 3946 3967
3983 3947 3968
3986 3956 3972
3988 3957 3978
3989 3960 3982
3991 3961 3985
3998 3969 3990
4004 3970 3993
4007 3971 3994
4009 3976 3996
4010 3977 4000
4014 3980 4003
4017 3981 4008
4019 3984 4011
4020 3987 4015
4021 3992 4016
4028 3995 4018
4031 3997 4022
4033 3999 4023
4034 4001 4026
4041 4002 4027
4057 4005 4029
4059 4006 4032
4061 4012 4035
4066 4013 4036
4070 4024 4037
4071 4025 4038
4073 4030 4039
4075 4040 4045
4078 4042 4048
4083 4043 4050
4095 4044 4052
4097 4046 4054
4104 4047 4058
4108 4049 4060
4109 4051 4069
4112 4053 4072
4115 4055 4074
4118 4056 4076
4119 4062 4080
4120 4063 4081
4130 4064 4082
4136 4065 4084
4139 4067 4085
4141 4068 4086
4142 4077 4088
4143 4079 4089
4144 4087 4090
4145 4091 4092
4146 4093 4094
4148 4099 4096
4150 4101 4098
4157 4103 4100
4165 4105 4102
4174 4111 4106
4179 4114 4107
4181 4117 4110
4187 4122 4113
4188 4123 4116
4190 4126 4121
4191 4129 4124
4192 4131 4125
4193 4132 4127
4195 4135 4128
4196 4137 4133
4198 4138 4134
4199 4140 4151
4202 4147 4152
4203 4149 4154
4204 4153 4155
4207 4159 4156
4212 4160 4158
4215 4161 4163
4222 4162 4167
4223 4164 4177
4224 4166 4178
4231 4168 4180
4233 4169 4194
4234 4170 4197
4237 4171 4205
4243 4172 4206
4246 4173 4208
4249 4175 4210
4250 4176 4213
4254 4182 4214
4255 4183 4216
4261 4184 4217
4264 4185 4218
4265 4186 4219
4266 4189 4220
4275 4200 4225
4277 4201 4230
4283 4209 4235
4285 4211 4236
4289 4221 4238
4291 4226 4240
4294 4227 4245
4297 4228 4247
4298 4229 4248
4302 4232 4251
4303 4239 4256
4305 4241 4257
4307 4242 4259
4310 4244 4260
4312 4252 4262
4318 4253 4263
4319 4258 4267
4320 4270 4268
4323 4271 4269
4324 4272 4282
4327 4273 4286
4328 4274 4287
4337 4276 4290
4339 4278 4296
4344 4279 4300
4347 4280 4301
4348 4281 4304
4352 4284 4309
4353 4288 4313
4355 4292 4314
4360 4293 4316
4362 4295 4317
4365 4299 4322
4367 4306 4329
4370 4308 4330
4372 4311 4331
4375 4315 4332
4387 4321 4335
4395 4325 4338
4408 4326 4340
4412 4333 4341
4416 4334 4343
4417 4336 4345
4419 4342 4346
4423 4349 4356
4425 4350 4357
4427 4351 4361
4428 4354 4363
4431 4358 4364
4432 4359 4366
4437 4368 4371
4439 4369 4374
4441 4373 4376
4442 4377 4378
4448 4381 4379
4450 4388 4380
4451 4389 4382
4452 4390 4383
4455 4394 4384
4456 4397 4385
4457 4398 4386
4459 4399 4391
4462 4402 4392
4471 4406 4393
4475 4407 4396
4476 4409 4400
4481 4410 4401
4482 4413 4403
4484 4418 4404
4485 4426 4405
4489 4429 4411
4491 4433 4414
4492 4434 4415
4493 4438 4420
4494 4440 4421
4501 4443 4422
4502 4444 4424
4503 4445 4430
4506 4447 4435
4509 4449 4436
4510 4453 4446
4511 4454 4461
4515 4458 4463
4518 4460 4464
4522 4465 4467
4523 4466 4468
4531 4470 4469
4532 4472 4473
4533 4480 4474
4539 4488 4477
4541 4490 4478
4542 4496 4479
4545 4499 4483
4547 4500 4486
4548 4516 4487
4549 4519 4495
4550 4520 4497
4551 4524 4498
4559 4525 4504
4561 4526 4505
4562 4527 4507
4563 4528 4508
4566 4529 4512
4567 4535 4513
4568 4536 4514
4569 4538 4517
4571 4540 4521
4572 4543 4530
4575 4544 4534
4576 4546 4537
4577 4552 4554
4579 4553 4556
4580 4555 4565
4589 4557 4574
4590 4558 4581
4592 4560 4582
4593 4564 4583
4594 4570 4585
4595 4573 4587
4597 4578 4588
4602 4584 4591
4603 4586 4596
4604 4598 4601
4605 4599 4609
4606 4600 4610
4607 4608 4615
4613 4611 4616
4614 4612 4618
4617 4620 4619
4621 4627 4622
4624 4629 4623
4630 4631 4625
4637 4636 4626
4639 4638 4628
4640 4641 4632
4643 4652 4633
4644 4653 4634
4645 4656 4635
4647 4657 4642
4649 4658 4646
4651 4663 4648
4660 4668 4650
4661 4669 4654
4665 4670 4655
4667 4672 4659
4671 4676 4662
4673 4678 4664
4674 4680 4666
4675 4686 4679
4677 4687 4684
4681 4695 4688
4682 4699 4690
4683 4702 4691
4685 4717 4693
4689 4720 4697
4692 4724 4698
4694 4726 4703
4696 4727 4704
4700 4730 4705
4701 4747 4709
4706 4750 4713
4707 4751 4714
4708 4752 4715
4710 4753 4721
4711 4756 4722
4712 4761 4725
4716 4762 4728
4718 4763 4729
4719 4764 4731
4723 4765 4737
4732 4768 4738
4733 4772 4743
4734 4774 4744
4735 4776 4746
4736 4781 4748
4739 4795 4754
4740 4796 4757
4741 4800 4759
4742 4804 4760
4745 4809 4766
4749 4810 4767
4755 4813 4770
4758 4815 4771
4769 4819 4775
4773 4823 4777
4778 4829 4779
4780 4830 4782
4783 4835 4785
4784 4837 4787
4786 4840 4790
4788 4841 4791
4789 4845 4792
4793 4849 4798
4794 4851 4799
4797 4853 4801
4803 4854 4802
4811 4855 4805
4812 4861 4806
4817 4862 4807
4818 4871 4808
4820 4875 4814
4824 4878 4816
4825 4881 4821
4827 4886 4822
4828 4894 4826
4834 4896 4831
4839 4898 4832
4843 4902 4833
4852 4903 4836
4856 4905 4838
4858 4909 4842
4859 4910 4844
4860 4916 4846
4865 4918 4847
4866 4924 4848
4867 4927 4850
4868 4928 4857
4869 4929 4863
4870 4930 4864
4872 4935 4879
4873 4938 4882
4874 4941 4884
4876 4944 4890
4877 4945 4892
4880 4948 4893
4883 4951 4895
4885 4965 4897
4887 4969 4899
4888 4970 4900
4889 4972 4904
4891 4976 4906
4901 4979 4908
4907 4980 4913
4911 4986 4917
4912 4987 4920
4914 4997 4923
4915 5000 4925
4919 5006 4932
4921 5014 4933
4922 5017 4934
4926 5019 4937
4931 5028 4939
4936 5031 4940
4947 5036 4942
4952 5039 4943
4958 5041 4946
4959 5048 4949
4960 5052 4950
4966 5053 4953
4967 5055 4954
4973 5057 4955
4975 5059 4956
4977 5066 4957
4978 5070 4961
4983 5071 4962
4984 5076 4963
4985 5077 4964
4988 5080 4968
4991 5082 4971
4992 5084 4974
5001 5086 4981
5002 5088 4982
5003 5096 4989
5004 5099 4990
5007 5102 4993
5009 5107 4994
5011 5108 4995
5012 5109 4996
5013 5112 4998
5016 5113 4999
5022 5118 5005
5024 5120 5008
5025 5122 5010
5026 5129 5015
5027 5130 5018
5029 5132 5020
5032 5134 5021
5033 5136 5023
5038 5143 5030
5040 5150 5034
5042 5152 5035
5046 5154 5037
5054 5158 5043
5056 5160 5044
5058 5162 5045
5061 5165 5047
5062 5166 5049
5063 5169 5050
5065 5170 5051
5072 5171 5060
5073 5178 5064
5083 5179 5067
5085 5182 5068
5087 5183 5069
5089 5185 5074
5095 5188 5075
5097 5197 5078
5100 5198 5079
5101 5202 5081
5106 5205 5090
5110 5211 5091
5115 5220 5092
5116 5221 5093
5119 5223 5094
5124 5240 5098
5126 5241 5103
5127 5242 5104
5131 5243 5105
5135 5246 5111
5137 5247 5114
5138 5251 5117
5140 5252 5121
5147 5253 5123
5148 5254 5125
5149 5256 5128
5151 5257 5133
5153 5259 5139
5157 5260 5141
5161 5262 5142
5167 5267 5144
5172 5271 5145
5180 5272 5146
5184 5275 5155
5186 5277 5156
5187 5279 5159
5190 5281 5163
5194 5286 5164
5195 5288 5168
5196 5289 5173
5199 5302 5174
5201 5304 5175
5203 5305 5176
5204 5306 5177
5206 5307 5181
5207 5309 5189
5208 5312 5191
5209 5313 5192
5219 5317 5193
5222 5318 5200
5226 5321 5210
5228 5328 5212
5231 5332 5213
5232 5333 5214
5233 5339 5215
5235 5340 5216
5239 5342 5217
5244 5343 5218
5245 5348 5224
5258 5351 5225
5265 5361 5227
5268 5365 5229
5269 5368 5230
5270 5369 5234
5273 5370 5236
5278 5371 5237
5280 5372 5238
5283 5373 5248
5285 5374 5249
5290 5376 5250
5292 5378 5255
5296 5379 5261
5297 5381 5263
5298 5387 5264
5299 5393 5266
5301 5396 5274
5308 5403 5276
5310 5407 5282
5311 5409 5284
5314 5415 5287
5320 5426 5291
5322 5429 5293
5325 5430 5294
5326 5432 5295
5327 5433 5300
5329 5434 5303
5334 5435 5315
5336 5437 5316
5337 5442 5319
5338 5443 5323
5345 5445 5324
5346 5448 5330
5347 5452 5331
5349 5453 5335
5352 5458 5341
5355 5460 5344
5356 5461 5350
5357 5462 5353
5359 5466 5354
5363 5471 5358
5366 5473 5360
5377 5476 5362
5383 5477 5364
5390 5478 5367
5391 5483 5375
5392 5484 5380
5394 5485 5382
5395 5496 5384
5397 5500 5385
5398 5503 5386
5399 5505 5388
5400 5506 5389
5402 5511 5401
5405 5513 5404
5411 5515 5406
5412 5516 5408
5416 5522 5410
5417 5528 5413
5418 5531 5414
5419 5533 5421
5420 5536 5422
5423 5537 5425
5424 5539 5427
5438 5543 5428
5440 5544 5431
5444 5547 5436
5454 5552 5439
5455 5554 5441
5457 5556 5446
5459 5557 5447
5463 5562 5449
5464 5565 5450
5468 5569 5451
5470 5570 5456
5472 5577 5465
5474 5578 5467
5475 5581 5469
5482 5585 5479
5486 5589 5480
5487 5590 5481
5497 5593 5488
5499 5594 5489
5504 5596 5490
5509 5597 5491
5510 5600 5492
5512 5605 5493
5518 5606 5494
5521 5611 5495
5524 5613 5498
5527 5615 5501
5532 5616 5502
5534 5624 5507
5538 5626 5508
5540 5628 5514
5542 5629 5517
5545 5630 5519
5549 5632 5520
5550 5634 5523
5555 5635 5525
5560 5636 5526
5571 5637 5529
5573 5640 5530
5579 5644 5535
5583 5652 5541
5586 5653 5546
5587 5656 5548
5588 5658 5551
5591 5661 5553
5592 5664 5558
5598 5666 5559
5608 5667 5561
5609 5671 5563
5612 5673 5564
5617 5674 5566
5618 5677 5567
5619 5680 5568
5620 5684 5572
5625 5686 5574
5638 5689 5575
5639 5692 5576
5642 5695 5580
5643 5699 5582
5649 5700 5584
5659 5702 5595
5665 5703 5599
5669 5704 5601
5670 5705 5602
5675 5708 5603
5683 5710 5604
5691 5711 5607
5697 5712 5610
5698 5713 5614
5719 5715 5621
5721 5717 5622
5723 5718 5623
5725 5727 5627
5726 5729 5631
5728 5740 5633
5730 5750 5641
5733 5751 5645
5738 5752 5646
5741 5754 5647
5742 5756 5648
5743 5758 5650
5744 5759 5651
5745 5762 5654
5748 5765 5655
5753 5767 5657
5755 5774 5660
5757 5775 5662
5760 5777 5663
5761 5778 5668
5769 5780 5672
5772 5782 5676
5773 5783 5678
5781 5785 5679
5788 5790 5681
5793 5791 5682
5798 5796 5685
5800 5797 5687
5804 5799 5688
5814 5806 5690
5815 5808 5693
5817 5810 5694
5819 5811 5696
5820 5812 5701
5823 5813 5706
5825 5824 5707
5827 5826 5709
5833 5830 5714
5834 5836 5716
5837 5840 5720
5838 5842 5722
5845 5844 5724
5846 5847 5731
5849 5852 5732
5854 5856 5734
5865 5857 5735
5866 5858 5736
5869 5864 5737
5873 5867 5739
5878 5870 5746
5881 5874 5747
5887 5880 5749
5892 5882 5763
5893 5884 5764
5895 5888 5766
5903 5890 5768
5905 5896 5770
5906 5898 5771
5912 5900 5776
5913 5904 5779
5923 5908 5784
5924 5910 5786
5928 5915 5787
5930 5916 5789
5931 5918 5792
5934 5921 5794
5935 5922 5795
5938 5926 5801
5940 5929 5802
5944 5937 5803
5947 5939 5805
5953 5941 5807
5954 5946 5809
5957 5948 5816
5959 5951 5818
5962 5956 5821
5963 5960 5822
5967 5965 5828
5969 5970 5829
5971 5972 5831
5977 5974 5832
5979 5975 5835
5981 5978 5839
5983 5980 5841
5986 5985 5843
5994 5988 5848
5996 5990 5850
5997 5991 5851
5998 5992 5853
6003 5993 5855
6006 5995 5859
6008 6000 5860
6009 6001 5861
6012 6007 5862
6019 6011 5863
6023 6017 5868
6026 6020 5871
6030 6022 5872
6032 6024 5875
6036 6028 5876
6037 6031 5877
6038 6033 5879
6052 6040 5883
6053 6041 5885
6055 6042 5886
6058 6048 5889
6063 6057 5891
6064 6059 5894
6067 6065 5897
6068 6070 5899
6069 6071 5901
6080 6072 5902
6081 6075 5907
6083 6078 5909
6084 6082 5911
6085 6086 5914
6087 6092 5917
6088 6094 5919
6089 6095 5920
6091 6096 5925
6101 6100 5927
6103 6102 5932
6109 6106 5933
6110 6115 5936
6113 6119 5942
6114 6120 5943
6116 6124 5945
6121 6125 5949
6122 6130 5950
6129 6131 5952
6140 6132 5955
6145 6133 5958
6148 6134 5961
6154 6135 5964
6155 6138 5966
6160 6146 5968
6161 6147 5973
6165 6150 5976
6171 6151 5982
6172 6153 5984
6183 6157 5987
6185 6162 5989
6191 6168 5999
6194 6170 6002
6206 6173 6004
6207 6177 6005
6211 6178 6010
6212 6179 6013
6216 6180 6014
6217 6181 6015
6222 6188 6016
6226 6192 6018
6228 6193 6021
6231 6195 6025
6235 6199 6027
6236 6200 6029
6238 6201 6034
6247 6202 6035
6250 6204 6039
6253 6208 6043
6255 6210 6044
6262 6213 6045
6270 6214 6046
6272 6215 6047
6275 6218 6049
6280 6221 6050
6282 6225 6051
6284 6227 6054
6286 6229 6056
6290 6233 6060
6293 6239 6061
6295 6242 6062
6298 6254 6066
6302 6257 6073
6305 6259 6074
6310 6260 6076
6311 6263 6077
6312 6265 6079
6316 6266 6090
6317 6267 6093
6318 6273 6097
6327 6278 6098
6333 6279 6099
6335 6283 6104
6338 6285 6105
6339 6287 6107
6345 6289 6108
6353 6292 6111
6358 6300 6112
6360 6301 6117
6363 6307 6118
6372 6313 6123
6376 6315 6126
6378 6320 6127
6380 6321 6128
6388 6323 6136
6389 6325 6137
6393 6326 6139
6399 6331 6141
6400 6336 6142
6401 6340 6143
6404 6344 6144
6405 6346 6149
6407 6350 6152
6410 6351 6156
6413 6352 6158
6414 6355 6159
6415 6357 6163
6417 6361 6164
6421 6365 6166
6423 6366 6167
6426 6368 6169
6427 6369 6174
6428 6370 6175
6429 6373 6176
6434 6375 6182
6440 6377 6184
6456 6379 6186
6457 6381 6187
6461 6383 6189
6462 6385 6190
6465 6386 6196
6467 6394 6197
6474 6395 6198
6476 6396 6203
6477 6397 6205
6478 6402 6209
6481 6406 6219
6485 6408 6220
6486 6416 6223
6487 6420 6224
6488 6422 6230
6491 6424 6232
6496 6436 6234
6497 6437 6237
6498 6438 6240
6501 6439 6241
6503 6442 6243
6504 6446 6244
6508 6449 6245
6509 6451 6246
6512 6452 6248
6516 6453 6249
6520 6455 6251
6523 6458 6252
6526 6460 6256
6529 6463 6258
6530 6466 6261
6534 6468 6264
6538 6469 6268
6539 6473 6269
6542 6475 6271
6543 6479 6274
6546 6483 6276
6549 6490 6277
6554 6492 6281
6569 6493 6288
6571 6494 6291
6572 6495 6294
6577 6500 6296
6591 6505 6297
6594 6507 6299
6598 6510 6303
6601 6513 6304
6603 6515 6306
6607 6517 6308
6615 6518 6309
6616 6521 6314
6618 6522 6319
6620 6533 6322
6623 6535 6324
6632 6537 6328
6634 6541 6329
6639 6545 6330
6641 6548 6332
6647 6551 6334
6651 6552 6337
6652 6553 6341
6654 6556 6342
6658 6557 6343
6659 6561 6347
6660 6566 6348
6663 6567 6349
6666 6574 6354
6668 6575 6356
6672 6579 6359
6678 6580 6362
6679 6583 6364
6682 6584 6367
6685 6592 6371
6686 6596 6374
6691 6597 6382
6692 6599 6384
6693 6602 6387
6697 6604 6390
6702 6606 6391
6712 6610 6392
6713 6611 6398
6716 6612 6403
6723 6613 6409
6724 6614 6411
6729 6619 6412
6734 6621 6418
6741 6622 6419
6751 6624 6425
6753 6625 6430
6755 6626 6431
6756 6629 6432
6763 6630 6433
6766 6633 6435
6767 6635 6441
6768 6636 6443
6772 6637 6444
6774 6640 6445
6778 6642 6447
6783 6644 6448
6784 6648 6450
6786 6649 6454
6791 6650 6459
6792 6653 6464
6796 6655 6470
6799 6665 6471
6802 6673 6472
6803 6677 6480
6809 6683 6482
6810 6684 6484
6813 6687 6489
6814 6688 6499
6815 6689 6502
6819 6690 6506
6822 6694 6511
6823 6695 6514
6827 6698 6519
6828 6700 6524
6829 6701 6525
6830 6703 6527
6832 6706 6528
6838 6709 6531
6840 6710 6532
6841 6717 6536
6844 6722 6540
6845 6725 6544
6851 6726 6547
6853 6728 6550
6857 6731 6555
6859 6736 6558
6868 6737 6559
6870 6742 6560
6872 6744 6562
6877 6757 6563
6878 6758 6564
6883 6759 6565
6888 6760 6568
6889 6765 6570
6894 6770 6573
6897 6771 6576
6900 6775 6578
6905 6779 6581
6909 6780 6582
6911 6785 6585
6912 6788 6586
6916 6793 6587
6924 6794 6588
6925 6795 6589
6927 6797 6590
6931 6798 6593
6933 6801 6595
6938 6804 6600
6939 6805 6605
6940 6806 6608
6941 6807 6609
6943 6812 6617
6944 6817 6627
6950 6820 6628
6951 6821 6631
6952 6824 6638
6953 6825 6643
6954 6826 6645
6955 6831 6646
6958 6835 6656
6959 6837 6657
6962 6842 6661
6969 6843 6662
6970 6846 6664
6974 6852 6667
6977 6855 6669
6979 6856 6670
6985 6860 6671
6986 6862 6674
6989 6864 6675
6990 6865 6676
6996 6867 6680
6998 6871 6681
7000 6873 6696
7001 6874 6699
7010 6879 6704
7019 6880 6705
7020 6887 6707
7024 6890 6708
7029 6891 6711
7030 6892 6714
7032 6893 6715
7037 6895 6718
7039 6898 6719
7043 6902 6720
7047 6904 6721
7060 6913 6727
7065 6914 6730
7066 6922 6732
7067 6928 6733
7068 6929 6735
7071 6932 6738
7074 6934 6739
7076 6935 6740
7080 6942 6743
7083 6945 6745
7087 6947 6746
7088 6960 6747
7095 6965 6748
7096 6968 6749
7102 6975 6750
7103 6976 6752
7104 6978 6754
7106 6980 6761
7107 6983 6762
7113 6984 6764
7115 6988 6769
7122 6991 6773
7123 6992 6776
7128 6997 6777
7129 6999 6781
7130 7002 6782
7133 7005 6787
7135 7007 6789
7137 7008 6790
7139 7016 6800
7142 7018 6808
7152 7021 6811
7154 7023 6816
7156 7025 6818
7161 7027 6833
7163 7028 6834
7165 7031 6836
7167 7033 6839
7171 7036 6847
7174 7038 6848
7183 7040 6849
7185 7041 6850
7188 7042 6854
7192 7048 6858
7197 7050 6861
7199 7051 6863
7202 7052 6866
7204 7053 6869
7205 7058 6875
7207 7059 6876
7208 7070 6881
7209 7077 6882
7211 7079 6884
7213 7085 6885
7216 7086 6886
7219 7090 6896
7221 7092 6899
7223 7093 6901
7226 7094 6903
7231 7097 6906
7232 7099 6907
7233 7100 6908
7240 7109 6910
7241 7116 6915
7243 7119 6917
7257 7126 6918
7260 7127 6919
7261 7131 6920
7263 7132 6921
7265 7136 6923
7269 7143 6926
7274 7145 6930
7277 7148 6936
7279 7149 6937
7286 7151 6946
7289 7153 6948
7292 7162 6949
7293 7168 6956
7294 7170 6957
7299 7172 6961
7309 7173 6963
7310 7177 6964
7311 7178 6966
7318 7179 6967
7321 7180 6971
7328 7181 6972
7331 7190 6973
7332 7194 6981
7338 7218 6982
7342 7220 6987
7343 7224 6993
7344 7229 6994
7347 7235 6995
7348 7237 7003
7351 7238 7004
7353 7239 7006
7356 7244 7009
7358 7245 7011
7361 7247 7012
7363 7249 7013
7366 7250 7014
7369 7251 7015
7370 7252 7017
7373 7253 7022
7375 7254 7026
7377 7255 7034
7378 7256 7035
7380 7258 7044
7383 7262 7045
7388 7264 7046
7396 7266 7049
7401 7271 7054
7402 7272 7055
7406 7276 7056
7411 7278 7057
7414 7280 7061
7419 7281 7062
7422 7282 7063
7423 7284 7064
7424 7287 7069
7425 7296 7072
7432 7297 7073
7434 7298 7075
7435 7300 7078
7436 7301 7081
7439 7302 7082
7440 7306 7084
7452 7308 7089
7453 7312 7091
7460 7313 7098
7464 7314 7101
7465 7323 7105
7466 7324 7108
7468 7325 7110
7471 7330 7111
7473 7335 7112
7474 7336 7114
7475 7346 7117
7476 7355 7118
7477 7357 7120
7478 7360 7121
7484 7364 7124
7489 7365 7125
7490 7371 7134
7492 7372 7138
7499 7374 7140
7501 7376 7141
7504 7379 7144
7505 7381 7146
7507 7382 7147
7509 7387 7150
7523 7395 7155
7524 7397 7157
7526 7398 7158
7532 7400 7159
7533 7404 7160
7538 7413 7164
7540 7417 7166
7543 7420 7169
7549 7421 7175
7556 7428 7176
7560 7430 7182
7562 7431 7184
7566 7442 7186
7568 7444 7187
7569 7445 7189
7577 7447 7191
7580 7449 7193
7584 7450 7195
7591 7451 7196
7593 7454 7198
7594 7455 7200
7597 7456 7201
7602 7457 7203
7604 7458 7206
7608 7463 7210
7611 7467 7212
7613 7469 7214
7618 7472 7215
7626 7480 7217
7649 7481 7222
7652 7483 7225
7656 7485 7227
7658 7487 7228
7662 7491 7230
7664 7493 7234
7665 7494 7236
7666 7495 7242
7668 7496 7246
7669 7497 7248
7670 7502 7259
7671 7506 7267
7674 7511 7268
7680 7512 7270
7683 7513 7273
7687 7516 7275
7688 7519 7283
7689 7520 7285
7691 7522 7288
7692 7525 7290
7693 7527 7291
7695 7529 7295
7699 7530 7303
7701 7536 7304
7707 7537 7305
7713 7541 7307
7715 7544 7315
7717 7546 7316
7720 7547 7317
7729 7548 7319
7740 7550 7320
7742 7553 7322
7746 7554 7326
7748 7558 7327
7751 7561 7329
7752 7563 7333
7753 7565 7334
7755 7570 7337
7756 7572 7339
7757 7575 7340
7760 7576 7341
7767 7578 7345
7774 7582 7349
7776 7583 7350
7780 7586 7352
7781 7588 7354
7782 7589 7359
7783 7590 7362
7785 7595 7367
7786 7596 7368
7787 7606 7384
7793 7610 7385
7794 7614 7386
7795 7616 7389
7807 7619 7390
7809 7620 7391
7810 7621 7392
7818 7623 7393
7821 7625 7394
7825 7632 7399
7827 7634 7403
7828 7635 7405
7831 7636 7407
7832 7639 7408
7834 7640 7409
7840 7641 7410
7841 7648 7412
7844 7654 7415
7846 7655 7416
7849 7663 7418
7855 7667 7426
7859 7672 7427
7860 7673 7429
7864 7675 7433
7868 7676 7437
7869 7679 7438
7874 7681 7441
7876 7682 7443
7879 7684 7446
7880 7685 7448
7882 7686 7459
7884 7690 7461
7885 7694 7462
7887 7696 7470
7888 7697 7479
7894 7698 7482
7895 7703 7486
7896 7705 7488
7899 7706 7498
7901 7708 7500
7902 7709 7503
7905 7710 7508
7907 7711 7510
7908 7712 7514
7909 7716 7515
7910 7722 7517
7911 7723 7518
7912 7725 7521
7914 7727 7528
7915 7731 7531
7917 7737 7534
7918 7743 7535
7919 7745 7539
7921 7747 7542
7927 7749 7545
7931 7750 7551
7936 7761 7552
7941 7762 7555
7942 7763 7557
7945 7764 7559
7950 7766 7564
7951 7768 7567
7952 7770 7571
7960 7771 7573
7970 7773 7574
7972 7790 7579
7976 7791 7581
7977 7797 7585
7978 7800 7587
7988 7805 7592
7990 7813 7598
7991 7815 7599
7994 7816 7600
8005 7817 7601
8009 7819 7603
8014 7823 7605
8020 7826 7607
8026 7829 7609
8029 7833 7612
8036 7835 7615
8038 7838 7617
8039 7839 7622
8042 7843 7624
8045 7845 7627
8050 7848 7628
8051 7850 7629
8053 7853 7630
8055 7854 7631
8057 7856 7633
8066 7857 7637
8070 7858 7638
8071 7866 7642
8075 7867 7643
8081 7870 7644
8086 7871 7645
8087 7872 7646
8091 7875 7647
8094 7883 7650
8100 7886 7651
8102 7889 7653
8103 7900 7657
8107 7913 7659
8108 7916 7660
8112 7923 7661
8116 7928 7677
8118 7932 7678
8121 7933 7700
8122 7940 7702
8123 7948 7704
8125 7953 7714
8127 7955 7718
8128 7957 7719
8132 7958 7721
8133 7959 7724
8134 7962 7726
8135 7963 7728
8140 7965 7730
8144 7966 7732
8148 7969 7733
8150 7979 7734
8154 7980 7735
8155 7982 7736
8165 7992 7738
8169 7995 7739
8173 7996 7741
8174 7997 7744
8175 8000 7754
8178 8001 7758
8183 8006 7759
8185 8007 7765
8187 8011 7769
8192 8012 7772
8198 8019 7775
8201 8021 7777
8211 8024 7778
8212 8031 7779
8215 8032 7784
8216 8035 7788
8218 8037 7789
8225 8040 7792
8231 8044 7796
8235 8052 7798
8238 8060 7799
8240 8062 7801
8247 8064 7802
8248 8067 7803
8249 8068 7804
8253 8073 7806
8254 8078 7808
8260 8079 7811
8261 8080 7812
8262 8082 7814
8266 8083 7820
8273 8084 7822
8277 8089 7824
8285 8092 7830
8294 8093 7836
8298 8096 7837
8299 8098 7842
8303 8104 7847
8307 8109 7851
8308 8111 7852
8313 8113 7861
8314 8114 7862
8318 8130 7863
8321 8131 7865
8326 8136 7873
8328 8141 7877
8329 8142 7878
8333 8143 7881
8336 8145 7890
8339 8153 7891
8341 8156 7892
8343 8157 7893
8350 8159 7897
8353 8160 7898
8360 8161 7903
8363 8162 7904
8366 8163 7906
8372 8164 7920
8376 8166 7922
8379 8167 7924
8380 8168 7925
8388 8171 7926
8390 8177 7929
8391 8179 7930
8395 8181 7934
8396 8182 7935
8401 8184 7937
8402 8186 7938
8407 8188 7939
8408 8189 7943
8409 8190 7944
8412 8191 7946
8419 8197 7947
8420 8199 7949
8425 8200 7954
8432 8202 7956
8441 8204 7961
8444 8205 7964
8445 8210 7967
8453 8214 7968
8457 8217 7971
8459 8220 7973
8461 8221 7974
8465 8222 7975
8466 8223 7981
8468 8224 7983
8470 8227 7984
8471 8228 7985
8473 8230 7986
8479 8233 7987
8482 8237 7989
8484 8241 7993
8489 8242 7998
8491 8251 7999
8495 8255 8002
8498 8258 8003
8499 8259 8004
8500 8263 8008
8504 8264 8010
8509 8265 8013
8510 8267 8015
8511 8268 8016
8512 8269 8017
8520 8270 8018
8523 8271 8022
8527 8276 8023
8528 8278 8025
8530 8281 8027
8531 8283 8028
8532 8290 8030
8538 8291 8033
8542 8293 8034
8544 8295 8041
8546 8296 8043
8549 8300 8046
8556 8301 8047
8557 8302 8048
8558 8304 8049
8559 8305 8054
8560 8315 8056
8562 8316 8058
8566 8317 8059
8568 8324 8061
8572 8325 8063
8580 8327 8065
8581 8330 8069
8582 8331 8072
8584 8332 8074
8586 8335 8076
8587 8337 8077
8590 8340 8085
8593 8345 8088
8595 8348 8090
8600 8349 8095
8605 8351 8097
8606 8352 8099
8609 8355 8101
8610 8356 8105
8611 8361 8106
8613 8362 8110
8615 8364 8115
8618 8365 8117
8619 8368 8119
8620 8375 8120
8622 8377 8124
8623 8378 8126
8624 8383 8129
8629 8387 8137
8638 8392 8138
8640 8393 8139
8645 8397 8146
8647 8399 8147
8652 8400 8149
8657 8405 8151
8659 8406 8152
8662 8413 8158
8664 8414 8170
8666 8417 8172
8667 8418 8176
8671 8423 8180
8672 8424 8193
8674 8429 8194
8675 8433 8195
8677 8436 8196
8679 8437 8203
8690 8438 8206
8693 8439 8207
8697 8440 8208
8702 8449 8209
8706 8450 8213
8710 8452 8219
8713 8455 8226
8715 8463 8229
8720 8467 8232
8723 8474 8234
8726 8476 8236
8727 8483 8239
8730 8487 8243
8732 8492 8244
8734 8507 8245
8737 8508 8246
8738 8513 8250
8739 8514 8252
8740 8515 8256
8742 8516 8257
8743 8521 8272
8745 8524 8274
8746 8525 8275
8755 8529 8279
8756 8537 8280
8758 8539 8282
8759 8541 8284
8761 8545 8286
8763 8553 8287
8765 8554 8288
8769 8561 8289
8771 8564 8292
8776 8565 8297
8778 8570 8306
8783 8571 8309
8788 8573 8310
8797 8574 8311
8799 8577 8312
8804 8579 8319
8807 8583 8320
8808 8585 8322
8812 8588 8323
8816 8589 8334
8818 8591 8338
8821 8603 8342
8825 8608 8344
8831 8614 8346
8835 8627 8347
8838 8628 8354
8841 8630 8357
8844 8631 8358
8845 8634 8359
8847 8635 8367
8848 8636 8369
8849 8639 8370
8852 8642 8371
8855 8643 8373
8858 8644 8374
8860 8648 8381
8864 8650 8382
8867 8651 8384
8869 8653 8385
8871 8654 8386
8873 8655 8389
8874 8663 8394
8878 8665 8398
8884 8670 8403
8890 8673 8404
8892 8678 8410
8895 8682 8411
8900 8684 8415
8902 8686 8416
8904 8689 8421
8907 8692 8422
8922 8694 8426
8923 8696 8427
8928 8698 8428
8929 8699 8430
8933 8701 8431
8943 8703 8434
8945 8704 8435
8947 8707 8442
8951 8708 8443
8955 8711 8446
8958 8718 8447
8959 8722 8448
8960 8725 8451
8963 8728 8454
8964 8729 8456
8965 8731 8458
8966 8733 8460
8968 8735 8462
8973 8748 8464
8974 8749 8469
8977 8752 8472
8980 8760 8475
8981 8764 8477
8986 8770 8478
8987 8774 8480
8991 8777 8481
8993 8781 8485
8996 8782 8486
8999 8784 8488
9000 8786 8490
9002 8789 8493
9006 8790 8494
9009 8791 8496
9027 8793 8497
9028 8794 8501
9030 8795 8502
9031 8798 8503
9038 8800 8505
9039 8801 8506
9041 8802 8517
9047 8805 8518
9051 8809 8519
9053 8814 8522
9055 8817 8526
9060 8820 8533
9065 8823 8534
9068 8824 8535
9073 8826 8536
9074 8829 8540
9075 8830 8543
9078 8834 8547
9079 8839 8548
9081 8840 8550
9082 8842 8551
9084 8843 8552
9093 8846 8555
9094 8854 8563
9095 8856 8567
9097 8857 8569
9103 8859 8575
9108 8865 8576
9109 8868 8578
9115 8872 8592
9118 8876 8594
9122 8877 8596
9124 8879 8597
9126 8881 8598
9131 8882 8599
9132 8883 8601
9133 8885 8602
9134 8886 8604
9135 8887 8607
9139 8888 8612
9142 8894 8616
9147 8897 8617
9150 8901 8621
9161 8903 8625
9163 8909 8626
9169 8910 8632
9170 8911 8633
9173 8913 8637
9175 8916 8641
9176 8921 8646
9179 8925 8649
9180 8927 8656
9181 8935 8658
9182 8936 8660
9185 8938 8661
9186 8939 8668
9187 8942 8669
9190 8946 8676
9191 8948 8680
9197 8949 8681
9201 8950 8683
9202 8952 8685
9203 8954 8687
9205 8957 8688
9206 8961 8691
9209 8962 8695
9211 8970 8700
9216 8976 8705
9217 8979 8709
9218 8983 8712
9222 8988 8714
9223 8989 8716
9224 8990 8717
9225 8994 8719
9226 9001 8721
9236 9004 8724
9239 9012 8736
9240 9013 8741
9243 9017 8744
9244 9018 8747
9255 9019 8750
9256 9020 8751
9259 9022 8753
9261 9023 8754
9262 9024 8757
9265 9033 8762
9267 9034 8766
9268 9035 8767
9272 9040 8768
9275 9043 8772
9280 9044 8773
9281 9046 8775
9282 9048 8779
9284 9050 8780
9285 9052 8785
9286 9054 8787
9287 9056 8792
9292 9058 8796
9296 9062 8803
9300 9064 8806
9301 9070 8810
9302 9072 8811
9303 9080 8813
9304 9085 8815
9306 9086 8819
9307 9089 8822
9308 9090 8827
9311 9092 8828
9312 9104 8832
9314 9107 8833
9315 9112 8836
9318 9113 8837
9320 9114 8850
9321 9116 8851
9322 9117 8853
9327 9119 8861
9328 9121 8862
9330 9123 8863
9331 9125 8866
9332 9127 8870
9334 9129 8875
9338 9136 8880
9340 9137 8889
9341 9138 8891
9343 9140 8893
9344 9144 8896
9349 9149 8898
9353 9151 8899
9355 9154 8905
9359 9156 8906
9360 9158 8908
9363 9159 8912
9368 9160 8914
9374 9162 8915
9381 9166 8917
9382 9167 8918
9384 9168 8919
9388 9174 8920
9389 9183 8924
9395 9188 8926
9398 9193 8930
9402 9196 8931
9406 9200 8932
9408 9204 8934
9409 9207 8937
9410 9208 8940
9411 9210 8941
9412 9213 8944
9413 9215 8953
9417 9219 8956
9418 9228 8967
9423 9235 8969
9428 9245 8971
9429 9246 8972
9433 9247 8975
9434 9248 8978
9435 9249 8982
9436 9253 8984
9437 9257 8985
9439 9258 8992
9440 9264 8995
9444 9266 8997
9445 9273 8998
9448 9279 9003
9449 9289 9005
9450 9290 9007
9453 9291 9008
9456 9294 9010
9462 9297 9011
9463 9309 9014
9464 9310 9015
9465 9313 9016
9467 9316 9021
9470 9319 9025
9479 9323 9026
9480 9324 9029
9481 9335 9032
9485 9336 9036
9496 9337 9037
9501 9339 9042
9503 9342 9045
9506 9348 9049
9509 9358 9057
9510 9364 9059
9515 9367 9061
9516 9370 9063
9517 9371 9066
9518 9372 9067
9525 9373 9069
9530 9376 9071
9533 9377 9076
9537 9380 9077
9540 9383 9083
9542 9386 9087
9544 9390 9088
9546 9396 9091
9550 9397 9096
9555 9399 9098
9557 9401 9099
9559 9404 9100
9560 9415 9101
9561 9419 9102
9565 9420 9105
9566 9421 9106
9571 9422 9110
9578 9426 9111
9580 9432 9120
9582 9438 9128
9588 9447 9130
9590 9452 9141
9592 9454 9143
9593 9455 9145
9595 9457 9146
9600 9461 9148
9606 9468 9152
9607 9471 9153
9616 9472 9155
9624 9473 9157
9631 9475 9164
9636 9477 9165
9637 9478 9171
9638 9483 9172
9639 9488 9177
9641 9491 9178
9646 9492 9184
9647 9493 9189
9648 9497 9192
9653 9498 9194
9656 9499 9195
9657 9500 9198
9661 9505 9199
9671 9508 9212
9679 9511 9214
9681 9514 9220
9683 9523 9221
9687 9531 9227
9692 9532 9229
9694 9536 9230
9697 9538 9231
9700 9539 9232
9706 9543 9233
9707 9547 9234
9714 9548 9237
9715 9549 9238
9716 9552 9241
9717 9553 9242
9720 9554 9250
9722 9556 9251
9725 9567 9252
9735 9568 9254
9738 9570 9260
9740 9572 9263
9743 9576 9269
9744 9581 9270
9745 9594 9271
9747 9596 9274
9750 9597 9276
9753 9598 9277
9757 9601 9278
9763 9602 9283
9764 9603 9288
9769 9604 9293
9772 9609 9295
9777 9614 9298
9779 9615 9299
9781 9617 9305
9786 9618 9317
9787 9620 9325
9790 9623 9326
9791 9627 9329
9792 9628 9333
9793 9629 9345
9794 9632 9346
9795 9633 9347
9797 9635 9350
9798 9640 9351
9800 9643 9352
9803 9644 9354
9807 9650 9356
9811 9652 9357
9816 9659 9361
9820 9660 9362
9821 9664 9365
9824 9665 9366
9827 9667 9369
9831 9668 9375
9834 9670 9378
9836 9672 9379
9838 9675 9385
9839 9676 9387
9845 9678 9391
9846 9680 9392
9850 9684 9393
9854 9685 9394
9856 9689 9400
9859 9695 9403
9863 9696 9405
9865 9698 9407
9867 9701 9414
9869 9702 9416
9875 9705 9424
9882 9710 9425
9889 9711 9427
9891 9712 9430
9892 9713 9431
9897 9718 9441
9898 9721 9442
9903 9724 9443
9904 9727 9446
9908 9730 9451
9911 9732 9458
9913 9734 9459
9917 9736 9460
9923 9737 9466
9927 9742 9469
9929 9751 9474
9933 9752 9476
9934 9756 9482
9935 9758 9484
9938 9761 9486
9939 9766 9487
9947 9767 9489
9951 9768 9490
9953 9771 9494
9956 9774 9495
9958 9775 9502
9959 9776 9504
9961 9780 9507
9962 9796 9512
9966 9801 9513
9968 9802 9519
9973 9804 9520
9974 9808 9521
9975 9813 9522
9982 9814 9524
9987 9817 9526
9989 9825 9527
9990 9826 9528
9992 9840 9529
9994 9844 9534
9995 9848 9535
9996 9851 9541
9997 9852 9545
9998 9853 9551
