3295
1 3 5
2 7 6
4 12 8
10 13 9
14 16 11
15 17 19
18 20 22
24 21 28
25 23 30
26 34 35
27 36 39
29 37 45
31 41 50
32 42 52
33 43 54
38 53 59
40 72 60
44 77 63
46 85 64
47 87 65
48 93 66
49 94 67
51 96 68
55 98 69
56 101 71
57 103 73
58 108 75
61 110 76
62 111 78
70 115 86
74 121 88
79 126 91
80 127 92
81 130 95
82 131 97
83 135 99
84 136 106
89 138 109
90 141 113
100 142 114
102 143 116
104 145 118
105 146 119
107 147 129
112 151 133
117 154 134
120 161 137
122 163 140
123 165 150
124 166 157
125 167 158
128 169 168
132 170 172
139 171 173
144 175 174
148 176 177
149 178 180
152 182 183
153 184 186
155 191 187
156 193 188
159 195 189
160 198 192
162 200 194
164 207 196
179 211 199
181 212 203
185 214 205
190 220 210
197 222 216
201 229 217
202 232 219
204 233 221
206 239 223
208 241 224
209 244 230
213 245 231
215 247 234
218 248 235
225 250 237
226 253 238
227 258 240
228 260 246
236 262 249
242 263 251
243 265 254
252 268 256
255 271 257
261 277 259
269 279 264
270 280 266
272 281 267
274 282 273
275 291 276
278 294 283
285 299 284
288 300 286
292 303 287
293 305 289
301 310 290
302 322 295
306 325 296
307 332 297
308 337 298
309 339 304
312 353 311
313 354 314
318 355 315
319 356 316
321 358 317
324 361 320
328 364 323
330 365 326
334 371 327
340 375 329
342 376 331
343 379 333
347 380 335
348 381 336
350 384 338
351 388 341
352 389 344
357 391 345
359 396 346
362 399 349
366 401 360
368 402 363
369 404 367
372 407 370
374 411 373
377 412 385
378 413 390
382 414 394
383 419 395
386 425 400
387 426 405
392 427 406
393 428 408
397 431 410
398 432 415
403 436 416
409 439 417
418 442 420
421 445 424
422 449 430
423 453 434
429 454 437
433 455 441
435 456 448
438 458 451
440 466 452
443 468 457
444 471 459
446 474 460
447 476 463
450 479 467
461 480 470
462 481 475
464 482 484
465 483 487
469 488 490
472 491 492
473 495 494
477 498 496
478 499 502
485 500 506
486 501 508
489 516 509
493 518 511
497 520 513
503 522 515
504 528 519
505 529 521
507 530 524
510 532 525
512 533 526
514 534 531
517 540 537
523 542 539
527 546 541
535 548 543
536 552 547
538 554 555
544 557 556
545 563 558
549 565 559
550 566 561
551 567 572
553 568 573
560 583 574
562 587 575
564 589 576
569 591 580
570 592 588
571 594 590
577 596 598
578 597 604
579 600 608
581 601 612
582 603 614
584 609 618
585 611 626
586 613 628
593 619 629
595 622 631
599 624 633
602 625 635
605 627 639
606 630 642
607 632 645
610 634 647
615 636 652
616 637 656
617 638 657
620 644 660
621 646 665
623 648 667
640 650 669
641 653 670
643 654 688
649 658 691
651 662 694
655 664 700
659 668 703
661 672 705
663 674 706
666 678 710
671 682 711
673 684 713
675 685 716
676 687 717
677 689 720
679 690 721
680 693 723
681 697 724
683 698 731
686 704 735
692 708 737
695 712 741
696 715 750
699 722 753
701 726 755
702 727 756
707 728 758
709 729 759
714 732 761
718 736 762
719 743 764
725 745 770
730 751 775
733 754 777
734 757 781
738 760 782
739 763 787
740 767 795
742 768 800
744 769 802
746 771 806
747 772 811
748 773 812
749 774 814
752 779 815
765 780 821
766 784 823
776 785 825
778 786 827
783 790 828
788 791 829
789 792 832
793 796 838
794 797 843
799 798 845
801 805 856
803 807 860
804 808 861
809 813 862
810 818 865
816 824 871
817 830 872
819 831 873
820 833 876
822 835 887
826 836 896
834 840 898
837 846 905
839 847 916
841 848 917
842 850 920
844 851 922
849 857 924
852 859 927
853 864 931
854 870 933
855 874 937
858 875 941
863 879 944
866 881 950
867 886 953
868 889 956
869 890 958
877 892 962
878 893 964
880 895 966
882 904 983
883 906 985
884 907 986
885 908 997
888 909 1001
891 911 1003
894 912 1004
897 913 1010
899 915 1016
900 919 1023
901 921 1029
902 923 1031
903 932 1033
910 934 1034
914 935 1037
918 938 1038
925 942 1042
926 943 1045
928 946 1049
929 952 1055
930 954 1056
936 968 1059
939 970 1060
940 973 1061
945 974 1062
947 975 1063
948 977 1065
949 978 1068
951 979 1069
955 981 1070
957 982 1072
959 988 1074
960 991 1076
961 992 1080
963 993 1081
965 996 1084
967 1008 1086
969 1009 1089
971 1013 1090
972 1015 1093
976 1017 1094
980 1018 1099
984 1019 1109
987 1021 1110
989 1035 1112
990 1036 1113
994 1039 1116
995 1040 1118
998 1043 1120
999 1046 1121
1000 1054 1122
1002 1057 1124
1005 1064 1127
1006 1071 1133
1007 1073 1137
1011 1075 1140
1012 1077 1144
1014 1079 1145
1020 1083 1150
1022 1085 1152
1024 1087 1156
1025 1091 1159
1026 1092 1165
1027 1096 1169
1028 1097 1172
1030 1100 1175
1032 1101 1176
1041 1103 1179
1044 1105 1181
1047 1106 1184
1048 1108 1185
1050 1115 1188
1051 1123 1190
1052 1126 1192
1053 1135 1193
1058 1136 1197
1066 1138 1202
1067 1139 1204
1078 1142 1205
1082 1143 1207
1088 1147 1210
1095 1153 1213
1098 1154 1215
1102 1158 1217
1104 1162 1218
1107 1163 1219
1111 1166 1220
1114 1167 1225
1117 1173 1229
1119 1174 1230
1125 1177 1232
1128 1180 1238
1129 1186 1240
1130 1189 1241
1131 1191 1242
1132 1195 1243
1134 1198 1246
1141 1199 1247
1146 1200 1250
1148 1203 1251
1149 1206 1253
1151 1208 1258
1155 1209 1259
1157 1211 1262
1160 1216 1266
1161 1222 1267
1164 1223 1270
1168 1226 1275
1170 1227 1276
1171 1231 1277
1178 1235 1280
1182 1237 1289
1183 1239 1293
1187 1244 1295
1194 1261 1296
1196 1265 1299
1201 1268 1300
1212 1269 1303
1214 1272 1307
1221 1278 1311
1224 1279 1313
1228 1281 1319
1233 1282 1321
1234 1283 1324
1236 1286 1328
1245 1290 1330
1248 1292 1331
1249 1298 1334
1252 1302 1335
1254 1304 1336
1255 1309 1340
1256 1310 1349
1257 1316 1350
1260 1320 1353
1263 1322 1354
1264 1332 1359
1271 1333 1362
1273 1339 1363
1274 1341 1365
1284 1342 1369
1285 1347 1375
1287 1348 1376
1288 1351 1378
1291 1355 1382
1294 1357 1386
1297 1360 1389
1301 1367 1392
1305 1370 1393
1306 1372 1400
1308 1373 1401
1312 1377 1404
1314 1379 1407
1315 1384 1412
1317 1385 1418
1318 1391 1419
1323 1394 1420
1325 1397 1423
1326 1399 1424
1327 1408 1425
1329 1409 1426
1337 1410 1427
1338 1413 1428
1343 1414 1435
1344 1415 1436
1345 1416 1438
1346 1417 1441
1352 1421 1442
1356 1422 1446
1358 1432 1447
1361 1433 1448
1364 1434 1453
1366 1437 1454
1368 1439 1455
1371 1440 1460
1374 1443 1461
1380 1450 1462
1381 1451 1463
1383 1452 1466
1387 1457 1467
1388 1459 1468
1390 1465 1471
1395 1474 1473
1396 1475 1480
1398 1478 1481
1402 1483 1482
1403 1485 1487
1405 1488 1491
1406 1490 1493
1411 1494 1496
1429 1497 1505
1430 1500 1506
1431 1501 1508
1444 1513 1512
1445 1518 1514
1449 1522 1517
1456 1523 1519
1458 1532 1525
1464 1533 1526
1469 1534 1535
1470 1536 1540
1472 1538 1542
1476 1541 1545
1477 1543 1548
1479 1551 1549
1484 1552 1554
1486 1553 1557
1489 1559 1558
1492 1560 1562
1495 1561 1563
1498 1564 1565
1499 1575 1568
1502 1576 1571
1503 1578 1573
1504 1580 1574
1507 1586 1587
1509 1588 1589
1510 1590 1592
1511 1591 1596
1515 1594 1599
1516 1595 1609
1520 1598 1611
1521 1601 1615
1524 1603 1617
1527 1604 1619
1528 1606 1620
1529 1612 1623
1530 1613 1624
1531 1616 1625
1537 1618 1627
1539 1621 1630
1544 1628 1631
1546 1632 1633
1547 1635 1637
1550 1636 1642
1555 1645 1643
1556 1650 1644
1566 1651 1646
1567 1655 1647
1569 1656 1648
1570 1661 1649
1572 1662 1653
1577 1664 1657
1579 1665 1658
1581 1669 1668
1582 1674 1670
1583 1676 1671
1584 1683 1672
1585 1688 1675
1593 1693 1678
1597 1696 1679
1600 1698 1680
1602 1702 1685
1605 1713 1686
1607 1714 1689
1608 1715 1691
1610 1718 1692
1614 1720 1697
1622 1725 1699
1626 1726 1700
1629 1727 1704
1634 1730 1706
1638 1737 1709
1639 1745 1710
1640 1747 1711
1641 1751 1712
1652 1752 1717
1654 1754 1721
1659 1755 1723
1660 1756 1729
1663 1758 1731
1666 1759 1733
1667 1763 1734
1673 1764 1736
1677 1765 1738
1681 1767 1744
1682 1768 1746
1684 1770 1750
1687 1772 1753
1690 1773 1757
1694 1774 1761
1695 1778 1762
1701 1781 1766
1703 1782 1771
1705 1784 1775
1707 1785 1776
1708 1787 1777
1716 1788 1789
1719 1794 1790
1722 1799 1791
1724 1800 1793
1728 1801 1795
1732 1804 1796
1735 1805 1797
1739 1807 1802
1740 1810 1806
1741 1815 1808
1742 1818 1809
1743 1819 1812
1748 1822 1814
1749 1825 1816
1760 1831 1821
1769 1835 1823
1779 1838 1824
1780 1841 1826
1783 1842 1828
1786 1843 1834
1792 1847 1839
1798 1848 1844
1803 1849 1853
1811 1850 1856
1813 1855 1858
1817 1857 1864
1820 1859 1865
1827 1860 1871
1829 1862 1872
1830 1863 1883
1832 1867 1895
1833 1868 1902
1836 1870 1904
1837 1873 1905
1840 1875 1909
1845 1876 1912
1846 1879 1913
1851 1880 1918
1852 1881 1919
1854 1882 1922
1861 1884 1924
1866 1887 1925
1869 1889 1926
1874 1890 1927
1877 1891 1934
1878 1892 1940
1885 1893 1942
1886 1894 1948
1888 1896 1950
1897 1899 1955
1898 1901 1958
1900 1903 1960
1906 1920 1962
1907 1928 1965
1908 1929 1966
1910 1930 1970
1911 1931 1972
1914 1932 1973
1915 1933 1976
1916 1939 1978
1917 1941 1979
1921 1947 1981
1923 1949 1984
1935 1952 1985
1936 1954 1988
1937 1961 1989
1938 1968 2000
1943 1971 2006
1944 1975 2009
1945 1977 2012
1946 1982 2017
1951 1986 2023
1953 1992 2025
1956 1993 2027
1957 1994 2030
1959 1995 2036
1963 1996 2038
1964 2002 2043
1967 2003 2047
1969 2005 2051
1974 2007 2054
1980 2008 2056
1983 2010 2057
1987 2011 2058
1990 2013 2060
1991 2014 2068
1997 2016 2070
1998 2018 2071
1999 2019 2075
2001 2021 2076
2004 2024 2077
2015 2028 2078
2020 2029 2080
2022 2031 2081
2026 2033 2085
2032 2034 2095
2035 2041 2100
2037 2045 2101
2039 2046 2102
2040 2048 2103
2042 2049 2104
2044 2050 2106
2052 2053 2107
2063 2055 2111
2064 2059 2112
2065 2061 2123
2079 2062 2125
2086 2066 2127
2091 2067 2128
2092 2069 2131
2093 2072 2133
2096 2073 2134
2097 2074 2139
2099 2082 2142
2105 2083 2143
2109 2084 2147
2115 2087 2148
2117 2088 2151
2118 2089 2155
2119 2090 2156
2120 2094 2157
2121 2098 2160
2122 2108 2162
2129 2110 2166
2135 2113 2169
2136 2114 2171
2137 2116 2173
2138 2124 2176
2149 2126 2179
2150 2130 2180
2158 2132 2182
2164 2140 2187
2165 2141 2188
2167 2144 2194
2168 2145 2199
2170 2146 2205
2172 2152 2206
2174 2153 2209
2177 2154 2213
2178 2159 2215
2181 2161 2217
2183 2163 2221
2185 2175 2226
2186 2184 2227
2189 2190 2228
2192 2191 2230
2193 2195 2232
2197 2196 2236
2198 2200 2237
2203 2201 2242
2208 2202 2243
2216 2204 2248
2220 2207 2249
2222 2210 2253
2223 2211 2259
2224 2212 2260
2225 2214 2261
2229 2218 2262
2233 2219 2264
2235 2231 2266
2239 2234 2267
2240 2238 2277
2241 2245 2278
2244 2246 2280
2247 2255 2281
2250 2258 2286
2251 2265 2291
2252 2268 2293
2254 2269 2304
2256 2273 2307
2257 2274 2315
2263 2282 2316
2270 2284 2322
2271 2285 2324
2272 2287 2325
2275 2288 2327
2276 2290 2328
2279 2296 2334
2283 2297 2335
2289 2298 2340
2292 2299 2347
2294 2300 2349
2295 2301 2350
2303 2302 2351
2305 2306 2354
2308 2309 2355
2313 2310 2356
2314 2311 2357
2317 2312 2362
2319 2318 2374
2320 2326 2378
2321 2330 2384
2323 2331 2386
2329 2332 2387
2336 2333 2391
2337 2339 2393
2338 2341 2403
2346 2342 2411
2348 2343 2413
2352 2344 2420
2353 2345 2423
2358 2359 2424
2363 2360 2425
2365 2361 2426
2366 2364 2428
2367 2368 2430
2369 2370 2432
2371 2373 2443
2372 2376 2457
2375 2380 2458
2377 2385 2461
2379 2388 2465
2381 2390 2466
2382 2392 2467
2383 2394 2474
2389 2395 2479
2396 2397 2480
2399 2398 2482
2401 2400 2483
2408 2402 2491
2409 2404 2493
2412 2405 2496
2415 2406 2497
2418 2407 2499
2419 2410 2500
2421 2414 2503
2427 2416 2504
2433 2417 2508
2434 2422 2510
2436 2429 2512
2438 2431 2516
2439 2435 2517
2444 2437 2519
2445 2440 2521
2446 2441 2522
2448 2442 2529
2450 2447 2531
2451 2449 2532
2453 2452 2535
2454 2456 2537
2455 2462 2538
2459 2468 2539
2460 2469 2541
2463 2472 2543
2464 2473 2554
2470 2477 2558
2471 2478 2560
2475 2485 2562
2476 2488 2564
2481 2489 2565
2484 2490 2566
2486 2506 2572
2487 2509 2579
2492 2514 2583
2494 2515 2585
2495 2518 2592
2498 2520 2595
2501 2527 2612
2502 2528 2618
2505 2533 2619
2507 2542 2620
2511 2545 2621
2513 2546 2622
2523 2547 2623
2524 2550 2626
2525 2552 2630
2526 2553 2631
2530 2555 2634
2534 2556 2635
2536 2557 2638
2540 2559 2640
2544 2561 2641
2548 2567 2643
2549 2570 2644
2551 2571 2646
2563 2574 2649
2568 2575 2651
2569 2578 2652
2573 2581 2654
2576 2586 2657
2577 2587 2659
2580 2594 2668
2582 2596 2671
2584 2597 2673
2588 2601 2674
2589 2603 2677
2590 2604 2683
2591 2607 2684
2593 2608 2688
2598 2609 2692
2599 2610 2696
2600 2613 2697
2602 2614 2702
2605 2615 2707
2606 2617 2712
2611 2624 2714
2616 2625 2717
2627 2628 2719
2633 2629 2724
2636 2632 2728
2637 2642 2729
2639 2650 2730
2645 2653 2731
2647 2655 2739
2648 2660 2743
2656 2661 2744
2658 2663 2745
2662 2665 2746
2664 2667 2750
2666 2675 2751
2669 2679 2754
2670 2680 2757
2672 2681 2759
2676 2686 2760
2678 2687 2761
2682 2694 2764
2685 2695 2765
2689 2698 2769
2690 2701 2775
2691 2703 2776
2693 2704 2785
2699 2710 2786
2700 2711 2788
2705 2713 2793
2706 2718 2796
2708 2721 2798
2709 2722 2800
2715 2723 2803
2716 2726 2805
2720 2733 2811
2725 2736 2818
2727 2742 2819
2732 2748 2820
2734 2749 2821
2735 2758 2823
2737 2762 2824
2738 2763 2825
2740 2767 2828
2741 2770 2832
2747 2771 2838
2752 2772 2846
2753 2777 2847
2755 2778 2853
2756 2781 2860
2766 2783 2863
2768 2791 2866
2773 2795 2867
2774 2799 2869
2779 2807 2870
2780 2809 2876
2782 2812 2879
2784 2813 2883
2787 2817 2887
2789 2826 2892
2790 2827 2894
2792 2829 2899
2794 2831 2901
2797 2833 2904
2801 2834 2905
2802 2835 2909
2804 2836 2912
2806 2842 2919
2808 2849 2920
2810 2851 2922
2814 2852 2933
2815 2855 2937
2816 2856 2945
2822 2857 2946
2830 2858 2951
2837 2859 2960
2839 2862 2961
2840 2864 2965
2841 2865 2966
2843 2873 2969
2844 2874 2972
2845 2877 2974
2848 2882 2976
2850 2888 2978
2854 2889 2979
2861 2891 2981
2868 2893 2982
2871 2895 2983
2872 2903 2985
2875 2907 2986
2878 2908 2987
2880 2911 2991
2881 2913 2993
2884 2914 2996
2885 2916 2998
2886 2923 3001
2890 2924 3003
2896 2925 3006
2897 2932 3013
2898 2934 3014
2900 2936 3022
2902 2938 3025
2906 2941 3028
2910 2942 3029
2915 2943 3032
2917 2944 3033
2918 2947 3034
2921 2950 3036
2926 2953 3037
2927 2954 3047
2928 2959 3048
2929 2964 3050
2930 2967 3052
2931 2968 3053
2935 2970 3054
2939 2971 3059
2940 2989 3064
2948 2990 3066
2949 2997 3081
2952 2999 3083
2955 3008 3084
2956 3009 3091
2957 3010 3093
2958 3012 3094
2962 3015 3095
2963 3016 3099
2973 3018 3104
2975 3023 3112
2977 3030 3114
2980 3040 3115
2984 3041 3124
2988 3042 3130
2992 3043 3131
2994 3044 3133
2995 3051 3134
3000 3055 3136
3002 3056 3139
3004 3057 3150
3005 3058 3151
3007 3065 3152
3011 3069 3153
3017 3071 3154
3019 3074 3156
3020 3075 3158
3021 3078 3162
3024 3085 3166
3026 3086 3167
3027 3092 3169
3031 3101 3172
3035 3102 3173
3038 3105 3174
3039 3109 3175
3045 3111 3179
3046 3113 3184
3049 3116 3191
3060 3117 3196
3061 3121 3199
3062 3122 3202
3063 3123 3204
3067 3125 3207
3068 3128 3209
3070 3129 3214
3072 3132 3215
3073 3135 3217
3076 3141 3218
3077 3142 3219
3079 3143 3223
3080 3144 3224
3082 3145 3225
3087 3146 3227
3088 3149 3230
3089 3157 3233
3090 3160 3243
3096 3161 3244
3097 3165 3245
3098 3170 3246
3100 3176 3249
3103 3178 3250
3106 3180 3251
3107 3183 3253
3108 3185 3256
3110 3187 3258
3118 3188 3261
3119 3190 3263
3120 3193 3268
3126 3197 3270
3127 3200 3271
3137 3201 3272
3138 3203 3273
3140 3206 3276
3147 3208 3286
3148 3213 3288
3155 3216 3290
3159 3228 3292
3163 3229 3296
3164 3231 3299
3168 3234 3301
3171 3235 3303
3177 3236 3305
3181 3238 3306
3182 3248 3311
3186 3252 3312
3189 3255 3313
3192 3260 3315
3194 3264 3317
3195 3269 3318
3198 3274 3326
3205 3279 3329
3210 3283 3330
3211 3287 3335
3212 3291 3336
3220 3293 3339
3221 3294 3341
3222 3295 3342
3226 3298 3346
3232 3307 3347
3237 3319 3349
3239 3320 3350
3240 3321 3355
3241 3322 3357
3242 3325 3360
3247 3327 3363
3254 3331 3365
3257 3332 3368
3259 3333 3370
3262 3334 3371
3265 3340 3373
3266 3343 3375
3267 3344 3379
3275 3345 3382
3277 3348 3388
3278 3352 3389
3280 3356 3396
3281 3358 3397
3282 3361 3398
3284 3366 3400
3285 3374 3401
3289 3376 3405
3297 3381 3408
3300 3383 3409
3302 3386 3427
3304 3387 3428
3308 3391 3431
3309 3392 3436
3310 3393 3443
3314 3394 3449
3316 3395 3453
3323 3402 3458
3324 3403 3462
3328 3404 3463
3337 3406 3466
3338 3412 3472
3351 3420 3473
3353 3422 3475
3354 3423 3478
3359 3425 3483
3362 3426 3484
3364 3429 3485
3367 3432 3486
3369 3433 3491
3372 3434 3499
3377 3438 3502
3378 3439 3504
3380 3440 3506
3384 3441 3511
3385 3442 3515
3390 3444 3517
3399 3445 3524
3407 3447 3532
3410 3450 3533
3411 3452 3537
3413 3455 3538
3414 3456 3540
3415 3459 3541
3416 3461 3542
3417 3467 3545
3418 3474 3551
3419 3479 3552
3421 3480 3554
3424 3482 3556
3430 3487 3558
3435 3488 3559
3437 3492 3566
3446 3493 3568
3448 3495 3574
3451 3498 3575
3454 3501 3576
3457 3503 3577
3460 3507 3580
3464 3508 3581
3465 3509 3586
3468 3510 3587
3469 3513 3588
3470 3514 3591
3471 3516 3599
3476 3519 3601
3477 3522 3604
3481 3526 3606
3489 3528 3609
3490 3530 3612
3494 3536 3613
3496 3543 3615
3497 3544 3617
3500 3547 3620
3505 3548 3624
3512 3553 3627
3518 3557 3628
3520 3563 3632
3521 3564 3638
3523 3565 3646
3525 3567 3648
3527 3569 3651
3529 3570 3653
3531 3571 3662
3534 3578 3669
3535 3582 3670
3539 3583 3673
3546 3585 3675
3549 3589 3681
3550 3590 3682
3555 3592 3683
3560 3597 3684
3561 3610 3685
3562 3611 3688
3572 3614 3691
3573 3616 3694
3579 3619 3695
3584 3621 3697
3593 3622 3702
3594 3625 3704
3595 3634 3709
3596 3636 3710
3598 3639 3717
3600 3640 3719
3602 3644 3724
3603 3645 3725
3605 3647 3726
3607 3649 3732
3608 3650 3733
3618 3657 3736
3623 3659 3738
3626 3660 3740
3629 3664 3741
3630 3665 3743
3631 3671 3745
3633 3672 3746
3635 3674 3750
3637 3676 3754
3641 3679 3755
3642 3680 3757
3643 3686 3758
3652 3690 3760
3654 3700 3761
3655 3706 3763
3656 3712 3765
3658 3713 3768
3661 3714 3773
3663 3716 3775
3666 3718 3776
3667 3721 3778
3668 3722 3781
3677 3723 3784
3678 3729 3788
3687 3730 3790
3689 3731 3791
3692 3734 3797
3693 3737 3799
3696 3747 3803
3698 3749 3804
3699 3753 3808
3701 3756 3815
3703 3759 3822
3705 3764 3830
3707 3766 3833
3708 3771 3836
3711 3772 3854
3715 3779 3858
3720 3780 3859
3727 3783 3860
3728 3786 3861
3735 3787 3862
3739 3794 3863
3742 3795 3866
3744 3798 3873
3748 3800 3874
3751 3801 3877
3752 3807 3878
3762 3809 3883
3767 3812 3889
3769 3813 3895
3770 3814 3897
3774 3817 3900
3777 3819 3901
3782 3821 3902
3785 3825 3903
3789 3826 3907
3792 3829 3914
3793 3831 3916
3796 3834 3917
3802 3835 3918
3805 3838 3921
3806 3840 3922
3810 3841 3929
3811 3845 3935
3816 3853 3938
3818 3855 3945
3820 3856 3948
3823 3857 3950
3824 3864 3953
3827 3868 3955
3828 3870 3957
3832 3871 3960
3837 3872 3961
3839 3875 3963
3842 3879 3965
3843 3880 3967
3844 3886 3971
3846 3888 3980
3847 3890 3981
3848 3892 3983
3849 3893 3989
3850 3894 4000
3851 3905 4004
3852 3908 4006
3865 3909 4008
3867 3910 4009
3869 3911 4014
3876 3912 4015
3881 3913 4017
3882 3919 4028
3884 3923 4032
3885 3924 4033
3887 3927 4035
3891 3930 4037
3896 3933 4041
3898 3937 4043
3899 3939 4044
3904 3940 4045
3906 3946 4054
3915 3947 4058
3920 3949 4059
3925 3951 4066
3926 3952 4067
3928 3959 4069
3931 3964 4074
3932 3966 4076
3934 3970 4082
3936 3974 4083
3941 3977 4087
3942 3978 4091
3943 3979 4097
3944 3985 4099
3954 3986 4101
3956 3991 4102
3958 3995 4106
3962 3996 4110
3968 3997 4112
3969 3998 4113
3972 4001 4117
3973 4002 4118
3975 4010 4119
3976 4011 4120
3982 4013 4124
3984 4016 4133
3987 4020 4137
3988 4022 4140
3990 4023 4141
3992 4025 4149
3993 4027 4150
3994 4034 4153
3999 4038 4157
4003 4042 4158
4005 4046 4159
4007 4049 4162
4012 4050 4163
4018 4051 4167
4019 4056 4170
4021 4057 4173
4024 4062 4175
4026 4064 4176
4029 4065 4178
4030 4068 4180
4031 4070 4181
4036 4072 4184
4039 4073 4188
4040 4075 4191
4047 4078 4196
4048 4081 4199
4052 4085 4200
4053 4086 4202
4055 4092 4207
4060 4093 4210
4061 4094 4214
4063 4095 4215
4071 4098 4218
4077 4100 4222
4079 4103 4223
4080 4104 4225
4084 4105 4226
4088 4111 4236
4089 4116 4237
4090 4121 4239
4096 4122 4240
4107 4125 4245
4108 4128 4246
4109 4129 4248
4114 4130 4253
4115 4134 4257
4123 4135 4260
4126 4136 4264
4127 4138 4267
4131 4146 4270
4132 4148 4272
4139 4154 4276
4142 4155 4283
4143 4156 4284
4144 4160 4291
4145 4161 4298
4147 4166 4300
4151 4169 4301
4152 4171 4306
4164 4174 4310
4165 4177 4312
4168 4179 4313
4172 4185 4316
4182 4187 4317
4183 4190 4319
4186 4198 4321
4189 4201 4324
4192 4206 4325
4193 4208 4326
4194 4213 4328
4195 4216 4329
4197 4217 4337
4203 4219 4338
4204 4221 4339
4205 4227 4342
4209 4229 4344
4211 4234 4347
4212 4235 4349
4220 4238 4350
4224 4243 4351
4228 4247 4357
4230 4249 4359
4231 4255 4361
4232 4261 4363
4233 4262 4364
4241 4263 4365
4242 4268 4366
4244 4269 4371
4250 4271 4372
4251 4273 4379
4252 4275 4383
4254 4281 4390
4256 4288 4393
4258 4289 4400
4259 4295 4404
4265 4296 4407
4266 4302 4408
4274 4305 4410
4277 4309 4411
4278 4311 4412
4279 4314 4414
4280 4315 4415
4282 4320 4421
4285 4322 4423
4286 4327 4424
4287 4330 4433
4290 4334 4435
4292 4336 4450
4293 4340 4451
4294 4341 4453
4297 4343 4454
4299 4345 4457
4303 4346 4458
4304 4352 4464
4307 4353 4466
4308 4355 4468
4318 4368 4470
4323 4369 4471
4331 4374 4475
4332 4376 4480
4333 4377 4482
4335 4380 4486
4348 4381 4489
4354 4382 4490
4356 4385 4492
4358 4387 4493
4360 4392 4495
4362 4397 4496
4367 4398 4502
4370 4399 4511
4373 4401 4512
4375 4402 4513
4378 4403 4518
4384 4406 4524
4386 4413 4527
4388 4416 4530
4389 4425 4531
4391 4429 4533
4394 4431 4537
4395 4432 4538
4396 4434 4539
4405 4438 4542
4409 4439 4543
4417 4441 4544
4418 4445 4549
4419 4446 4550
4420 4448 4553
4422 4452 4555
4426 4461 4556
4427 4462 4560
4428 4463 4561
4430 4465 4563
4436 4467 4573
4437 4472 4574
4440 4473 4575
4442 4478 4583
4443 4479 4590
4444 4481 4595
4447 4483 4597
4449 4485 4598
4455 4487 4599
4456 4488 4606
4459 4498 4610
4460 4503 4611
4469 4505 4617
4474 4506 4621
4476 4507 4624
4477 4508 4626
4484 4517 4636
4491 4520 4637
4494 4522 4638
4497 4529 4639
4499 4532 4640
4500 4535 4642
4501 4536 4644
4504 4540 4647
4509 4546 4652
4510 4551 4654
4514 4554 4658
4515 4558 4660
4516 4567 4662
4519 4568 4664
4521 4569 4667
4523 4570 4670
4525 4576 4674
4526 4578 4677
4528 4579 4679
4534 4580 4681
4541 4581 4683
4545 4582 4684
4547 4584 4685
4548 4585 4687
4552 4586 4690
4557 4588 4694
4559 4589 4696
4562 4594 4697
4564 4596 4698
4565 4601 4699
4566 4603 4702
4571 4604 4705
4572 4605 4712
4577 4607 4713
4587 4608 4715
4591 4609 4716
4592 4612 4721
4593 4620 4725
4600 4625 4727
4602 4627 4728
4613 4628 4733
4614 4629 4743
4615 4633 4744
4616 4635 4753
4618 4643 4756
4619 4645 4772
4622 4648 4787
4623 4649 4794
4630 4651 4795
4631 4653 4801
4632 4655 4802
4634 4656 4805
4641 4657 4806
4646 4661 4808
4650 4663 4812
4659 4669 4814
4665 4672 4815
4666 4673 4819
4668 4675 4820
4671 4676 4824
4678 4680 4826
4682 4686 4833
4691 4688 4837
4695 4689 4840
4700 4692 4847
4703 4693 4850
4706 4701 4851
4707 4704 4852
4708 4709 4861
4711 4710 4870
4719 4714 4873
4723 4717 4877
4729 4718 4878
4730 4720 4879
4731 4722 4882
4734 4724 4883
4735 4726 4884
4736 4732 4887
4737 4738 4889
4740 4739 4894
4742 4741 4895
4746 4745 4896
4747 4748 4900
4750 4749 4901
4754 4751 4902
4757 4752 4909
4758 4755 4914
4759 4760 4916
4763 4761 4917
4764 4762 4920
4767 4765 4924
4768 4766 4927
4769 4771 4928
4770 4773 4929
4774 4775 4930
4778 4776 4934
4782 4777 4936
4784 4779 4939
4786 4780 4943
4789 4781 4945
4790 4783 4946
4791 4785 4950
4792 4788 4951
4793 4803 4952
4796 4811 4953
4797 4817 4954
4798 4822 4959
4799 4823 4965
4800 4825 4968
4804 4828 4969
4807 4831 4971
4809 4832 4973
4810 4835 4976
4813 4836 4978
4816 4838 4982
4818 4843 4984
4821 4845 4985
4827 4846 4996
4829 4854 5003
4830 4855 5010
4834 4858 5011
4839 4859 5016
4841 4862 5017
4842 4864 5019
4844 4865 5031
4848 4866 5032
4849 4867 5033
4853 4868 5035
4856 4871 5044
4857 4875 5047
4860 4881 5048
4863 4885 5050
4869 4886 5051
4872 4888 5052
4874 4890 5053
4876 4893 5056
4880 4897 5057
4891 4898 5065
4892 4903 5072
4899 4906 5076
4904 4911 5079
4905 4913 5080
4907 4915 5082
4908 4918 5083
4910 4921 5087
4912 4922 5089
4919 4923 5092
4925 4931 5095
4926 4937 5096
4932 4938 5097
4933 4940 5102
4935 4947 5104
4941 4948 5107
4942 4949 5109
4944 4956 5113
4955 4958 5114
4957 4967 5129
4960 4970 5130
4961 4975 5134
4962 4977 5137
4963 4979 5138
4964 4983 5139
4966 4987 5146
4972 4989 5149
4974 4991 5152
4980 4994 5159
4981 4995 5161
4986 4997 5162
4988 4998 5168
4990 4999 5170
4992 5001 5173
4993 5004 5177
5000 5007 5179
5002 5013 5181
5005 5014 5183
5006 5018 5184
5008 5023 5189
5009 5024 5190
5012 5026 5192
5015 5027 5201
5020 5037 5205
5021 5039 5206
5022 5040 5215
5025 5043 5216
5028 5045 5217
5029 5046 5218
5030 5049 5220
5034 5054 5223
5036 5055 5224
5038 5058 5228
5041 5059 5229
5042 5061 5235
5060 5062 5236
5063 5064 5238
5066 5067 5239
5073 5068 5244
5074 5069 5250
5075 5070 5251
5078 5071 5253
5081 5077 5256
5091 5084 5257
5098 5085 5264
5099 5086 5266
5103 5088 5268
5105 5090 5272
5108 5093 5274
5110 5094 5275
5116 5100 5276
5117 5101 5277
5118 5106 5279
5119 5111 5280
5120 5112 5283
5121 5115 5289
5122 5124 5290
5123 5126 5292
5125 5128 5293
5127 5135 5294
5131 5136 5302
5132 5140 5303
5133 5141 5309
5142 5143 5310
5144 5147 5311
5145 5153 5316
5148 5154 5317
5150 5156 5318
5151 5157 5319
5155 5164 5328
5158 5165 5332
5160 5166 5333
5163 5171 5338
5167 5172 5341
5169 5176 5345
5174 5178 5346
5175 5182 5347
5180 5185 5348
5188 5186 5352
5195 5187 5358
5196 5191 5360
5197 5193 5368
5200 5194 5371
5202 5198 5377
5203 5199 5381
5204 5207 5384
5208 5210 5387
5209 5214 5389
5211 5225 5390
5212 5226 5399
5213 5227 5416
5219 5233 5418
5221 5234 5419
5222 5241 5420
5230 5242 5421
5231 5243 5422
5232 5248 5424
5237 5252 5431
5240 5254 5434
5245 5255 5435
5246 5258 5438
5247 5259 5439
5249 5260 5440
5261 5265 5447
5262 5269 5448
5263 5270 5449
5267 5278 5457
5271 5281 5460
5273 5287 5464
5282 5295 5466
5284 5298 5475
5285 5304 5482
5286 5306 5483
5288 5307 5488
5291 5308 5491
5296 5313 5492
5297 5315 5493
5299 5324 5496
5300 5335 5498
5301 5337 5503
5305 5342 5506
5312 5349 5512
5314 5351 5517
5320 5355 5518
5321 5359 5519
5322 5363 5522
5323 5364 5523
5325 5367 5527
5326 5374 5531
5327 5382 5535
5329 5386 5540
5330 5392 5541
5331 5394 5542
5334 5395 5543
5336 5396 5546
5339 5398 5547
5340 5400 5553
5343 5407 5555
5344 5412 5558
5350 5413 5559
5353 5414 5571
5354 5427 5574
5356 5428 5575
5357 5429 5579
5361 5436 5580
5362 5443 5582
5365 5444 5587
5366 5446 5589
5369 5450 5592
5370 5452 5593
5372 5453 5601
5373 5454 5602
5375 5461 5604
5376 5463 5609
5378 5467 5612
5379 5469 5613
5380 5470 5614
5383 5473 5617
5385 5474 5622
5388 5477 5623
5391 5480 5627
5393 5486 5629
5397 5490 5631
5401 5494 5635
5402 5501 5636
5403 5502 5639
5404 5507 5646
5405 5508 5648
5406 5509 5649
5408 5510 5650
5409 5511 5656
5410 5513 5657
5411 5516 5660
5415 5524 5661
5417 5528 5662
5423 5530 5669
5425 5533 5671
5426 5534 5672
5430 5536 5673
5432 5538 5674
5433 5545 5676
5437 5548 5680
5441 5550 5683
5442 5556 5685
5445 5560 5686
5451 5561 5693
5455 5564 5694
5456 5566 5695
5458 5567 5699
5459 5568 5702
5462 5576 5709
5465 5577 5710
5468 5578 5715
5471 5581 5731
5472 5591 5732
5476 5596 5739
5478 5598 5740
5479 5599 5741
5481 5600 5742
5484 5605 5744
5485 5607 5745
5487 5616 5749
5489 5619 5753
5495 5625 5754
5497 5630 5755
5499 5633 5758
5500 5645 5760
5504 5651 5761
5505 5652 5764
5514 5653 5773
5515 5654 5775
5520 5655 5778
5521 5658 5782
5525 5666 5783
5526 5667 5786
5529 5668 5789
5532 5670 5792
5537 5675 5796
5539 5677 5797
5544 5679 5800
5549 5682 5801
5551 5684 5803
5552 5688 5804
5554 5689 5805
5557 5690 5809
5562 5697 5810
5563 5701 5815
5565 5704 5817
5569 5705 5825
5570 5706 5836
5572 5707 5838
5573 5708 5839
5583 5713 5842
5584 5716 5843
5585 5718 5845
5586 5719 5846
5588 5721 5851
5590 5723 5854
5594 5725 5859
5595 5727 5868
5597 5729 5871
5603 5730 5872
5606 5734 5877
5608 5737 5879
5610 5738 5880
5611 5746 5881
5615 5748 5886
5618 5750 5895
5620 5751 5896
5621 5752 5897
5624 5762 5900
5626 5763 5906
5628 5768 5910
5632 5772 5912
5634 5774 5915
5637 5779 5922
5638 5781 5923
5640 5785 5929
5641 5787 5932
5642 5790 5936
5643 5791 5941
5644 5793 5944
5647 5795 5945
5659 5802 5954
5663 5813 5955
5664 5816 5956
5665 5818 5957
5678 5822 5958
5681 5823 5959
5687 5827 5964
5691 5828 5966
5692 5829 5967
5696 5830 5968
5698 5831 5970
5700 5832 5971
5703 5834 5975
5711 5835 5983
5712 5840 5985
5714 5844 5990
5717 5848 5998
5720 5852 5999
5722 5855 6001
5724 5857 6004
5726 5861 6007
5728 5862 6008
5733 5864 6012
5735 5865 6021
5736 5866 6022
5743 5869 6024
5747 5870 6035
5756 5876 6037
5757 5882 6040
5759 5883 6043
5765 5885 6044
5766 5893 6046
5767 5894 6048
5769 5898 6050
5770 5903 6051
5771 5907 6056
5776 5909 6063
5777 5911 6068
5780 5913 6071
5784 5914 6072
5788 5917 6073
5794 5919 6075
5798 5920 6076
5799 5921 6078
5806 5925 6079
5807 5926 6082
5808 5930 6087
5811 5933 6088
5812 5934 6089
5814 5939 6095
5819 5940 6096
5820 5942 6097
5821 5943 6102
5824 5946 6105
5826 5948 6106
5833 5950 6109
5837 5951 6110
5841 5952 6112
5847 5953 6114
5849 5962 6119
5850 5969 6121
5853 5974 6123
5856 5976 6126
5858 5979 6130
5860 5981 6131
5863 5982 6132
5867 5984 6135
5873 5995 6136
5874 5997 6138
5875 6003 6144
5878 6006 6148
5884 6009 6152
5887 6014 6159
5888 6015 6165
5889 6017 6168
5890 6019 6171
5891 6020 6177
5892 6027 6180
5899 6028 6186
5901 6030 6188
5902 6031 6193
5904 6033 6205
5905 6034 6208
5908 6038 6210
5916 6039 6212
5918 6049 6215
5924 6059 6217
5927 6060 6218
5928 6064 6219
5931 6070 6223
5935 6074 6226
5937 6077 6227
5938 6081 6229
5947 6084 6234
5949 6086 6243
5960 6090 6244
5961 6092 6247
5963 6093 6248
5965 6094 6250
5972 6101 6257
5973 6107 6258
5977 6108 6264
5978 6115 6265
5980 6120 6268
5986 6127 6273
5987 6134 6274
5988 6139 6275
5989 6140 6281
5991 6141 6282
5992 6149 6283
5993 6150 6289
5994 6154 6293
5996 6157 6295
6000 6162 6298
6002 6163 6299
6005 6164 6300
6010 6169 6303
6011 6172 6306
6013 6174 6312
6016 6175 6318
6018 6178 6322
6023 6179 6323
6025 6182 6325
6026 6185 6332
6029 6187 6335
6032 6189 6340
6036 6190 6341
6041 6195 6347
6042 6199 6352
6045 6201 6356
6047 6203 6357
6052 6204 6359
6053 6209 6362
6054 6213 6366
6055 6221 6369
6057 6224 6370
6058 6225 6379
6061 6228 6382
6062 6230 6384
6065 6231 6388
6066 6232 6391
6067 6233 6397
6069 6239 6398
6080 6241 6399
6083 6242 6401
6085 6249 6407
6091 6251 6410
6098 6252 6413
6099 6254 6422
6100 6256 6423
6103 6260 6425
6104 6261 6426
6111 6263 6431
6113 6267 6432
6116 6270 6433
6117 6272 6438
6118 6277 6444
6122 6286 6450
6124 6291 6455
6125 6294 6457
6128 6297 6465
6129 6302 6467
6133 6304 6474
6137 6307 6476
6142 6308 6479
6143 6309 6480
6145 6310 6481
6146 6313 6482
6147 6314 6486
6151 6316 6487
6153 6319 6489
6155 6320 6490
6156 6324 6491
6158 6327 6502
6160 6328 6505
6161 6329 6506
6166 6330 6507
6167 6331 6510
6170 6333 6511
6173 6337 6512
6176 6343 6513
6181 6344 6514
6183 6346 6515
6184 6348 6518
6191 6349 6522
6192 6350 6530
6194 6351 6532
6196 6355 6538
6197 6358 6539
6198 6371 6540
6200 6374 6543
6202 6376 6544
6206 6377 6545
6207 6383 6547
6211 6385 6550
6214 6386 6552
6216 6387 6557
6220 6389 6559
6222 6392 6562
6235 6396 6564
6236 6402 6569
6237 6403 6571
6238 6406 6574
6240 6409 6577
6245 6411 6579
6246 6414 6590
6253 6417 6593
6255 6418 6597
6259 6419 6601
6262 6434 6602
6266 6436 6603
6269 6440 6607
6271 6441 6616
6276 6442 6617
6278 6446 6619
6279 6448 6621
6280 6451 6622
6284 6452 6625
6285 6454 6629
6287 6458 6630
6288 6459 6631
6290 6464 6635
6292 6466 6636
6296 6468 6640
6301 6469 6647
6305 6471 6649
6311 6472 6650
6315 6473 6651
6317 6475 6652
6321 6478 6654
6326 6483 6656
6334 6485 6658
6336 6488 6663
6338 6492 6666
6339 6495 6668
6342 6498 6671
6345 6501 6673
6353 6508 6674
6354 6516 6678
6360 6517 6679
6361 6520 6680
6363 6523 6684
6364 6524 6686
6365 6526 6688
6367 6528 6689
6368 6531 6690
6372 6533 6691
6373 6537 6699
6375 6551 6701
6378 6553 6703
6380 6556 6704
6381 6561 6707
6390 6565 6708
6393 6567 6709
6394 6568 6710
6395 6570 6711
6400 6572 6714
6404 6576 6716
6405 6584 6717
6408 6587 6719
6412 6588 6720
6415 6596 6721
6416 6598 6726
6420 6604 6727
6421 6608 6728
6424 6611 6730
6427 6613 6731
6428 6618 6740
6429 6623 6748
6430 6626 6750
6435 6627 6753
6437 6632 6756
6439 6637 6758
6443 6641 6759
6445 6642 6762
6447 6645 6766
6449 6646 6768
6453 6648 6771
6456 6659 6777
6460 6661 6781
6461 6662 6783
6462 6665 6786
6463 6670 6789
6470 6672 6791
6477 6676 6792
6484 6677 6794
6493 6687 6796
6494 6692 6803
6496 6694 6804
6497 6698 6805
6499 6706 6808
6500 6713 6809
6503 6722 6810
6504 6723 6812
6509 6724 6815
6519 6735 6824
6521 6737 6826
6525 6742 6827
6527 6745 6828
6529 6746 6829
6534 6754 6832
6535 6757 6833
6536 6760 6834
6541 6761 6841
6542 6763 6844
6546 6764 6848
6548 6767 6849
6549 6770 6853
6554 6772 6855
6555 6773 6861
6558 6774 6862
6560 6780 6866
6563 6782 6867
6566 6784 6868
6573 6787 6871
6575 6801 6872
6578 6802 6876
6580 6813 6879
6581 6820 6883
6582 6821 6886
6583 6822 6889
6585 6823 6891
6586 6830 6892
6589 6831 6893
6591 6835 6894
6592 6838 6903
6594 6845 6909
6595 6851 6915
6599 6857 6916
6600 6858 6918
6605 6863 6920
6606 6864 6921
6609 6865 6923
6610 6874 6930
6612 6875 6931
6614 6877 6933
6615 6880 6936
6620 6881 6942
6624 6882 6951
6628 6884 6953
6633 6885 6954
6634 6890 6957
6638 6896 6959
6639 6899 6960
6643 6901 6962
6644 6907 6966
6653 6908 6970
6655 6912 6971
6657 6914 6978
6660 6924 6979
6664 6925 6985
6667 6928 6986
6669 6929 6987
6675 6939 6988
6681 6943 6991
6682 6944 6994
6683 6945 6996
6685 6947 7000
6693 6958 7001
6695 6964 7002
6696 6965 7006
6697 6968 7007
6700 6969 7009
6702 6972 7010
6705 6973 7011
6712 6975 7012
6715 6977 7013
6718 6980 7014
6725 6981 7017
6729 6983 7018
6732 6989 7022
6733 6990 7024
6734 6993 7026
6736 6995 7033
6738 6998 7039
6739 7003 7043
6741 7004 7044
6743 7015 7045
6744 7016 7047
6747 7019 7048
6749 7021 7049
6751 7023 7050
6752 7025 7051
6755 7030 7052
6765 7032 7057
6769 7035 7061
6775 7036 7064
6776 7037 7065
6778 7038 7068
6779 7040 7069
6785 7046 7070
6788 7056 7076
6790 7058 7077
6793 7062 7082
6795 7066 7086
6797 7071 7087
6798 7072 7094
6799 7074 7095
6800 7075 7102
6806 7078 7105
6807 7079 7109
6811 7080 7111
6814 7084 7114
6816 7088 7115
6817 7091 7117
6818 7092 7118
6819 7093 7131
6825 7098 7133
6836 7101 7135
6837 7103 7137
6839 7110 7138
6840 7112 7139
6842 7116 7140
6843 7120 7146
6846 7122 7149
6847 7123 7156
6850 7124 7161
6852 7125 7165
6854 7127 7167
6856 7129 7171
6859 7130 7172
6860 7134 7177
6869 7141 7178
6870 7142 7180
6873 7148 7182
6878 7155 7185
6887 7157 7186
6888 7159 7187
6895 7162 7188
6897 7168 7190
6898 7169 7196
6900 7170 7197
6902 7173 7198
6904 7174 7199
6905 7175 7200
6906 7183 7201
6910 7184 7209
6911 7189 7214
6913 7191 7219
6917 7192 7223
6919 7195 7226
6922 7202 7227
6926 7203 7231
6927 7204 7238
6932 7206 7242
6934 7210 7245
6935 7217 7247
6937 7220 7249
6938 7228 7251
6940 7229 7252
6941 7230 7259
6946 7237 7261
6948 7240 7262
6949 7241 7274
6950 7243 7275
6952 7253 7282
6955 7256 7283
6956 7257 7284
6961 7258 7285
6963 7260 7289
6967 7266 7293
6974 7267 7294
6976 7269 7305
6982 7270 7308
6984 7271 7311
6992 7272 7316
6997 7278 7317
6999 7281 7318
7005 7290 7322
7008 7296 7325
7020 7298 7326
7027 7299 7329
7028 7304 7330
7029 7307 7331
7031 7310 7332
7034 7313 7335
7041 7320 7342
7042 7321 7343
7053 7324 7349
7054 7328 7351
7055 7333 7352
7059 7337 7357
7060 7338 7359
7063 7341 7362
7067 7344 7365
7073 7345 7373
7081 7346 7376
7083 7347 7377
7085 7348 7378
7089 7350 7380
7090 7353 7382
7096 7355 7386
7097 7356 7387
7099 7358 7390
7100 7360 7392
7104 7364 7393
7106 7366 7406
7107 7367 7409
7108 7368 7414
7113 7369 7415
7119 7370 7418
7121 7371 7422
7126 7375 7423
7128 7385 7430
7132 7388 7433
7136 7389 7435
7143 7394 7436
7144 7398 7439
7145 7400 7441
7147 7402 7442
7150 7407 7443
7151 7410 7444
7152 7411 7447
7153 7413 7448
7154 7417 7450
7158 7428 7459
7160 7432 7460
7163 7434 7461
7164 7449 7463
7166 7453 7464
7176 7455 7465
7179 7456 7466
7181 7468 7467
7193 7469 7471
7194 7470 7472
7205 7473 7475
7207 7474 7476
7208 7477 7479
7211 7478 7482
7212 7487 7483
7213 7489 7488
7215 7490 7493
7216 7492 7494
7218 7496 7495
7221 7502 7497
7222 7506 7499
7224 7507 7500
7225 7515 7503
7232 7516 7512
7233 7522 7513
7234 7523 7517
7235 7525 7524
7236 7527 7529
7239 7530 7531
7244 7534 7532
7246 7536 7533
7248 7539 7535
7250 7541 7537
7254 7542 7540
7255 7544 7543
7263 7548 7546
7264 7552 7547
7265 7554 7549
7268 7555 7553
7273 7556 7563
7276 7557 7565
7277 7558 7566
7279 7559 7568
7280 7560 7571
7286 7561 7573
7287 7569 7574
7288 7570 7578
7291 7572 7581
7292 7576 7584
7295 7579 7585
7297 7580 7587
7300 7582 7590
7301 7586 7591
7302 7592 7594
7303 7600 7595
7306 7602 7596
7309 7613 7598
7312 7617 7605
7314 7625 7606
7315 7626 7608
7319 7627 7610
7323 7629 7611
7327 7632 7615
7334 7636 7619
7336 7638 7620
7339 7640 7621
7340 7643 7623
7354 7647 7628
7361 7655 7633
7363 7660 7634
7372 7661 7635
7374 7663 7637
7379 7664 7639
7381 7665 7641
7383 7670 7648
7384 7673 7649
7391 7674 7657
7395 7676 7667
7396 7678 7668
7397 7681 7675
7399 7682 7677
7401 7689 7680
7403 7693 7684
7404 7696 7685
7405 7697 7686
7408 7698 7687
7412 7700 7690
7416 7705 7692
7419 7706 7694
7420 7708 7695
7421 7711 7699
7424 7714 7702
7425 7716 7704
7426 7717 7707
7427 7721 7709
7429 7725 7710
7431 7732 7712
7437 7733 7713
7438 7736 7715
7440 7738 7720
7445 7739 7722
7446 7740 7726
7451 7741 7728
7452 7750 7729
7454 7751 7730
7457 7766 7734
7458 7769 7737
7462 7772 7747
7480 7775 7748
7481 7776 7752
7484 7779 7753
7485 7780 7756
7486 7781 7757
7491 7782 7758
7498 7783 7759
7501 7784 7760
7504 7788 7764
7505 7790 7767
7508 7791 7771
7509 7795 7773
7510 7797 7792
7511 7799 7794
7514 7800 7796
7518 7801 7805
7519 7807 7806
7520 7808 7810
7521 7811 7815
7526 7813 7822
7528 7816 7824
7538 7817 7826
7545 7819 7829
7550 7820 7830
7551 7823 7834
7562 7831 7839
7564 7835 7845
7567 7837 7848
7575 7841 7849
7577 7843 7850
7583 7844 7855
7588 7846 7863
7589 7854 7868
7593 7859 7871
7597 7861 7872
7599 7864 7873
7601 7867 7888
7603 7869 7892
7604 7874 7894
7607 7877 7897
7609 7880 7898
7612 7882 7899
7614 7883 7900
7616 7884 7901
7618 7886 7905
7622 7889 7911
7624 7890 7915
7630 7891 7917
7631 7893 7919
7642 7902 7921
7644 7903 7922
7645 7908 7928
7646 7909 7929
7650 7912 7931
7651 7913 7932
7652 7914 7938
7653 7918 7939
7654 7926 7940
7656 7927 7947
7658 7930 7948
7659 7933 7952
7662 7934 7956
7666 7935 7957
7669 7936 7964
7671 7941 7966
7672 7943 7969
7679 7944 7974
7683 7945 7975
7688 7949 7977
7691 7954 7985
7701 7955 7987
7703 7959 7988
7718 7961 7989
7719 7963 7990
7723 7967 7993
7724 7968 7995
7727 7973 7999
7731 7978 8004
7735 7979 8005
7742 7983 8012
7743 7984 8013
7744 7998 8014
7745 8002 8015
7746 8003 8016
7749 8008 8018
7754 8009 8021
7755 8010 8024
7761 8020 8028
7762 8025 8030
7763 8026 8035
7765 8027 8036
7768 8029 8038
7770 8034 8039
7774 8037 8041
7777 8040 8045
7778 8049 8048
7785 8050 8051
7786 8053 8052
7787 8054 8062
7789 8055 8064
7793 8056 8069
7798 8058 8072
7802 8060 8078
7803 8066 8080
7804 8071 8082
7809 8076 8083
7812 8089 8085
7814 8096 8087
7818 8098 8090
7821 8106 8093
7825 8108 8094
7827 8109 8095
7828 8110 8097
7832 8117 8099
7833 8128 8102
7836 8135 8104
7838 8142 8107
7840 8143 8111
7842 8147 8113
7847 8151 8116
7851 8157 8120
7852 8161 8124
7853 8162 8125
7856 8165 8129
7857 8167 8131
7858 8171 8133
7860 8174 8134
7862 8177 8138
7865 8181 8139
7866 8185 8140
7870 8187 8148
7875 8189 8150
7876 8191 8153
7878 8193 8154
7879 8195 8159
7881 8196 8160
7885 8197 8164
7887 8200 8166
7895 8201 8168
7896 8206 8170
7904 8207 8176
7906 8210 8178
7907 8211 8179
7910 8212 8180
7916 8217 8183
7920 8219 8184
7923 8228 8188
7924 8230 8198
7925 8231 8202
7937 8232 8203
7942 8234 8208
7946 8235 8213
7950 8238 8216
7951 8240 8218
7953 8242 8221
7958 8244 8223
7960 8249 8224
7962 8250 8225
7965 8252 8227
7970 8254 8233
7971 8255 8236
7972 8256 8237
7976 8260 8239
7980 8263 8243
7981 8264 8251
7982 8266 8258
7986 8269 8261
7991 8273 8262
7992 8274 8271
7994 8275 8272
7996 8279 8277
7997 8280 8288
8000 8281 8289
8001 8282 8294
8006 8284 8296
8007 8287 8297
8011 8292 8299
8017 8293 8302
8019 8295 8305
8022 8300 8312
8023 8301 8313
8031 8303 8316
8032 8304 8317
8033 8307 8319
8042 8308 8320
8043 8309 8322
8044 8310 8325
8046 8314 8327
8047 8318 8328
8057 8321 8331
8059 8323 8337
8061 8329 8338
8063 8333 8340
8065 8336 8349
8067 8341 8352
8068 8342 8356
8070 8343 8357
8073 8344 8360
8074 8345 8361
8075 8346 8366
8077 8350 8367
8079 8351 8371
8081 8354 8373
8084 8355 8374
8086 8359 8376
8088 8365 8377
8091 8368 8378
8092 8370 8379
8100 8382 8380
8101 8384 8383
8103 8386 8389
8105 8388 8390
8112 8392 8396
8114 8404 8398
8115 8414 8400
8118 8417 8401
8119 8418 8403
8121 8425 8406
8122 8428 8408
8123 8434 8409
8126 8437 8410
8127 8442 8415
8130 8445 8419
8132 8451 8421
8136 8456 8424
8137 8457 8433
8141 8460 8435
8144 8462 8438
8145 8463 8439
8146 8464 8444
8149 8465 8449
8152 8466 8453
8155 8468 8454
8156 8470 8458
8158 8475 8469
8163 8476 8471
8169 8483 8474
8172 8484 8478
8173 8489 8480
8175 8491 8482
8182 8493 8485
8186 8494 8488
8190 8497 8490
8192 8503 8492
8194 8506 8498
8199 8507 8501
8204 8510 8502
8205 8512 8504
8209 8517 8511
8214 8521 8513
8215 8524 8518
8220 8528 8519
8222 8529 8520
8226 8534 8522
8229 8536 8527
8241 8537 8530
8245 8541 8533
8246 8544 8538
8247 8546 8539
8248 8547 8540
8253 8549 8542
8257 8556 8548
8259 8561 8550
8265 8569 8551
8267 8572 8552
8268 8573 8554
8270 8577 8555
8276 8578 8557
8278 8579 8558
8283 8581 8560
8285 8585 8564
8286 8587 8568
8290 8589 8571
8291 8590 8575
8298 8591 8580
8306 8598 8582
8311 8599 8583
8315 8600 8586
8324 8603 8588
8326 8604 8592
8330 8606 8594
8332 8607 8596
8334 8608 8597
8335 8609 8601
8339 8614 8602
8347 8616 8605
8348 8617 8612
8353 8620 8618
8358 8623 8619
8362 8629 8622
8363 8636 8627
8364 8638 8628
8369 8641 8630
8372 8643 8632
8375 8646 8634
8381 8648 8635
8385 8651 8637
8387 8653 8639
8391 8658 8640
8393 8660 8642
8394 8663 8647
8395 8667 8652
8397 8669 8657
8399 8670 8661
8402 8683 8662
8405 8689 8665
8407 8696 8666
8411 8701 8668
8412 8703 8671
8413 8708 8673
8416 8712 8675
8420 8713 8679
8422 8714 8684
8423 8716 8685
8426 8720 8687
8427 8722 8693
8429 8723 8699
8430 8726 8702
8431 8727 8706
8432 8728 8709
8436 8729 8710
8440 8743 8711
8441 8745 8715
8443 8751 8717
8446 8753 8721
8447 8754 8724
8448 8755 8725
8450 8756 8731
8452 8758 8732
8455 8767 8733
8459 8770 8734
8461 8774 8736
8467 8775 8737
8472 8779 8741
8473 8781 8746
8477 8782 8747
8479 8784 8748
8481 8788 8752
8486 8789 8762
8487 8799 8764
8495 8800 8765
8496 8807 8768
8499 8812 8769
8500 8821 8776
8505 8822 8778
8508 8827 8780
8509 8842 8783
8514 8849 8785
8515 8851 8787
8516 8853 8790
8523 8855 8791
8525 8856 8792
8526 8859 8794
8531 8862 8796
8532 8867 8797
8535 8868 8798
8543 8869 8804
8545 8871 8806
8553 8873 8809
8559 8874 8810
8562 8875 8811
8563 8881 8813
8565 8888 8814
8566 8890 8818
8567 8892 8819
8570 8896 8820
8574 8897 8826
8576 8900 8828
8584 8902 8829
8593 8904 8830
8595 8906 8831
8610 8909 8832
8611 8915 8834
8613 8916 8837
8615 8919 8838
8621 8920 8839
8624 8922 8841
8625 8923 8844
8626 8926 8845
8631 8929 8846
8633 8930 8848
8644 8931 8852
8645 8933 8858
8649 8935 8863
8650 8938 8877
8654 8941 8878
8655 8942 8879
8656 8943 8883
8659 8944 8884
8664 8948 8885
8672 8949 8886
8674 8950 8891
8676 8951 8894
8677 8952 8895
8678 8956 8901
8680 8957 8907
8681 8966 8908
8682 8967 8910
8686 8968 8911
8688 8972 8912
8690 8974 8917
8691 8976 8921
8692 8977 8924
8694 8978 8925
8695 8979 8928
8697 8981 8934
8698 8982 8939
8700 8986 8946
8704 8988 8947
8705 8990 8953
8707 8991 8954
8718 8993 8958
8719 8994 8959
8730 8999 8960
8735 9004 8962
8738 9005 8963
8739 9007 8970
8740 9015 8973
8742 9017 8975
8744 9018 8983
8749 9019 8987
8750 9025 8989
8757 9027 8995
8759 9033 8996
8760 9035 8997
8761 9036 9000
8763 9038 9003
8766 9039 9006
8771 9053 9009
8772 9055 9012
8773 9056 9013
8777 9058 9020
8786 9060 9026
8793 9063 9028
8795 9066 9031
8801 9068 9034
8802 9069 9040
8803 9070 9045
8805 9072 9047
8808 9073 9048
8815 9077 9050
8816 9078 9051
8817 9084 9052
8823 9089 9054
8824 9091 9059
8825 9093 9061
8833 9095 9064
8835 9097 9065
8836 9098 9075
8840 9104 9076
8843 9106 9080
8847 9116 9081
8850 9119 9082
8854 9122 9083
8857 9129 9094
8860 9130 9096
8861 9131 9101
8864 9134 9102
8865 9136 9105
8866 9140 9108
8870 9143 9112
8872 9144 9113
8876 9145 9115
8880 9146 9118
8882 9155 9121
8887 9158 9123
8889 9159 9124
8893 9163 9125
8898 9164 9132
8899 9166 9133
8903 9167 9135
8905 9168 9137
8913 9178 9138
8914 9184 9139
8918 9188 9141
8927 9189 9142
8932 9192 9150
8936 9193 9151
8937 9194 9162
8940 9195 9165
8945 9198 9171
8955 9200 9172
8961 9201 9173
8964 9202 9174
8965 9210 9176
8969 9211 9179
8971 9212 9181
8980 9215 9182
8984 9218 9185
8985 9223 9186
8992 9225 9191
8998 9227 9197
9001 9228 9199
9002 9232 9204
9008 9233 9205
9010 9234 9206
9011 9245 9207
9014 9248 9209
9016 9252 9216
9021 9253 9217
9022 9258 9221
9023 9262 9222
9024 9263 9224
9029 9266 9226
9030 9269 9236
9032 9271 9237
9037 9272 9238
9041 9273 9239
9042 9274 9240
9043 9275 9241
9044 9277 9243
9046 9281 9244
9049 9282 9246
9057 9283 9247
9062 9287 9251
9067 9289 9254
9071 9293 9255
9074 9294 9260
9079 9297 9261
9085 9298 9265
9086 9308 9267
9087 9310 9270
9088 9311 9276
9090 9312 9278
9092 9313 9280
9099 9314 9290
9100 9319 9291
9103 9320 9296
9107 9321 9302
9109 9323 9305
9110 9324 9306
9111 9325 9307
9114 9330 9309
9117 9332 9316
9120 9334 9317
9126 9335 9318
9127 9336 9326
9128 9337 9327
9147 9338 9328
9148 9341 9331
9149 9344 9340
9152 9348 9343
9153 9349 9352
9154 9350 9353
9156 9351 9358
9157 9354 9368
9160 9356 9370
9161 9361 9374
9169 9362 9375
9170 9363 9376
9175 9364 9380
9177 9365 9385
9180 9366 9388
9183 9367 9390
9187 9371 9405
9190 9372 9407
9196 9379 9412
9203 9381 9413
9208 9383 9417
9213 9386 9420
9214 9389 9431
9219 9391 9432
9220 9395 9434
9229 9396 9436
9230 9399 9437
9231 9400 9438
9235 9402 9439
9242 9403 9442
9249 9406 9444
9250 9408 9447
9256 9409 9448
9257 9410 9451
9259 9411 9454
9264 9416 9455
9268 9421 9458
9279 9422 9466
9284 9424 9474
9285 9425 9476
9286 9427 9483
9288 9429 9484
9292 9433 9491
9295 9440 9492
9299 9445 9496
9300 9446 9501
9301 9449 9508
9303 9452 9511
9304 9456 9512
9315 9457 9513
9322 9460 9517
9329 9467 9519
9333 9472 9520
9339 9475 9525
9342 9480 9527
9345 9481 9531
9346 9490 9537
9347 9494 9547
9355 9497 9550
9357 9499 9554
9359 9503 9559
9360 9505 9561
9369 9507 9564
9373 9510 9569
9377 9515 9570
9378 9516 9573
9382 9523 9576
9384 9528 9577
9387 9530 9578
9392 9532 9591
9393 9533 9597
9394 9535 9600
9397 9536 9601
9398 9538 9604
9401 9539 9609
9404 9541 9617
9414 9542 9620
9415 9543 9622
9418 9545 9625
9419 9546 9629
9423 9551 9636
9426 9555 9638
9428 9557 9639
9430 9558 9641
9435 9565 9644
9441 9567 9646
9443 9571 9649
9450 9572 9652
9453 9575 9663
9459 9579 9666
9461 9580 9667
9462 9581 9669
9463 9582 9672
9464 9583 9674
9465 9588 9677
9468 9589 9681
9469 9590 9682
9470 9593 9683
9471 9596 9685
9473 9599 9689
9477 9603 9694
9478 9606 9697
9479 9613 9698
9482 9615 9700
9485 9618 9705
9486 9628 9706
9487 9630 9711
9488 9631 9716
9489 9632 9718
9493 9633 9719
9495 9634 9723
9498 9642 9726
9500 9645 9728
9502 9647 9729
9504 9648 9730
9506 9651 9733
9509 9654 9737
9514 9657 9738
9518 9661 9740
9521 9670 9741
9522 9671 9743
9524 9673 9745
9526 9676 9749
9529 9680 9750
9534 9684 9753
9540 9690 9757
9544 9695 9758
9548 9701 9759
9549 9702 9761
9552 9704 9767
9553 9709 9768
9556 9710 9773
9560 9712 9777
9562 9720 9789
9563 9721 9791
9566 9722 9792
9568 9725 9793
9574 9732 9800
9584 9735 9804
9585 9742 9809
9586 9744 9811
9587 9746 9818
9592 9748 9821
9594 9751 9823
9595 9752 9835
9598 9762 9839
9602 9764 9841
9605 9771 9846
9607 9776 9847
9608 9778 9848
9610 9779 9852
9611 9783 9859
9612 9784 9861
9614 9786 9869
9616 9788 9870
9619 9790 9873
9621 9794 9874
9623 9796 9877
9624 9797 9879
9626 9801 9882
9627 9802 9887
9635 9805 9889
9637 9807 9890
9640 9808 9894
9643 9813 9895
9650 9815 9899
9653 9820 9901
9655 9822 9905
9656 9825 9912
9658 9826 9916
9659 9827 9917
9660 9828 9921
9662 9829 9924
9664 9831 9925
9665 9832 9926
9668 9834 9927
9675 9842 9929
9678 9843 9935
9679 9850 9947
9686 9853 9949
9687 9855 9950
9688 9856 9951
9691 9857 9955
9692 9864 9958
9693 9866 9961
9696 9867 9964
9699 9871 9966
9703 9875 9968
9707 9883 9970
9708 9884 9972
9713 9886 9974
9714 9888 9981
9715 9891 9983
9717 9897 9987
9724 9898 9993
9727 9902 9995
9731 9903 9996
9734 9904 9997
9736 9906 9998
9739 9907 9999
9747 9908 10000
