150
1 4 3
2 17 6
5 20 8
7 22 9
11 26 10
14 29 12
16 31 13
18 32 15
19 37 23
21 38 27
24 43 30
25 44 35
28 45 39
33 46 41
34 48 42
36 52 50
40 54 51
47 55 63
49 56 66
53 59 68
57 62 71
58 67 76
60 70 77
61 73 85
64 79 87
65 80 90
69 81 91
72 82 95
74 83 101
75 86 103
78 88 105
84 89 106
93 92 107
94 96 111
98 97 114
99 100 120
102 112 122
104 113 124
108 116 133
109 117 136
110 118 137
115 125 140
119 126 141
121 128 143
123 130 144
127 131 145
129 135 146
132 138 150
134 142 157
139 148 158
147 149 159
151 152 161
153 154 163
170 155 164
172 156 166
176 160 171
177 162 173
178 165 174
185 167 181
190 168 184
196 169 186
201 175 187
212 179 192
213 180 194
214 182 197
218 183 198
220 188 199
225 189 202
228 191 204
235 193 205
236 195 207
237 200 209
238 203 211
243 206 217
244 208 219
246 210 222
255 215 227
256 216 230
261 221 231
266 223 232
268 224 233
271 226 234
273 229 239
275 245 240
276 249 241
278 250 242
279 251 247
281 252 248
283 253 254
285 258 257
287 259 262
290 260 263
294 265 264
300 269 267
302 277 270
306 280 272
307 282 274
310 284 289
315 286 291
319 288 292
323 293 299
324 295 301
330 296 303
332 297 312
346 298 313
350 304 314
353 305 316
354 308 318
355 309 321
356 311 325
358 317 326
361 320 328
362 322 331
368 327 336
372 329 337
373 333 339
381 334 340
389 335 343
393 338 344
394 341 345
398 342 347
400 351 348
402 352 349
405 357 359
409 363 360
410 364 369
411 365 370
421 366 375
423 367 380
427 371 382
429 374 383
436 376 385
440 377 386
449 378 387
461 379 388
465 384 392
467 390 395
468 391 399
471 396 401
477 397 404
481 403 406
484 407 408
487 413 412
490 416 414
491 418 415
492 419 417
494 420 424
495 422 430
499 425 431
500 426 433
