638573673
-1
1033309232
-1
-1
-1
1140703647
748506723
713308993
886156821
-1
-1
-1
-1
752567079
1171752997
-1
849575721
-1
1001048612
700931347
660145411
-1
709085174
-1
-1
-1
-1
-1
-1
-1
924581670
587785929
512536092
1003995327
-1
577483638
932061551
-1
628969045
-1
642925791
-1
964772300
-1
503490831
802888596
-1
702392072
806032558
801684851
-1
898547707
-1
885631103
-1
-1
-1
886110294
719030722
974472284
654876620
599200045
557025836
-1
-1
-1
550109220
598546811
672297311
513231882
490281225
941566818
-1
556946632
717870270
-1
535953375
888303928
-1
902548094
1301185751
777756517
-1
872043517
-1
578400351
-1
834379346
565067970
-1
697363804
-1
-1
-1
-1
611568276
-1
-1
-1
