1877698
526563
-6409476
-1880067
-2073618
3843671
-4109346
-1015449
-158244
-1290891
70989
1052072
-336660
-4508062
-9515592
9375025
3067897
-2142727
190993
4501193
-543596
-5436573
-417051
-6986002
215123
-10859269
-10799256
-961143
2082554
-5544340
-10311616
4994030
1714322
-4885840
2649142
-1546504
-11637802
442526
-5604040
-7951173
-10645349
-542568
273033
-7371382
-431773
-9373658
2421355
5660629
5783507
191978
5525025
522410
-8133016
8626136
-9684665
-7188178
-2103280
6421615
-10018533
675382
-6418020
354615
-881837
-11875011
-13398357
-8224346
2103421
-9721756
-13054609
-912860
141143
-5019822
-7817946
-7046774
-2413401
-11728564
-2397213
-3598937
8151832
-2316178
-2283852
3656423
2239502
-13614766
-2146293
1996203
-7380901
-3155542
-11303427
-1370982
-4907108
1131466
-1883173
7519182
-5155834
4120911
-912860
5351057
5538460
-3354333
-1786766
-3225687
701911
-6319302
-8077387
5184332
-4366325
-8698243
10575924
-12316506
1445747
3317670
689324
-5979272
-647944
2204335
-3643340
9763009
-2517266
-5951483
1128445
-5425200
2187130
-6942164
8245365
1159332
3076229
-1570396
-4355137
-2073947
3628418
-4600472
9260069
2693234
-7474039
-13808846
-2446901
818029
-577735
295856
-6969748
882697
-3734381
-1880585
-620531
-2232416
-777617
-10586792
-6694566
-11874888
-906162
-5358589
582835
-11841707
-11438054
-5839351
1328407
-13948323
-442951
2524294
-997145
1494363
-14995957
1494485
-11373331
2875598
2211798
487849
1440804
-9221119
255320
-5350221
-7572566
829295
-1537948
-159925
-4002098
-385917
-11338408
-11007548
-6853898
-713098
-4121375
-11295017
6135293
-11372785
-2311128
-7701127
1248283
2390157
2137004
7632088
1446195
2635799
-3623355
-12343653
2142556
-2213063
5791933
-6638084
-3831161
-14903930
633437
2418805
1088551
-9751026
2363616
-5856514
4465353
6382729
-1523385
1545014
-9952584
-4082205
-2012137
-2304821
557369
-4177660
-8634551
5233575
-15443829
-3460464
2098820
-9430158
5193602
-7458531
-3380218
-1481736
2029306
2920283
899935
-5036429
3637041
2990899
3599802
1899535
6726693
-3430871
-610228
-6993392
-10766201
5000515
1662828
-7736784
-1556561
-903171
5871273
-3351908
2548531
-722444
-11913221
-8862578
5784217
9946918
-2051425
-13197181
1049240
-7483928
-3919353
2622804
972466
-9820289
-9186757
-6361971
5484671
744981
-8675422
-241605
832277
-6418574
8688083
-1084774
-1545863
3983510
6690427
4986816
-2571951
-6398451
2466269
-1353448
2000312
-12715005
-14350851
3328346
1508269
678625
-9979594
112836
-9711204
-1480904
-591990
3588591
-8026282
5262692
2555091
-2641957
4618923
-6310796
-8387518
-9489122
-3895897
669259
-12314598
-1489739
1738441
-8339249
-8518193
1981259
-13290442
3570814
2473651
-1359473
-12454896
-839669
-5279825
-12604510
221619
-2622976
122336
1158003
-4152000
2727726
325806
-11293044
-1494468
3382325
9653190
-845744
-6317602
8883275
432974
4830874
5093415
3315247
5167503
147188
2662082
-8309625
-6591024
8571116
-3457797
-38236
-8871305
-6039943
-4967361
2173239
-3494675
-7389669
2433977
-839018
4800314
-15576130
-7379889
2067829
-5682088
-8861440
-776920
-9499892
-9085487
265182
-11586315
192300
2165603
-6013471
-1866276
-156215
-14240195
-9576930
-8590846
-3119908
-417209
-3486457
-10431596
-461477
-4708359
-8930106
-2355439
-6603660
-2874226
3786038
8282518
517543
-7340548
5559866
-5104194
106061
4141764
-5531821
-786104
-4378344
-2474287
5830276
-3923995
-2225128
1079993
-5700904
4112953
452881
-5244004
1473125
-12570555
-6357021
-1492463
2797921
-2764959
-13003111
-9584041
-1370630
-1891993
3365863
-6890369
-7893942
7992124
-2210363
3925563
48930
-2330919
-5640469
-3157075
-1911569
-4789245
-1797167
1575169
1708576
-10049735
343813
3267395
-12497591
-251550
6194030
3925749
-417845
-2477660
2948142
-3946440
1318750
3211239
-1781536
-5758741
-1509033
-6197910
8780630
-5793450
-8710332
827090
-2020713
-5449435
-3339833
-9168979
-1398495
-9680533
526563
-13730214
-4288673
4914684
-10135314
-957311
-2912195
6031743
9368289
1991946
-14229018
-1565184
109144
-8976242
-2821249
-8766022
51483
-7901345
-3049847
-12455297
8258323
-1204492
-7548519
-8216975
1190321
481532
-3688686
527095
8168635
294423
1059724
3980777
-4423087
-5593412
690238
-2143902
-970156
-5499051
-342793
-2497796
-1401574
1513409
613320
-1019681
5986738
6352805
4135211
-6967764
5867485
