-6149451434
-38117027344
2588027095
-13743991038
2622053243
-8777447600
-5036487583
-32493352614
12505711741
-44038859610
-8296917489
-13163755417
-32153942529
-1443081390
24996366906
3465275624
-49533634799
-6919561513
-35879702253
-18019185750
44538383805
5531254094
-21635799654
1168457151
-5751260478
6593743305
5340560313
-4324406811
-26121408493
-17181382674
-23231831477
5047398766
-27351965380
-2079008996
6697707895
-17155559268
-28751840038
7771366617
-38009466925
-27647276087
6997866233
-18374653341
4127068592
-21438908371
-36107594827
-19283060378
-24562338318
35018848158
-1254876458
-4293978177
-6632342855
10114957674
-26208296352
-28283044568
13420982800
38443336418
23335515372
-8933560609
-13855592125
-19544917289
-28231014051
3119078114
-32607120926
28968763243
-34200862419
-15023270336
12121692713
4051247729
2112365476
-19595190414
263822080
35636282305
-38761541013
-16596534721
-4644918622
50140388439
2188140131
-25945870231
-8519290050
16094432400
11962665127
-21947439098
-8535263819
19556472034
-22555923359
348746808
-12684052890
-20524673485
5739091654
-4263686628
23448831232
-33343711315
10931968214
-32480057450
-18798374328
7340151245
-323278941
-24358025854
3564065719
-3686401488
-4087583247
-8748837675
1799233423
-18212759935
-1881374006
-7523871769
-21763700640
-44726856873
-2972594370
2352158641
2642448201
-28265399950
-7105056373
9440854115
12103825903
-18535599440
-8310419469
-11138531444
698976886
-7728743248
-17341293834
-21308901559
1856192976
-11483829329
-5027705034
-19178099692
-2820131843
40708737174
-36232768745
-26023667365
-24232616458
7034977495
23731429354
-5419064097
16423769078
6882565608
-27593397855
2782007807
-23637134481
-21157919706
-44450120995
-2049938890
-39101702313
24550413959
-19685029523
9990965117
-4561381239
-28986826484
39012543888
-23325449467
-41688778230
-5023472921
-19495704449
20901974541
-735247146
-25651443065
-32540129891
-41850281755
22653249234
-12984147711
-22469895022
-7684659641
-18753695530
4376425781
-4855034588
11708310033
-13999099483
-14576360571
3796624637
-30104569531
-4206621344
-5279221646
-11529990854
-33484480833
-10900846115
-3230007318
-20400941920
-5500461937
60198534776
-11451935600
29199499095
-20636017132
-9900682672
376833898
-57102362661
2603717102
-24156264702
-41597921066
-7043533285
-3417605219
5057458808
-244835985
10528350818
32086188396
-26771226496
-44572939805
-27334598980
-22592346933
-19100412202
10134666963
-21310451709
-25055289207
-1248840607
-1719117393
2241600487
8817323202
-28785098710
-35562555765
1105904257
-35676545524
-30385015753
-25356087627
3361225683
-23867102795
-392795730
1061367865
4935013233
-16586829390
12941911796
-2454802126
-17398235620
-2457280367
52659554975
-5262461090
-37302437702
5465752232
56308947580
-6052251694
-2487519336
16412882635
36882185336
3376315846
-25526057074
-7784592370
11186676943
16073218879
22038654703
-29110318475
13425153950
-12467154026
14183045727
-42530224593
-4262441161
9343794850
3241902103
-22569227522
-2227914682
-20287836118
-370622795
-9445357694
-10880290315
-21463116752
-22733771369
-22140873986
-11824683771
-43821104797
-18806533564
31926852416
-2771142599
-12683520274
-14737801308
8631555096
16549101288
-16317799519
-4104006111
-18978958036
-6301992970
4341764080
-9624064560
-23703764157
-5892310366
-21968685663
-7552527174
-13588834937
-8358669392
-45692030627
-20288549962
-21850776994
-2231735768
3810654865
9925982110
-1076549183
-11123711201
-34399942580
-24759333733
26844096279
-23734722081
1369247246
42566040
-43554194903
-3011901150
1744177603
41055092087
33564895417
-39934994546
-19724203468
-424678480
-19110561967
-12222699597
2735277527
-4532482822
-17437165099
-8799391857
-24971781229
-11118920675
3388722552
-25383494523
-2385259439
-28256078124
-45656200041
1148553635
3574192753
-4117136647
9272900590
-5057918761
-22950203977
-47205413219
56427984537
-47271723837
-8190977823
-32003538301
-32669103296
-6442401741
-5166579307
-10582251019
-3465608429
-29456497812
-15913469298
-19176388978
3341144778
-19162537750
-43456050491
-4769274145
2014109872
-12603194610
-5223966562
-41102247487
-24554565849
-4183077216
-8741515876
-7476155746
-20770341397
16786426478
3228073951
-11914340188
-1663725437
-8111090584
-5994682100
-29240424229
-41443607030
-20381184030
7311876842
11189449651
-8452035494
2993546536
5323302904
-15646879058
-1670077376
18672484346
-25081420857
2963964187
-34620096123
5302597115
-14164962550
-23201507690
1886340173
-26447177747
26645701430
-15182168399
4825329462
-26351527262
5346015510
-5996836671
49401550188
427612178
-25911702332
-21054660912
-38842742563
-36977116002
-21468778089
-9048209135
25942769698
-14004370780
-10991187615
27179069774
-18344607489
-22711040672
-11524288781
-26488459240
2675716097
-33314855106
-5290748853
42801684158
5218854436
-17450513438
-699744146
-31412055114
-28052438635
1083036804
2979674607
-16444709491
-22978566638
1726779344
-9713716157
63238962
-2425556221
-9219062523
-22038665985
-4501303922
-28731376214
-18700280405
829654270
-23583573598
22496263111
-13661950884
17967889144
24213827804
1813944146
-1672605938
-22861086424
5477076182
46903127662
-12056800937
6301632472
-16721670836
-3567558781
11796058263
-2131485739
19153933747
21877512480
-36422882924
4719417318
8650146834
-17938768257
1533462819
2766067358
-18928096359
26795591396
52827679748
-3432690679
9761816726
16902011275
7358594581
1571646430
-7435523611
-16654861399
-26965755801
1366275121
-4600925468
-22466636658
-13596346417
629270202
-10064241949
2257442175
-15502539471
-18042342619
-20923873128
-16366196136
-18293873313
-8011983856
-36658711835
-996257099
-19175895837
-7770545900
-10081206954
-4001640552
6431777205
1318722168
-380046986
16545519591
23520519157
-22663160727
-3039253081
3620651115
-31960000223
-14795649993
-3966001383
-13026302805
3869569910
-446475997
-24149805192
6425568383
-37306270036
26791647464
47042750219
-28886030309
-31936205592
-44621138878
44400538514
-7474867271
-6965550735
-7307587387
-14228912949
3577825657
-309468337
12919531538
-1396792849
-7649468546
18911283296
-26138486770
-21065947537
-3860761539
-32469201703
-1977558997
-13177361072
-30635325997
-11620663590
-2088360731
-6091890299
-13288397336
-8951185218
-5492408095
-24827820881
-11596263266
56167293678
-10976780774
-9117520145
-5344575163
7977963844
-282583166
2556890689
8473925967
5021360672
-46655839416
-15710469724
-9823787612
-12344724740
-37090681145
37106885043
336105847
-12595522091
34845085
-1100703598
-1668647559
-16387206333
3498037122
-31263193376
26209199454
-14290528680
4338945780
-45303361
-36121369809
-10946654100
-31084774324
-6859564678
-6287474291
3980602047
5295948998
16759209719
-19770832761
-9887862193
3155084370
-15376174665
-12112345339
2157073301
1781685800
-20101333102
25063790923
55912341454
-4512115900
-12441865086
-16015707888
49000126536
-11525001331
-408890721
-16262196005
-27779412630
-16817695472
-12760083991
8309532514
-2046417035
-39205405511
3877104598
-20831071354
-19061371355
3995197540
-15193073943
1691320757
-41379882739
6518172947
-19259495835
-15248207091
-24784597557
-8213818032
-117612413
-655906553
-17519351376
-25178301178
-15762475102
2251570213
-11699307285
-378469190
-2764596464
-16486836659
1342540175
-23095606885
-17181643230
-1368882509
-16559013353
14422088488
1189059785
795548543
-26435926279
-25948009327
-33856067655
-18964152438
-22138798882
3232636412
7434109898
9548518219
-28439905609
14557814939
-3067391962
-3674496381
12847410577
216736083
4198441198
-39011256928
-18714001950
9002263913
-2049619999
-45031366859
-32509712152
-14926771281
-26944847130
-2089751488
-43364489019
40287712472
-37806531642
-11606352997
-15531811312
-8758349292
597664407
41277324473
-221842534
-492543164
24724669302
2005768264
-18476956696
-21840542382
-8594288550
-13130322069
-10866516483
39373264647
-41686020605
-19495495570
300957167
-20889615803
-3291893384
-21651079827
-22664039228
60823760
-37704536308
-13884631642
-18687191397
-14755031871
4876771303
-18442706841
-46526774344
-29923231894
-27390559567
-1030097032
-12845206081
-21470969660
-11112759866
19608149514
-7874265076
16758685920
-16412941200
8473042896
-8856639740
-14230573813
39538605919
-1920337615
-25772717320
-25110738527
-13995221063
-29105182750
-3093233727
-11120918794
24210446010
-31496910335
42408735774
7747849941
-825493394
-27006495583
-21163642230
-47127799172
5874307215
8709819436
-13399323851
-25105976898
-6815519803
-355750302
564147834
-26092638500
-38291937050
52605367368
-6702144206
-18025889259
-6398726732
-18493763351
44844643274
-30849854615
1596430482
-12404655419
-26812204923
-29244480840
-4720807500
-6167123782
-30817681730
-2598686315
-24806979441
1163256229
20940602634
-24075526107
17446714616
-13090836474
13311263032
-5915053826
-7022001173
2768979754
-12859556323
-25850722343
-17358174549
-21756938207
5841272334
-29939421681
-44057350046
24513069256
-44673358893
4994202657
25943732705
-40066121116
-635778809
45495498066
-27413445193
3037054936
-24847553781
-16535245882
375344561
-470544446
-5972303509
-25911036516
8403771996
53417682296
24079687663
26635126752
5106267945
-30612186262
-105218036
-9667595508
-213933345
-28286111179
-4752818157
-3780363960
-15798247192
26059648107
-23034620968
8076330300
-1828540792
33190356263
-6289826963
523729201
3939602858
31052046845
11769378550
-13843901653
-23539581576
-35075608782
5352685787
-7770910090
-7341305685
-6339136198
-30953798948
32042131245
-10541868982
8450678312
-11784583052
1028110677
-12977049303
4836970218
55138259557
-21840995638
-12249708172
-17714394294
-18884180019
-8424590479
-2607383883
-12479098727
-16368003109
-23845035382
2442775177
-25806638480
-22794659313
-7194834026
-15354558742
2714280362
-960142536
-5559967283
-5939776411
22893459538
14148360193
61696756553
-27994378013
-6847420869
5991840480
-32766149325
38199495182
783771893
-18263282846
21759788388
4467935698
-14732613475
5155920432
-14257563044
-8311561500
38036378216
-19909532140
9859093391
6488724754
-20990017604
11054291186
714951308
6441856009
-20614968604
-1662440421
-23483887532
-16868215991
-35102175347
41256746700
-34346088412
-3064707142
-25449938373
-8156196716
-27915823668
788957858
-18356247304
-22995486439
-8536128848
2852195197
62509852704
-20960127066
-19197382421
9022393587
-9066295000
8939358803
1020281457
-32165703422
-9028062063
27298169050
521358570
1936156900
-7080194646
-27389738699
-6373992158
855610553
-12718361320
-24604237640
55939103083
-19420986244
-7915008555
-34919252314
-362166643
10191125615
-1358494335
4664812743
-23138742946
-8567112548
-12349275990
-26913842527
-34486546739
-5716854795
-4058470691
16095568090
2679308731
-5390068290
22101433130
-26107270480
36293861740
-22549796574
-1604388870
-16873420945
-19229091123
-50403334356
-15288881607
-21929337021
-3285586821
-33731343550
-17195212167
-25281001321
-8742595928
6123012807
4507801178
-27088314324
-13476524380
13367218615
-21670751834
7723249117
-31112997765
-1122551678
-2094190451
-4879353804
25229229924
-18401790677
-20474299183
1725974026
12470695686
-21324825804
-16669021407
-29800553959
-14954554341
-24065962588
-30909891304
-564991845
-221410432
-39453884520
-878145894
3390094131
-15485234098
2974729584
-18256558936
-9579902592
-21892739243
29856646311
51568879393
-39598455997
845546579
54824224275
-6697098330
37580277812
-3494142865
-31218765103
-682461226
4045275532
1726534308
-18975756020
-35488017999
-31400569911
11202658448
-14854989036
-25120826073
5544118382
1275048388
-22723042299
7565446726
-26625816886
-3807713903
-14838372427
8839938999
-5378226733
-38677136835
4858485356
-8589173029
-2166051806
-19570791015
-21050532064
-4102285913
-13223286106
2351623221
-15445478993
30655809959
-6117651208
-1933613160
2512486841
-19448297553
-25733076182
-12420334128
1980489090
-32392852759
-14514833989
-15571541878
-31860834636
-28828126835
-5134350737
28749895218
-27351762375
-15158398410
1552951207
-20989730890
3588973727
-48681046580
-7720095464
-17448731934
-561130468
1944846731
9739687237
-7982081788
-2007949107
-26750766030
468284550
-36976838552
14135643941
5687643895
-25407782264
11130289287
-3957069576
-14982006079
-9860593904
-6178582959
