-236099
717143
1208737
2948798
2685011
1187459
234917
3301296
2737293
2076914
2582431
3184138
6031444
1962087
4891378
2785592
-746971
2761129
1623335
783625
811700
3563907
2403556
573750
1923649
1148505
931367
-1118032
-99260
1985342
4941368
4723319
52234
3368099
178333
1593377
2141793
5466428
327627
2199654
1042964
5077942
894789
604585
-1042814
2586739
1555098
-651596
2933984
1362781
2087775
4401507
4224839
3600083
3554886
216977
3022566
-264681
703015
474027
1839922
1870329
2205132
198010
274141
1691159
2772495
6447943
-1506737
3546965
2108252
1629134
-50842
-717023
529597
-589141
2527681
-558277
-52864
913300
44572
5709364
-390218
875897
1472496
4544217
733665
3373940
4782191
2858897
2513336
1020798
-142738
3514704
242758
7104444
876717
518233
198010
1512659
