51984
199126
6889
36493
57844
38097
2122
26832
6106
60279
50448
4846
174099
20756
79706
168610
1723
3906
62786
99912
31867
142884
13597
83521
129289
202610
57849
36
627
1281
233808
220900
3483
82118
14420
587
19789
166953
11001
17444
69441
1381
24781
91002
182757
39150
6114
5061
85036
66342
206188
203421
114591
29900
248182
72655
64756
10116
117331
57366
180835
24781
85320
59002
111478
91206
41265
90624
226
218199
141833
42
156037
232326
64717
30502
116165
152911
121456
170016
17317
27060
108373
7498
3006
87207
8359
137671
110296
4458
