1: 4
3: 2
4: 1
5: 3
6: 2
7: 1
8: 2
9: 1
10: 3
11: 2
13: 3
14: 1
15: 3
16: 2
17: 2
18: 2
19: 4
20: 3
22: 1
23: 3
24: 2
25: 2
26: 1
27: 1
29: 3
30: 2
31: 1
32: 3
33: 3
34: 3
35: 2
38: 3
40: 2
41: 3
42: 2
43: 2
45: 3
46: 2
47: 5
48: 3
49: 5
50: 3
51: 4
52: 1
53: 2
54: 3
55: 3
56: 1
57: 1
58: 1
59: 1
60: 3
62: 3
63: 3
64: 1
65: 3
66: 2
67: 3
70: 3
71: 1
72: 2
73: 1
74: 1
75: 2
76: 3
77: 1
78: 5
80: 2
82: 1
84: 4
85: 4
87: 1
88: 1
89: 4
90: 3
91: 3
92: 3
93: 3
94: 1
95: 2
96: 2
97: 3
98: 4
99: 2
100: 4
102: 3
103: 3
104: 1
105: 2
106: 5
107: 1
108: 4
109: 2
110: 3
111: 3
112: 4
113: 1
114: 1
115: 2
116: 3
117: 1
118: 2
119: 2
120: 2
121: 3
122: 1
125: 1
126: 2
128: 1
129: 4
130: 1
131: 1
132: 3
134: 1
135: 1
136: 2
137: 3
138: 3
140: 2
141: 2
142: 1
143: 2
144: 3
145: 2
146: 1
147: 2
148: 1
149: 1
150: 3
151: 2
152: 2
153: 5
154: 1
155: 1
156: 1
157: 1
158: 3
159: 2
160: 1
161: 1
162: 1
163: 5
164: 2
166: 1
167: 1
168: 2
169: 1
170: 2
171: 2
172: 4
173: 4
174: 1
175: 2
176: 2
178: 2
179: 4
180: 4
181: 1
182: 4
183: 3
184: 4
185: 3
186: 2
187: 1
188: 2
189: 2
190: 2
191: 3
192: 1
193: 2
194: 4
195: 4
196: 4
197: 3
199: 2
200: 3
202: 2
203: 3
204: 4
205: 1
206: 2
208: 2
209: 1
210: 5
212: 1
213: 3
215: 1
216: 2
217: 2
218: 6
219: 2
221: 2
222: 1
223: 2
224: 1
225: 4
226: 1
227: 2
228: 3
229: 4
230: 4
231: 4
232: 2
233: 1
234: 4
235: 1
237: 1
238: 1
239: 1
241: 2
242: 2
243: 1
244: 2
246: 1
247: 3
248: 3
249: 6
250: 1
251: 2
252: 1
253: 4
254: 6
255: 1
257: 1
258: 2
259: 5
260: 2
261: 2
263: 3
264: 1
266: 3
267: 1
268: 1
269: 3
270: 1
271: 4
272: 3
273: 3
274: 2
275: 2
276: 5
277: 3
278: 3
279: 3
282: 5
283: 1
284: 1
286: 2
288: 1
289: 3
291: 1
292: 4
293: 2
294: 2
295: 1
296: 2
297: 6
298: 1
300: 2
301: 4
302: 1
303: 1
304: 2
305: 3
306: 4
307: 3
308: 2
311: 1
312: 1
313: 1
314: 3
315: 2
316: 2
318: 4
319: 1
320: 2
321: 6
322: 1
323: 1
324: 2
325: 3
326: 3
327: 5
328: 1
329: 2
330: 2
331: 1
332: 4
333: 1
335: 1
336: 4
337: 3
338: 3
339: 3
340: 5
341: 3
342: 3
343: 1
344: 2
345: 1
347: 1
348: 3
349: 2
350: 1
351: 4
352: 2
353: 2
354: 3
355: 5
356: 2
357: 3
359: 2
360: 1
361: 1
362: 3
363: 2
364: 2
366: 1
367: 1
368: 2
369: 2
370: 3
371: 4
374: 2
375: 4
376: 1
378: 2
379: 1
381: 4
382: 2
383: 4
384: 4
385: 1
386: 3
387: 2
388: 1
389: 4
390: 2
391: 3
392: 2
393: 4
394: 2
395: 3
396: 2
398: 2
399: 1
400: 2
401: 2
402: 5
403: 1
404: 3
405: 2
408: 2
409: 3
410: 1
411: 5
413: 1
414: 5
415: 1
416: 1
417: 3
418: 4
420: 2
421: 4
422: 1
424: 1
425: 2
426: 1
428: 2
429: 1
430: 2
433: 1
434: 1
435: 1
436: 3
437: 1
438: 1
439: 1
440: 1
441: 3
442: 2
444: 1
445: 3
446: 2
447: 1
448: 2
449: 1
450: 1
451: 3
452: 3
453: 1
454: 3
455: 1
456: 4
457: 2
458: 1
460: 4
462: 2
463: 2
464: 4
465: 2
466: 4
467: 2
468: 2
470: 3
471: 4
472: 1
473: 2
474: 2
475: 3
476: 1
477: 1
478: 4
479: 2
481: 3
482: 2
483: 1
484: 1
485: 3
486: 1
487: 1
488: 2
489: 1
490: 2
491: 4
492: 5
493: 1
494: 1
495: 1
496: 2
497: 1
498: 1
499: 1
500: 1
501: 2
502: 4
503: 2
504: 2
505: 1
506: 3
507: 1
508: 3
509: 1
510: 1
511: 3
512: 2
513: 2
514: 2
515: 1
516: 1
517: 1
518: 5
519: 3
521: 2
522: 3
523: 1
525: 1
526: 3
527: 1
529: 3
530: 1
531: 1
532: 2
534: 1
535: 2
536: 2
537: 1
538: 2
539: 2
540: 7
541: 1
542: 1
543: 2
544: 5
545: 4
546: 1
549: 2
550: 2
552: 3
554: 5
555: 2
556: 3
557: 2
558: 2
559: 1
560: 3
561: 1
562: 4
563: 1
564: 1
565: 1
566: 3
568: 2
569: 2
571: 5
573: 2
574: 2
575: 1
576: 3
577: 4
578: 4
579: 2
580: 2
581: 1
582: 1
583: 4
584: 1
585: 2
586: 2
587: 1
588: 7
589: 2
590: 1
592: 3
593: 1
594: 6
595: 2
596: 2
597: 3
599: 1
600: 3
601: 2
602: 1
603: 3
605: 3
606: 2
607: 2
608: 1
609: 1
611: 3
612: 2
613: 2
615: 2
616: 1
617: 1
618: 4
619: 3
620: 2
623: 2
624: 6
625: 2
626: 1
627: 2
628: 3
629: 1
630: 2
631: 2
632: 1
633: 5
634: 1
635: 1
637: 4
638: 1
639: 3
640: 3
641: 1
643: 1
644: 3
646: 3
648: 3
649: 1
650: 2
651: 6
652: 5
654: 1
655: 1
656: 2
657: 2
658: 3
659: 1
660: 1
661: 1
662: 2
663: 2
664: 1
665: 3
666: 2
667: 2
668: 1
670: 1
671: 4
672: 4
673: 3
674: 1
675: 2
676: 3
677: 1
678: 2
679: 2
681: 2
682: 2
683: 5
684: 2
685: 1
686: 1
687: 2
688: 3
690: 4
691: 3
692: 1
693: 2
695: 1
696: 4
698: 4
700: 2
701: 1
702: 5
703: 2
704: 2
705: 2
706: 1
708: 1
709: 2
711: 2
712: 2
713: 4
714: 2
715: 1
716: 1
717: 3
718: 5
719: 1
720: 3
721: 2
723: 1
724: 2
725: 2
726: 4
727: 3
728: 2
729: 3
730: 1
732: 3
733: 2
734: 3
735: 2
736: 2
737: 2
738: 1
739: 2
740: 4
741: 3
742: 1
743: 2
744: 2
746: 3
747: 3
748: 1
750: 1
751: 2
752: 2
755: 6
757: 1
759: 3
760: 3
761: 2
762: 2
763: 1
764: 2
765: 2
766: 1
767: 2
768: 2
769: 2
770: 2
772: 2
773: 1
774: 1
775: 1
776: 2
777: 1
778: 1
779: 4
780: 3
781: 4
782: 2
783: 1
784: 4
785: 1
786: 1
787: 2
788: 1
789: 1
790: 1
791: 3
792: 2
793: 1
795: 1
796: 2
798: 3
799: 3
800: 4
802: 2
803: 6
804: 1
805: 1
806: 1
807: 3
808: 1
809: 3
810: 1
811: 2
812: 2
813: 5
814: 4
815: 2
816: 4
817: 4
818: 4
819: 4
822: 1
823: 1
824: 2
825: 2
826: 3
827: 3
829: 4
830: 4
831: 1
832: 2
833: 2
834: 5
835: 2
836: 1
837: 1
838: 4
839: 4
840: 1
841: 3
842: 3
843: 2
844: 3
845: 2
846: 1
848: 1
849: 2
850: 3
851: 3
852: 3
853: 1
854: 1
855: 1
856: 2
857: 2
858: 4
859: 3
860: 1
861: 2
862: 2
863: 4
864: 1
865: 2
866: 1
867: 3
869: 2
870: 3
871: 1
872: 3
873: 3
874: 1
875: 3
876: 3
877: 2
878: 4
879: 3
881: 3
882: 5
883: 3
884: 3
885: 2
886: 1
887: 3
889: 2
890: 3
891: 1
892: 2
894: 1
896: 1
898: 3
899: 4
900: 3
901: 1
902: 4
903: 1
904: 2
905: 2
906: 1
908: 3
909: 2
910: 1
911: 3
912: 2
913: 1
914: 2
915: 3
917: 2
918: 2
919: 1
921: 1
922: 2
923: 2
924: 1
925: 4
926: 6
927: 1
928: 1
929: 1
930: 4
931: 3
932: 2
933: 1
935: 2
936: 2
938: 3
940: 3
941: 6
942: 3
943: 1
944: 3
945: 2
946: 2
948: 3
949: 5
950: 2
952: 3
953: 1
954: 2
955: 1
956: 4
957: 3
959: 2
961: 1
962: 2
963: 3
964: 2
966: 1
968: 3
969: 4
970: 3
971: 2
972: 1
973: 1
974: 2
975: 1
976: 1
977: 2
978: 1
979: 4
980: 3
981: 2
982: 4
983: 1
984: 3
985: 2
986: 3
987: 3
988: 5
989: 2
990: 4
991: 1
992: 3
993: 4
995: 2
996: 1
997: 1
998: 2
999: 5
1000: 1
1001: 3
1002: 3
1003: 3
1004: 2
1005: 2
1006: 5
1007: 2
1008: 3
1009: 2
1010: 3
1011: 1
1013: 4
1014: 4
1017: 1
1018: 2
1019: 1
1020: 4
1021: 6
1023: 2
1024: 2
1025: 1
1026: 1
1027: 1
1028: 1
1029: 2
1030: 3
1031: 1
1033: 2
1034: 1
1035: 1
1036: 2
1037: 3
1038: 5
1039: 1
1040: 1
1041: 5
1042: 1
1043: 1
1044: 1
1045: 2
1048: 1
1049: 3
1050: 4
1051: 4
1052: 1
1053: 1
1055: 4
1056: 2
1057: 2
1059: 1
1060: 1
1061: 2
1063: 1
1064: 1
1065: 5
1067: 1
1068: 2
1069: 1
1070: 2
1071: 1
1072: 4
1073: 2
1074: 3
1075: 1
1076: 1
1077: 1
1078: 2
1079: 1
1080: 2
1081: 4
1082: 3
1083: 2
1084: 1
1085: 3
1086: 4
1087: 1
1088: 2
1089: 4
1091: 2
1093: 3
1094: 3
1095: 2
1096: 5
1097: 4
1099: 2
1100: 3
1101: 4
1102: 1
1103: 1
1104: 1
1105: 1
1106: 1
1107: 2
1108: 2
1109: 3
1110: 1
1111: 1
1113: 3
1115: 2
1116: 1
1117: 1
1118: 6
1119: 1
1120: 2
1121: 3
1122: 3
1124: 2
1125: 4
1126: 2
1127: 2
1128: 2
1129: 2
1130: 2
1131: 2
1132: 4
1133: 3
1134: 2
1136: 3
1137: 2
1138: 2
1139: 3
1140: 2
1141: 2
1143: 2
1144: 3
1145: 1
1146: 2
1147: 3
1148: 3
1149: 1
1152: 3
1153: 3
1154: 2
1155: 1
1156: 1
1157: 5
1158: 2
1159: 2
1160: 1
1161: 3
1162: 4
1164: 2
1165: 5
1166: 2
1167: 2
1168: 3
1169: 5
1170: 3
1171: 2
1172: 1
1173: 1
1174: 1
1175: 4
1176: 1
1177: 2
1179: 1
1180: 1
1181: 3
1183: 4
1184: 2
1185: 1
1186: 4
1188: 1
1189: 3
1191: 3
1193: 1
1194: 3
1196: 1
1197: 1
1198: 1
1199: 2
1200: 2
1201: 2
1202: 1
1203: 2
1204: 2
1205: 2
1206: 2
1207: 1
1208: 2
1209: 2
1210: 1
1211: 1
1212: 2
1213: 3
1214: 4
1215: 2
1216: 1
1217: 1
1220: 4
1221: 4
1222: 5
1223: 1
1225: 2
1226: 2
1227: 3
1229: 1
1230: 2
1231: 2
1232: 3
1233: 1
1234: 5
1235: 1
1236: 3
1237: 2
1238: 2
1240: 5
1241: 1
1242: 2
1243: 2
1244: 1
1246: 1
1247: 4
1249: 2
1251: 1
1252: 5
1253: 3
1254: 4
1255: 1
1256: 1
1257: 2
1258: 2
1259: 3
1260: 3
1261: 2
1262: 2
1263: 1
1264: 1
1265: 1
1266: 9
1267: 2
1268: 4
1269: 2
1271: 2
1272: 6
1273: 2
1275: 1
1276: 2
1277: 2
1278: 4
1280: 1
1281: 1
1282: 1
1283: 2
1285: 4
1286: 2
1287: 1
1288: 2
1289: 3
1290: 2
1291: 7
1292: 4
1293: 2
1294: 4
1295: 2
1296: 1
1298: 1
1299: 2
1300: 2
1301: 1
1302: 3
1303: 2
1304: 1
1305: 4
1306: 1
1307: 4
1308: 5
1309: 1
1310: 5
1311: 5
1312: 2
1313: 2
1315: 2
1316: 2
1317: 1
1319: 1
1320: 2
1321: 3
1322: 4
1323: 1
1325: 2
1326: 1
1327: 2
1328: 5
1329: 2
1330: 2
1331: 1
1332: 4
1333: 3
1334: 3
1335: 2
1337: 1
1338: 1
1339: 1
1341: 2
1342: 1
1343: 2
1344: 2
1345: 1
1347: 6
1348: 2
1349: 6
1351: 3
1353: 3
1354: 2
1355: 1
1356: 2
1357: 1
1358: 2
1359: 2
1360: 2
1361: 2
1364: 3
1365: 1
1366: 2
1367: 2
1368: 2
1369: 1
1370: 1
1371: 3
1373: 2
1374: 2
1375: 3
1376: 1
1377: 2
1378: 4
1379: 3
1380: 2
1381: 2
1382: 1
1383: 3
1384: 7
1385: 1
1386: 1
1387: 4
1388: 2
1389: 5
1391: 1
1392: 4
1393: 1
1394: 3
1395: 1
1396: 1
1397: 3
1398: 3
1400: 3
1401: 1
1402: 2
1403: 3
1405: 2
1406: 1
1408: 1
1409: 6
1410: 1
1412: 4
1413: 3
1414: 1
1415: 1
1416: 2
1417: 2
1418: 6
1420: 3
1421: 4
1422: 1
1423: 1
1424: 2
1425: 3
1426: 3
1427: 3
1428: 2
1429: 1
1430: 1
1431: 3
1432: 2
1433: 4
1434: 1
1435: 2
1436: 1
1437: 2
1439: 3
1440: 2
1441: 1
1442: 2
1443: 2
1444: 2
1446: 5
1447: 2
1448: 4
1449: 2
1451: 2
1452: 1
1453: 1
1454: 4
1455: 2
1456: 4
1457: 5
1458: 4
1459: 1
1460: 1
1462: 2
1463: 2
1464: 4
1465: 2
1466: 4
1467: 1
1468: 2
1469: 4
1470: 2
1471: 2
1472: 2
1473: 1
1474: 2
1475: 1
1476: 2
1477: 1
1479: 2
1480: 3
1481: 3
1482: 1
1483: 2
1484: 2
1485: 2
1486: 1
1487: 3
1488: 2
1489: 3
1490: 7
1491: 2
1492: 2
1493: 1
1495: 1
1496: 3
1497: 2
1498: 2
1499: 1
1500: 1
1501: 4
1503: 1
1504: 1
1506: 4
1508: 3
1509: 4
1510: 2
1511: 2
1512: 1
1513: 3
1514: 4
1515: 2
1516: 3
1517: 2
1518: 1
1519: 1
1520: 2
1521: 2
1522: 2
1523: 3
1524: 4
1525: 6
1526: 2
1527: 2
1528: 1
1529: 3
1530: 1
1532: 3
1533: 6
1534: 3
1536: 2
1537: 2
1538: 2
1539: 1
1540: 1
1541: 1
1543: 2
1544: 2
1545: 3
1546: 2
1547: 2
1548: 2
1549: 2
1550: 2
1551: 1
1552: 3
1553: 5
1555: 3
1556: 1
1558: 2
1559: 3
1561: 1
1562: 2
1563: 2
1564: 1
1565: 1
1566: 3
1567: 6
1568: 2
1569: 2
1570: 2
1571: 2
1572: 5
1573: 1
1575: 1
1576: 2
1577: 1
1578: 1
1579: 1
1580: 2
1581: 4
1583: 1
1585: 1
1586: 3
1587: 3
1588: 2
1589: 1
1590: 1
1591: 4
1592: 1
1593: 3
1594: 3
1596: 4
1598: 3
1599: 5
1600: 1
1601: 3
1602: 4
1603: 2
1604: 2
1605: 3
1606: 1
1607: 1
1608: 2
1609: 2
1610: 3
1611: 3
1612: 1
1613: 1
1615: 4
1616: 1
1617: 3
1618: 2
1619: 2
1620: 3
1621: 2
1622: 1
1623: 1
1624: 5
1626: 5
1627: 2
1628: 1
1629: 1
1630: 2
1631: 1
1632: 1
1634: 2
1635: 2
1636: 2
1637: 3
1638: 2
1640: 3
1641: 1
1642: 3
1643: 2
1644: 2
1645: 3
1647: 2
1648: 5
1649: 4
1650: 1
1651: 1
1652: 1
1653: 5
1654: 3
1655: 4
1656: 3
1659: 3
1661: 2
1662: 4
1663: 1
1664: 2
1665: 2
1666: 1
1667: 2
1668: 3
1669: 2
1670: 3
1671: 1
1672: 1
1673: 4
1674: 3
1675: 1
1676: 2
1678: 4
1679: 3
1680: 1
1681: 2
1682: 3
1683: 4
1684: 2
1685: 1
1686: 2
1687: 2
1690: 1
1691: 6
1692: 4
1693: 2
1694: 2
1696: 1
1697: 2
1698: 2
1699: 2
1700: 2
1701: 2
1702: 4
1703: 2
1704: 2
1705: 4
1706: 2
1707: 1
1708: 2
1709: 1
1710: 1
1711: 3
1712: 1
1713: 3
1715: 1
1718: 3
1719: 2
1720: 2
1721: 2
1722: 1
1723: 1
1724: 2
1725: 1
1726: 1
1728: 5
1729: 1
1731: 4
1732: 3
1733: 1
1734: 1
1735: 2
1736: 1
1737: 2
1738: 3
1739: 1
1740: 2
1741: 2
1742: 2
1744: 2
1745: 2
1746: 1
1748: 3
1749: 2
1750: 1
1752: 4
1753: 3
1754: 2
1755: 5
1756: 4
1759: 1
1760: 1
1761: 2
1762: 2
1764: 1
1766: 1
1767: 2
1768: 3
1769: 2
1770: 3
1771: 2
1772: 2
1773: 5
1774: 1
1775: 1
1776: 3
1777: 1
1778: 1
1780: 2
1781: 2
1782: 1
1783: 1
1784: 2
1785: 1
1787: 4
1789: 2
1790: 1
1791: 2
1792: 3
1793: 2
1794: 6
1795: 2
1796: 2
1797: 1
1798: 1
1799: 2
1800: 5
1801: 1
1802: 2
1803: 1
1804: 4
1806: 2
1807: 1
1808: 3
1809: 3
1811: 2
1812: 1
1813: 3
1814: 4
1815: 4
1817: 2
1818: 1
1819: 1
1821: 1
1822: 3
1823: 2
1824: 1
1825: 2
1826: 1
1827: 3
1828: 2
1829: 2
1830: 1
1831: 3
1832: 3
1833: 2
1835: 1
1836: 1
1837: 4
1838: 1
1840: 2
1841: 3
1842: 6
1843: 2
1844: 1
1845: 3
1846: 2
1847: 1
1848: 5
1849: 2
1850: 2
1851: 4
1852: 3
1853: 7
1854: 3
1855: 1
1856: 1
1860: 1
1861: 2
1862: 1
1863: 5
1864: 3
1865: 2
1866: 2
1867: 2
1868: 2
1869: 3
1870: 1
1872: 3
1873: 3
1874: 4
1875: 1
1876: 2
1877: 3
1878: 2
1879: 1
1880: 1
1881: 5
1882: 2
1883: 2
1884: 3
1885: 2
1886: 3
1887: 2
1888: 2
1889: 1
1890: 4
1891: 1
1892: 1
1893: 2
1894: 1
1895: 2
1896: 2
1897: 4
1898: 1
1899: 1
1900: 2
1902: 1
1903: 1
1904: 3
1905: 2
1906: 2
1907: 1
1908: 1
1909: 2
1910: 3
1911: 1
1912: 2
1913: 1
1915: 2
1916: 3
1917: 1
1918: 3
1919: 4
1920: 3
1921: 1
1923: 3
1924: 2
1925: 1
1926: 1
1927: 3
1928: 5
1929: 2
1930: 2
1931: 5
1932: 1
1933: 1
1934: 1
1935: 5
1936: 1
1937: 6
1938: 2
1939: 3
1940: 3
1941: 2
1942: 1
1943: 2
1946: 4
1947: 3
1948: 3
1949: 2
1950: 1
1951: 2
1952: 1
1953: 1
1955: 2
1956: 4
1958: 2
1959: 4
1960: 2
1961: 1
1962: 3
1963: 1
1964: 1
1965: 4
1966: 5
1967: 1
1968: 1
1969: 2
1971: 2
1972: 3
1973: 4
1974: 2
1976: 4
1977: 1
1978: 3
1979: 1
1980: 4
1982: 1
1983: 5
1984: 6
1985: 1
1986: 2
1987: 2
1988: 2
1989: 3
1990: 1
1991: 5
1993: 3
1994: 1
1995: 5
1996: 2
1997: 1
1999: 1
2000: 5
2002: 1
2003: 2
2004: 4
2005: 2
2006: 1
2007: 1
2009: 4
2010: 3
2011: 6
2014: 2
2015: 4
2016: 2
2017: 2
2018: 1
2019: 3
2020: 7
2021: 3
2022: 1
2025: 2
2026: 1
2027: 1
2028: 5
2029: 1
2030: 2
2031: 2
2032: 2
2035: 1
2036: 3
2037: 2
2038: 5
2040: 1
2041: 4
2042: 3
2043: 1
2044: 7
2045: 1
2046: 5
2048: 2
2049: 2
2050: 1
2051: 2
2052: 2
2053: 4
2054: 1
2055: 1
2056: 2
2057: 5
2058: 1
2059: 3
2060: 2
2061: 3
2062: 2
2063: 1
2064: 3
2065: 2
2066: 2
2067: 1
2068: 3
2069: 1
2070: 1
2071: 4
2073: 1
2074: 4
2075: 1
2076: 3
2077: 2
2078: 2
2079: 4
2080: 5
2081: 5
2082: 2
2083: 5
2084: 2
2085: 4
2086: 4
2087: 2
2088: 2
2089: 1
2090: 1
2091: 1
2092: 2
2093: 3
2095: 2
2096: 1
2097: 5
2098: 3
2099: 2
2100: 2
2101: 2
2102: 1
2103: 4
2104: 1
2105: 1
2106: 3
2108: 3
2109: 2
2112: 2
2113: 1
2114: 2
2115: 3
2116: 1
2117: 2
2119: 4
2120: 2
2121: 1
2122: 2
2123: 1
2124: 3
2125: 2
2126: 3
2127: 1
2129: 1
2130: 2
2131: 3
2133: 4
2134: 1
2135: 8
2136: 2
2137: 2
2138: 1
2140: 3
2141: 4
2142: 2
2143: 1
2144: 4
2145: 5
2146: 3
2147: 2
2149: 4
2150: 3
2151: 1
2153: 3
2154: 2
2156: 2
2157: 1
2158: 1
2160: 1
2162: 1
2163: 1
2164: 4
2165: 1
2166: 2
2167: 2
2168: 2
2169: 2
2170: 3
2171: 1
2172: 1
2173: 2
2174: 3
2175: 3
2176: 2
2177: 5
2178: 1
2179: 1
2180: 2
2181: 3
2182: 1
2183: 3
2184: 2
2185: 4
2186: 1
2187: 3
2189: 1
2190: 2
2191: 1
2192: 1
2193: 2
2194: 1
2195: 2
2196: 3
2198: 2
2199: 1
2200: 1
2201: 3
2202: 4
2203: 5
2204: 1
2206: 2
2208: 2
2209: 3
2210: 1
2211: 3
2212: 4
2213: 1
2214: 3
2215: 2
2216: 3
2217: 1
2218: 4
2219: 2
2222: 2
2223: 2
2224: 3
2225: 2
2226: 2
2227: 4
2228: 1
2229: 3
2230: 1
2231: 4
2233: 3
2234: 2
2235: 2
2236: 3
2237: 1
2238: 1
2239: 2
2240: 1
2241: 3
2242: 2
2243: 1
2245: 3
2246: 1
2247: 4
2248: 6
2249: 1
2250: 3
2251: 2
2252: 1
2253: 1
2254: 2
2256: 4
2258: 1
2259: 2
2260: 4
2261: 2
2262: 2
2263: 3
2264: 1
2266: 2
2267: 1
2269: 1
2270: 3
2271: 2
2272: 1
2274: 4
2275: 4
2276: 3
2277: 4
2278: 2
2279: 1
2280: 3
2283: 2
2284: 4
2285: 2
2286: 4
2287: 3
2288: 3
2289: 2
2290: 2
2291: 3
2292: 3
2293: 1
2294: 1
2295: 1
2296: 2
2297: 2
2298: 2
2299: 1
2300: 3
2301: 1
2302: 5
2303: 4
2304: 2
2305: 1
2306: 3
2308: 5
2311: 2
2312: 2
2313: 3
2314: 1
2315: 1
2316: 2
2317: 3
2319: 2
2320: 3
2321: 1
2322: 6
2323: 2
2325: 1
2326: 2
2327: 3
2328: 2
2329: 2
2330: 3
2331: 4
2332: 3
2333: 3
2334: 5
2335: 1
2337: 3
2338: 4
2339: 2
2340: 1
2341: 1
2343: 1
2344: 1
2345: 5
2346: 3
2348: 2
2349: 1
2350: 1
2351: 4
2352: 1
2353: 1
2354: 2
2355: 3
2356: 2
2357: 1
2358: 4
2359: 4
2360: 1
2361: 1
2362: 2
2363: 3
2364: 2
2365: 2
2366: 1
2367: 4
2368: 1
2369: 3
2371: 1
2372: 3
2374: 1
2375: 2
2376: 2
2377: 1
2378: 1
2379: 2
2380: 1
2382: 1
2383: 4
2384: 5
2385: 1
2386: 4
2387: 2
2388: 4
2389: 5
2390: 3
2391: 2
2392: 5
2393: 1
2394: 1
2395: 6
2396: 3
2397: 1
2398: 2
2399: 4
2400: 5
2401: 2
2402: 3
2403: 3
2404: 2
2405: 6
2407: 1
2408: 6
2409: 1
2410: 3
2412: 4
2413: 1
2414: 3
2415: 3
2417: 1
2418: 3
2419: 1
2422: 3
2423: 4
2424: 2
2425: 3
2426: 2
2427: 2
2428: 4
2430: 2
2431: 3
2433: 4
2435: 1
2436: 3
2438: 5
2439: 4
2440: 1
2441: 3
2442: 4
2443: 1
2444: 3
2445: 3
2446: 3
2447: 1
2449: 2
2450: 3
2452: 2
2453: 3
2454: 1
2455: 1
2456: 3
2457: 2
2458: 3
2459: 2
2460: 1
2461: 1
2462: 2
2463: 4
2464: 3
2465: 2
2466: 2
2467: 3
2468: 3
2469: 2
2472: 1
2473: 2
2474: 4
2475: 2
2476: 2
2477: 1
2478: 1
2479: 2
2480: 3
2481: 4
2482: 3
2483: 2
2484: 2
2485: 3
2487: 1
2488: 1
2489: 3
2490: 2
2491: 1
2493: 1
2494: 4
2495: 1
2496: 2
2497: 1
2498: 3
2499: 5
2500: 3
2501: 3
2503: 2
2504: 1
2505: 1
2506: 3
2507: 2
2508: 3
2509: 3
2512: 1
2513: 4
2514: 4
2515: 2
2517: 2
2518: 2
2519: 2
2520: 2
2521: 2
2522: 1
2523: 2
2524: 3
2525: 2
2526: 4
2527: 1
2529: 2
2530: 2
2531: 3
2532: 5
2533: 3
2534: 2
2535: 2
2536: 2
2537: 2
2538: 1
2539: 3
2540: 6
2542: 5
2543: 4
2544: 2
2545: 4
2547: 2
2548: 2
2549: 2
2550: 2
2551: 1
2552: 2
2554: 2
2555: 2
2557: 1
2560: 1
2561: 2
2562: 1
2564: 2
2565: 1
2566: 4
2568: 3
2569: 1
2570: 1
2571: 3
2572: 2
2573: 3
2574: 3
2575: 2
2577: 2
2578: 2
2579: 2
2580: 3
2581: 5
2582: 2
2583: 1
2584: 1
2585: 3
2586: 3
2587: 2
2588: 4
2589: 2
2591: 2
2592: 1
2593: 3
2595: 1
2596: 2
2597: 5
2598: 3
2599: 1
2601: 2
2602: 3
2603: 3
2604: 8
2606: 3
2607: 3
2608: 2
2609: 4
2610: 2
2611: 2
2612: 2
2613: 1
2614: 3
2615: 4
2616: 2
2617: 2
2619: 1
2621: 2
2622: 4
2623: 2
2624: 1
2625: 3
2627: 3
2628: 7
2629: 4
2630: 1
2631: 3
2632: 1
2633: 1
2634: 3
2635: 5
2636: 3
2637: 2
2639: 2
2640: 1
2641: 5
2643: 1
2644: 1
2645: 3
2647: 3
2648: 1
2649: 3
2650: 4
2651: 4
2652: 3
2653: 2
2654: 2
2655: 3
2656: 3
2657: 7
2658: 1
2659: 3
2660: 4
2661: 4
2663: 2
2666: 4
2667: 1
2668: 4
2669: 4
2670: 2
2671: 3
2672: 3
2673: 1
2674: 2
2675: 3
2676: 2
2677: 1
2678: 2
2679: 1
2680: 3
2681: 4
2682: 3
2683: 3
2684: 3
2685: 2
2686: 3
2688: 3
2690: 4
2691: 3
2694: 2
2695: 2
2696: 4
2697: 1
2698: 2
2700: 5
2701: 1
2702: 1
2703: 2
2704: 3
2705: 3
2706: 4
2707: 3
2708: 4
2709: 2
2711: 6
2712: 3
2713: 1
2714: 4
2716: 1
2717: 2
2718: 2
2719: 2
2720: 1
2721: 1
2722: 2
2723: 3
2725: 3
2726: 2
2727: 2
2728: 4
2729: 2
2730: 1
2731: 2
2732: 1
2733: 2
2734: 1
2735: 4
2736: 1
2737: 2
2738: 3
2739: 1
2740: 2
2741: 3
2742: 2
2743: 1
2744: 2
2745: 2
2746: 2
2747: 1
2748: 2
2749: 2
2750: 1
2751: 1
2752: 4
2754: 1
2755: 2
2756: 2
2757: 2
2759: 1
2760: 2
2761: 1
2763: 5
2764: 1
2765: 3
2766: 4
2767: 2
2768: 1
2770: 2
2771: 4
2772: 2
2773: 4
2774: 2
2776: 2
2777: 2
2778: 1
2779: 3
2781: 1
2782: 1
2783: 1
2784: 1
2785: 2
2786: 3
2787: 5
2788: 1
2789: 2
2790: 3
2791: 3
2792: 1
2794: 2
2796: 4
2797: 2
2798: 1
2800: 2
2801: 2
2802: 3
2804: 2
2805: 1
2806: 4
2807: 3
2809: 2
2810: 3
2811: 6
2812: 2
2813: 1
2814: 2
2815: 1
2817: 3
2818: 3
2819: 1
2820: 1
2821: 1
2822: 1
2823: 3
2824: 3
2825: 1
2826: 4
2827: 2
2829: 9
2830: 3
2831: 6
2832: 1
2833: 2
2834: 1
2835: 2
2836: 1
2839: 5
2841: 4
2842: 3
2843: 1
2844: 1
2845: 2
2846: 1
2847: 3
2848: 1
2849: 3
2850: 4
2851: 4
2852: 3
2854: 2
2855: 2
2856: 3
2857: 1
2858: 2
2859: 4
2860: 3
2861: 1
2863: 1
2864: 4
2865: 2
2866: 2
2867: 1
2868: 2
2870: 2
2871: 3
2872: 5
2873: 2
2874: 1
2876: 1
2877: 1
2878: 1
2879: 2
2880: 3
2882: 3
2883: 1
2884: 2
2885: 2
2886: 1
2887: 1
2889: 1
2890: 1
2892: 1
2893: 1
2894: 3
2895: 2
2896: 1
2897: 1
2898: 2
2899: 1
2900: 2
2901: 2
2902: 1
2904: 1
2906: 4
2907: 1
2908: 2
2909: 1
2910: 3
2911: 2
2912: 2
2913: 3
2914: 2
2915: 3
2916: 4
2918: 2
2919: 1
2920: 1
2921: 2
2922: 3
2923: 2
2926: 2
2927: 1
2928: 3
2929: 3
2930: 1
2931: 2
2932: 3
2933: 1
2934: 1
2935: 2
2936: 2
2937: 3
2938: 1
2939: 2
2940: 4
2941: 1
2942: 2
2943: 4
2945: 1
2946: 6
2947: 1
2948: 2
2949: 4
2950: 4
2951: 5
2952: 2
2953: 1
2954: 2
2955: 1
2956: 2
2958: 1
2959: 1
2960: 2
2961: 1
2962: 4
2963: 2
2964: 4
2965: 1
2966: 1
2967: 2
2968: 2
2969: 2
2970: 5
2971: 3
2972: 1
2973: 3
2974: 6
2975: 4
2976: 3
2977: 2
2978: 5
2979: 1
2980: 2
2982: 1
2983: 1
2985: 2
2989: 2
2991: 7
2992: 1
2993: 2
2994: 2
2995: 3
2997: 3
2998: 2
2999: 2
3003: 4
3004: 1
3005: 3
3006: 5
3007: 2
3008: 1
3010: 2
3011: 6
3012: 4
3013: 1
3014: 1
3015: 3
3016: 3
3017: 1
3018: 2
3019: 1
3020: 1
3021: 4
3022: 1
3023: 1
3025: 3
3026: 2
3027: 1
3028: 3
3029: 4
3030: 1
3032: 3
3033: 1
3034: 5
3035: 4
3036: 2
3037: 2
3040: 1
3041: 4
3042: 1
3043: 3
3044: 2
3045: 1
3046: 2
3047: 3
3048: 3
3049: 3
3053: 5
3054: 1
3055: 1
3056: 3
3057: 3
3058: 5
3060: 5
3061: 7
3062: 3
3064: 5
3065: 4
3067: 2
3068: 1
3069: 2
3070: 3
3071: 4
3072: 1
3073: 4
3074: 2
3075: 3
3077: 2
3078: 1
3079: 2
3080: 2
3081: 4
3082: 1
3083: 2
3085: 2
3086: 1
3087: 2
3088: 2
3090: 2
3091: 2
3092: 1
3093: 3
3094: 2
3095: 3
3096: 1
3097: 3
3098: 1
3101: 2
3102: 3
3103: 1
3104: 9
3105: 1
3106: 1
3107: 1
3108: 1
3109: 1
3110: 3
3111: 2
3112: 1
3113: 2
3114: 2
3116: 2
3118: 1
3119: 4
3120: 1
3121: 1
3124: 1
3125: 2
3126: 2
3128: 3
3129: 1
3130: 1
3131: 4
3133: 2
3134: 2
3135: 2
3136: 3
3138: 2
3140: 1
3141: 3
3142: 1
3143: 3
3144: 2
3145: 1
3147: 2
3148: 1
3149: 1
3150: 4
3151: 3
3152: 1
3153: 1
3155: 3
3156: 2
3157: 2
3158: 2
3159: 1
3160: 3
3161: 2
3162: 4
3164: 2
3165: 2
3166: 1
3167: 1
3168: 5
3169: 2
3170: 1
3171: 1
3172: 1
3173: 2
3174: 2
3175: 1
3176: 2
3177: 3
3179: 3
3180: 1
3181: 5
3182: 2
3183: 2
3184: 3
3185: 3
3186: 1
3187: 2
3188: 1
3189: 2
3191: 2
3192: 1
3193: 2
3194: 1
3195: 1
3197: 1
3198: 3
3199: 4
3201: 2
3202: 3
3203: 4
3204: 5
3205: 1
3206: 2
3207: 3
3208: 1
3209: 1
3210: 3
3211: 3
3212: 3
3213: 3
3214: 1
3215: 5
3216: 3
3217: 2
3218: 5
3219: 2
3220: 3
3221: 3
3222: 2
3223: 1
3224: 2
3225: 3
3226: 3
3227: 1
3228: 1
3229: 4
3230: 1
3231: 2
3232: 1
3233: 3
3234: 3
3235: 1
3236: 2
3237: 2
3238: 1
3239: 2
3240: 1
3241: 3
3242: 3
3243: 3
3244: 1
3245: 1
3246: 2
3247: 1
3248: 3
3249: 7
3251: 1
3252: 4
3253: 1
3254: 3
3255: 3
3256: 2
3257: 2
3258: 1
3260: 2
3261: 5
3262: 2
3263: 1
3264: 2
3265: 1
3266: 2
3267: 4
3268: 5
3270: 2
3271: 1
3272: 2
3273: 1
3274: 1
3275: 2
3276: 3
3277: 4
3278: 1
3279: 1
3280: 2
3283: 2
3285: 2
3286: 2
3287: 5
3288: 4
3289: 3
3290: 1
3291: 6
3292: 3
3293: 3
3294: 4
3295: 2
3296: 1
3297: 2
3298: 3
3299: 5
3300: 2
3301: 1
3302: 2
3304: 2
3305: 3
3306: 1
3307: 1
3311: 2
3312: 2
3313: 2
3314: 3
3315: 3
3316: 1
3317: 1
3318: 3
3319: 2
3320: 1
3321: 4
3322: 3
3323: 6
3324: 1
3325: 4
3326: 2
3327: 4
3328: 4
3329: 4
3330: 2
3331: 1
3332: 2
3333: 1
3334: 1
3335: 4
3336: 1
3338: 2
3339: 1
3341: 1
3342: 2
3343: 2
3344: 3
3345: 1
3346: 3
3347: 1
3348: 2
3349: 2
3350: 1
3352: 1
3353: 3
3355: 2
3356: 2
3357: 3
3361: 3
3362: 4
3364: 3
3365: 2
3367: 3
3369: 4
3370: 2
3371: 1
3372: 1
3373: 3
3374: 1
3375: 4
3376: 2
3377: 3
3379: 2
3381: 1
3382: 2
3383: 1
3384: 2
3385: 1
3386: 6
3387: 1
3388: 1
3389: 2
3390: 1
3391: 7
3392: 1
3393: 3
3395: 2
3396: 2
3397: 3
3398: 2
3399: 3
3400: 5
3401: 3
3402: 2
3404: 3
3405: 4
3406: 5
3407: 1
3408: 2
3409: 1
3410: 3
3411: 1
3412: 1
3413: 1
3414: 3
3415: 3
3416: 4
3417: 3
3418: 3
3419: 2
3420: 1
3421: 2
3423: 3
3424: 2
3425: 2
3426: 4
3427: 4
3428: 2
3429: 2
3430: 4
3431: 2
3432: 2
3433: 1
3434: 3
3436: 1
3437: 1
3438: 3
3440: 3
3441: 4
3442: 1
3443: 3
3445: 2
3447: 5
3448: 2
3449: 1
3450: 4
3451: 1
3452: 4
3453: 1
3454: 3
3455: 2
3456: 3
3457: 3
3458: 2
3459: 2
3460: 1
3461: 2
3462: 2
3463: 2
3464: 3
3465: 2
3466: 1
3468: 1
3470: 3
3472: 2
3473: 3
3474: 3
3475: 2
3476: 1
3477: 1
3478: 1
3480: 2
3481: 2
3482: 3
3483: 4
3484: 3
3486: 2
3487: 2
3488: 3
3489: 2
3490: 4
3491: 2
3493: 2
3496: 3
3497: 2
3498: 1
3499: 2
3500: 1
3501: 2
3502: 2
3503: 2
3504: 2
3505: 3
3506: 2
3507: 2
3508: 5
3509: 1
3510: 6
3511: 3
3512: 3
3513: 2
3514: 5
3515: 3
3516: 2
3518: 2
3520: 2
3521: 2
3524: 1
3525: 3
3526: 5
3527: 2
3528: 2
3529: 1
3530: 3
3531: 3
3532: 3
3534: 4
3535: 2
3536: 3
3537: 2
3538: 1
3539: 3
3540: 2
3541: 2
3543: 2
3545: 1
3546: 6
3548: 5
3549: 2
3550: 2
3551: 2
3553: 5
3554: 2
3555: 1
3556: 3
3557: 1
3558: 2
3559: 1
3560: 2
3561: 2
3562: 1
3563: 2
3564: 1
3566: 2
3567: 4
3568: 1
3569: 2
3571: 1
3572: 2
3573: 3
3574: 2
3575: 5
3576: 1
3577: 2
3578: 3
3579: 2
3580: 5
3581: 4
3582: 5
3583: 1
3584: 2
3585: 2
3586: 2
3587: 4
3589: 1
3590: 3
3593: 3
3594: 1
3595: 1
3596: 4
3598: 1
3599: 2
3600: 2
3602: 2
3605: 2
3606: 2
3607: 4
3608: 3
3609: 1
3610: 3
3611: 1
3612: 1
3613: 2
3614: 3
3615: 1
3616: 3
3617: 2
3618: 2
3619: 5
3620: 1
3622: 3
3623: 3
3624: 2
3625: 2
3626: 1
3627: 3
3628: 3
3629: 1
3630: 1
3631: 2
3632: 1
3633: 1
3634: 3
3635: 3
3636: 3
3637: 1
3638: 4
3640: 3
3641: 2
3642: 1
3643: 1
3644: 1
3645: 2
3646: 3
3647: 2
3648: 4
3649: 3
3651: 1
3652: 1
3653: 1
3654: 1
3655: 2
3656: 2
3657: 1
3658: 2
3659: 3
3661: 4
3662: 2
3663: 1
3664: 1
3665: 3
3667: 2
3668: 2
3669: 2
3670: 5
3671: 3
3672: 4
3673: 2
3674: 1
3675: 1
3676: 3
3677: 4
3678: 4
3680: 3
3681: 5
3682: 6
3683: 5
3684: 2
3685: 4
3686: 3
3687: 2
3688: 1
3689: 1
3690: 2
3691: 4
3692: 3
3693: 2
3694: 4
3695: 1
3696: 4
3697: 2
3699: 2
3700: 1
3701: 1
3702: 5
3704: 2
3705: 3
3707: 1
3708: 3
3710: 1
3711: 1
3712: 1
3713: 1
3714: 2
3715: 3
3716: 4
3717: 1
3718: 2
3719: 1
3720: 1
3721: 3
3722: 1
3723: 3
3725: 2
3726: 1
3727: 2
3729: 1
3730: 1
3731: 3
3732: 5
3733: 1
3734: 1
3735: 1
3737: 3
3738: 2
3740: 1
3741: 2
3742: 3
3743: 3
3744: 2
3745: 2
3746: 1
3747: 2
3748: 5
3749: 1
3750: 2
3751: 1
3753: 2
3754: 2
3755: 4
3756: 1
3757: 3
3759: 1
3760: 2
3761: 1
3762: 1
3763: 3
3764: 3
3765: 2
3766: 2
3767: 3
3768: 3
3769: 4
3770: 5
3771: 3
3772: 1
3773: 1
3774: 3
3775: 4
3776: 1
3777: 1
3779: 1
3780: 1
3781: 5
3782: 3
3783: 6
3784: 3
3786: 2
3787: 3
3789: 2
3790: 3
3791: 2
3792: 1
3793: 2
3794: 4
3796: 1
3797: 2
3798: 1
3799: 2
3800: 1
3801: 1
3802: 1
3803: 2
3804: 2
3805: 3
3806: 1
3807: 1
3808: 1
3809: 3
3810: 2
3811: 4
3812: 1
3813: 5
3814: 1
3815: 1
3816: 4
3818: 3
3819: 4
3821: 2
3823: 5
3824: 2
3825: 2
3826: 1
3827: 4
3828: 1
3830: 3
3831: 2
3833: 3
3834: 1
3835: 1
3836: 2
3837: 3
3838: 2
3839: 2
3840: 3
3841: 1
3842: 2
3843: 2
3844: 1
3846: 5
3847: 1
3848: 1
3849: 2
3850: 2
3852: 4
3853: 3
3854: 1
3855: 1
3856: 1
3857: 4
3858: 2
3859: 2
3860: 2
3861: 5
3862: 1
3863: 3
3864: 4
3865: 4
3867: 1
3868: 1
3869: 1
3870: 2
3872: 2
3874: 2
3875: 3
3876: 1
3878: 1
3879: 1
3880: 1
3881: 4
3882: 2
3884: 2
3887: 5
3888: 3
3889: 2
3890: 4
3892: 3
3893: 2
3894: 1
3895: 5
3896: 2
3897: 1
3898: 3
3899: 2
3900: 4
3901: 2
3902: 5
3904: 2
3905: 3
3906: 1
3907: 2
3908: 3
3909: 3
3910: 1
3911: 2
3912: 3
3914: 1
3915: 4
3916: 2
3917: 1
3918: 2
3919: 4
3920: 1
3923: 2
3924: 4
3925: 1
3927: 2
3928: 1
3929: 2
3930: 3
3932: 4
3933: 3
3935: 2
3936: 1
3937: 2
3938: 1
3940: 1
3941: 1
3942: 4
3943: 1
3944: 1
3945: 7
3946: 2
3947: 4
3948: 2
3949: 1
3950: 1
3951: 2
3953: 3
3954: 4
3956: 3
3957: 2
3958: 3
3959: 6
3960: 3
3961: 1
3962: 3
3963: 1
3964: 1
3965: 4
3966: 2
3967: 2
3968: 2
3969: 2
3970: 1
3971: 1
3972: 1
3973: 2
3974: 1
3975: 3
3976: 2
3977: 1
3978: 1
3979: 2
3980: 3
3981: 1
3982: 1
3983: 2
3984: 2
3985: 2
3986: 4
3987: 3
3988: 1
3989: 2
3990: 1
3991: 6
3992: 5
3993: 2
3994: 2
3995: 2
3996: 2
3997: 3
3998: 2
3999: 1
4001: 1
4002: 3
4003: 1
4004: 4
4005: 4
4006: 3
4007: 2
4008: 1
4009: 1
4010: 2
4011: 1
4012: 1
4013: 5
4014: 1
4015: 2
4016: 4
4017: 2
4018: 1
4019: 1
4021: 1
4022: 1
4023: 2
4024: 2
4025: 2
4026: 1
4029: 3
4030: 1
4031: 2
4032: 4
4033: 3
4035: 1
4036: 2
4038: 1
4039: 1
4040: 3
4041: 1
4042: 5
4043: 2
4044: 4
4045: 1
4047: 3
4048: 1
4049: 1
4050: 1
4051: 1
4053: 2
4054: 1
4056: 1
4057: 2
4058: 1
4059: 2
4062: 5
4063: 3
4064: 1
4065: 3
4066: 1
4067: 5
4068: 2
4069: 1
4070: 5
4071: 2
4072: 1
4073: 2
4074: 3
4075: 3
4076: 2
4077: 3
4078: 4
4079: 1
4081: 2
4082: 1
4083: 2
4084: 2
4085: 2
4086: 3
4087: 2
4089: 5
4090: 2
4091: 2
4092: 1
4093: 1
4094: 2
4095: 4
4096: 1
4098: 1
4099: 1
4100: 3
4101: 2
4102: 1
4104: 5
4105: 2
4106: 3
4107: 3
4108: 1
4109: 2
4111: 2
4112: 4
4113: 6
4114: 2
4115: 1
4116: 2
4118: 3
4119: 1
4120: 4
4121: 2
4122: 3
4123: 2
4126: 1
4127: 1
4129: 2
4130: 3
4131: 1
4132: 2
4133: 1
4134: 4
4135: 2
4136: 3
4137: 3
4139: 2
4140: 1
4142: 2
4143: 1
4144: 1
4145: 4
4146: 3
4148: 2
4150: 2
4152: 5
4153: 3
4154: 2
4155: 2
4157: 1
4158: 4
4159: 5
4161: 3
4162: 5
4163: 2
4164: 4
4166: 8
4167: 4
4168: 1
4169: 1
4170: 5
4171: 1
4172: 2
4175: 3
4176: 4
4177: 1
4178: 2
4179: 1
4180: 1
4181: 5
4184: 1
4187: 2
4188: 2
4189: 2
4190: 2
4191: 1
4192: 2
4193: 1
4194: 2
4195: 1
4196: 4
4197: 4
4198: 3
4199: 3
4200: 1
4202: 3
4203: 4
4204: 3
4205: 1
4206: 1
4207: 2
4208: 1
4209: 1
4210: 3
4211: 1
4212: 3
4213: 1
4214: 4
4215: 2
4216: 4
4218: 3
4219: 2
4220: 2
4221: 3
4222: 3
4223: 2
4224: 2
4225: 4
4226: 2
4227: 3
4228: 1
4230: 1
4231: 4
4233: 4
4234: 1
4235: 2
4236: 1
4237: 1
4238: 2
4239: 5
4240: 3
4241: 3
4242: 2
4243: 3
4244: 5
4245: 1
4246: 2
4247: 1
4249: 2
4250: 2
4252: 2
4253: 3
4254: 3
4255: 1
4256: 2
4258: 1
4259: 3
4261: 2
4262: 2
4264: 3
4266: 2
4267: 1
4268: 1
4269: 1
4270: 2
4271: 3
4273: 2
4274: 3
4275: 2
4276: 4
4277: 1
4278: 2
4279: 4
4280: 2
4281: 1
4282: 3
4283: 2
4284: 3
4286: 3
4287: 1
4288: 2
4289: 2
4290: 5
4291: 1
4292: 2
4293: 4
4295: 2
4296: 1
4297: 2
4298: 1
4299: 3
4300: 2
4301: 1
4302: 1
4303: 2
4304: 1
4305: 1
4306: 1
4307: 1
4308: 3
4309: 2
4310: 3
4311: 1
4313: 3
4315: 5
4316: 4
4317: 2
4318: 3
4319: 1
4320: 5
4321: 4
4322: 1
4323: 2
4324: 1
4325: 1
4326: 3
4327: 1
4328: 2
4329: 1
4331: 1
4332: 2
4333: 2
4334: 2
4335: 2
4336: 2
4337: 1
4338: 1
4340: 1
4342: 4
4343: 4
4345: 2
4346: 4
4347: 1
4348: 2
4349: 2
4350: 2
4351: 3
4352: 3
4353: 1
4355: 4
4356: 5
4357: 4
4358: 2
4359: 4
4360: 1
4361: 2
4362: 2
4363: 3
4364: 3
4365: 1
4366: 3
4367: 3
4368: 4
4369: 2
4370: 2
4371: 3
4372: 1
4373: 6
4374: 2
4375: 2
4376: 1
4377: 4
4378: 2
4379: 1
4380: 3
4381: 1
4382: 2
4383: 6
4384: 1
4385: 1
4386: 3
4387: 4
4388: 4
4389: 1
4391: 3
4392: 2
4393: 4
4394: 2
4395: 1
4396: 2
4397: 2
4398: 2
4399: 2
4401: 1
4402: 2
4403: 2
4404: 1
4405: 2
4407: 3
4408: 2
4409: 4
4411: 1
4412: 2
4413: 4
4414: 2
4415: 2
4416: 3
4417: 2
4418: 5
4419: 1
4420: 1
4421: 1
4422: 4
4423: 1
4424: 1
4425: 2
4426: 3
4427: 1
4428: 1
4429: 2
4432: 2
4433: 1
4434: 1
4435: 4
4436: 3
4437: 3
4438: 2
4439: 1
4440: 1
4441: 2
4442: 3
4443: 2
4444: 4
4445: 1
4446: 1
4447: 2
4449: 2
4450: 2
4451: 1
4452: 3
4453: 1
4454: 1
4455: 4
4456: 2
4458: 3
4459: 3
4460: 4
4461: 1
4462: 4
4463: 1
4464: 2
4466: 3
4467: 2
4468: 1
4470: 1
4471: 3
4472: 2
4473: 1
4474: 3
4475: 2
4476: 2
4477: 3
4478: 2
4479: 3
4480: 2
4481: 3
4482: 1
4483: 3
4484: 1
4485: 1
4486: 4
4487: 2
4488: 1
4489: 2
4490: 2
4491: 2
4492: 1
4493: 3
4494: 2
4495: 2
4496: 1
4499: 2
4500: 1
4501: 2
4502: 4
4503: 2
4505: 7
4506: 3
4508: 3
4510: 3
4511: 1
4512: 4
4513: 1
4514: 2
4515: 2
4516: 2
4518: 1
4519: 1
4521: 3
4522: 2
4523: 1
4524: 2
4525: 3
4526: 3
4527: 3
4530: 4
4532: 3
4533: 2
4534: 3
4535: 5
4536: 2
4538: 5
4539: 2
4540: 2
4541: 1
4542: 3
4543: 4
4544: 5
4545: 2
4546: 1
4547: 1
4548: 1
4549: 2
4550: 1
4551: 5
4552: 4
4553: 3
4554: 3
4555: 2
4556: 5
4557: 5
4558: 3
4560: 3
4561: 1
4562: 1
4563: 3
4564: 3
4565: 2
4566: 4
4567: 2
4568: 2
4569: 2
4570: 1
4571: 2
4572: 2
4573: 5
4574: 2
4575: 1
4576: 3
4577: 4
4578: 1
4579: 4
4580: 2
4582: 3
4583: 1
4584: 4
4586: 1
4587: 1
4589: 1
4590: 1
4591: 1
4592: 4
4593: 6
4594: 1
4595: 1
4596: 1
4597: 1
4598: 3
4599: 2
4600: 3
4602: 1
4603: 4
4604: 2
4606: 1
4607: 2
4608: 3
4609: 4
4610: 2
4611: 2
4612: 3
4613: 2
4615: 2
4616: 1
4617: 2
4619: 2
4620: 3
4621: 4
4622: 1
4623: 4
4625: 3
4626: 5
4627: 3
4629: 3
4630: 4
4631: 1
4632: 2
4633: 2
4634: 3
4635: 2
4636: 3
4637: 3
4638: 2
4639: 1
4640: 2
4641: 3
4642: 3
4643: 1
4644: 2
4646: 2
4649: 3
4650: 4
4651: 2
4652: 3
4654: 1
4655: 3
4656: 2
4658: 1
4659: 1
4660: 2
4661: 3
4662: 3
4663: 3
4665: 2
4666: 2
4667: 2
4668: 1
4669: 3
4670: 1
4671: 2
4672: 4
4673: 2
4675: 2
4676: 4
4678: 1
4679: 3
4680: 1
4681: 3
4683: 2
4684: 4
4686: 6
4687: 1
4689: 3
4690: 1
4691: 2
4692: 1
4693: 2
4694: 4
4695: 1
4696: 2
4698: 3
4699: 1
4700: 4
4702: 1
4703: 3
4704: 3
4705: 3
4706: 5
4707: 1
4709: 3
4710: 3
4711: 1
4712: 3
4713: 2
4716: 1
4718: 3
4719: 3
4720: 3
4721: 1
4722: 2
4723: 2
4724: 1
4726: 4
4727: 2
4728: 3
4729: 5
4730: 5
4731: 4
4732: 6
4733: 1
4734: 2
4735: 2
4736: 1
4737: 2
4739: 2
4740: 1
4741: 2
4743: 2
4744: 2
4745: 1
4747: 4
4748: 1
4750: 1
4751: 1
4752: 1
4753: 3
4754: 5
4755: 2
4756: 1
4757: 1
4758: 2
4759: 2
4760: 3
4761: 1
4762: 3
4763: 3
4764: 1
4765: 6
4766: 1
4768: 1
4769: 1
4770: 1
4772: 1
4773: 2
4774: 3
4775: 1
4776: 3
4777: 3
4778: 2
4779: 2
4780: 1
4781: 1
4782: 5
4783: 1
4784: 2
4785: 1
4786: 1
4787: 2
4788: 2
4789: 1
4790: 1
4791: 2
4792: 5
4793: 3
4795: 3
4797: 2
4798: 2
4799: 3
4800: 2
4802: 4
4803: 2
4805: 2
4806: 2
4807: 1
4808: 2
4809: 4
4810: 4
4811: 3
4812: 1
4815: 2
4816: 1
4817: 3
4818: 3
4819: 4
4821: 3
4822: 4
4823: 1
4825: 3
4827: 1
4828: 1
4829: 1
4830: 1
4831: 4
4832: 2
4833: 2
4834: 5
4835: 5
4837: 1
4838: 2
4839: 2
4840: 1
4841: 3
4842: 2
4844: 1
4845: 2
4846: 2
4847: 1
4849: 1
4851: 1
4852: 3
4853: 1
4855: 1
4856: 5
4857: 1
4858: 3
4860: 3
4861: 2
4862: 2
4864: 3
4865: 1
4866: 2
4867: 2
4868: 3
4869: 1
4870: 5
4871: 1
4872: 2
4874: 3
4875: 1
4876: 1
4877: 1
4878: 2
4879: 1
4880: 5
4881: 2
4882: 2
4884: 1
4885: 3
4886: 3
4887: 4
4888: 3
4890: 2
4891: 3
4892: 2
4893: 4
4894: 4
4895: 4
4896: 2
4897: 1
4898: 3
4899: 5
4900: 1
4901: 2
4902: 1
4903: 4
4904: 3
4905: 2
4906: 2
4907: 2
4909: 1
4910: 1
4913: 1
4915: 1
4916: 2
4917: 3
4918: 3
4919: 3
4920: 3
4921: 1
4922: 2
4925: 3
4926: 5
4927: 4
4928: 1
4929: 2
4930: 2
4931: 1
4932: 2
4933: 4
4934: 1
4936: 4
4937: 4
4938: 3
4939: 2
4940: 1
4941: 1
4942: 3
4943: 3
4944: 2
4945: 4
4947: 5
4948: 1
4949: 1
4950: 2
4951: 1
4953: 2
4954: 2
4955: 6
4959: 5
4960: 3
4961: 2
4962: 1
4963: 4
4964: 1
4965: 1
4966: 3
4967: 1
4968: 4
4969: 1
4971: 3
4972: 3
4973: 4
4974: 1
4975: 4
4976: 5
4977: 1
4978: 3
4979: 3
4980: 4
4982: 3
4983: 3
4984: 3
4987: 5
4988: 1
4989: 4
4991: 2
4992: 3
4993: 2
4994: 1
4995: 4
4996: 3
4998: 2
5000: 1
