1689114397292
1764111445708
1718631374498
1536550091318
1639318218270
1658793616880
1563147123966
1657963572450
1687075735203
1765490412566
1609164082078
1677834563668
1788002073210
1561767383439
1696527605748
1659577946404
1708316076971
1690963124722
1584356523034
1583584580176
1624364378939
1756726455881
1647649062523
1651433410767
1667175546183
1631428157158
1617987115046
1768642345654
1671253937380
1640719128299
1708721937722
1650812030612
1643307637577
1633319708081
1842462396417
1679168246021
1605676656108
1624073838052
1630563538787
1587313831543
1673131711822
1763095543715
1596485789924
1661471640760
1646333315376
1618821009550
1752319341912
1687106334394
1580236315305
1635881839809
1705528694252
1588062952800
1627538993158
1564548894509
1773575742150
1598095887148
1552367014399
1679047525621
1702661346710
1564391502744
1734190999690
1708398783369
1631645717839
1780928912870
1802701076243
1700022227362
1725304033645
1687135657930
1754080494373
1690513587915
1622572463899
1657662366878
1567114009358
1685912190383
1612592160617
1576192090512
1567853874574
1683972674418
1665873784193
1733137043594
1662052482165
1611317823085
1748639843741
1742377763108
1653014337588
1714453585631
1723587932812
1692237091922
1730017704560
1715439310549
1649926108259
1771725020199
1633502832545
1574295731014
1621652427923
1540953301847
1597559265954
1671428104387
1681127396851
1631735151775
