157727924323
163238003956
179137773401
141978540370
154402626978
126470947605
189733243483
166203754061
134768881707
172939791462
159368857522
165101936960
164733550605
144710167235
181563136967
160129938397
156867004109
172591955149
170571127448
180668753790
166105962264
230409512804
175621339477
160494293940
158226728761
178449841025
170209440914
145797299259
146658340687
159548089609
163843958254
134553872990
190036064861
170639433897
165033562126
160437918505
155200936538
177400497889
191787234688
173167887550
177803603477
153379135740
163459745548
179003193833
138924322872
228788148484
190263760974
155772463708
140355085138
168634190947
169440550649
155696241870
174413717151
168000683480
182648796199
162193380902
200930645514
171561216811
182177745230
156653242937
188070878545
129363704415
147983081148
127479842300
177397183361
181727021741
157840305530
150975097462
141989850358
160197205179
145509902807
168229763281
179280684410
195495731873
183948383069
176117582584
174823132579
136718071025
144141219193
137083213004
181981218664
162373846540
205921021931
182954604496
187663652683
187072158478
152817784290
159389296434
156611391316
161793622617
178330902013
167204764581
131620341891
153016150023
171016369909
153429404257
164106188588
184652667673
186905880684
197572840161
