2 2 107 1 269 1 4793 1
2 1 3271 1 71339 1
3 1 292193953 1
3 1 5 1 62085011 1
73 1 1680191 1
5 1 5479 1 11311 1
2 1 5 4 7 1 73 1 241 1
2 1 7 2 17 1 171697 1
2113 1 90947 1
2 1 631 1 54133 1
2 2 1237 1 118411 1
7 2 47 1 131 1 1823 1
3 1 31 1 617 1 1283 1
2 1 17 2 47 1 15121 1
61 1 697399 1
2 1 478896071 1
2 3 5 1 101 1 79627 1
23 1 23691847 1
2 2 5 1 59 1 83 1 7393 1
5 1 103 1 254833 1
2 1 229 1 271 1 6203 1
1009 1 903269 1
113134517 1
3 1 47 1 2643479 1
3 1 61 2 67801 1
31 1 13809773 1
2 4 457 1 751 1
2 2 3 1 5 2 11 1 13 1 10433 1
3 1 53 1 5491709 1
659734847 1
2 4 197 1 433 1
3 1 173 1 102199 1
2389 1 361013 1
2 1 382056967 1
3 1 5 1 7 2 17 1 1301 1
467 1 270601 1
2 1 5 1 23 1 1795201 1
2 1 3 1 7757 1 8951 1
2 1 431 1 845989 1
2 3 3 1 577 1 63667 1
2 1 7 2 61 1 127 1 1103 1
2 1 3 2 13 1 263 1 15271 1
2 3 5 1 2879 1 4931 1
13 1 47352457 1
2 2 8783 1 9883 1
7 1 59 1 36341 1
191 1 3619123 1
2 4 33045049 1
5 1 1373 1 57839 1
3 2 13 1 47 1 5399 1
2 1 3 1 37 1 193 1 4211 1
2 1 3 1 3613 1 29209 1
2 2 3 3 7318351 1
3 3 24446297 1
2 2 127 1 1518949 1
7 1 37 1 816703 1
2 1 5 1 157 1 167471 1
2 2 3 1 34010617 1
2 1 3 1 29 1 875389 1
3 1 1109 1 203387 1
2 4 3 1 13 2 227 1 283 1
2 5 17 1 19 1 17191 1
2 1 37 1 53 1 55799 1
17 1 239 1 204793 1
19 1 257 1 92993 1
7 1 47 1 776969 1
2 1 31 1 6414739 1
2 1 5 1 35663293 1
2 4 13 1 733 1 5657 1
2 2 13 1 239 1 55933 1
2 2 3 2 181 1 108821 1
3 1 13 1 47 1 42923 1
3 1 41 1 257 1 18097 1
5 1 17 1 709 1 12743 1
3 1 523 1 548407 1
251 1 2485129 1
2 4 23 1 467 1 4003 1
31 1 43 1 114143 1
2 1 12919 1 17783 1
2 1 5 3 1191941 1
2 4 3 1 75617 1
2 1 3 2 359 1 20771 1
257 1 193811 1
2 2 3 1 11671147 1
37 1 8944357 1
5 1 41 1 4725283 1
3 4 7 3 73 1 443 1
2 1 5 1 7 1 8227633 1
2 1 131548271 1
193 1 613 1 3947 1
3 2 17 1 971 1 3391 1
3 1 7 1 32410153 1
7 2 229 1 42349 1
3 1 11 1 23 1 1228651 1
2 2 23 1 1259 1 4289 1
2 4 3 1 11350607 1
5 1 281 1 248533 1
29 1 179 1 123719 1
7 2 13 1 197 1 1123 1
2 1 281 2 3253 1
