983026999710455909 981886373330738901 926008476270550334 864839447811971581 855092624830098882 761630333233290510 30901934227152162
980546997229728655 948930388064803681 -67247563971632309 -278460925882168063 -990150306575623719
963313896091562853 957292647242162751 925394228313549540 218363800828803720 192254728546893197 -118964536810978650 -735951404954128409
673329087117194513 597026851658902519 311136230212110627 -337102087011760470
992613102125672420 934712867664344942 898602777311918947 872371658463828299 751909000867157165 611591956965893692 410849046461174357 85259712646375542
798597305260211043 607487251969251376
998394484538607847 981889860161655009 942795721506408760 333540412482443867 -111428664933460777
940450739691971287 729815231627802477 271571036232798760
961604782216984649 927864486304791907 908395203035697010 100980769280661484 -49751509157051568
963004557109029671
997391012481150754 -70950796650297651 -386794228244794224
979858414726859659 766165136139217641
992540564733934601 986752893342798375 907110808364721339 786048542861937443 728830711357728834
818860218179246256 795830055566525346 609770071478941603 457318112851683400
931438269823662169 846676554506449712
942139288754900521 936413490262876304 859778675477843768 826862461243142088
825204262376417901 754898381293960239 718322699833836134
991603028226546511 975092893268795766 789066706569090385 657898144994568237
868592661082504157 837967820832588210 648070628428828102 273923637624367308
984463840403929527 815130811405863683 500320688828642190 416314701564027823 412491347889273914 -424393916007256530
991459796928773309 954938507526105282 945404707262425521 740060564817827370
987158703130060988 934285836622894862 755386231251177048 166371624681254597
991300111880562718 946837847234322203 290104189195908368 -15327315800692076 -981796487797457274
997276234386704713 972930577848734951 786840550659652236 605369183150069239
-902525481038235817
699679384584410664 406115924269615876 -37840863247424817
930694874298955020 916176948899632754 913235282200339298 887141853796132437 537512630648811028 282602719934140328 -381866396421600243
973460032614685413 880720842755471081 705799717057605851 305304795370424317 -214747615819649174
967480020188593575 958324475468112125 321474598926950993 222764404614205718 112104863954128256 -781238124986442098
931563667464114604 772269378060320709 1675120293765976 -435081504765372444
966099509270332825 876417934747297558 554826020374373295 -379110232973693642
921760996055270851 809683883247359438 153274644929958440 117454083161173489 39270134682169129
984175884769257326 946614790352615369 893330132190561450 557616346736704327 505355519641335841
922516251676597453 830972638937746456
981543936791098554 964565409770345960 956983147469834293 823708067095220030 -59979069087508355 -605366248974872181
986420724166417445 844387786371167616 129064885382927190
998190345965960565 985607713924872588 940230184807876071 800152498983617852 480658419911103560 438869379860308458
929635455846957092 803139375887582218 217716798533171034 -259354549262213887 -825207936159040285
989395830973587198 964742157826700327 890225768725781597 756862579190837628 328040314118761612
992218827617801411 820900366326804224 20770221005614474 -145977092972052401 -181297601614668622 -420328498611814588
959149790558565901 955156338366107684 928490862210640206 63747716368856814
995768208878125153 924283108343646087 824041289113747031 771940997878715116
974380401893485559 847574752323218505 823786731241743597 806594344668708806 58980174890554363 -231806861133944770
968018382425882099 852029166419850987 838013871512277102 773648113874777446 677533053133925064 350121246426364079 346598062347024910 -6159261959892849
919746828724160244 864725099830562002 819514461215896760 691811908050035178 282692194861339253 -109592763844937853
996413144027346574 986452844907092140 874300405395052006 864204996931196307 826078363800600061 -389259220261702165
994749673572485220 967535688184563398 924483574138525111 344537680318486120 158585213604102024 55454062950870070 -399044210087707151
954021473462133102 825442364787439402 505728584027290668
959399603334654298 941582291315827974 66039120252963320
970400285805473811 968085676572038675 950314026993860387 915748414270928755 439812292011293485 -198074201515989353
994480365018174974 987576851393568151 589487727567959388 -1948254001525326 -415765132910347059
735367982119853221 476852707759466277 -297613258272687643 -758789797284379667 -997081869849468640
970846504466885078 960154761685456435 926792550359319391 812530147328549901
993045150416987842 870111878789910169 825499032211429582 808502849507454791 729286923838917110 498824504927283151 317952853123068062
952276298714072499 925383494290044731 902741604433494345 -177871814007103973 -303273323819645117 -448351021646214003
993632371482765102 815959249700650782 813743422251127290 795205529217515868 434789864208118829
878510389777162797 230683252126959834
636116553931732153 147859914175541491 -583762117966239741
399655957191652121 293407555733506314 -958458583826890540
999635255869032292
902813993681423344 825009434192702024 745789410146038815 -280279816768734296
967607497452638966 964681538379552921 927679344478734861 717565874028953653 312808069695484524 237020486052096944 2460465101598108
985230079957332210 984928125399890179 983520693470892048 920219208009364121 896874451325144917 754727693605866661 257094263316954018
899876280027240981 894287246685958658 874095089698462492 669263173891342323
979617061879540331 936333691593031076 739242613802644141
997554594374678310 987134348564834595 835762344080870558 431182277505835735 300507055017568650
902379281792092428
984906283309014941 804894726862441644 797088731718146236 771618095175307835 718923452965741734 692985277234763007 608377478513336210 599924874904107428 587047214105678959
985068166255149360 969178276644298017 848978112414760424 323068796285068795
951661702802858237 102403547407225540 86460033620524603 -954714027869022429
976042966501872538 545299129498564464 -419417589823272923
906800576825313422 822351660620032065 822188332963454036 783593162757190909 671685484227621008
875737835617415553 177303775912626982 18086060185374871 -251097164470790610
956015819687358589 906169858699094109 855036766150774516 817546738494925769 637770251563627973
962054234222928368 793142232226775134 749813645365691731 713933786894167411 470004154517875890 -329136558459269528
966200245993657385 390009406386092764 153200021540223222 -978310819232867720
574001433674852061 573674559207019070 -501297025621796367
960547330379308196 144230978907265651
970876869251914399 968671948060322660 765761979551916864 19498575426542596
991022419996006715 916576797826585641 704353678774771044 77926612519947216 -945124896094897953
961944753350818378 759494319359831727 398883234544584362
826195474453369724 746543218970079592
886104925242624415 597510663428229405 -65239022287276055 -471677518759646211 -561010836311123829
919530635571472940 801956337406013976 637646333390346412 -798217172348305030
979451468055375943 932611053905994707 819824318973239122 637917298222130807
727469869916591053 721118859924034814
991762929765366655 950434969968714337 933755599816142538 727771329826736146 72802036628804614
897983296302209625 478950949800965848 366739359818824023
52678882215173515 -238839259143889852
943474421216267263 746694309013789936 733584158420717976
980660716970769050 971076171384839656 896988190638927446 -747830090514351686
945132175640734133 902814632567790739 896404843141668336 171852343914071734
896254800463219916 833627536814027532 677017923529456298 653380424197885683 592955157934676399 251986465716241077
749939635681796688 178341161537886664
952967125333844529 925826608264845956 898555790826124021 756825796049284168 532650320887202925 317649997481489812
978516395649781748 977348565007997762 946323485135825619 729108859325869636 -996715051099989328
196876634629083886
928169765771709262 890644399979373164
983728110015901949 941408605443504343 933086720164501250
915312963216707577 859893501412483211 841045630043464301 309400215020696701 -38361862849830447
