NO
NO
NO
YES
2 87
NO
NO
NO
YES
1 3 5 10 17 18 19 21 23 31 32 35 36 37 42 43 46 48 49 51 52 53 54 55 56 58 72
NO
YES
5 6 7 8 9 10 17 18 21 36
YES
1 3 4 6 7 8 10 11 14 17 19 20 21 25 28 29 31 33 34 35 36 37
NO
YES
5 10 12 17 80
YES
3 4 6 7 8 13 15 16 46
NO
NO
NO
YES
1 3 6 7 9 10 11 12 16 18 21 22 24 26 27 28 32 33 34 35 37 40 41 42 43 44 45 48 49 50 51 55 56 58 59 61 66 67 68 70 71 72 75 76 77 78 79 86 87 95
NO
NO
NO
YES
4 5 7 8 10 11 12 13 14 16 18 20 22 24 25 26 27 28 29 30 33 35 36 37 38 39 42 43 45 48 50 51 55 56 59 60 67
NO
NO
NO
YES
5 6 11 15 17 18 20 99
NO
NO
YES
1 4 5 7 9 10 14 16 17 18 23 49
NO
NO
NO
NO
NO
NO
YES
1 2 4 5 6 7 10 13 14 15 17 20 21 26 29 31 32 33 34 35 39 41 42 46 52 53 57 59 60 61 63 64 65 71 72 85
NO
NO
NO
NO
YES
2 5 10 11 12 14 15 17 18 22 27 29 32 36 37 39 40 45
NO
NO
YES
1 2 4 5 9 10 47
NO
YES
77
NO
NO
YES
1 2 3 6 7 8 10 13 15 17 18 53
NO
NO
NO
YES
2 3 4 6 7 10 11 12 13 19 20 24 25 29 30 31 32 33 34 36 38 39 40 44
NO
NO
NO
NO
YES
1 2 3 4
NO
NO
NO
NO
YES
1 4 5 12 16 17 18 23 28 29 31 34 36 38 45 51 52 56 58 61 64 65 69 70 71 73 78 79 82 83 84
NO
YES
3 7 10 11 13 14 15 17 22 24 25 26 27 28 39
NO
NO
NO
NO
NO
NO
NO
YES
1 3 5 6 7 9 97
NO
NO
NO
NO
YES
2 4 6 8 10 13 92
NO
NO
YES
1 5 6 7 11 14 42
NO
NO
NO
YES
1 3 5
NO
NO
YES
5 6 8 12 13 14 68
NO
NO
YES
4 5 6 9 13 16 17 18 19 21 24 25 26 28 29 30 32 33 37 38 40 42 46 51 53 55 58 61 62 63 65 68 70 98
NO
NO
YES
1 2 3 5 11 15 17 18 20 21 24 26 55
NO
YES
5 7 9 10 25
YES
3 4 5 6 7 8 9 10 11 13 15 16 17 19 25 27 28 29 32 34 36 38 39 40 44 48 50 53 56 58 59 61 64 66 67 70 74
YES
1 2 3 71
NO
YES
1
