100000007
-1
-1
104999
10008999
1000009
-1
-1
-1
-1
-1
6999999
-1
-1
106
100000000
1000002
-1
10029999
108
-1
-1
-1
10000099
-1
100000006
-1
139999
89
1599999
-1
1006999
-1
10199
-1
-1
89999999
-1
100000008
10000
-1
1000059
4999999
-1
-1
-1
10059999
-1
-1
-1
1000699
-1
-1
1004
9999999
-1
100059999
-1
100002999
100000039
-1
-1
100006999
-1
-1
1000019
-1
100004
-1
-1
-1
104999999
-1
-1
-1
1000019
19999
499999
1000029
100079999
1002
-1
-1
-1
18999999
100059
3999999
29
-1
10299999
1899
-1
-1
59999999
1299999
1029999
129999
-1
-1
100001999
