438152644
16784021
249457213
91287944
588266778
681402439
339404932
838073833
291072531
74628397
230782846
75932132
327992953
73240018
563353979
734459841
632310299
152068877
22123704
78552381
201236512
258837352
33864031
534709743
754581488
456794782
662215430
706645037
314359462
713330326
463365385
29206010
20574082
72893524
426012439
401575860
238867500
52316829
664774767
108792666
315220471
282684436
605806429
496251788
166209174
596561268
100215185
401761416
76046022
919941781
988726357
111073715
413095143
497378247
335177910
100547794
364800606
427030555
583284343
512356053
36049477
58333433
89809407
938526757
101814276
183506266
944990464
304058550
361413958
491701810
812594218
320756301
358018192
139471098
872574031
8017198
430921796
282431011
414594021
48466156
246124761
174669234
152788785
865001128
109887650
188245863
543996330
253163447
512226685
31959626
342602271
342553816
6228680
329161428
114016172
147568072
175810494
40230519
261072835
321644573
