593778050
769055740
814418998
928103754
856102952
690833597
900900889
787937401
628443228
457063472
351658881
645701868
730264381
789915359
632949708
469213657
397161005
876384902
882563783
820986220
586445439
431869806
807965549
625748179
621459430
962422545
331704522
805014184
617832831
456518178
876269732
938581840
441154251
477080719
458233355
423734811
793985216
652199671
703778904
665401161
934149821
484884006
422654022
695599417
465388368
543071088
410136912
760545997
453121113
888155424
781765420
587551727
559824723
857974807
966692313
381487497
606088508
966824523
682475131
353412327
425879403
703547809
419804903
814459124
456968965
741153446
323348053
603588030
563558576
565126236
558040733
448611583
357867036
931081967
799768596
578801434
776994471
988840209
707150081
492628056
470170621
349483352
343541810
359373056
880118774
469103261
958287138
799202137
433377315
443665145
736845099
450789891
692369670
850236023
434327397
946784252
553879116
390454729
937271986
617014954
