YES
19308853 19748868 41565765 49623937 86424359 123265116 138409486 158472197 163079706 171046984 185614079 207248054 210035749 223748136 224661556 227242695 238375091 238716694 240111900 279896134 300173946 320757891 339013848 359029257 374455103 391214476 391747439 399156861 420205548 422278112 448840165 455659858 458392238 506136763 513149696 515450295 517193837 521549903 527450081 531256705 585245008 603563800 614008409 632825322 645897032 666858990 669433601 673741496 693947480 702219931 711773615 714187075 720180685 723498442 734243773 763176024 843908806 857483322 868679673 884739335 894908268 908098357 909917899 911170352 912919366 917489694 934089384 938433490 940938418 946019642 952622415 976177019 969481679
YES
35000504 82114016 86119241 95760402 128270610 151752124 176854946 275692699 324513197 393363670 433206461 499118925 526903555 536527262 539532393 595997571 640697348 675472258 724418980 731548736 732887505 734128556 787154032 798334375 823715468 828667172 830206503 849414456 862930739 876991545 878183357 922465970 948640846 989137341 971179683
YES
55953747 56602415 57107172 68567631 105918203 112110566 114239572 120743889 130307759 134347178 173503193 179288628 184425733 194523595 201814426 210031158 211415335 212128230 230464982 282132542 291196276 294492998 307081087 307702523 314007419 314487492 318976497 359021558 381449988 390810194 401168373 420613293 421005668 421484614 474665124 480651608 510347623 552456064 566819229 575318997 580941004 582875479 594492190 607633999 608323878 626206954 644926799 669524463 672710487 676450965 677389852 694998624 695225093 730782968 738976461 739378097 754821807 760540332 782946665 785197281 818477532 824797716 843851392 853691981 866528945 884902649 894374607 894682274 899770797 916896252 969711215 918357257
YES
4323832 17073321 17160437 18575945 19678408 26165427 34973501 59167718 73813635 75999921 76523573 104793943 118318097 149326888 165733456 169828279 171085053 193608695 194547434 206413955 216450787 236361540 252801811 253355495 259241016 260695517 262560249 263899602 289552794 302517943 323893267 330280333 357964536 358266200 366236714 366431998 370335105 383393476 392821195 407803900 409348008 412630139 413646622 420880732 437957718 452824786 463369268 496673475 502531198 504775978 514528231 514887545 520045891 530354721 540074724 540167541 543356458 546882296 547004736 554973934 565198186 576769376 583783733 586968357 616096087 617010526 620390867 621489985 627991472 641878863 684090213 715417988 726417067 728892790 732097603 747887360 757196773 757642993 773196815 778392013 788019888 802175079 814778258 833413151 833900840 842158781 850735903 856156517 856537828 878890522 881363799 906203044 920767304 938999209 942431952 988924749 957186222
YES
11650347 38491754 138864276 147900623 164966393 262058456 274720360 278044269 312629546 370975389 397719565 693930788 699051310 753122316 809256835 832397264 844100432 865782860 868677641 891472313 994536793 946544736
YES
9686644 40710174 48013869 100961084 119984351 175477736 177789109 259751128 267997526 276038445 276395961 276917136 284783447 330247826 337547103 338647079 364821833 371216426 397433926 406340617 414527919 434971802 440181307 446987125 447402403 455152030 476574776 483785329 487734638 510366051 551273018 571190430 584733022 601863666 653582228 655197396 684936608 699769475 716957277 735329253 753239904 768717650 785017564 820092328 834213426 839195060 842277888 851115685 868707019 883938243 891274430 900526890 910881427 930296894 931234526 938921300 939235853 942042794 953676618 989726433 982345237
YES
279323044 292589765 367783444 421957183 438373687 442517632 503701045 556720819 563601726 571483187 594575766 605899088 662569180 777793720 850167844 863789396 916349062 875284898
YES
1072937 7312925 25287535 29397577 39024487 41271095 42116910 72416064 74093815 99793504 114106518 126806193 143104025 163302753 181419165 189353801 220148126 223635133 242396671 248584562 260346116 291418948 299486085 319932792 332031860 337358816 337855991 339690688 372585372 372608836 380364000 426540626 431008683 455910755 459104418 473259950 477498537 490748832 491562570 501469420 502850834 503380203 505815780 517014845 528243244 550786668 579513053 585906321 594834474 673478398 686442761 687485334 707847171 711695883 713631097 715090763 740550289 756711009 759255100 767406692 771720032 790568156 794059599 801615258 842020674 857847400 859299010 864053436 905320146 924272682 981758191 948345226
YES
4972416 148168641 193115859 245023083 262551342 393229318 394002273 426289249 493057799 565350813 565749590 566901230 636183145 882294203 958365163 916040680
YES
73346726 167057452 248376019 334126947 354052839 912241688 646142627
YES
13542300 36069360 58798542 72527616 73432245 235320803 276525892 296254907 308410424 364643630 418961335 437253971 448203045 452122891 469501899 534334537 535805861 548255481 565548295 654804669 796487741 803997153 836675853 844402811 984197311 950365793
YES
147391558 285784399 330860070 432352955 438048962 504541353 538586356 549608616 622721169 680775328 686355711 709693177 764823439 998915611 913772466
YES
5418679 8579154 38639126 49561451 65941751 70350549 72057347 72350816 79395645 85266606 92182543 103514003 117427003 150814207 163484205 173133662 182810972 184092644 190172912 200565854 215473443 248786052 266144822 269571331 279157200 287943120 295039461 295629320 304571667 306778963 309901655 314220364 315697014 317085977 324521834 324551191 337805561 344047402 366324455 396759389 398274833 408176713 408565063 417608087 476602997 479928876 486252905 519846897 536399747 541720439 553487862 557761288 559777412 564112820 565234068 615613691 618231278 627334719 659187520 662419147 671174885 685121834 706104949 718794702 733014434 742473928 771849495 785043023 814122350 853009001 856157806 863996214 869573389 894515920 895348429 906942909 914194668 947481314 967536067 969501575 971682117 996256608 977143400
YES
10116190 27896637 37415624 46543615 51469189 52556300 93982542 95451481 96398486 105745696 113118306 114054178 115096477 127135161 134807142 135553938 157388383 177410730 181301235 205991135 208839020 213370254 221110891 225363188 247237561 272597452 276678957 303614373 311511684 340615001 348000942 365893879 376606920 376908194 377415812 378677637 429068694 431406052 432197363 436135976 455000816 465521772 466881277 469462069 488981074 495253051 505159170 539820023 542758207 553474133 583996547 585797564 658362471 664516970 678121248 678306753 682950976 683742068 692184305 698570502 700972765 715097438 724397127 725376515 736331116 755503904 774435111 777483415 790917264 803187857 805129289 819782170 833156086 842402260 881018638 882845745 899889026 904938196 906948514 918474947 950503506 956738609 997721221 965463851
YES
27457174 35084077 39199499 49049823 69999868 82900869 90852955 103958761 105651868 119859271 120360508 121064139 162137187 184323595 199791185 204362674 219233474 220935621 226847420 247889030 262835180 264559867 267180810 357817715 363222791 365740659 379409455 420458485 424806542 431802675 440237974 453397841 489291815 495187918 498716967 515111196 518045053 519788005 525391597 526021712 529614473 535541363 538099861 571867729 574721580 575925438 579829027 592342670 592635043 619095258 625467939 628364907 635491562 667953258 669991234 683638904 692167711 695171969 698339733 704581979 718244108 721219983 722489328 792193115 793565104 808691664 839750783 846424689 856969720 859655061 871943437 873088789 879137613 881512332 900125022 910134592 926686418 931099759 935142186 944266575 955729649 961110316 968331494 989189562 970740042
YES
13551112 14525278 19257665 45208532 47946451 88429287 94966320 97017498 106456031 131268062 137194151 164105759 215472538 216207241 220422353 236566514 245640051 249370830 275100234 323732588 327323818 341085113 342058657 351599638 357035705 367776608 369929280 403917387 409392020 415723791 417051366 420817322 431347736 449656696 462448700 476150920 476329686 478202772 491722011 519882729 527931500 575390325 591835096 600725061 609839248 616752674 650077677 672087632 703459638 732223154 746532600 785800484 807223127 819427608 852616006 856822076 875256808 885912222 889665690 912421154 925292252 929501637 939972483 953752623 964779103 995502016 969242630
YES
48613436 69794005 89620994 101452819 150518668 177044803 233321006 241601342 242806437 308911177 322093580 331969678 368264205 402343003 412236416 418367969 448918696 461007164 472099486 482928564 484846341 487495251 514217399 520688894 532970942 587690621 597820478 685627463 735128568 747608219 751594596 756006147 805427312 810237001 819834227 824592991 829130783 899977737 946586013 977293957 978573154 989069185 981854477
YES
10796034 16377512 43110086 44741814 55642094 62706268 84387840 114933246 141228336 151346136 153494270 170730767 196832385 197633277 198490791 211668586 219692537 231982362 246102028 265651739 267529019 273187865 286125207 291165270 294833302 298535893 328408917 333120168 339184839 357451384 370888630 376450385 383934560 386296031 393182832 402404944 411993573 424978227 428770922 443090152 458431734 458958162 466736870 489486910 497110407 508678487 515322362 518684428 539088924 557012545 557060733 557286037 569894673 585019006 598337549 607363097 625219472 646081517 647109216 650469277 658397084 701408559 710011325 757853044 769331800 775192170 791524726 793469640 837660141 891443852 927889885 962701484 930488073
YES
217918213 402127963 406395361 424881820 443173228 464471932 588729359 713665187 769319170 881913162 839071803
NO
YES
20734026 38286487 110833073 114137550 118900633 120961262 122504116 125455020 128971303 130777768 131109091 144818036 146484561 150278190 155662597 172423285 189088329 190693763 193695203 196657131 222605433 226385442 261504957 268327358 272215743 285358798 288475318 295724121 302563160 303271327 305239030 325045964 328532044 357065627 359728235 359896328 364561436 373883866 377288570 406300766 417429887 418084714 418265375 419553749 419994171 422705393 444553258 464676965 476530073 498217976 509454402 512604273 524983246 542385575 570028143 575925273 580046509 590663022 591638932 601795872 605091856 609313115 611211085 613923425 649798552 663492545 689273753 707345562 717331725 726095871 733720987 738407083 745435793 760990285 763541011 771262567 791657561 812750499 819968720 826570917 842715751 843761235 886735847 888038373 905699438 909607924 926955510 933495001 945857226 959780119 977910455 999667991 997823011
YES
35188213 38022282 65256960 78013332 141343208 192678903 213275359 231325763 290343696 306551291 320114357 335764472 365592813 366341114 366713161 392494092 406495602 422380098 460392689 483851297 485949627 488967085 527912356 609956016 671874844 685675851 732822159 756078605 764304343 775465680 824559111 846410718 866561321 887991846 895592833 918914857 925135373 935964688 954632432 989012929 983083777
YES
31277811 73185174 76286869 115362705 247234228 273003150 391576302 437346411 481434574 617174512 830624651 909627421 925277545 920632844
YES
23714198 82192126 105969374 122885970 146672518 222521224 256742022 328820374 364776142 368833002 449811457 499165274 531168224 539437549 556304485 569596324 573794791 624169833 666047093 705222998 744995821 797641814 806857240 971376339 830773695
YES
51236190 54317760 55417197 58682600 68531757 131863130 132295563 164686557 169941973 192807865 204397737 221806362 233056105 253598672 256094940 261457129 272797363 272852122 275662929 284309217 290003133 314045474 330437278 359213641 373647342 415983292 423182305 435461054 454905557 463551288 489159187 497236315 523258980 537741266 553263848 577031000 583271896 583856240 591794453 617330660 619349594 629299978 672234929 700011111 743905126 784417638 784620097 786988602 789799246 805444312 849440596 862174045 875552731 883152385 891098806 912541411 922700315 932749127 944479147 988061827 957964399
YES
21520541 24807208 52567464 83253659 91777578 203497954 217610981 246254783 255134224 277015802 309506191 334029555 434897924 439929470 451838642 484403920 533212445 553282539 567800735 665433397 679451877 716537417 723464010 725177636 799138833 825527530 830642050 831481808 835212261 850366417 880342436 916488327 933846621 936271794 972107574 952540334
YES
100788125 334355453 346523279 488956709 529017481 551832663 690386432 716801126 772325123 853433974 941800535 901831055
YES
4021291 19173202 36384316 49358507 52579480 77031808 86706445 90279021 98330789 106721033 111118782 117503819 122153963 132158726 139526765 158182895 178368763 180606224 214269854 220413613 236889425 254714687 259602903 261315779 263910009 276798246 313149045 322250865 340765494 351385925 355717748 369782363 378554698 387420085 394549300 401902522 414667858 431550092 438522910 444980428 452784884 493906488 496918642 497494070 511706763 534553378 538128411 567197933 570563128 605105264 615375882 616350508 622607664 624608167 626894742 643658963 666999442 671897234 675004364 678534471 683738393 697134035 718817987 720461623 722205843 740901613 746283353 776455937 777831430 779061724 792172411 810102298 810157113 821010653 825477270 839383204 839761741 900081154 900459220 900531178 912940061 914721025 924463991 925141274 928901405 929486008 958116306 977088841 989672488 999580624 991452062
YES
8893794 21087635 21241747 45989850 80596877 97485078 107830563 143503271 143581704 148605782 152568291 169411020 171307429 177077100 194593414 215456435 231405257 232967183 235118588 238117930 247168115 247217521 247550472 251087690 262035181 276897626 289949430 292810646 300240341 301320160 328040423 330240861 343649455 345350929 347355464 360748255 379234230 414249951 424511091 438829099 454853756 478924621 480493687 483603524 494811629 523265509 530414893 535795736 540091535 552010967 585558265 600828164 601005440 613285601 636537464 639854191 641218679 659897615 670063161 672426298 680024075 702029342 705938106 708723721 715665070 721380796 724599646 740150831 742058978 745567600 746682679 762767444 763298424 766385490 768055371 778446182 780526763 787646007 788926388 797098571 813623538 818357861 842825510 852835602 889201506 915768210 923605240 925687834 926618552 931193697 939932229 972225131 977956516 999071734 980818901
YES
12274066 27939244 69812297 70735427 84946423 87232692 87261519 125569080 158298885 161130884 161364155 161895213 166253398 189620420 190077791 196730578 211174005 213917914 215020899 228056819 241733618 251888245 255488171 274126995 281727054 301105205 317687786 360689353 397925283 403990429 434371648 440577721 441471200 458222798 475817825 476580560 489716508 518036619 521416979 530025747 543025197 549678534 560381499 580915778 620463355 635595461 664283192 665611957 701858518 706534399 729042815 729526919 756014467 759920639 772550764 780621754 787471106 789114226 794076473 819000972 830762466 868522655 877411483 885243416 886010264 889709583 890608815 917471709 928986874 939053357 957621177 961065212 970610018 975803273 987706958 994380534 992499200
YES
19425652 65069144 68134865 71059606 86040695 95446613 123993112 134536770 148050250 169807800 175796646 179210302 187219846 187975385 195389688 195479691 212383031 249209356 253147583 260194156 264709157 269395831 324075967 332089540 338387525 361817747 370535721 374257460 380248290 400512739 406744924 431662746 433150078 443940207 485843731 485919110 544870156 565361160 590104406 593239311 594281592 612057797 660660122 696279568 722720771 733840088 748411977 752476881 765575107 794145685 794274198 800612172 807935954 809172082 825569793 829673324 833904914 835307614 846414569 853533274 887529037 892850586 904198774 907922135 974162536 913477259
YES
2574195 3730216 19774737 55501398 86252338 113399344 147433762 150193341 161714453 161758691 192926693 196899373 199435902 208909257 222964569 233749791 261787209 262430489 270147441 271134320 280978662 303219092 312490713 330994721 332543459 335460862 352213719 390525844 391615547 391709012 401913850 416617862 491653290 504365590 506209821 532256768 532791844 536117306 545148656 545848582 549228778 565676567 581848134 585984811 594530017 617617482 619721259 642238544 646671695 661627245 675110592 735926567 761843695 769843636 777587530 798095177 825685491 829239751 833986373 839437585 883092014 886065595 969031221 977763253 983608083 982414684
YES
18483955 31491947 35924853 146462280 159318874 216742051 225452688 268119246 285617002 355747789 452576290 614795738 623184183 668696120 702693700 704034537 770085724 814512026 842775068 867554420 868132916 879335295 949260310 962280104 983559453 965962616
YES
46651839 83337625 130503609 199005479 296824920 339321122 415848385 420837771 448315844 457512344 547318447 584995144 604436469 622643279 870540581 804850312
YES
4575075 13255962 35768024 39861412 40562647 42900791 75466608 96993360 105514252 115195889 135510427 146950146 148407938 163467853 192664341 199619844 201397698 211409187 219233996 231198084 236925276 240945935 271922729 279533339 294611604 295263603 298649881 301303882 309532021 324072558 330784005 333386957 333997111 339597756 363153476 376836817 379244215 380893172 389973750 392524665 398236174 410698441 410870340 421352954 425618107 441822364 448474508 458568631 468817091 473929714 480315977 518850390 521110015 536239046 539246300 543179649 546474321 580799846 586068359 609123982 615030021 617021657 619920502 626669809 641591287 646165957 671789687 677084165 678087905 693332541 713946194 723988700 727149203 733246240 735752832 757083780 760944717 763611734 770116740 775594154 781152140 827524485 827675558 840489465 860494874 861752072 894787046 951980498 980833450 955440214
YES
2115077 7855923 12301758 69582725 76295006 81560209 94456673 119059716 138719330 147182134 152173089 161653514 172893424 182225020 188716743 191177466 221653100 239480205 248818225 250102790 258081656 262904473 264317578 266385207 284176284 300859924 310672380 332720184 367320817 372227468 422688864 448571872 450292614 452618195 470396285 484320320 499966335 505647642 512752029 533018294 534639170 561537070 561909813 563445774 577275410 578220490 609477893 613016196 613913723 620162716 654653916 684136225 712126193 725778764 745064729 763366124 802953812 810819266 813485439 854884712 871090435 872810426 897026618 909915181 929441323 963014454 970135557 972034512 992991147 972549739
YES
18277275 73434347 130823680 146654150 157678355 159071394 181994105 258400015 273490047 306948071 339495891 363835945 374854168 395901638 414869407 478160094 479346535 482537484 506746407 564188958 567992367 606832623 612678407 813350457 858228488 870923948 983302002 994997993 993725995
YES
7214363 19222318 46744526 56230405 75064650 151793288 160112805 188465483 193774861 211648141 214699695 239162159 267422767 275243271 280978123 332968795 347434654 347792947 351336550 366654718 375925170 404854497 424533466 449271819 453921876 456523496 465465886 474578660 485294605 492646575 496161028 502689693 539784287 560939540 588482949 605429197 624293826 627353524 630498343 633677289 655395034 666181276 668324655 717538410 735036824 761776830 814475035 824189674 883344801 895031690 916734921 922998977 943342495 993707454 952871810
YES
5737468 19492522 27440112 72453446 75547049 99199804 187604588 187909806 196703167 216898667 217989234 241184306 251477848 251511255 258512410 288845553 296336217 301567857 313418984 354311227 371715210 400335140 404609002 427829270 436339281 451383502 468630221 474639373 533058911 591025319 599381873 618955515 634192018 643063268 653816324 712116733 743096810 769862277 792815206 801010188 803570993 817925109 832777844 837653726 860553710 890247332 900523855 902160263 902920630 931186211 971620119 959280316
YES
60873946 76677311 118424527 123627440 123967270 150060780 168435699 194030147 211289879 219108570 221728514 273503856 279345368 324432146 346025132 407967139 435394990 449868586 450687532 454659111 473018672 478919038 484308942 520179026 523917677 533269708 611987281 637777765 678362443 688489244 700745190 703762633 709599421 758670627 769977858 774772861 782146939 830659189 844923413 845575280 846716686 891644716 911773294 916984393 987023045 966515369
YES
37625764 62412161 62658878 63599053 64455133 66943450 68858507 71709400 74288936 75130580 77201427 102430032 102967488 103088375 112521518 126805979 134517068 145716683 154140138 156617262 160654380 165398361 177452061 192269104 209720963 225397037 266364882 273393169 284770309 333654632 352033657 352050671 352529666 353341626 358660360 361708457 377690482 390476132 393549768 427815247 436495722 455445196 460602076 464594176 481222327 500695042 504715118 511571397 515800952 517849818 527428296 534685592 547162526 620943781 624093287 627295864 634026479 635386771 669808558 680232748 711452821 711734510 720572433 749068896 750655426 752804795 753257224 762178516 765679728 780706041 783081066 786180490 789844639 790380335 801508809 825873757 829139417 829531016 847372450 852075674 856667630 859908313 860596814 866293981 867759817 880555792 881986049 890699091 892174693 892291712 895501602 897726693 916168620 919648044 921106485 928349550 931941078 961873019 944990309
YES
4166127 7067780 11870620 47951515 59340673 90229580 91078386 95184065 116583618 154727222 161979021 204313984 209053669 247126239 252974883 266413045 292168666 294907809 299031466 317728971 335678182 387999171 396008986 401349932 404271586 417020969 423963429 439606163 471960522 490916209 493845832 495550767 516404567 536256318 539759031 542537409 552014067 566587313 567061271 582050194 604325488 620270573 650430483 709459711 744893786 769995998 777107617 795296931 806550889 824887984 835807998 835896562 846505799 866888523 885806052 895010482 909267376 963469085 937927072
YES
31089829 61750905 70019009 136863244 203474606 213211748 220947415 223476462 266223522 267095712 283013335 335927203 362285816 434398727 449648684 457649693 462047704 473123905 480677649 494449212 525738361 526252556 537189901 553910077 592904467 601130888 621526223 625312477 632808247 661364288 677958400 679158699 694084980 702042558 712512444 729443765 749660475 767484922 770749286 808865506 828208037 833507238 858903534 885545193 898974151 917573506 946214891 917908719
YES
36757747 44949859 85695096 127543294 165678600 166514934 186314741 195958134 202277837 288000584 345739922 358503153 417089782 421603840 440458999 443523207 445814841 454866244 487003512 529768653 540487258 564505430 590539327 602601626 625583266 644675423 675956901 679648479 691432977 710856221 738620489 751408667 762396735 808416062 816103621 830524089 917726665 942034264 998259463 995929035
YES
6300357 18060464 18990700 38308111 50866909 56751878 60864216 69233565 80975416 91910626 100603430 100974251 119083129 128111781 160683045 183329542 200764991 206656624 220962739 243826989 252521735 260944902 277994945 278190602 279668066 283811798 309531101 317000819 317784498 318931846 320228039 324340056 341054302 360817877 365172401 446100951 452408236 454985634 462970986 464197462 490593654 518167946 536199345 568123380 572821496 580920569 608072347 617184820 631318062 669325621 676076888 679915492 687064167 694041006 704225132 755251528 759373954 778026370 792003391 826488187 835642375 864492820 892908388 908375025 922397833 923927114 924598213 926575411 937465354 964887954 991999047 964908165
YES
51413263 53832461 57971671 159377706 179277993 191669277 272578032 347687840 368864976 529877351 558249339 577935987 602506609 621377436 631988118 694448341 736039957 761570059 799311671 802409107 819261634 925984462 975856188 933229178
YES
10620313 14440153 40869518 59782764 70771182 84696961 91698697 91724702 95563079 100633703 124960987 159192101 170984827 186720919 188259343 205495950 231831245 243815469 255807646 266220252 269321786 269684942 274264078 281721600 284924488 287962310 296928357 300252517 312868523 330355437 332461256 349000970 367091572 371813869 408689384 415944201 419810828 427278439 483619521 528067706 540669849 543024869 543461676 572634765 588266252 598096245 603357163 613124111 630897969 631799745 640237536 645277161 654140893 712771325 732715017 773926582 791023720 794502134 814815586 843543389 846722361 854488165 855447103 855528362 885097967 891195251 893892487 900705022 906352283 909063978 919752834 924848381 926448163 953338150 963411904 972498476 985369026 999629958 995486109
YES
11382809 13981309 20691870 29675884 34742777 55170880 62462118 80200173 169327952 184652532 213876341 219132339 222845560 243514077 251110627 253537426 259621523 261940334 263673782 273224670 291772501 300197461 318872629 340747038 353325299 353998216 358627008 376876571 388772581 389235418 392666142 395402106 398607959 403626207 431880155 459524935 479631911 509503789 522010574 540264313 550059124 556003914 565563192 598777885 599863387 600665540 618103225 633464336 651940791 661071637 690348842 696653673 701624641 704788049 738850414 754579765 776374085 785842647 786894327 806881162 828529165 838003241 843116240 868376034 880660055 881609548 882784494 903146519 921720983 933537754 938873188 948850819 965561303 991754353 965688466
YES
3389905 13920027 21112638 57929297 59570406 72188540 96935138 140879117 164009709 175380216 192151235 202948513 226815120 239091267 239901878 287525324 301689836 315495386 316076893 353370168 361383866 400569342 412316289 415493049 417568094 419392207 431016869 464280743 541849345 581531604 587400541 599436079 614670217 631829105 646302024 647159362 658880048 678225547 688262032 692233731 702462679 702821156 703295966 720199032 771374122 776927958 786847172 821022373 826108345 837237136 839908464 847516482 848094042 862394456 863044150 870346343 871782010 875128253 890022030 904751038 906903021 909881656 922860758 951751423 929709076
YES
545107 2269144 5213056 10631486 30164019 74011698 147506368 184424244 187587387 227611290 237442404 266057890 270479020 278106580 290098770 308007852 331873202 363483435 366476974 367933285 388275050 389979025 394985286 408558002 411629220 461709701 504103830 603245116 628798947 632515967 746176532 753515713 762785315 772941842 820709491 850201909 859431917 946260318 961599297 950972445
YES
10953840 17257195 79467130 90317734 122293626 162327845 201726915 289879166 291573827 316743509 346214453 410082420 411993336 416155138 513829459 539862983 561170932 604370635 618860593 690211993 706040504 722308387 748854193 760840944 767008328 784803083 793658912 846809999 869920019 875124321 880885500 886327406 899031756 927610746 981960525 945071583
YES
106231935 176496031 206908141 233661330 272020102 351886910 365788414 402525618 409158772 453413244 538303618 584528910 781344793 782165740 834476803 952655163 935780676
YES
53263394 168246417 237056368 254181128 264032065 264263197 269027377 386001318 386003690 470631417 494954714 534768828 550237935 579317869 670673268 910929199 950552490 926574930
YES
27316252 74498559 140082846 209848079 296159029 319435280 433765153 450252793 561485097 578761620 607224637 634410166 645921078 668426128 728605467 753832751 768016161 999208244 832494045
YES
10858431 45027824 57540738 68095074 122663943 140810757 158143164 202006327 208595696 212050955 213181110 224259478 280863630 287129613 299824596 302715007 307266864 321220257 335206476 343015981 369447888 370181193 382235447 447239107 472224644 487167929 497550051 500180965 516936555 529021694 542929214 550790295 575588829 591883503 592043300 623994856 626006902 646336081 659620407 674874320 688181386 702586782 717637059 729497158 747872889 779707177 794464956 798138379 825649911 832263636 840666479 864924158 885473027 902003446 909423376 918195733 918351812 920320980 924317464 934931955 942489690 946101972 998287207 983169987
YES
50715230 86504036 146383743 170437409 182940510 185633368 228877058 344546377 364738331 421397837 438215951 439664584 441020095 449585543 474480220 501626344 506089709 542322251 562332334 627711262 633118036 655265557 669334488 682458102 701721218 770511142 809070616 862483808 909868885 911618000 927942286 995491189 984732999
YES
3039859 13556754 24432661 36019881 52543888 58411981 189101836 206235998 218102864 218486284 219566435 223397741 238490679 255890862 259371360 267842228 298258257 310660375 311893221 320692845 325145541 337683930 351772001 364729555 366898437 377461527 377498495 382782227 385014981 399829957 401861829 405250026 411111442 416164299 424153030 436017264 448565764 449278325 465006919 466386062 482860325 493238037 494875814 510254845 521774471 527685377 536853671 544272794 577484514 581282556 582036342 583568413 587409455 616343138 616454844 617892831 632873777 635925384 661697017 665742948 674294673 681835750 691787745 715675456 728914558 733687446 758469693 787430461 805013048 815393368 819389969 830972326 857530087 873231155 884788817 895893664 917465977 931294335 954083826 963896066 963923050 985203346 967761819
YES
29861902 41666333 45381512 54253748 77939560 81377473 83898361 99195794 145296148 212939138 243400846 248773749 273251822 276549539 288073715 305838013 328785479 329130231 345027335 346457082 369384089 370529361 384728072 398487112 413209473 444514683 478868187 501231871 529039815 535642087 539160727 539500148 567948214 604740039 605953866 622534716 640618784 642625562 751271987 752240163 798868861 800645382 816955899 851784487 956068806 898475995
YES
3713594 9811068 16410820 22977156 29490697 35353092 46526090 50064779 76369186 84328948 95849557 126181108 140487623 144382402 153540510 170794608 171267323 176310415 201273489 203909149 205170727 221074065 224666785 260391535 277392771 277523524 309023288 313199105 329942700 336022105 339771853 345524534 351335300 359819050 366019305 367002133 405139400 424851818 480722248 486902120 487419603 487978084 500418732 508409692 526173402 545982061 548478263 550183309 574896229 575266066 582885962 589097973 594972241 626086276 637027494 647814792 657735608 700106039 726311614 729885453 730860873 735682521 746336819 766414766 809885352 811959703 821450929 824825622 844133139 883381730 889468356 902792536 918504354 937191210 944780764 956323803 961393490 967159240 995466702 979370173
YES
1619905 46302510 87590190 89859044 173685419 231378238 240352727 273699368 274279047 278548302 292868853 295686969 302651216 320257080 322947560 325490839 360778746 399496094 403530742 410660242 416202625 418369462 506891344 525006245 636214915 660423523 718953197 932795980 872498896
YES
177441 5525183 14711145 16770118 28717842 47970200 69439757 78355289 86205330 99777108 104114571 106364603 124980309 139406047 140023557 146881227 148727514 149244265 149265883 150229240 180927393 189267381 220132989 223607187 237056999 246451247 247980536 259775460 261954270 267634120 282853581 283019258 283145892 295783366 315621259 327089532 331176421 340237677 348394479 376233591 381935005 386735767 393292897 393515264 438836607 441463113 450906803 467702040 483607910 484581348 492429377 494543014 495422961 496008895 505906305 522416268 567904607 568382737 572884669 591457402 602926050 608656955 623668506 625909228 629892601 632537276 641528842 655809074 661795409 662640369 669970003 673710492 674820628 683765755 692035632 702251507 705911768 708389898 740984023 743989271 748007096 764192343 780708491 809427449 826522498 836543249 844871611 847666106 874848091 881152475 912085930 935290870 940347075 982147703 977292461
YES
593081 9393337 67173608 98738929 142960323 152755095 165731182 170634050 183226178 200101169 200146130 209750444 226245576 226291710 226933241 231602653 249583344 251324528 260878471 268735638 293632133 299197602 335865275 354795997 357135782 358570818 381440668 393650150 406278139 421467058 426519955 427755703 427920632 447857008 465024706 465267712 474665777 481815530 489056740 492580307 556441311 557063082 559289885 563530343 575142635 632743612 636419916 690638111 702140389 704772290 708090776 741634211 745374403 752369984 757434024 762098533 782976969 827795861 828802870 832108951 838270714 857743716 866190101 871141505 873120839 954456408 965622572 988857516 999494668 989291893
YES
19549911 23316579 68228174 107788893 122660668 127328471 134095053 146490421 182653246 184874114 198865972 239291420 275329375 289759474 333394163 341059465 359212136 366201685 386168821 438439156 440958951 446671863 464096735 472588581 483330464 560979689 571715675 674024034 677911832 776936330 790461728 792596185 801595156 843457228 893655387 899658464 926263843 993065506 967293424
YES
6588993 30272083 34659067 58482634 59194628 135750689 137877127 159850708 185983503 205351479 273191899 296885736 311215245 318596569 331780187 338625010 362388684 372316687 377038516 378879657 407110681 431354586 438160228 464580518 489407794 500633829 510142794 523865990 528571991 580000359 588923930 588954818 615563303 638279774 649321811 669933414 688027480 691702716 759715236 779954015 785524286 838036481 841118406 878171222 901596423 914811862 944701583 951077741 982011405 963300031
YES
174263734 219015993 249926837 309379276 321083223 325771539 326210810 332242854 339458742 361774345 413479135 441046229 470579977 485448338 519096337 528558487 528935888 551089447 562743303 566926251 582592103 593076738 614815873 647843428 655044490 688006059 730736867 796476016 796717944 801784433 848360548 884041064 897172630 899042705 900682686 911607302 914990216 929043371 984873040 945071107
YES
1855630 3688422 35885603 64394229 67716801 147646901 192117174 268143894 272227872 298351707 342459394 389849045 394365389 412947796 421100513 422162055 518659923 528444333 587907375 675242603 780169255 897172003 975718415 963645646
YES
4882106 26817434 28801383 31326310 43330037 60099559 73734019 93244622 95290514 96887840 103929939 106594164 129118630 133478087 135785379 136888070 143764172 146513451 155531519 181512638 220012413 228626961 232891062 235185099 257676864 363832706 368389110 380612958 384767205 395809800 405025192 407094929 415037499 443521265 483016036 518928737 535921461 566414040 575107423 582358196 585534378 589494889 589703408 604595960 614669166 622396503 642578601 643247713 674671724 708437112 739082517 744799761 748583726 751292439 775272791 780536485 796650823 797693459 808412338 808557003 917775087 925613625 930135514 935455034 943864280 948479799 961221149 970247793 975189007 978057327 976309820
YES
46151842 47482581 72585681 90596787 95762521 103582281 112423250 127497383 132407034 162069338 163827123 175703324 184665946 200658023 200860011 229563733 235652993 246409749 270134239 294537408 299302458 301565950 307799286 310979482 314251698 319199079 319914068 323760293 350900933 376395350 399054405 423240966 435608178 479116115 481177092 491142385 511819423 537409391 540590598 542177046 560475354 569945171 584418787 584843129 602000953 605969481 609417185 633757659 645785442 649406526 666883202 667593704 667594253 671698737 673956743 678890646 692197718 698537145 701517717 705421084 730057000 776277159 786823497 793167555 827788509 854577143 879477155 881385027 891299869 899752885 900431106 903939712 940416149 955810264 968151859 998226681 979919249
YES
2677845 10722294 31982671 50009516 82008880 95649416 98924998 106511668 144445997 180106544 186664853 194894832 197546964 203411168 208687925 214448798 221748580 222241785 247286318 258395204 274912484 281090446 282755365 284382169 293840982 308196362 310579824 319593677 322421196 325728704 332295400 336113712 339172364 342703963 347133795 354836438 359711304 361888102 369154526 371228407 413795094 428914257 432152356 448262296 458199532 458762594 470297219 510305501 525482388 534326330 569830444 586571620 588104063 588739151 610497663 627670008 628039484 647867053 649517692 660151153 661416383 684577314 694788061 696516883 717523679 721736259 774352816 776828626 792412679 795425148 814520073 816795442 829641491 838862715 877160575 878114320 891033761 893118907 893464275 905155439 908078869 946970315 960482580 987119878 987949942 997763087 994651598
YES
134087084 303408690 322228983 716919633 683508737
YES
127395390 378523460 674529135 697240632 777625767 748249532
YES
9176320 19543103 36925847 42353114 52422927 84388151 105855239 106487672 130700914 130958348 133726594 136620841 150525718 196292326 196997425 203141883 230243190 232446325 247781370 254995616 265696837 284305926 324747896 350656440 363924040 375763919 376929294 377259100 380770703 431234045 444742704 448036362 488105518 527730613 557236433 579997569 590612199 609328450 637731092 663460949 671939344 678877016 681642254 689737279 689806042 707836040 709193381 709668208 719997761 732078759 734257928 742540493 745979686 748548323 770812799 774031387 810875995 815840741 820820672 836674382 838969021 877172878 890298661 949996276 937253768
YES
5096690 33009677 43662704 49278845 65007655 84959529 85787633 101807002 115580478 159746647 172540609 172890569 175940426 187460503 188367653 190130280 201650689 208986942 250925737 259685613 268223103 269459510 288363244 298864458 313799880 313994165 355937087 379333187 393605392 404250934 415393201 444505262 467421393 468723609 504136121 507942560 521633839 532961003 546321776 550559134 569116960 574481894 590017058 591681338 601581909 616694188 637748036 654433266 655326932 663469305 666394522 678881319 689754960 693504033 700044082 700085615 723758879 725539351 742323225 756270137 757419151 763135115 767639231 779244642 782915406 818571284 826491001 832409470 848345321 856883968 880749649 888100412 895672617 909498678 927299306 938730140 940700434 943306071 949811282 968113236 976478901 983448545 998462341 983940470
YES
12543450 23137279 23399850 26071150 41209954 43736993 45357938 49471077 54194821 67720823 92550535 118076363 145240163 152673304 154781233 159847093 160139601 171012971 173549652 205758679 210298673 224061285 247094791 305554902 314619731 325095094 343567273 352254129 384923127 421103408 452432883 514472805 514507201 617133591 674048716 676507902 688256507 690891467 700286698 758637088 764447375 773206326 777321718 797269031 805457833 812868026 826960484 839196996 842399824 851621497 881992254 897023672 902625837 925387302 938240666 953940291 959247636 988649250 979800179
YES
72727807 307438815 762546694 843493924 782674365
YES
143253 7524048 10256320 13696762 30260220 34236755 98826295 105994711 108493576 123971257 124910731 140496033 140724105 167258370 177414097 195616295 202211528 208978460 226816322 250084909 258446285 272738033 286628154 292578647 296594261 310296581 319983050 324423051 330834840 337465749 338951827 349739999 356188660 357556837 363924401 393146517 397430047 425181988 433279486 435054950 446086652 447954608 451391404 471507368 473457505 485560323 501490525 507772119 512945530 524933085 534298601 540515891 541310058 547356649 565976479 568295906 576932066 587001979 597523026 605771449 626643062 628678683 630081888 655810334 656404935 660383767 679178111 712865233 718186593 736349679 742831773 744277554 750164748 761308294 763179059 766060327 787280477 789464443 804692268 806880361 814261230 849636206 852035083 853825186 856485791 864154506 871148794 875994566 885743091 892275583 931073466 933722167 971350893 972893009 999811305 976854667
YES
13750194 35900699 108455946 113443568 156909976 287372694 379757426 429387902 480153863 592155146 608979312 882130043 831974665
YES
3958033 9691531 18111910 64071850 72637282 75607928 102254395 138732758 142705835 151231388 193286167 200412394 205788451 215140695 264446552 275343198 319574680 327742946 364591113 382700321 400780737 417385431 424241696 428475441 441166844 473089986 518919227 522865411 535382839 563931578 579819871 580992615 586151078 608074354 641343251 645941149 653155542 660256274 666436023 688674358 725754123 772512956 791961523 801129579 820621041 824620778 855786951 862192892 862690340 894240248 898057439 903131822 969279512 997352939 994067308
YES
2215313 4834964 6708130 16507304 25577812 103371138 127972753 169096300 176671207 176786148 206083916 206445195 206474355 215037528 244905358 268150365 268605355 269809599 286471493 293420228 298296316 311844640 312101478 316757561 328594174 343561218 361978640 375852131 380356625 391751826 395770479 395994259 397427061 422016580 433052461 436795394 443610507 459986602 484544492 514859847 549400600 562354402 600937898 606645627 609823662 619585430 623760487 646631158 659074442 672373152 673922445 674086380 677965009 690358302 707594517 730529461 746486605 763945881 772288038 780259113 787099392 790346612 799816998 801880499 803501298 809471517 821901404 861166463 884184822 898036304 909741186 919700155 921013162 964051023 937574340
YES
627071229 804535768 906022031 998517793 986214918
YES
4095223 6773862 15162649 16447592 23809617 35285530 81913386 98239666 110794172 132724247 136412366 137876995 139814136 150896617 161503590 166631293 171551778 173471445 184047261 188487527 199546735 206766742 209589244 245902362 252985537 271196697 271570137 272679940 276361486 281741411 281761093 309535016 319208199 338823733 354278460 374994295 376997721 382790759 388584185 389276163 389955755 398934448 404706106 406838530 428457853 444278903 445524805 450206187 457921872 460413567 472326850 489861080 490000769 490089829 503629953 504397154 506293896 509678365 540644095 541044930 541914703 545095493 553774622 561276336 567057485 576073097 585509467 595095700 614546822 621218187 621747713 631662297 631967604 634045627 676378534 719450222 726571577 735110717 738217312 749118610 755756995 793252094 815241651 842727713 881912282 895232270 900323617 902071459 925633154 936731015 941486738 945180563 961350392 963701567 971498148 973403171 985704472 996915687 995180330
YES
2365751 8122985 10809491 18527865 23096429 28814335 31010241 46641694 48614518 56041535 76953738 106846916 119812722 121227083 125562259 141691543 152171510 156563987 166944727 172410235 183694758 186800009 214734889 243619753 248333569 275437374 279107568 294326849 299286251 302311072 316244158 324964614 325460679 329079422 330256368 334599224 336438574 340319021 341700856 357095796 363739353 372991620 382216937 385028941 394237522 403794964 422730246 423737346 452415948 462135694 469690098 487560702 502440755 508394537 528031085 544888261 549298899 558580199 565462840 570214827 575970130 591528948 604612704 605130280 608882942 627295343 627379534 632359818 668051241 675292248 681643736 722570201 736008340 736960675 766637433 776970900 780808387 783822297 784690520 786594272 786642599 789909043 799279362 804835958 813753931 821476090 865810997 875049263 885918284 895448409 906315677 913261175 920785298 923948439 927022212 948283171 957690321 998718641 992171623
YES
19663996 30541140 42302253 63691737 104859932 146530936 201680440 203052406 212033540 294338471 370448428 398229407 452643009 462315862 614017670 615699504 625390744 630726370 643497570 670520162 705255081 727358618 774746361 795340482 824393938 919571498 923724333 946980277 969616257 978682080 973363183
YES
2967010 9401135 40093667 47711528 59953177 74750297 75698168 76658086 86673590 93003607 105465465 131605154 135896579 139014898 178589582 209722811 236776038 248015315 260731228 298044730 320412425 367681450 387832742 397011645 402632842 406636074 419849644 424365139 450537872 484551598 513455070 539292664 545485075 582297218 592763130 609983557 612290364 628097644 645478783 649682431 679718485 685035486 721727174 739996209 760955344 761079604 787423976 788141793 789849848 794081341 801138695 817520514 857768453 891600160 904049235 923378628 929442402 929614047 929876351 941566340 976385195 958561815
YES
10908633 36488504 42897755 43707417 52409267 53007673 56751394 58205773 80478828 92914756 100529269 104064725 118901007 130263689 131576494 132493475 136206693 149251973 162196856 180735137 190778237 208988516 227798074 230978120 266782677 280093727 300911376 306807013 321156159 327348654 351067767 355606082 358228339 378569918 384805241 407688309 428222386 429919025 439686542 446974340 452733971 475103478 475820875 498084159 500267466 502123630 520839031 530416428 533363028 547017864 556493722 573964185 614520924 622794258 638010180 649400453 652703548 654170749 667626763 679144479 704395381 709246688 713887900 717946643 763507288 770262188 777169683 787912842 808961266 823823246 839012929 843095134 849677282 863763935 867217730 872919929 876932915 882419118 890542425 900250269 919106156 928979215 944411587 945061346 956173688 962671040 966027673 973723356 981316424 989958510 986398097
YES
20106352 40486645 82315983 118937341 133794039 162964812 183531999 184912001 211120752 217954816 281305437 350537033 387113098 403265920 409380135 427699537 446483043 465661783 497073525 499407541 513628107 524993922 527085066 540313418 593635975 602731581 605950898 608725298 618211599 667904031 681183322 710189106 712781580 730801910 880443543 954033534 970512386 975422758 986869685 976388523
YES
13499488 49304898 58642751 65236707 94751379 129470955 129624188 170012183 202839328 223852962 262274107 277096086 284125869 302730085 330962553 332560990 342420110 383462689 402926214 403722507 448093118 453196509 459199784 488336971 514889364 520438035 564144034 569453339 595684203 632942554 660875857 662388267 715717908 740812340 742965773 756492069 786232076 788902308 839942503 865897722 951185467 954189147 962988652 978730449 976342631
YES
13062447 67033009 94201609 125557551 127194386 130118125 210088579 289390105 351337485 425118592 429372365 450048427 477789264 559952765 570380161 623787320 643283859 719593499 760682679 775300061 782188141 792646764 798576892 807918018 874949056 894028826 951406847 949826672
YES
7403653 19300215 33952600 38413399 52795644 61890542 87232002 98834302 110744643 128036997 152197326 156612448 171535264 195253429 302041856 309609784 326215191 330833988 355398758 365140205 370293614 385852041 410666679 422633852 435761977 458808519 464006491 499331116 521258367 560258335 563689756 564373042 574677192 588131651 599540620 613442502 672548585 678382316 688634396 711386039 726387827 751655184 752031740 753179316 756123059 775496504 795139318 799603372 815249418 861628651 875982965 882267850 894647068 897114171 934896270 940695614 944911466 991908852 974501065
YES
10147148 10478803 16231524 27092136 30505373 32233150 32877193 55819728 59400377 68338218 87390088 151341147 169657213 177347063 261406782 262006286 262844949 280714417 285645135 291603752 329041548 330760548 335061546 342513219 343432697 381109405 391476865 403871988 421053595 445524828 463347504 495503863 497035267 530924722 552147117 555365932 561606475 579649876 646779812 649739838 659192694 680807567 699931929 701724704 702104303 712942122 719374559 737982566 745657878 751909053 807154575 818730910 871593314 921502965 880447691
YES
5605085 10028447 10447500 40284773 67263442 68413234 78827506 97958984 107308515 107771759 113517651 118479567 179596968 205500143 224163593 243487546 249419794 288730882 292191363 293426805 313281505 331251430 368955068 390179549 433152389 438872688 446252951 446838681 466567873 524409381 536692126 538063427 538191974 540057229 554874757 556475504 560644438 563067027 563924014 571758531 574274184 594688473 603017289 624763118 647911954 711301175 732037009 740234601 747237341 749048521 780507381 785014450 788211233 802274686 804562878 809891531 828710532 842280151 850844228 860755530 873004683 885841017 890713492 900178634 918896132 933803378 953738116 957000744 957011494 998958749 992281611
YES
13232758 22401630 25348359 31660895 33822373 40928743 61878443 65006239 110832561 117023168 123944584 131239957 138971262 146173750 147592278 158311427 159171833 185564049 192470605 199834014 219318635 224840218 227416928 245813651 252035714 259835724 265651088 274229785 274482571 282552606 297912981 298136479 308586656 323006928 348822295 361916079 366282294 417214369 444212250 459350360 467849528 473085738 479499866 489161488 491571105 497387123 498980771 513148862 527856110 533348155 570564057 586962819 588846426 603093904 615817699 638537896 643488310 645371707 668499643 673478106 686766492 694291252 715191785 727515971 737371399 739994310 756696550 804749050 810491082 818434200 821390900 823463434 841613004 851155604 855029680 871998715 877552999 889963992 896337005 896850537 922101534 923339238 933702401 954451261 955090060 985257838 983940148
YES
17901780 26692378 28703489 34216255 40899964 43817025 48418447 56810863 59916048 79342779 81833259 94544880 96282504 96420675 101547194 133424788 137908919 142654276 178592418 181674205 188183087 190396368 214582821 214673027 234579681 239148998 255547099 261106709 272715295 296069309 299849344 307050659 317198198 327962092 332656667 335008071 346278277 351703965 375895063 382606715 408947341 438187497 442485481 453127140 453944622 454930484 459173238 472219272 538046786 550935194 553931285 563726645 565351419 586693259 593354233 603598942 610978073 611075848 612088691 640854358 681480591 711742797 717121012 726233016 727865264 733955380 736766809 738382857 751123519 763150940 763608749 775207524 775628928 777919816 793339630 795704343 804931834 827587998 827816296 830747661 834990836 838330487 864238516 883795201 884335538 896636525 903480383 915475744 947252422 954118345 954575906 971247836 983485043 985669255 993690221 986088840
YES
10550374 18176717 42404789 42829333 103968727 133731779 134918125 150870150 177226891 178631751 179581288 185709124 190266741 206515169 208048930 212339711 237444776 247082827 257181368 280993139 285198898 304571138 325188940 326835846 380567758 381585431 391160204 393310224 402662553 419087827 430912740 434788213 435460889 467470522 500819454 528030137 561485494 561535964 567045122 571936043 572922418 595188170 665521980 694782046 709142374 727316560 797362414 808519523 832211717 835995936 890839633 914275232 921004219 954914263 962797000 966934720 977251620 981906504 993579464 996065407 993634921
YES
16060305 63211114 68702637 102110104 114287430 154497047 170930122 197766749 227102789 232459799 243527710 252452668 279450492 292710495 401793498 508526110 508745226 526346548 618713169 623543971 680281815 740739064 871026162 927074183 962362398 929271888
YES
26182756 29606484 30535441 32122395 36131452 48263749 54633687 59520627 66330136 70622302 74935699 75236729 88121768 98367345 99267936 116339871 122080053 129406251 147893962 149129880 168182108 173610995 174008150 183263115 225188919 235568689 256254769 270379451 278303286 297075631 303198115 332846469 333769898 368311237 375663946 422356782 428961298 445195992 467293590 490154567 493743754 496908511 526150826 538113472 563784497 567551620 567699766 606636574 607704743 617836450 627009903 668659241 672912595 684350412 690356147 696050377 725495753 730988373 734535076 736015885 736620569 760830933 785007261 788636736 788785744 839812540 851707351 853116919 925319441 927544581 937561592 969452715 969941972 982708645 973736868
YES
10545329 20967791 42774084 57659541 113256922 259089349 329588796 332810899 388355911 411422207 450955046 470705597 525299473 550613589 571544755 615807215 619173012 624411270 643123742 656546008 687670297 781373379 784508316 831652786 880587046 884654138 898537570 908325910 914986353 963172531 972376711 964513257
YES
11312020 12057259 22777464 28759369 40974183 42642818 51787712 61880217 73566894 90929467 93587275 102023148 116853041 125004819 149291467 162642623 193726383 210426620 229409110 252883202 255696754 270787258 273304137 320896203 321711046 323266828 334241212 335401386 342896638 346365439 346430725 354799068 356478145 389470762 406261818 413125801 428430805 465435530 466119141 500872376 545571212 561987985 579252152 590076091 630106202 631982917 634949920 644674463 656140976 703952781 706238556 706825304 707998609 730459782 743881133 748939702 754248728 762039222 764404552 771264890 772679800 783723603 808009084 809696297 830918882 833509750 833910637 888879722 898939720 899447823 916790700 952204277 970907049 983236056 972208244
YES
3481492 29633998 39690354 46657428 50566270 72124395 75518691 93992973 101225034 117959925 121519129 160053552 183951842 205811164 206897472 208590930 232981734 234043443 238948171 239247942 269448541 289407169 314761429 347454160 351100691 391442167 408481349 411136741 437231113 454645695 500150080 510550694 512067957 514778248 527498773 530803697 552348287 557107462 566611487 569837135 577261033 577927891 587501574 612865560 649089380 650695629 656781208 663982768 690126342 700220382 738619236 766609813 769320955 787227735 808638084 809562393 824271504 824821608 831365597 846313328 879941586 884372757 902782297 940164457 983072130 976590572
YES
7480817 21627570 36657034 57011100 57187217 59695018 62696701 63284471 65730979 71793471 75591625 95877285 96035088 99195122 115346893 119771703 131269516 149320821 204442028 206971710 211543542 216588494 236802788 242295181 242876935 244019164 248548914 249358269 286668346 315821360 337494582 341279498 363945694 376296838 379646289 403303176 408798690 428720932 433779756 441004358 447959411 453692141 471226642 485333563 506007690 517945794 519049232 533924728 592468877 602680933 639423905 651828212 674003499 680414083 687225192 687880484 694338123 708100653 738846050 753385983 761926384 777380846 778616741 778714020 800663599 801339662 824540169 828020440 836730183 849497424 870756796 876961770 888501859 905003810 912159874 919094619 929036526 930043427 931101684 934064159 937306304 946553278 966206211 951552551
