20847249622
17107942604
7140838906
4817886512
2599328696
4186613783
7608768810
861306462
2726553620
1867567036
7546213230
2955667396
5696509646
2744300625
4700490107
10455832208
7855152274
8012293825
8654861333
9478951182
7097006614
18114896931
10876489724
37967634820
6597920264
2078448123
16958954424
990207138
17306637135
22706992099
15217655775
22817775887
5812174775
4093895985
2808546532
4387000854
7511221638
891153212
960941377
12356341096
6329327125
3569449419
3903767434
1621264468
1804226534
5501686772
18868352774
22528490881
994944461
2081830610
9711683574
6212505143
6686464118
3043944116
18767642153
2233194453
12020600329
12900513088
1842192746
17099293112
14069706512
2404476934
6396393738
1755793951
1767518027
3140214861
6408055974
19226833838
10263542609
1183186199
11141208349
4499694065
13212627905
3533806992
3305829109
6517176473
1912924910
15518379680
917453802
48910848441
6862348122
10748357441
13440412661
4471205358
10612044133
2778352682
16002360508
6369925704
4772092703
19568659233
4630422558
21775155521
1804877540
11491569444
8506296644
2626533739
1927538732
6159865454
3042041473
888588911
