15863670082
21767804158
27448709465
28173341586
15729732388
21016849341
12564742520
21282954121
18884547381
20406446074
38265902025
13547264980
20880127262
14481275250
20322019311
18494884512
26943817142
15225172651
27520229462
12894795517
39344281041
12784781059
18745800474
18976005836
16421481860
17310220639
13645992836
10993143902
23637785284
16578504732
21315331274
10025356559
12279633140
20719183192
16779013533
8688554500
12896424602
29263009596
28947806015
16955970099
22208956080
14496117871
14886458415
30975509838
26134261700
21876062475
21520393240
31439737445
8270476197
18046141213
20404683491
10469336870
13767633139
25369350546
17947377260
20831880173
15927212147
13432918615
37822373455
24121373141
27361034646
21575721296
15700746621
10032193091
31670431687
30390708682
28311561125
10333027791
26114100333
10458558062
9176858660
21036719301
18903125994
31409189379
11219117174
14884874056
19858301118
17898642343
27537300153
9310581327
15798760870
13125003928
31630608808
30578774348
26446169514
25067048882
16668947850
25275501741
14849796785
15539918490
15477838570
18933502444
11660015696
19333996473
18978768566
10763470708
16658336968
18122875666
15682124674
9317478535
