-10139638653
-3089369991
-2318246344
-2806064949
-6392399551
-1978048411
-3417718234
-1626588795
-1468694658
-3898441380
-5379569609
-1926900816
-8286167205
-5594490320
-5740319408
-1405336064
-4137537758
-3340313342
-5417753935
-7618535709
-8098351963
-1635520582
-2963458412
-7897546458
-8013152572
-6211037672
-9343400577
-6593187714
-1125605177
-3058430403
-5531761653
-4266091530
-2250987769
-6407459706
-3901425111
-2820799641
-3715207213
-4233500232
-4865189088
-4360808807
-2750142698
-283299142
-2834628502
-3229828501
-2627795826
-3040618582
-2123352161
-1293572296
-6356650515
-9721571123
-3774656214
-4782863238
-907118286
-534081253
-1336518565
-4838944053
-1145111614
-8018256870
-13796203561
-3176536889
-4626743933
-9184686205
-3670103050
-11351396059
-7374351169
-4228843614
-4321790795
-2593364080
-5484132396
-3981214370
-4729773396
-3266617941
-5303220381
-5596932303
-3460002686
-1837878774
-3673017833
-3118954439
-2170388193
-2803985803
-9391805095
-2484066339
-3224529365
-1378758163
-5515088304
-7396533517
-4164485404
-10097376844
-2575359305
-5175822407
-1585208694
-4496600332
-1879952767
-2146711753
-4090667841
-8469955162
-7404758848
-1234334917
-2683595487
-2709750829
