58533
135921
91849
69861
94384
51476
31360
124546
134239
90500
24379
83895
34590
75988
27133
143015
0
80138
123757
148604
99085
56220
70327
67057
112680
0
37323
134727
67716
51979
104188
16302
116794
64408
17204
10644
12700
10898
31700
37444
6975
81971
0
93927
79213
24705
44345
52999
17585
76946
105865
13077
20028
18718
66160
82464
16646
140842
22704
0
0
1186
116059
24193
0
5300
0
34948
73370
104736
31842
33941
47085
0
16382
135085
16727
12924
152944
71130
36880
109563
68730
1
5986
20960
0
97093
48074
14591
78008
10999
0
219
114416
153070
91898
124620
63624
102890
5254
87255
124037
0
72608
12544
136397
67731
144647
134978
0
86401
15517
39111
138155
65414
144175
0
0
5641
49646
42584
11905
50093
1276
167095
0
0
114864
90978
0
117024
53691
83366
90829
0
6954
113568
135734
122184
36552
64487
0
24921
13911
184283
28589
26726
15896
0
24803
65338
32633
49526
147549
63641
116143
10920
0
139415
64060
17527
6385
59905
13150
0
30081
102506
131695
152305
22151
0
114161
172869
95707
42351
24936
0
47616
50961
90686
7921
129583
30387
91344
70939
47964
143200
149090
123665
41670
9693
32436
91167
0
10295
138635
58557
17941
9529
107874
45453
100358
103454
125752
42457
127734
11044
106579
11
9973
62917
157101
40964
34143
29208
17881
20824
0
48229
3099
6454
42731
0
117367
107644
139081
5747
38972
8131
0
86963
137160
54350
19188
83764
180963
8047
247
47694
31366
102890
85503
0
0
153342
21833
135505
87038
0
0
47487
0
71380
122491
78864
0
85295
88188
37675
104824
108787
20615
71650
39197
0
6766
1044
121029
24215
0
72218
138444
59232
131509
78150
152027
0
0
163258
129906
30917
0
86833
0
49680
122722
83730
6917
165674
91835
91451
0
179263
22713
27281
15646
0
169785
0
16789
35351
40628
150658
42177
24764
101426
82201
0
89615
92745
0
75615
135910
79703
1786
97678
33310
16947
102284
30704
72629
172003
17770
0
44508
116230
21085
59133
35293
0
147963
171648
55639
156384
0
929
1400
80407
27577
96011
0
0
45750
23326
109447
47292
11907
0
37197
47300
0
103876
23661
0
151169
0
105820
70626
0
63040
93053
116985
34392
128826
0
18540
98329
7677
35481
123595
19282
72448
35596
0
143349
107151
29676
142544
4234
109028
51756
84722
112635
2053
22647
86636
25696
6050
7092
5581
107049
132044
16486
43813
22029
111756
28610
19645
120867
0
102807
11838
114379
82541
140040
46056
120878
35639
8463
130121
15208
14352
127399
19318
130304
19276
115786
53410
0
4127
5459
77623
92633
0
174039
83280
4639
117968
131305
102106
10422
53551
101864
5518
0
10764
120628
53039
119005
151788
3902
91370
100434
46644
81318
39681
63520
139102
157943
16258
137639
0
136188
37929
30213
64078
151708
27222
11666
149569
12393
48602
20791
0
49940
143683
101636
61260
144778
115485
19452
21822
3845
105732
17943
104912
51278
11204
121979
126052
70368
102569
25977
92438
122002
50503
81947
50124
61264
30713
27003
0
19712
135183
17411
103677
102829
135744
67235
102108
55949
34140
23748
126558
67736
80147
0
80598
63424
111121
129801
28865
0
49971
0
9661
5663
120388
93454
106652
47679
110024
20262
72913
58514
0
69351
13119
34796
10257
2438
39207
95799
119128
149109
112925
17139
110108
128197
79911
24725
46557
0
64184
157482
0
0
812
44484
0
105072
35000
24891
90488
85366
86472
100033
114196
47463
0
137845
174232
146466
47680
165717
62045
68991
20044
73116
68473
172652
0
0
144085
52574
70649
10366
0
103185
129805
32879
43684
32147
62470
0
130438
4815
20545
8888
162259
37187
14466
42240
102293
50364
110590
104267
32642
111847
8071
228
114508
96412
149763
120261
23068
175561
130786
28888
99659
51096
96954
43968
50210
77780
32877
73261
158325
12723
23063
123215
125989
99892
14882
79626
0
61791
56304
18345
19190
15066
116310
83070
42197
6013
0
180978
47667
88
25809
2110
137956
55958
73746
23975
0
96141
34162
99968
30972
91687
69921
15117
60875
85499
2189
32859
100122
60403
57319
3650
120631
56034
140885
0
24306
158497
4378
184738
159410
6398
106645
0
115476
26854
46029
41478
96038
10908
174240
13317
44187
30105
17908
9382
71638
140430
27695
40418
3414
24408
3091
49727
27357
110473
24269
52512
118754
12585
0
81969
0
144710
125087
50760
161367
16539
143863
2743
67731
153939
110014
3703
0
25196
15191
56952
116087
82565
147103
58739
23470
135760
25799
85259
148239
49478
104258
57601
46913
41040
44726
38666
14709
79608
23187
31680
179570
116551
113078
64986
121121
7947
30637
17911
0
0
136926
13174
111702
25598
35712
69919
28619
165355
97961
0
8321
0
153435
22987
65936
0
119894
44239
60737
55446
46059
105192
126749
132309
0
154537
26446
27820
74932
84699
0
18319
46438
146322
24662
928
13936
64523
64294
182382
96538
172974
145370
80351
0
85683
28941
134458
0
3087
5127
92477
68043
88098
140459
41189
93701
0
89722
110463
122124
126552
101319
59337
48485
106509
139749
42552
22255
59591
10276
123101
121988
0
25365
67827
67329
33665
102807
81863
117069
23373
120091
9754
39961
112024
75116
26384
18801
0
0
139755
84485
0
25098
148671
28883
40754
120235
120246
40116
62914
86903
90331
53276
114234
166807
0
126976
133555
70921
0
99890
0
113785
66292
63858
162890
0
19251
22434
31318
84323
0
37007
65327
8518
64937
55852
56665
0
87382
3845
0
66021
76554
10904
15313
89324
4785
0
74172
48778
67330
10051
122337
124856
50649
29359
7545
120508
0
118726
0
122674
18280
53761
84580
68006
79760
112758
12718
87771
129525
147615
102853
90806
18503
0
5876
13022
83228
118123
77703
34293
53006
79969
150474
0
1817
151511
83487
3363
67532
140321
17973
90465
42927
147173
3416
19377
10871
22619
68137
49024
0
79649
138118
125038
121933
42269
17811
77718
60632
0
112523
0
7838
104849
14303
0
50848
78605
91932
76320
77612
1721
117114
0
60910
34731
172322
69621
97157
91323
7857
130403
65652
66504
65952
16200
66999
138039
0
16431
0
137459
0
0
73414
123411
11232
45284
0
0
101627
115440
48287
0
77475
60626
46151
