647907812
756958890
874203450
691400820
783319802
260697280
541498612
536461930
517538616
547321372
877915436
796014954
577440728
800991066
731295130
990956076
754373618
995003768
795633120
690675188
885825516
701084674
738329836
731243938
600021590
864140066
631686088
579814436
507385110
935259240
455353214
396483394
305708262
726450134
455531340
882838576
986030196
899655908
584196686
279467284
547963246
627366036
768173332
747512922
967298592
550192724
781212966
747468446
514989530
554803946
928731220
816093244
501830140
773334148
756177076
871972970
718012206
615552462
276893984
592987698
553447382
859035170
271057020
608722586
503482292
530982350
870601890
783579330
614886130
588233840
488166420
652553394
555616818
617178624
279646260
799316496
450893396
782410724
949650202
506533824
931197712
520651910
750712082
790491540
578635070
556985380
540766780
534649172
672220180
682809866
818078520
841279710
869693084
710941836
797812440
849295708
842477620
817997222
559966628
754795130
664721432
529294998
706761034
637381192
995233200
620738364
506563002
515253218
691290676
895621716
500171698
912015148
441368756
989144100
815700100
566528608
516411568
286608084
299964466
796499356
674874326
620860088
901324480
640376998
817779322
683350614
533112826
792453412
585348042
988460428
848381790
802451214
601212360
482362116
608903500
609121932
761513140
528088632
902761396
943926100
823082462
599140222
891078856
897750108
355790228
564534522
902187914
547990784
602699164
621912612
868734004
798615458
367327898
919807410
648448826
850647316
817146916
520371604
750395790
588658550
900881236
500302860
598655502
669217568
781532500
734606542
800078932
498847204
913887074
789617400
639796344
506118316
613494964
477580720
473755396
578768100
514441680
983024572
468272888
351483480
527529730
855712140
873004064
734923796
409984580
828548220
836483972
430571108
658044338
681693046
723261276
623987050
542909920
805381524
783034450
422482674
505639862
515288618
430950952
527649444
502012100
711853704
616504370
501488130
602731920
772979764
580697106
623450420
832533660
824019134
368806816
603898722
747517268
563135838
571573348
557676242
895319620
665899172
574125400
766898276
775470036
910414718
507559048
563678542
445190100
656711070
808420240
772946254
545185246
732505316
780627140
628432630
916777876
838471368
492452140
939249188
541800844
862042520
581336454
402219868
612450064
734406380
811141324
555306436
401326732
508698948
381374514
551092670
403500548
726632382
673744428
813544462
773836508
824521428
520535670
607005706
618117262
831743192
843177956
374069300
533743076
653473382
641488358
613302038
802118528
892148902
894200340
826157348
690013610
644004448
292893030
533304736
731185924
597144470
536733364
462767438
411316366
586660604
534618348
899928962
484201632
623909236
491033468
536894128
685793240
276174036
895167540
609006450
352438520
711416088
490820334
800242610
686833650
489236420
528011286
632362140
550528272
822979438
726404734
761122278
799499972
464112928
437976926
832977452
723368952
510729740
673651548
625691528
782576426
720844848
521470822
671643524
662972300
502419012
936935954
272700020
640041922
705694040
829638762
643100616
589556580
516099694
911946116
523777078
778165784
432334144
633316890
830155940
590924096
832919084
327643160
826165300
607834176
600578432
782658902
992520484
353885188
676410132
515818552
829146900
544100552
615457564
532674272
766697422
850094056
393415416
966817564
592158780
748158472
702884500
879138232
796026518
910493312
517483690
335003034
874535042
846329908
920438756
719055588
383065844
830513602
721701828
886003950
627739596
276118940
690356668
942660820
308405152
568798568
808606228
503829142
651554536
796307908
659382042
972046620
455699040
501785558
668832394
520438120
275548920
981335344
527219356
882422132
642306256
722384048
934834896
714168444
580069174
862379412
827025796
811086716
656841654
873450940
790159316
834175610
607457394
729050462
568228904
509760778
444600796
589234230
561805802
548921552
462848660
895638138
525033924
728780802
877071790
702459440
415991736
319860596
637162610
603101668
749576808
687047338
965102120
617311968
741806964
612851594
527999748
866774680
508209644
511309724
662320772
503207712
919421012
586340606
539886008
520773478
796256122
502280188
843267996
514449210
796959220
494737470
941355624
525729040
548972548
829328510
514718476
511167824
625957804
355211848
416136302
519571440
964563044
583752408
533431502
578237570
575939500
518220940
717101848
681152250
559131644
520637650
689305412
503397000
814257556
711962486
768681270
465365220
547730776
665492278
672524380
606656802
695719738
743276064
713900598
709956384
341546200
651577166
794478492
547646686
377709920
507077032
756065412
866701218
920125946
910125540
993463372
850937694
742672216
646930932
782187730
778035824
953004722
648977812
677787770
676387366
661591312
758182042
780057844
431659050
809166548
515605466
754513028
595462006
965211860
923030716
831191892
537954562
576710516
820363810
705388388
667210586
506171778
613469538
467899970
512092170
961206820
746428380
966873300
667949672
592193880
509812698
487830970
715400228
777119460
786090846
562664818
563385188
729583372
620121272
401354732
399462464
744080904
434296398
822077628
847523950
912018652
556610628
672985204
533754656
736527854
604033570
852780330
876824644
549721772
549563248
381383002
506737626
462035732
500249890
794232388
570651158
646352604
578525016
543599382
778168068
762878238
744351932
772670580
860499722
522302178
854943658
506255360
305989270
668604288
779585732
769333422
393035264
765734660
613816048
697508684
703267428
508450068
870257798
625779776
649177638
910057356
524626656
433641588
987999622
621127198
531359394
909300850
712327346
556150072
538558692
883847530
884814790
550364820
418136140
669109310
357773874
527809418
698695788
916227168
609148712
534624424
682709470
778750528
611606530
440063842
997265420
299376082
968120320
840427324
772573996
688220048
544559680
615205168
534590190
525028036
491515316
710739412
959500788
522015634
922003458
592506162
662814798
577349284
739722888
475678260
668000206
544193890
765793474
923080068
518807888
881119262
359273424
731872750
825194986
967642544
677171586
552323614
749502332
714006376
627849382
550721904
614687988
567928836
812883074
567901932
568687368
540036328
884992760
471474124
528477506
492674360
340742264
856816514
505339452
594801864
680348416
508276272
589669190
540503662
425533612
890252760
297548416
770063358
894311360
515063660
844397606
352762772
607785114
658367634
467037300
864800738
448510596
780217828
530158400
522516642
422477722
539351180
943898388
943931412
906626320
582931844
562704944
794408180
509768520
530789434
389688168
619775280
600093480
634405732
836710788
721202558
368762028
842579690
575249242
359589742
832557690
537428514
637949086
537816122
638869428
468954180
661802432
755844620
749270358
958081668
549718324
762006012
868217502
726957588
577943742
622934420
917307834
594844750
454102004
741802494
593892558
676828964
854185780
658761986
482350032
898341676
839688354
291294560
445937910
484832000
660294758
767430988
921475868
750261474
626495272
871722900
751343816
675331196
846131700
531919938
579449214
810667114
899672428
869406528
940361300
825630558
472923646
781120540
628457206
780935040
795046734
409921372
927558918
500942990
586466422
595059996
520557838
448389030
751135640
859349866
794528138
515367968
947026790
663914564
358502140
540357772
494660716
531791850
541272776
727269282
530075392
536397812
534811316
520544664
590334892
837665098
320558036
510655396
882555792
803784486
968767714
601505222
538860022
778675042
935476692
548174282
968624188
877514542
934231924
293337704
837662644
599629570
779609058
596277332
841716040
517994188
841372332
378418618
878277202
257168916
954831014
935341922
377218388
699097890
976635964
656727576
491062068
648579688
289606770
432241950
849013836
900062344
527407408
715313828
882370638
870961758
540211880
504374852
715176342
970354690
763346900
799176586
899828726
302516796
692099732
563098940
873368614
652590274
433905788
616275862
913819960
530452752
766632846
904682882
542451904
307711578
753001322
545021818
522789746
415742640
662209664
325150500
871389024
842310628
765410906
682910800
359710676
664135218
880077276
717888916
775630806
723443138
516426546
936203032
567949936
809141272
727944072
716328586
832129712
421387238
541437312
745851862
867821874
891240176
394105526
778214180
881030228
548312470
504820312
812638850
267364300
513189058
309065070
947095816
276603540
483111280
784581744
483729024
564853668
750100794
839521342
526883632
595716018
686163900
829762620
591736048
823096610
790369324
525185712
594196562
911800502
562896842
840386744
469076336
835123884
907259754
652807272
853693152
991497090
777829740
552057958
877217036
694631222
253806500
872817010
334798984
606580576
768279176
893809594
551597758
621765794
600093822
351048288
733564372
970491604
511903910
658336780
739996578
552949576
510949548
723793096
446111132
705933848
728302744
500154744
543648322
515744870
466666672
752223562
755664670
732214080
699411300
358077908
956506446
867013208
769261900
380959460
828138280
502394376
931951950
743314474
967689120
655588934
910525140
934998986
646255860
571861336
713344070
345617498
926739802
752546382
732446290
313609760
500013318
277147360
472566950
542809272
560751604
416656516
700583838
745697806
597826412
972389860
697892122
833228620
623009140
930754920
717955390
951923844
523734152
677132802
584860962
455707610
906522444
778153358
284282292
745605002
557577168
722817474
593470966
453731106
901073844
646565876
597529428
704098098
779288740
651639534
526490770
589474988
615279924
688971428
727464532
922981210
373791312
421948960
637336094
573628000
420418844
840357840
306264496
623557562
339641220
925048048
749383820
319861108
799952112
514572414
648670750
529863572
466752204
887011578
605250376
402324180
665977998
322018762
500704732
