783044853
159909352
592113007
575607382
905897576
658424714
284412223
69703886
248078202
577159414
134350393
582599332
231653766
440783265
662521553
189039208
685544746
434376227
730872320
701051326
708505754
567451391
127339268
940728535
299443985
304588190
54128980
898691917
213185900
519767217
395962809
303123624
348356215
100795030
195765985
468993711
716141426
126594998
534998736
197751638
942572554
971529593
681514190
839241519
596937704
845768929
75196317
764738280
549624095
572269579
611323877
306005621
940750269
913554267
638365667
192836518
699106828
721482505
672264032
343938185
9113934
663686039
502668053
68889645
441999827
172203446
336054874
503471213
490258845
134627851
9584146
807213097
404769019
900393592
404371354
669042104
247989742
175960116
774302009
461546442
490393175
468858733
381657281
886703180
874963029
221950857
464063499
700693878
815066515
433138365
427106367
379990068
852715767
960676229
702374953
35151252
270885046
900984137
798519423
815720087
363881700
838327167
668896568
266497911
212199239
247377343
474357827
337922526
175165195
940065242
473505044
340977460
265454435
418542062
829069619
688524350
92331772
81340345
561726094
834272317
397224110
540853342
615245705
989037992
984880682
714160959
826093446
123543106
374126084
869466486
74792198
832830176
434011786
382138168
383799185
45563925
56261546
281553331
802642729
160015749
938112707
849095386
300143587
494716847
932808397
555458023
955189824
426637767
891524929
883507887
247424304
148352435
982310935
244911924
223010325
855623082
950531338
143458892
11440258
345383426
673974981
277768839
124943923
221110962
492726995
210277682
281624271
910089675
659519443
461097658
185087956
410806618
747073395
125360571
401105578
601092415
514708309
480206362
549604733
43291520
462816186
243083105
18733236
64515022
96006979
994934345
369048601
240536727
190325930
581799790
389965702
784425077
973925764
31135341
974912905
446386783
520987029
74000111
125808970
411025190
972409512
792665164
255627258
969228288
886366335
129744725
244737284
687081002
240208938
11909041
609405659
833829761
708039856
939668984
197144983
347563008
890481735
252679939
751822266
427191748
417648289
530263696
527962264
463373329
196593506
996878007
218823710
629876207
225109768
184062682
520551142
427031332
223425378
668839849
762084571
906252327
614733504
770190337
649723341
582095083
56767959
114012445
149356589
246243404
964131298
144900152
82127476
559256184
753964748
836115070
120508186
17711948
794217059
966279487
901086900
752574751
277220765
237701399
538226546
744153131
923249155
818253349
18320047
651982007
472475161
353406056
99392506
330736237
627368830
172035550
539131492
456511899
167101648
796405316
332424095
578580066
718268786
551039754
567217172
957686234
493833026
259224761
816253827
487943785
48467778
877498449
868840687
322181558
264871932
916026889
810418401
416867334
167309821
349098789
451967815
133985835
283316485
511810671
683694462
118206273
172480344
906870187
466697103
720596109
55915201
996031436
201001116
202357900
747007919
291291469
694199809
909028962
920530166
523015864
390774635
939421994
602213716
900168228
402454755
70571244
711054536
748784279
119314274
640251447
826940693
501936879
63017329
860552180
864590925
322163408
990872509
361763301
444735974
70995896
74338920
192721508
802665399
883824804
215908658
48985244
524939948
875080726
726950079
454707130
357233977
529565304
37294245
645499196
271380900
298870489
678201517
570154964
880060117
887637061
653792699
36971310
982922895
667257483
190811415
797431285
961041011
533704846
45796398
415184586
380373998
718837458
138394106
94251910
690360724
91040645
674841626
456743449
959442310
344342002
835534986
779984677
781827786
407520514
229113065
827886821
605310822
314150424
331182654
384060417
899597804
381885940
39324482
326322580
463088066
367912420
163770678
147347075
827976211
732724303
64429465
814953066
733100797
870713175
658059022
790150382
793662724
368447418
527586717
363485390
131236158
737128682
954446452
611497858
614616849
567063943
112526746
931975565
862001064
358031997
924142240
872354494
319174905
700097655
679754089
247777512
773386431
725307098
936500965
626870788
777383738
710647154
494617474
428305658
446239506
695902799
927948825
724985589
261263646
613698313
477912341
806683740
828117292
438339457
929019245
305933686
245396633
997175330
802389598
5386648
611369149
476470874
335811669
64072556
461237975
871748433
205652864
744017520
978870571
92614168
24235449
568061430
671475139
83554947
758723905
617374562
140728662
47324454
944821593
798989243
427166218
818228274
962620802
825159052
554125259
503387354
837108014
929749306
81534837
919330835
257727465
300587196
853006759
602512086
549104372
536505849
148542745
493699602
156014453
258158060
320488382
980040649
570160882
455181058
642183599
969258822
59715516
329438137
191087525
246586412
719845962
342253164
485352116
761233617
564077710
261079672
154491986
595360547
581753689
568814220
800185745
680426306
570015960
857162809
932261451
802621763
321695092
589551991
135859441
281862687
962922731
969851403
44018676
441144599
148956459
232936253
501038721
109786576
395495220
864061295
830348357
637547546
539307349
740754364
84358102
735763792
540728144
419040879
703430853
496049074
52465803
10598967
283404139
259946447
688887126
214724544
48899128
808742484
429775157
818328433
901173199
199334049
404543788
436679618
968593120
377649620
301536853
276945079
23060145
761442047
687592231
789341165
598621476
379339374
612885207
35870402
311979411
830354139
131512689
232422196
231137981
134008209
962869554
519246396
880628614
874882854
434728135
767567683
331890482
532657927
84114301
45016793
564568711
824882608
924358823
465272709
914888620
338702181
937996559
406144140
290586605
236460240
908140058
893956554
648622740
707702021
910201833
151386188
187893364
334937907
409479909
536362448
814633656
855698802
73180496
927887582
664921343
517537616
210809557
236365435
527576135
698808268
846745835
165331046
251860652
734390866
475593678
550422624
916086062
186611783
682752631
199768392
663508785
213021213
479393272
630987014
507962899
131152640
811017360
467268064
535595431
72776688
114885401
301554797
300630755
576947994
376063924
960143033
543076594
397996105
533359070
474937710
160947924
229311331
30513453
975106800
616486649
832037897
983575725
312752700
160305097
207038610
566784542
721566793
742874550
240478197
417110108
54984888
124835799
395005365
353560588
428331718
601924822
790843528
181443546
615602409
472903025
442625758
837953781
106975358
67966280
348764360
750974504
225842178
128823128
255701879
651188886
331884923
740497301
384864017
386443374
382027606
739153297
979930905
250539215
154453391
418153997
4144757
887884077
748845911
88531392
571939218
65898413
699046647
73692724
758002315
366740729
428743381
585080975
715656678
891592727
158045209
26967248
716577412
738828013
566025021
662278613
795394858
655161853
311091210
956429193
846508404
848925313
878284948
443177213
44064718
909940066
685717648
846163393
235690093
251390923
47101332
699113996
760009224
279958257
330073148
459340498
125268075
491599229
53404011
864463973
481087211
331685728
235171125
995821401
153104424
438904175
422620230
564866369
931392830
972547390
760110702
114571743
113149592
28956329
395976251
807386031
60856001
445272828
332423634
773968804
659865677
250395888
311505474
887101831
724033175
559416767
664230603
284223223
247896947
931535759
429628606
525576167
566306344
572211067
212213967
761525681
77961186
495312094
555365086
893802044
585771346
305202657
253449120
13872185
348945231
469953943
593156253
45119737
867706445
45222328
850590789
733456057
383887002
684178813
180096909
918351420
245133301
895322228
751693540
151372085
692700452
697691872
939621225
893371184
306033953
446664609
719885639
571382208
378240703
675993745
326152714
479552479
43815072
505884688
590893833
752487797
310730887
598646117
617270709
59460470
843191671
454869495
743650307
136518167
666661983
717544387
875441884
850831573
80054480
375958117
951935671
252567029
77463273
26658517
555120635
654965523
573952505
492417378
517869423
706685569
384020424
182837296
21943662
976814302
46909485
783382992
716296215
843923639
861611880
885139316
684008582
269025885
962851943
222890733
474668629
328666678
359380136
80902802
297158606
206468380
421471990
867566265
454861024
364937194
432793331
705130211
42722327
993899419
60238919
95538907
911600481
579958911
257663200
352183372
414397024
902392950
722445464
501171269
947163729
212293383
914848646
430790873
776401409
213755774
318557607
114624147
68832815
961858222
941765835
802188997
980605138
219679994
576990307
307178086
808921769
725740867
289553026
238837862
436764720
718243876
165180040
925568100
230647513
938690192
12339945
650374226
545125172
99320654
766404342
843359576
331445129
305099749
139246705
330032782
114391857
456032763
844369579
698497880
96363517
969462340
604978037
129693536
731525459
786585499
118017148
591562375
56818284
244474255
698916419
21823899
683970662
94181317
635242753
305307430
523939102
770318428
40461886
244737576
832744230
513447473
730068648
948970292
272880505
89713656
411650052
110106855
937326152
432360113
271713696
694285635
77395557
438045087
663541309
206828351
798377846
336869907
632799575
257668985
211987278
329760278
321539627
156239229
456224489
676197871
301616256
377215903
377671457
563098860
627732037
930483793
104535954
696332534
51398464
515764802
365500206
550648860
769005604
513726129
577874729
318718697
341388534
204435977
171457979
623566919
875264778
504494495
244585980
573609070
811683591
951918992
890471707
608069068
956430417
417931633
992656013
294247639
810679985
407770412
731052446
4387268
267902340
71005428
958548743
492954917
605092974
323654779
282513185
46342212
659863477
800990513
84607751
583073005
173044400
577357446
615948729
727785753
984810495
838471903
823824911
807615542
205524088
211174923
238087840
120211554
387769695
447932663
423632519
80304226
229812668
254674433
695317572
752669818
165651794
862669683
704533888
294932753
279937148
959464113
524437838
153423090
342620261
259301633
896924778
813863549
328072338
538458964
447019581
880820233
657205399
554922327
153763262
131543681
538271744
135245426
576668505
688153513
279477483
294575877
455659183
800577103
597350914
547691722
346462160
785885200
987448743
97196324
746927489
130447586
650365747
378801267
804920364
563431866
234085527
88500111
466970051
459562780
522864530
284683333
276438690
326114312
419262099
660957192
879114372
956944225
413161240
82536610
891313412
596490764
535207540
712002409
760417059
829215820
804318042
740368510
355350681
134103244
522251508
861498092
186464551
503607907
562998700
193716451
403841979
640692305
283775272
271506099
826051866
309465814
170959681
176187102
256676384
577589268
352476388
573892597
747494213
920606889
21764733
328016944
967658045
559251992
380661988
254903042
27945168
323832949
626588486
867007874
294375839
552616009
2658313
680489674
270380309
287944288
441038321
860079193
208023148
328095563
496289275
347487390
878812201
850164368
101950940
547080330
760359476
787322641
770205141
239081926
427975876
382932854
162289100
466016943
210820730
71690052
94708034
90580947
387995462
109306942
588369599
562497720
703734566
794841768
71635506
815726587
179590912
933352934
759390315
768286518
422215864
577244196
75449831
858151060
217648327
394447743
153056320
624387900
528709214
677077653
707106614
864227115
786094311
421843364
251766801
699455412
985944371
568151740
723782993
496229156
113980068
292037350
345886067
590709791
67964585
866155965
411066956
201510550
709690250
50469795
821393265
675187861
568786942
654540437
586199422
861137231
513846265
670532302
665935522
677424428
666301247
479228022
193277515
398930587
333854867
536523259
886832402
65631655
375536026
263392643
933574539
828137993
650924042
604963651
5232322
963141253
515042027
58423896
848827835
288219095
405137602
815718905
940282923
374877384
775507318
621496798
901866878
906268178
680560123
893732793
400511170
615874732
546195065
965828840
953514761
552192158
661128050
363395346
2975828
67997839
482705237
642680963
411389491
694285897
520932985
225091458
293772657
474164868
885314790
550471947
416219970
521899519
388684809
394061801
652669060
502309704
798458698
390926729
787503510
908890908
470659652
489603935
479905656
399421683
176627227
969374082
957408201
930265766
936635159
407885700
500415846
19875608
879353784
656235090
248020997
334154901
382094144
821812363
912503742
761892992
924340765
741382387
523646144
720117306
22555352
341904536
675295057
108110935
297183390
474394918
121281076
779503221
798544990
700839745
73213331
250902181
508543463
783114817
516639606
110398965
81312937
175702376
281415070
787012155
974120004
750882799
541121930
642710593
90436023
843195312
959402063
371870992
889102562
782035723
518819817
267416122
602282474
328147471
636416545
762263618
547302256
201110144
65206663
846846874
437025949
480929200
790120240
96382433
655668186
512892383
172243018
350372314
454194040
960492213
887936596
578204460
78336393
665067842
298675430
832576245
880761469
73954286
259971814
102839999
177631189
268671590
900482980
104861538
527428366
437311196
898668052
555471765
799330573
13901325
918072888
343657458
295835987
395376950
595940216
175245895
348197508
546841842
251301177
810846988
199810136
209566959
193920723
543643971
951071173
310131006
780328438
249734431
751634642
666512915
779393379
916056127
317607947
746875252
915872638
440670691
185435190
441800840
748708116
440818509
184328783
548916168
503124
771841637
483513106
310912903
445365426
794560594
247394270
728108614
242875936
652264415
693959758
438263629
872272786
647800909
920402782
882690539
682563960
87551679
800934013
125145666
765570464
493888318
88772040
214399123
974941129
818112972
929069204
18612813
401708849
205984881
298187975
456409900
818108664
532680981
740722326
621729108
652508145
469553140
615686208
148353991
930289511
71593422
894407910
284276944
748531812
52928104
574260128
945651669
674193187
202023165
301573382
500404913
249769797
857436821
823679021
893947062
487150329
159671116
306676695
613554046
921599946
206644120
43856904
701643458
369283226
552949317
477246517
527741243
664526571
537000704
893604602
76563850
723291046
400692409
321389918
966875805
299909190
233094592
264254581
990077433
631907856
812399249
337512422
368966604
301891765
114841605
189186786
381919797
286088633
258823110
137413159
866259173
80273151
933172120
164810827
3046112
987100453
780214638
725634092
568513511
233030096
992293165
963697887
314168501
750682578
950243712
644965310
993512594
288839684
122789954
321617949
763184267
214402402
560223848
591454558
960040024
382716736
562890200
766665388
243861204
81378714
704676019
435950345
135421000
831543933
728560529
117239495
411979257
777347268
478146130
282471939
880817431
647670840
159323215
668398646
250209682
65369199
276988410
735333819
221750212
747633044
997260281
833533841
682100636
243853594
410214943
139623214
74072784
224634972
757251967
66221600
455255705
399515001
923990820
149831802
919828975
86156355
248543287
786056727
601404788
487721221
658530982
454032245
31241831
913348526
183668324
513255064
373519580
958589928
154770021
236656872
147947849
123502013
572789851
347284859
13911827
553477369
559921295
866113738
477163617
704558615
645960481
473187359
143695514
757474190
125583860
912188079
473539163
990324790
130451625
402140161
879875496
397226157
797165796
732028586
184399750
951717809
279560805
760272799
889833422
559470139
363435362
165907082
435441185
686822035
862054457
971724793
65189103
22727179
134052493
260748342
77207838
80692523
161381865
661319271
493534854
527635404
309285535
23514397
903079652
753961873
545354977
721760747
770399078
548675275
716480523
867239866
423910905
536371184
719920957
526095339
192556959
539159716
156843451
408608429
164146523
774862835
79444747
837466194
170127447
31166508
230009177
19524329
125810219
22166577
848272604
250222292
65367545
121777167
413606823
467127150
426309242
441666103
194030262
695069413
737166188
716064904
930555686
622487761
799032622
822961612
561295072
773371266
64614014
650469384
19944180
901324545
471865692
191820493
708329274
89431752
815961801
657538793
230278753
686940286
945674905
82167288
297900714
908286210
257414439
522724937
539692858
118714864
364585708
332786791
479908941
749032547
228255921
966650624
396161048
690708451
449364840
640465240
29297974
286161731
736651959
933467561
246533061
376795993
556645829
696962732
527575075
143132718
606851389
658383741
650003473
276122062
964765665
442333647
425833329
872780269
278571171
234493416
666095733
698985099
920266805
415085956
562204835
239750904
350033007
627001694
356623773
91250615
394465629
864219162
314572192
264678181
456105675
895708894
424483855
395491352
996298510
200685211
286316609
397665297
171890956
689047854
519226571
825923020
254987556
227719146
717518529
351522367
41591501
906211194
322722939
773428226
387999290
469811646
8396889
598159668
522590879
348508964
345562834
367514889
456404166
862000561
488480751
593961476
958172673
331045676
365356569
944122283
228640781
89054217
986249106
595746611
142953931
718689422
429634210
553002402
63355659
920286238
937691466
360146853
368961274
787372351
545482126
36364305
839658040
444242488
274491604
81020461
450812267
676519863
728017424
113154504
365313896
908049679
419504565
766337020
875302428
114258657
818356387
375467931
212200595
471093777
754089991
711374635
389279840
529820496
352547398
512176125
846214247
894470409
1779142
399702599
224289956
469244851
547818702
100297202
626102681
59432854
366444537
96224435
249360894
138869097
519567200
141605068
157510947
405709031
14983036
335965042
88697385
809348892
61283388
258162560
10989570
553501187
12438020
393700108
984866325
443405759
491397281
850906793
729236733
394292395
372654617
943628664
424151992
4481972
480999538
366250350
740421832
376426884
328724486
660958782
898965039
453820290
794551512
687002141
854439589
894979972
812119753
48648070
763506417
202264374
460234857
670664433
884136288
990142517
55095373
340482999
181277177
712865318
917706193
658801084
971080401
660456306
40029244
208952291
145781765
123032237
834251263
245664527
624266164
469402450
818534469
196568016
697439677
723773314
604636246
705838542
924799810
758774694
924853242
909933837
384864029
121813617
760300398
611799665
941356761
317644281
287093341
754189637
203308942
895401979
426205928
954725487
49270148
577853928
326579190
173493401
97722128
344958372
687439157
415467648
218958975
469762895
82357456
995871518
937233917
228686622
296901981
425716274
367485377
369018024
374312145
523283659
325538193
505319653
671580823
961386065
351552710
530212013
455530829
507040120
963846176
854181123
541833444
91552270
281347999
453970586
749210253
451482825
178019114
923893758
747843852
881635354
197566835
621314703
54599078
194199539
63168489
850826286
402878121
1021861
918124429
366894011
683507317
538394950
32345854
956166382
826720610
329502088
989409743
606233581
922694636
852262433
390661036
704464716
396602995
958230936
329746687
985393663
678316677
807034911
368278505
997186996
62028099
615397604
492750334
717137931
119904814
654649375
569701369
792126596
987458213
135184205
364969623
616787841
68327280
987853820
976294879
777411809
847534128
651278590
431035926
824590106
822737906
303475717
774327671
732838563
685410048
957600609
793720651
720356085
66707432
48012384
496338040
172184955
860515986
948971028
610803278
78541947
754601494
311463269
758831200
975080329
344755857
167652137
247378399
943698765
754000963
733988803
917224090
625286942
220261200
343258956
345064000
956565307
719546267
892360557
963581201
681923996
356594429
965257946
979119496
348618765
980153915
971164807
258263958
658626245
384981514
481924790
36897755
438247836
86359738
798860512
657277581
266759172
188482697
627055314
304898781
669659255
513961711
876228226
106423941
325877427
66947880
603226448
52082938
330849132
52629217
12107450
309195714
541922654
537354682
767575008
54228869
570382799
873840004
951494632
797915467
215404639
464630892
266986292
776515307
593420733
19397478
57761786
931049381
938738089
36554241
823012448
36342275
632760970
941426002
566112587
869734870
247493114
984379438
15450713
182752635
554730873
970985890
973328300
244151329
222422109
892162014
615831379
481365195
707082328
134538583
597832510
456060666
21423326
530331423
974788128
93516824
528002346
508819945
70918184
299525416
539219910
892714434
269842156
973609709
397199043
434169935
393932784
629326037
553843120
8071589
589744975
138795652
473978149
266494634
909493153
154738877
906634501
410441618
722715389
328622964
388484707
13268673
729155903
834066231
861234630
239419460
12526217
42190505
798407780
639124692
223507593
496764329
630441306
350674047
790095976
648833981
250285461
505758421
188795401
437463629
372723065
189279596
878249162
780988033
892391501
832832112
972582956
657896202
89769638
440801506
100678579
547605798
370777194
425350223
175027722
88710995
352978859
69990526
368164306
950024045
698213880
573792082
66724156
766927392
132059405
351861435
850120199
118637024
738338572
29687283
221431044
214749630
664995917
782432633
832603892
140920954
345579361
380829537
770887523
902535854
35456578
657501146
187799277
302976609
402537676
801663207
547997970
450304746
427564215
423917205
749945554
544819782
547869283
330151268
178639551
938984320
68594819
959113467
932517815
470357758
216912201
242048714
961796017
509292251
599842208
684375437
425429513
869376993
928805026
767706853
645225946
197721815
383012907
23692867
811859503
776140683
735435799
116913571
441128325
818939620
419464411
62106536
238619800
134706047
486148543
341652836
512634131
270207527
406553504
946824967
419803229
537313354
308672788
867726945
722981332
66642204
128851621
451723076
697764699
772544104
669948422
634894744
809749464
659701434
192394788
831764090
552539925
535961361
100130006
418140553
512304429
885171849
543273702
901388143
4363922
888737176
193245366
197409658
696683321
400252037
377918083
530261012
806061166
756306490
528401099
475607823
65893270
37515822
544651644
19904912
141909222
271344144
347077978
726206762
191157806
45002659
328583174
486415157
300367844
456651045
729278299
847122985
177635141
29172836
230233809
381468975
509930628
578634744
409569540
313945424
931460452
372530550
632558221
291883919
779406352
173335305
584865994
959721866
891133370
143184297
930355797
178807987
565572097
903107779
554408960
764568675
250294904
960202515
726977587
539140531
706351240
680914977
751405805
399537619
661623837
81767010
819866996
880735615
264196857
204167235
291567350
752653530
638750217
768231725
69398860
141899574
470500408
871568649
78938086
800128705
752607214
174214066
369214913
345162620
916789685
85685142
432557747
722116879
870657191
302185054
309137265
480995924
668482744
440800691
134953924
414614487
440021293
444649758
375207720
462320854
592301928
15907422
607795668
168203384
55474428
168862966
136739792
466795220
758717221
712829465
777303109
711457692
493464130
595376074
580869179
253465325
199036306
971479686
162855879
94364793
765626345
390103797
516642947
287943489
401913007
80519980
324995854
712758363
661652324
24566064
346404324
3607490
912541729
996071810
764404509
94613100
963340739
132032237
386669758
629832583
708955879
734419956
4366958
923188242
712931335
220915698
800534130
268701021
358276948
898013084
990623380
835084784
333046714
526054893
715249954
597501017
645369365
701956581
971099311
653984279
573079147
124916624
334130913
945454119
250575756
777414755
866889675
948412936
792006215
212674213
946664644
63716477
404172572
87775266
919673636
612116732
921732364
172697906
377271985
88445851
530115355
396662468
735648493
693542546
910906860
329272097
689107869
689896996
491398945
236310944
273655831
206809434
406406592
190546858
958075748
105779041
93171005
740797000
828323560
238881950
452650494
818661164
813224847
350187127
734050784
813800278
913198087
350820568
219318206
675320693
379148421
116152046
25750867
418914631
479942267
639811073
303224012
106285414
668818655
538550113
777542601
355393907
136173376
761065444
52783365
831426353
83387567
624990113
252525767
661571133
586663006
870609658
882606800
129072489
674255540
255185473
743057147
45585295
101099853
491824922
715501032
82946050
90491662
279095395
693221526
916471768
44944334
125839767
649074667
714345124
259817896
166685000
33505886
442391527
688604391
745740899
581885464
979086392
97164324
679260254
287613427
17523587
320797818
926517773
788075549
259182380
449001056
402903943
373681609
11777507
669315641
432455696
360929301
35429802
237202947
296623290
829588180
187393352
386147552
208394190
851034214
622803196
695513325
987137258
9557008
115884900
34670036
921170498
464482051
773182325
13599913
939153127
343427962
838056404
75125392
476832734
320942503
104613989
336236423
135042920
572130318
319914369
491357465
795574153
944067528
618860301
164868643
767230360
469858926
603843208
973510081
670635128
632448051
695340252
169970845
382594553
783656668
646530618
323881891
415706144
811456285
682985607
34623069
364270474
10910131
173679679
414700988
124303629
168458728
54771379
40857473
394560984
740244423
280793421
695296927
213413753
427884863
592601924
669152261
134619947
200511948
172044983
314429096
449922981
402614569
668240464
44050710
716742155
856199211
11688945
894105417
907369865
349785
472170639
475159796
650051731
573164357
243780370
881199479
990229085
115940632
442970910
476095069
809831565
744916605
562930705
477402949
87390211
110293918
33556392
100969087
434560762
319093638
652817512
491423498
738260136
338079227
112548577
947395361
412981668
162914039
896252863
817976194
79921741
620905354
328585683
175785479
714044146
961571843
390360945
544745942
835783628
759818161
238284758
95339261
208607246
787257424
309208090
80560136
879009145
358447805
813082203
927542478
665449780
189359939
537970378
361973137
584255638
676765326
754420819
838569297
800029525
316971517
341556077
43214524
789753112
985463413
102542914
325500686
435112897
68848361
81567248
276268026
869829779
768150711
944398280
35490138
501209312
302177679
952428061
993481502
820374440
58790874
398575436
423091575
230587085
902816715
137839489
355260641
927275043
189075765
980950452
807530620
77093329
597970973
802277713
17374694
583603137
875226982
32650751
535471304
461666381
580413185
447383539
729706165
397251825
451089968
517979495
299638831
734276223
964294421
24614550
721443657
557624971
57062323
769455321
535382395
683762962
159353208
522967832
917240915
234091979
766973777
48856996
177271151
929969532
891666635
24566091
385329361
20546918
864140370
572327516
469471339
294979799
919868571
439131604
19785951
510357717
697482695
807429142
273236647
930565011
600590854
543327153
144124510
156985252
391891140
156511574
173218944
898755257
634267919
49191444
772260801
803581142
890385534
556912491
447082841
312975097
344378434
222362323
883699525
60236102
946073911
121175109
228568299
975563063
425637519
123195461
794850994
465690632
372481013
493394333
214325289
934222550
476693845
646493430
542380408
33368100
493902972
788854921
135651289
465348826
477761796
879670608
927601850
576994033
866845634
396167233
505901888
680572145
487376869
552463239
685633267
27398141
659411086
162809101
379735891
217182596
74802727
815012377
234790408
662418426
820476545
32313230
88452903
665828161
848735941
651450185
628082957
391977260
36820196
426475965
864596713
511017953
598100042
500840827
908618214
393707406
461787446
463050857
655813655
904867617
81151405
599638981
160318319
538097451
764126594
107513508
671114687
568431608
634294905
657778975
775052670
273846555
299987454
96782794
499908796
147349430
55664930
836426468
786356443
513285748
98699927
576725732
960916074
88140731
925843632
248217177
423125049
564358230
783469131
861703995
463199084
629524451
64167679
897347501
458847310
562254978
728896770
537056817
151942085
422873303
774748141
545033763
765849794
184810049
317382304
525541418
139717301
753551202
740011860
799789723
415014919
925782135
541212464
628934338
171135394
801793233
617445207
697286883
442501598
236193661
968874833
124148245
94516770
708005325
110491611
123242634
336278661
576122888
174471811
768111236
323706918
936113212
789238284
503964425
712176831
162328456
632808882
125890508
508347473
260037446
896080741
967451347
44663207
825270207
739961408
248366365
468331226
240450621
774098051
771279502
393461329
943776075
674597268
839551106
120030645
343382960
964945136
761373091
216466186
331799185
737443864
496989878
69757434
224839927
987643163
655890344
496831407
368110748
908764679
10786816
83338251
548871383
992355819
594825304
990830571
347926905
84980383
361192933
285930257
166021012
903050833
924995351
376213311
102834826
190435060
802213007
996740123
220202142
983539533
409436622
666152622
72773498
979939381
129916987
989296223
749962540
869096672
384539305
444586600
186103365
830502496
661198030
358857688
872806385
565773954
356740051
638160081
132390439
96774480
362977699
562747395
711930945
913941764
771752883
198023475
225496134
412236273
486903027
888407156
495105266
718986739
250137828
217224459
317600162
144706652
961322374
629483707
47465635
135738485
948466658
350343300
531279951
962847499
173962811
291521833
135193699
7609072
178882145
535703597
67777624
135983266
5295909
655734558
855812890
118412636
532623560
372162855
451101541
496244817
737207138
706612393
237948221
728393196
179910948
994898501
248784926
435553116
915569241
771466090
4446331
457869879
702484327
881321265
501865149
889399696
91904576
167452061
664034192
872706839
477988502
582284490
432322936
885531382
555840429
987603676
415037021
509661881
341468070
330542515
566953344
209336985
452655773
772341860
679079849
835999486
819125098
500086850
146534473
612461698
756330816
81910539
353083131
210167156
518156135
680595829
19177606
160971472
859493141
197203908
834665093
766388281
478356329
922366231
968364835
996588586
775271020
659704601
733515204
960901535
530439548
20437707
318156251
448375874
222345995
568636533
413898518
468147276
194746509
239751976
291106776
446195069
50677997
633940225
59838576
652237813
938589220
99051660
382649927
500527975
835374467
123398309
147618162
452190794
781416540
536273464
55440017
623786923
221789374
887223832
61396201
52934787
671840159
235569427
934025267
250643844
737318433
994464686
159600471
838831808
34551058
769418534
15565288
767793441
608739908
153925135
88233268
393174938
282751978
928575727
840885173
649389198
951163487
833309525
550803732
965311660
760364022
668242047
115421262
399802876
378171509
407964908
42681862
775189370
694101567
465246543
858499320
435628048
129581536
724226135
562654666
55406806
710136189
860894784
376404645
85560094
389550507
228573702
951150549
905235799
468170782
578460530
851231353
53877186
404462625
195932319
985011365
949262836
427139744
57251281
518140248
744423869
152185078
450191961
300765137
982305377
866272158
550803109
140578520
948479434
438260496
858747398
749698964
945675928
857485918
156264013
221492973
462412743
464762660
205865370
137414244
898820739
451223394
626599879
462807766
848643718
8731983
87024781
796168315
437883036
96112655
301246252
338517738
125276465
46644453
214921646
302629206
370666531
964855243
861760827
870890718
750553113
451768215
20294700
994357253
217673708
918134492
582658377
706103423
370307184
385223887
74047033
721969865
769997512
584527923
458505727
190624756
609302542
604739283
789912797
978324101
698680280
338740223
755983271
390995580
679046032
267925005
470880869
973781326
908681251
612316635
370163319
215794286
515531870
401869812
388319902
570009439
452959344
131505689
279752467
196732126
753234424
233064920
144851495
897703396
341988493
722405992
908795533
557840665
329063245
164677263
448812183
227283602
343564420
902119977
71328448
971050746
959102935
129288447
876671749
945557995
549847588
401483628
27895366
264686302
1833711
485375569
5517884
343585991
293865944
191491434
591666137
618268036
32917053
777471024
160838904
373784066
911871819
584595790
23091294
657545428
629048937
950693479
627678760
946924328
21591403
521008968
739859967
347398927
530464062
525858100
432503950
514560229
532897471
277980884
234930077
659482429
437754240
907704751
181674745
829207755
735043172
222635994
735175356
997648436
789953139
363236496
192619999
819156844
180219609
885339389
281181784
354266402
547377925
628105802
233664983
712362945
287807760
712215183
304289921
965568721
545703986
476459969
447158886
361422363
67750991
592207514
654106029
111529492
855991420
28652540
685673026
380307792
566107080
850904755
859562719
358981606
347989646
471283855
952540708
599168966
501915887
311613869
591074617
494006196
217774739
396809691
217559893
923670415
820414354
65166420
779220673
872019052
229585831
161683629
769802067
575649675
224005575
408463680
840326549
432648505
276236919
142303010
631528475
874844837
2811563
41373348
900576955
745092962
881513708
964330616
200368625
781117579
264048794
926537802
909149621
354728662
149574768
711785478
933085497
39165622
345649767
748037459
127028462
269952252
64385743
517137528
170896824
722540603
722365680
293188275
182015980
159326433
488208131
834760170
858284688
21867818
952827059
9254170
641549374
649616873
211995402
641929586
441235816
329038768
385408791
569652320
68971302
770941011
642257960
834498165
954418402
476736694
313481372
800643899
197380713
678950104
364412168
23788511
283879523
499739873
164817897
763178980
144701091
808186565
726112986
186690493
810413706
366620619
661789408
276085893
396330631
670776056
502917840
394150645
124255991
96350502
718392385
350803827
217254371
370912067
146090851
193523461
86915666
524516654
546842044
838754392
557472973
800312327
671411781
957386755
466084351
214588168
52831921
883140783
461774773
305815726
765615613
300641717
143600542
614135502
204504054
747574297
433163297
98668650
413585442
966486560
120629067
502674503
97832419
993224016
836163999
504767604
374136386
655958139
24077963
958239844
95760272
185113572
883766808
521311694
9641339
860387906
515229686
880816700
604834659
108632436
715594448
486948653
295392138
431924114
136409600
856397465
629171889
379089118
541237878
541894039
359750962
933999472
830110240
138987028
116651553
800030664
597310723
268793988
662864793
275451826
472870387
685524739
662323384
282913880
994562132
122988567
422379382
596698711
121096131
823619204
686170605
146481768
298666604
939951899
86750583
78584515
271838331
39576317
583121741
904636345
942385527
51752318
109828292
342008893
979604924
318385530
966267977
351648067
118416550
694345533
963006220
473552930
312666273
645680231
180488899
48062744
951649786
146265746
565263093
335637984
403381972
236301227
116037021
962644843
276195715
885335595
627543368
516127437
356349496
676631031
861089931
498074016
388864761
486214475
420225517
495906422
925367104
576674735
452034039
645040726
725200415
358777296
58138477
10276387
443667093
44876849
782277703
795981750
516708551
445941535
386886332
496257935
764977681
378153585
637248761
579618851
726002199
408010741
427429774
182139659
360113870
261832271
410523296
796193339
495755972
924998102
751534917
911774636
452023498
204201240
212135891
834691320
136787631
102623386
74404984
856393439
255489034
795639697
989007075
731680600
101418605
848524634
80786578
425639317
863686737
712203341
871960593
731117395
130463092
616454051
89895068
504735754
644224458
282937540
174446940
883819046
293430977
463084267
648249852
493177290
712169424
569376574
944651421
251962090
752556114
827066057
189156625
923050335
422479550
350458386
977207031
824227986
446345302
507476982
52595085
813974167
305599122
212897028
358316409
331751269
159616810
51126542
292190121
685867737
247139356
565199246
163866071
576047809
939637291
707404316
879954432
245264014
372755462
630936046
91722637
932234224
3656387
875160532
319854980
276552486
79039265
104174785
897355410
52413888
505619489
504620507
674329539
43559832
858867440
805472938
295962825
831423669
679594432
118364700
508215510
734863850
342999714
369122157
552271988
241138017
113040237
328498659
28346594
499067483
914504513
219243875
661281496
333790522
57918921
137801421
137219046
521192207
763966496
264972961
885074284
869504746
895464571
489295511
455581372
323354916
756056820
654582310
376450234
975832544
479897423
557015465
948811968
251686458
85744840
502440947
420544836
696552610
167433531
122648147
219590258
915863593
587206434
972986587
3887059
55906948
624328257
818121619
550054244
445448274
87252318
844773472
214896800
938912424
867447464
23521451
368510946
607295218
991995779
357555607
243162204
256938981
12476991
685077027
89095209
63599324
94528037
336767558
495102186
800381337
409207494
404426374
593717309
900434
135242687
275207344
586577031
760815030
475928593
266874311
404708167
19457440
723853347
942276073
842015709
780219928
582430444
708472477
579318356
625579410
861898174
175798776
142422346
43478440
817193929
996715944
430764469
807552620
753803294
556503166
81696854
370932090
751204334
374499339
607979255
912111055
598247143
312976055
899392213
933331350
552796921
278869566
894438366
269230548
482285727
147962582
91159418
188882305
572748319
937900868
685612629
374382219
697886935
126326897
29091853
330437044
550422092
220491695
150738287
881253094
71711398
371174614
442167338
88754128
257234877
896020730
922529566
764643521
590129184
594949992
145430918
844868895
483951005
693449691
635537029
22380311
882998505
319638989
570709256
621104142
101759243
534838462
652906855
651588946
728491172
703635342
686145104
828791860
365619875
992700926
515351391
501176763
656884290
773975805
518825130
128858966
413750368
122136376
344443147
952614218
309254866
306912954
955532914
83944146
602068478
11421138
572190916
85160169
741566644
169571734
367191405
98043652
454456510
334207132
590476232
535128394
599576859
823600186
829832658
50202181
335421307
665643451
119674790
795188953
287618076
179244853
222169116
682532878
325963122
365909236
902140962
535939468
172176792
19289515
903728658
334312107
736636856
156322976
160015410
512434050
20005431
552637812
70173032
546980311
719383039
238701731
294635336
411430590
450944234
661613626
686822599
956061342
280097842
423147557
844322123
527504099
703610893
416552221
211871109
144100408
904174789
806642068
289260426
238717955
250148120
794569115
919346882
86433237
322658282
533024348
121298552
203227795
994329437
500826009
411823974
757066993
16742667
424743111
97031291
951028680
271776981
527213287
288414639
552435135
521920302
761874309
507639783
85444157
584403643
951702685
918959494
41874301
807081173
219793595
549706869
63094647
927337262
242761794
982350352
91810488
382653722
51547874
185600150
627916993
211662985
909093234
549791903
81460215
209860912
489898968
417765296
675186444
492877225
742991643
487318472
549587405
887653579
71375630
295155417
133124838
309057604
843303857
834663588
723874854
495719052
606720775
925264284
774708281
823819742
606598955
930437513
35635897
53453362
723570506
657587972
282498514
169625858
777069502
621387115
378466844
413714817
974564633
32838944
222685201
186455842
975764366
838654002
196208841
725516416
894005753
363207255
713944765
941258832
977544189
449797088
921262696
826516241
82306016
67243237
885047059
395492123
520328057
392619355
127570150
949221036
409306701
633890986
825643740
638797310
518618741
49145107
513170646
221547822
715428074
27120749
279854461
977218380
839008188
548407958
837320278
889656544
574691830
79687670
349021271
601278532
80826732
960182419
330021772
64404188
909906388
582365822
242837518
884991058
216003075
819340862
192290483
818995404
537440918
951609511
603874191
909750110
991846808
625491964
18071889
123354313
929543219
164375976
998173460
140705671
868808346
769179582
491986657
40258129
524059051
336419064
302519451
915577137
113282574
509580889
649220284
320211053
312776763
959093013
147166892
603410498
154451427
645646445
83412361
662683267
727467636
130205882
578117457
604800677
130320746
336965781
436488114
891726046
411254648
674243112
305799939
529225241
749805194
728062795
1806666
321888552
112990464
638586068
749265887
863736066
529635515
990025646
402364729
790271937
818763351
538930042
735808695
163957577
325808980
979576989
288696942
184670175
517980177
968520632
388225658
701496947
627145621
455214881
809399115
392432997
949660496
353671799
209778279
374876732
153172824
679042859
88617789
362708886
248921127
767038635
480840024
738119114
234134543
616269892
725840725
993446680
530278239
444462651
751079048
436038684
210883087
17683865
579712522
665616205
12474324
450052780
527825012
277068599
60856686
432010072
487555678
323554966
796883087
767797108
241997846
177762005
774240027
865365215
620614611
193615140
561309093
405111546
370998374
483578476
787073425
4761041
719995815
720185570
215803644
860415911
776630587
636455282
692258626
933374373
969590747
667131934
266096277
606979754
99089696
783121175
519178663
768579953
94324439
941314145
621597284
52784614
393884061
967762614
870266656
560924547
257165387
940524033
578504974
971303379
155367968
223942987
435863281
330362940
442247771
55202153
694630595
689724579
754138740
944074960
349804864
473510172
532663524
715364123
662732901
721775229
295428976
852430551
907073595
97205477
421905322
409107484
834196313
258463062
973380557
842894089
121672008
448498137
462757988
713102125
530858956
828645953
287758052
327017217
542367691
767117417
957774860
311398328
60063787
668595048
355599103
722630950
907170570
205409243
98425260
221069748
190103324
394927267
614599207
776325590
60772083
512850709
216692555
821635892
1050415
735415806
125314891
270607197
507001314
99156562
909362299
204700045
865228054
13664847
964750001
439543496
953880239
605262392
951898236
896404615
69785995
171229916
966972986
208217919
790938723
434689357
901322129
811795380
734747935
838721786
476028134
382980498
98785726
481079891
413888890
392183022
659472650
477424460
522124323
910174609
701662426
863357898
573050590
582997811
277612747
564190146
462786790
671850816
440825731
402010001
213853361
947987857
699440158
523518370
612844663
184241987
28130153
3008473
768287880
985259686
645680842
799997748
956618905
600167736
437355593
410611366
69799957
93078345
819961896
471789817
233414670
89348356
252439134
547753555
679838813
85409212
488245885
178138411
118094126
527759411
938166833
740491023
575178455
347283304
732250530
367212458
782501448
667806291
537950121
220776141
12942805
496167412
447269581
747127457
269584209
332052096
360863846
802154869
717824078
721752547
614758770
118545385
330808242
584522858
358959604
196502663
429827270
949519598
627784855
502601742
95505368
841057583
437659771
339632577
610011383
743053164
443034825
121949643
959306907
485641365
363392247
52856781
582253874
608940231
149817263
658487338
9646716
907900973
205193148
574338780
388312926
535459676
888175877
325832181
508238386
933956998
235374945
963214424
95926970
504101198
461070032
749504194
322775023
549522954
114204384
458655154
869319549
516275213
108723111
647602940
843748462
750094812
613703543
645833322
950778875
544503305
953834469
988859462
279943752
655330529
921839721
697263569
153179812
855203032
880882058
563292690
156298056
894076648
465104118
446136487
44016753
407721059
875254952
181636523
984911891
133954990
4908714
514485752
50827167
790991295
97396714
711663222
482820570
890635686
183303189
162479925
758456552
258469148
54063921
296465399
496228066
943870043
219219200
84745800
976356323
302620962
558703037
318283790
871556310
912438608
559827949
86776670
994290260
5697431
804050459
909441848
174807979
464481416
171087602
272442717
161967161
439268186
173262345
77523351
932382105
559970245
264582387
453331648
90743945
291589028
677700712
174685138
953382243
424598620
853995291
593530017
118331277
860139160
414986703
465918169
36639933
779665848
454799595
464087871
313370257
792982567
138628794
686655949
34874660
684616424
269083292
745637289
883807924
979280827
868395121
31031025
570435182
28719297
57273350
517603207
881931945
399468158
582656972
447169929
365546458
616336522
53600242
648891990
515801190
300206605
193004363
779310398
41842799
210037720
482230796
304517340
506966300
64981845
120151297
476460923
366760936
532985699
68481376
816619432
630394434
945720837
812838899
428566135
834686812
349988589
551204171
217005003
552405987
224036330
665621236
410238335
638932413
431667125
374948365
151389300
577845268
28194760
208127228
352953722
708453250
261012399
678220135
175078298
369074454
535835338
88231138
459613778
1988780
931984527
224423626
467685863
345141674
362583141
421057445
891863196
253173695
75337514
620080647
649397028
819228960
615766663
953196041
862770696
288475588
569887322
603919162
55118812
173334686
247434037
283532150
770725600
799038421
626502807
344401458
940877236
610752306
594966871
316011077
955584452
765432161
158578414
828798786
151994303
976931541
425508587
544414725
828020481
86631574
287375446
552893065
719776031
55357124
886575558
427463280
817052709
524119216
578105937
127656227
302447388
720762977
178875319
410824590
217895743
288829100
89481359
672732778
294186968
155725081
654538065
486778150
102306501
611398282
942426601
325668040
149089184
107615453
743935973
682522662
780068012
891780655
7374734
691004028
678266082
830924979
417293349
407154147
558183406
870547534
734935818
622154331
455176438
374690442
959735057
192227089
717839132
169119522
28065282
556803682
110445990
17930320
377127564
834481472
160404761
598642288
374039385
952046642
250741991
744899008
531791519
78671699
686814756
559144536
509870078
313215805
293817084
15597409
306336692
570087547
951228971
953721347
33812160
381991985
78320348
41376281
46179967
553183981
585437957
766706115
828528843
851659213
163523751
707619828
676910509
96904169
226516670
951072593
816019318
551451111
752138471
580063521
159927836
314179493
533569667
627911558
932534310
253144259
727647022
970143937
483599741
88151397
715055321
802910189
440214273
381231188
352724606
298289810
633152453
977783486
390978471
413098070
359927803
623483589
933189658
767035065
600573994
164204658
647232387
82627151
971653796
843040771
370125858
557907176
765681810
394500311
857499096
833406870
372327471
810046485
785943625
813806873
953141412
911103725
351287513
661617406
479790678
445954063
297331210
989475800
142111062
659613480
602865805
523315134
77287943
951633740
503605291
66719350
298300280
602786727
264573054
386433789
29493977
450895939
539487789
214994900
931531030
290638624
565545029
199308602
624374494
681497166
568859668
238625978
606969173
740923475
108049906
962587153
984345694
412191609
904331759
837464171
535868450
584781893
319809271
804047450
183393540
908791983
523388425
385532103
145995128
617300381
763869822
456666361
947797325
236561598
149505776
519067343
347276500
951574430
230019140
124706679
548873919
474931656
32580085
478410792
247645482
191106229
295409636
457401237
960439004
956615473
260808596
902423692
114371831
660794955
247004951
223764244
195146411
693886286
714527277
485070220
14425680
96663204
317118901
556490111
934119060
427879608
160418185
776269502
445558438
111267474
497288062
9490468
525323771
311226608
534745276
554828661
774766421
875007516
677618238
223335243
382032170
838676408
913698176
854339726
127086596
740979581
30345170
274582328
247474755
491421359
757099329
76119704
770146322
52342031
203344144
512168650
224824148
830777129
931161535
351722024
358708058
243607297
361545273
847291662
633917946
689032745
221940790
715597123
190414364
257823782
251552838
194517654
57956444
399909849
398413844
56564544
414926167
515255649
645254894
410250467
553451184
614561845
888962593
248903966
952037547
528377627
601016135
61514228
822558733
33553818
263346571
143220819
830441574
155708995
364444729
149991083
329581864
106822912
9952929
190597514
399217564
913994253
951147406
461823019
652051886
556977083
841986275
407558053
520158296
251151614
659742699
21100057
765817353
434476098
145990583
309003035
303026504
361928942
604331961
751966251
737179441
774658036
467981235
83922558
308051493
760267971
34912574
642689697
160012475
741484527
186274826
997327734
599565115
55443249
286488241
611689913
670889879
223497353
390050118
64858961
32257574
621927227
992765942
743867880
22123927
863201157
470205664
677692524
107767397
827481467
213900851
98359145
45515399
23477150
168711230
634843257
926787566
236975739
246102299
690835606
820384884
445636841
814188376
9708168
7031381
163345768
471906940
997705198
70699187
445337035
895756553
142112577
165731308
313802714
768699832
520224684
989597066
826522004
176562685
565059143
224055183
721757535
511980863
292774177
437413683
944904073
397618102
758511715
375648083
979091865
216990322
122166385
57624034
245986984
987510792
911689052
181526625
434308332
891565135
74795014
50904036
58752720
712942916
147014721
232994918
63090272
731644204
334380539
36377572
547389141
452427176
4235067
11273403
731244263
166714295
404624134
817563578
505454881
937321794
305910575
545844874
856138184
891025065
578612588
111623698
272797903
569166703
448396906
697185988
886512347
521040018
944039473
97161583
736618974
217349218
866453197
151713210
857648417
624694044
376874922
226412525
69206898
140743704
697966558
239700154
459217541
552243530
478880113
654715319
844933865
190274101
255563670
589436161
787627146
897193875
693915809
524516080
463368141
446056389
744286179
720703045
196128849
961512228
655112171
730373725
111473580
478194536
406142391
16106526
568916133
624817858
52487728
874284457
585100029
32420486
820356377
175234302
309723298
48530300
68618651
132165990
757947696
174431794
100233085
296660662
486173205
342290836
391493462
537310578
933918099
465963743
557025734
402259985
884630453
701199016
556925525
325094026
459943035
531337932
455625450
599562405
237477481
641802677
640339332
512572200
996446894
234684295
807987548
227528406
222834492
278920689
676473185
633189094
695923760
648469669
206901339
612365590
346164095
137432020
923617477
981442452
887949033
694857725
390590580
94244246
818271145
744444447
676005229
794265663
730753430
244769262
186310346
310296691
13922957
888032208
571924242
243923290
668788051
650510101
51878067
4189186
290937250
531338887
798769691
697147823
386946401
917637324
653473935
195046850
238904286
952343049
732886513
139887197
76476607
8743152
960332276
231840033
222068411
191056081
594369722
884292978
615732986
489000932
754296152
109009506
934640054
448241203
557290305
202006291
725018374
9562080
511352951
512223266
268431029
355368570
562704625
383856478
717052426
829458807
357787403
6823473
321233465
468374308
681897305
899526552
483001158
868189750
401637958
850752022
391672762
733376060
779609971
209299665
941610
576555151
517301165
391994610
917831114
692622844
648278258
427804382
228168580
841499648
127121958
474575719
958088727
317705482
215498255
625069761
209521990
669153680
905895252
757003875
499461668
896600123
29118983
427279571
423893590
832986201
886486717
423781595
447093693
453468891
34098895
613530948
825844519
572754632
836627698
659437273
726559716
355108513
10070280
312368271
263697809
355313241
384058914
428966747
201938392
824876120
772423473
273573968
543706762
610916915
150792600
504905423
463944648
461323845
609080689
512199595
712825888
794570814
903008046
666818814
338780210
400153482
821120150
422792179
760592173
772425572
405551723
339939157
826616456
786387170
660645867
638626858
498445951
191141005
406942288
851563913
307256998
435338999
676717989
396876204
1047806
959541832
299532905
594995718
158629706
462170609
371589395
482942802
962213123
627499356
298309545
251415110
84542083
892115485
279128435
336448299
55098506
136397098
203785259
276038426
152011394
480455501
346994418
568243940
278304677
54303353
197159117
111668440
51099633
170371936
791155440
885052992
575279789
312631142
748146227
202173297
766905306
452265200
452343646
619588613
276980284
368287690
915251078
285920446
297339845
731074938
612083784
371785684
213879199
216378408
957944104
10533201
585153975
763557204
471186940
737000762
307351727
151916024
751550678
693821522
630296028
293283954
423152381
630544807
31015202
344969917
896645101
949257342
625699498
98693203
495644844
431299396
207598403
698829363
889641223
769246612
428129347
76317398
198387397
15877073
457274142
312603822
398572431
638212505
581171503
628422734
383189238
178009382
267971447
345773364
696987712
637456454
625923269
337640589
384115258
526289734
537029570
394395993
314152427
195971267
389446231
887985199
183811155
907089415
881552047
67412131
348539864
260598386
29392185
917184606
747479767
299721497
742412317
740524360
885920930
92535424
277969640
703579592
592357175
322244894
802850047
781437902
498122958
41215545
307991217
663677089
330960229
531932674
341832915
602049695
234188246
945313399
625847323
63279274
567274065
455633765
173220900
983395772
140324269
8537201
57419978
204527504
270193196
916473225
672077103
337484314
296509659
322777643
829132868
848252918
35047645
405808475
128429715
407449356
525767692
746896014
755693335
762182735
894114375
801853114
26425813
481765570
935414294
379313837
768588105
13482436
647483589
295983799
164115337
708138908
460898317
945533324
275895165
331093256
754393220
619525413
942476188
30329272
573999584
482342226
254545568
826768002
395911636
753462956
73117567
506023007
967779804
18210457
668435001
811025222
580654741
380603807
728847437
558449300
137103757
837283762
249210668
422737712
99418561
138135603
836555275
977021867
235699306
568653051
553850782
182695354
518223636
147193226
236162449
166660021
859130568
878391918
134508665
588987597
4975560
453742118
542022680
361379804
875742023
742787864
574207928
374353463
901306266
374512685
572749948
378130994
671676529
526532918
275069438
415117190
822098383
112552067
707825254
856828247
103645997
366755436
839761043
836810650
429441590
628773337
822771248
315754784
855039543
441664565
498191691
151643302
694022018
148021880
773949801
669431781
196117306
126779650
578391850
653215364
681976572
771619393
53808861
499959230
92153033
397347425
383829546
126146499
69702291
60998278
780832539
241895978
570860661
895811947
55824203
413931270
305908199
851220803
217776249
793959007
715027487
95429587
179044597
811537268
579929510
209859376
388976461
749788219
192149819
174676839
438230346
569026702
65825165
998154097
506703376
926640091
888498525
133413846
459238390
682450912
258931495
308567656
745414497
120017867
736880252
910062585
759395224
237714260
149482556
152721332
246531473
220832568
855456361
977639494
223565791
319058614
242424829
899828985
368266276
574829277
762789337
260319924
904234438
434077294
600906103
214210142
235674408
513319552
714370368
494891742
44995851
617448887
453584044
61025793
311740377
582045596
199908624
410331277
467638011
93871259
646878911
926857875
868880050
524229703
859944168
198783434
604735428
594729702
376196922
393346002
120065532
571604432
23846436
879739911
285241395
419817929
28741609
996254466
986794062
945379917
192448776
31288678
320892360
256177294
451670347
874501276
71221522
787970195
264302812
994400761
49474072
840848340
386703051
466716250
54191684
573396543
506412075
854795717
600347898
225209265
273952745
539425887
769914596
800486059
212656647
755652062
459401935
766154530
250556832
858222894
272352236
106943631
771091403
559403623
644493395
214057688
694775654
424507697
890674780
714739594
19594199
884738429
434719733
5001960
202989034
804620803
769785428
401018852
860907537
702580042
930571381
692763997
147523439
202141953
452639551
343180105
232251309
273722144
743607757
76412855
777038201
385491643
89991874
372455520
499629887
787272953
616371563
191812259
685737250
985311732
317390476
532559260
541473674
264967369
748823199
570472960
713663754
901924494
852993557
949781511
938456344
149872169
748665182
754351038
222367744
311905417
13221558
831953395
56014475
388092223
1165528
954619373
558733204
809072225
43633226
143740155
28212410
168973657
302390870
85182814
34758533
964240850
520799470
493090684
331503545
454763926
33850795
647786328
181117839
58593014
586799697
230599992
826106566
618152561
806236768
315884144
765711752
40811612
105650356
787352639
524414127
492696071
628561894
228465612
52904615
383218055
212776359
535760175
230842569
540286184
52634011
513306445
159320880
677871219
927168532
348107730
441342316
501835181
976044569
39157697
874908712
379851421
262681428
594063005
880085183
346308519
333956639
263887776
346695300
511205270
112321105
623097234
596212166
196230147
924224525
667577726
226430965
579568922
141274028
112401595
785085271
445305925
336976151
736522825
100231618
603874594
757255478
199241409
768066419
779202671
613515394
362714439
529411859
595918957
303343866
19015775
308978960
411916361
307457682
282865732
309704841
450891382
935239430
769148911
670198365
680900133
538488193
203978307
492410247
945549336
723197459
192706056
885664270
444996688
94701131
954872331
598467627
346555718
884965614
809393432
661722663
874608448
493974083
301259966
752386215
147367187
263532868
291325156
187217486
130627346
902703478
777438436
375625239
807327244
501126728
976786798
775683568
256617255
25863877
629692782
169320530
239611696
329348457
277317603
494077655
582217168
762615150
755581395
738790614
50240334
159983378
3877434
950310157
418943884
512186124
760107581
327284985
566862620
551483512
385130873
562159639
403962738
665697657
66648087
823670435
40975691
763981488
287458386
588516988
234252342
740441829
660241984
141870257
496997624
444811415
5533181
200474113
822833031
977806961
544590558
887621901
174915387
464001600
579775021
835645360
528636634
680304965
990591284
610325383
930178981
696904711
88898522
288153236
839710271
368626265
425475488
607177716
807803996
670686369
274552328
599953027
918364131
452061036
475176349
737822180
507318456
225238971
732812935
15671288
822613658
236340911
132718924
142892162
509940269
986374743
197795651
45583445
1215522
618317965
52835639
226799969
656115142
28752020
451917420
119087852
824091865
101720570
422171128
890765104
640874286
971742462
376114014
844658672
56200992
194383307
527953334
410793687
127613703
756094208
779707725
319713365
59210016
586435292
200774492
851319968
523595152
389811963
301008433
971899349
252629834
298365909
471121410
973410415
552393190
408816630
730386697
196346646
427915092
942571706
101799617
989330202
754436808
735433144
130137040
512349976
617538720
894238483
583490806
366465079
450700052
700806414
831766873
564306216
657503279
47371877
367613828
902352217
47391937
558962165
305122986
88726139
9027658
686953074
697098137
363792758
317639676
176234887
464112679
611269313
409967478
238074315
194552108
994754952
918828323
544921134
780473895
622743674
651754983
727324390
468709426
502569939
153567673
713171245
203617374
331469827
278554466
709374647
521699066
241775415
218851720
45097528
710076014
3137722
812333603
132563858
204810181
780162719
848657703
57124329
153202101
260324960
136160407
875843436
931732971
186938675
503503639
48413520
271692494
509921396
541260191
839775620
154135457
871944646
652886006
401119049
514895573
966544115
420996923
332960533
54950801
900791786
688062302
618586176
914736019
561838501
431194558
798921464
863675349
725905808
600761562
270211882
221923564
508397478
317863092
197065514
524505064
745523413
980878321
230691395
486478565
587843534
6160442
563372183
724431228
751264920
26074764
735553825
954809238
930473267
654995277
900163437
633271126
50256753
51632417
213520694
831626706
399096023
70811197
476155585
583997133
77548760
290390122
468378981
676516335
391588367
389326508
133446092
220942415
505943144
918234341
799094194
626240054
692340096
356613310
758157276
479553560
903653216
128862498
752281199
727504497
412777345
426036492
338798999
802994320
255350968
28854376
106432311
561888425
782664509
915421650
391738922
297456295
261504306
864982853
768255501
328954702
467437498
747552238
675989106
598927734
213207518
117251962
905023419
294019892
50077797
770816384
128767100
689222509
634054637
699012374
351329668
566829988
106873337
710480801
556945463
369513015
251435276
371909998
227159622
115167461
462113008
333095517
953920037
672959940
807990210
971685119
359430101
107193495
899204182
129463554
371999368
820956407
450174811
877128939
473132111
899841368
206055054
406443888
508616168
937930543
744594646
180089090
792422056
603976140
683252393
191973199
157280788
188181149
146897626
13965607
541539793
396558541
367967352
82502395
136252285
425767014
359122526
687451060
851960852
161346985
530966314
690797607
701001842
749532899
979531256
835323358
319699233
58038752
71908071
428471016
71581829
141849024
11780491
115643419
571659830
679732002
524718131
447743321
792362888
551563425
48974581
400419628
445662490
900690174
845019293
40439536
648246445
579587939
826563107
575014604
277510805
629876366
940733571
789883667
12673682
94029189
343542450
495281229
569062640
674386877
264001169
893323967
140071841
758237872
710677873
557349926
284952430
762655896
101566886
767687927
942850124
56393608
572638696
138242403
144551579
621255424
187913326
210339601
394938461
878289760
559214961
32638593
196081487
178213860
465948833
747665801
194744177
138277902
499606240
763952005
556054171
16816274
187425617
186105598
278256679
270987152
95657871
270235970
974258670
729237643
597380277
89596030
112900527
754347121
587086237
631100569
319576673
596898800
894132567
587123326
717592740
605437699
905228726
790492309
748460981
907911168
700139874
472235361
260765615
650708143
26534582
729893861
816819318
118092079
497246923
411569845
186481218
594860830
395148866
411983001
428949058
915117236
434250473
869939184
603187770
799701374
698403887
217406296
19794706
417878042
705807712
164220532
223081899
421337537
792698522
481484944
754418119
706811841
677756558
241946609
993081627
4505668
152320262
82072053
784176165
860562132
392697530
874359704
14566333
650943572
30258919
678814293
806653106
60308985
228467558
993958296
271571708
96647367
901512494
865399984
709353664
804562609
164124165
965945940
439065896
178316906
280592552
794967453
636387302
835523300
546942777
281472493
546729262
167609817
802687432
918438592
776556684
614538202
219363662
940704467
877161735
107560381
385428177
597278626
602666764
424910314
369656023
354215430
312974247
569579295
136062175
891613751
159765160
206295676
66758288
343977990
917417586
468728270
681446071
905717033
348286915
449494273
540376897
276866421
673107063
853315122
59535248
534481654
685459241
489308278
112853815
864782767
117802250
989926356
380216465
702636577
811789484
349448329
576423473
960055223
168617939
748648568
380766147
67113701
340666429
731775572
415022241
804763420
90801337
45663366
680931985
622665549
380385766
582648390
847873363
124633909
757222394
630273291
939091822
738875009
627323462
310929928
116226810
589926200
75844701
834093702
703672434
209703507
965871304
821231606
7886068
96270898
419773041
433105194
888899661
159700773
111866420
238822243
276577905
629124589
680920806
481885573
335317410
63851183
374921788
965109792
659688976
469028430
512826709
255707975
474113185
635883409
895113085
295812262
731869940
537223207
629582692
770096028
413145272
803744887
750342727
967601124
406309224
347181437
889478898
979188511
203113673
470669712
510218677
431773612
268863661
663022760
316518382
434717685
71214269
583190472
887804108
791017519
562176642
769607066
605736858
191710848
117395346
552174620
17106262
908800079
567357589
630218697
584180106
606840055
199512504
181977329
604516259
566049628
50963474
874387644
35376915
394164539
168122786
807305931
709692897
868681309
72316602
804764980
637899237
916623998
595444820
746924565
987207693
68702122
891268798
882401950
866790583
124659557
866778577
59676143
704221633
727387106
980165960
327562007
210199240
476070866
823163838
391390899
614894392
725374265
439487282
996170071
652720430
528478540
490161310
54751853
276248771
562829894
55404584
801896897
56176659
384307826
629155872
764387067
157744021
179391
925773171
595013353
170951237
71226214
209327697
766031177
690176017
989806089
951445759
202042118
911361956
147277132
249826803
212450171
662426126
606198883
735763505
834424177
622585988
893010901
801170127
718355377
184781299
243832865
666288812
608845308
540361122
751302131
205081556
423587088
276637265
812416426
793419127
449769712
882145540
775840362
707387785
311990927
713899453
731540974
434383124
945637143
212863518
946249090
43299749
440463809
424074584
624571795
766550707
841561796
872389675
468253255
668090162
980257432
95865602
364717193
269070534
144608898
207956332
624876147
740928486
945781953
761508207
591785889
192015225
760275090
494207942
580498602
896448176
267442414
655522019
907352676
454801779
956137384
411884033
718924860
471927834
318302446
738981323
670199938
185425282
237203095
778426823
742923400
174284144
960169063
764288194
616260847
564516088
572025822
337967147
341719533
194010950
242001998
169635113
475636086
873497894
956687482
403822278
19310373
14581712
851136358
281478896
230068036
982842518
213529833
571835373
785867669
277162198
425943566
624096390
412473816
24927005
523628311
218214369
696070850
455931159
584078012
616685769
402827194
763496513
778960523
8331983
810694357
639531367
493019282
487615462
652827071
745298886
650652252
676388135
441165227
691711955
546779181
335641181
365363849
955989939
709061607
971890281
618685368
952825666
753541123
374749011
19745899
746317970
422554279
227864065
474764960
152011946
781797881
441865608
561624073
792890447
829959009
24789033
37215739
358281551
713030000
632313027
476637851
460568768
259709568
534745086
731880344
15368498
707094017
246015513
319736709
911147281
354345848
991099730
213235155
462280243
871474857
326157416
474923296
538417445
727205559
114345738
825880078
806023830
335031336
757823122
182787836
376262160
342402939
351059740
619345423
332176221
776299030
941594744
375937509
314950549
262827637
221031203
303539785
166016756
246866024
719172573
443559529
286125839
916708437
606716695
547390720
261613609
253735546
172009781
888601386
881453459
398222802
793821033
13143139
444109760
805910758
371357762
227094540
122277086
691264749
937283154
464315745
646905898
395245681
234735453
273392620
933457540
291540994
323897699
187237012
629953408
456675428
279782795
477996904
391133414
860486962
326281943
573334838
927864818
870196196
715949422
770085764
288037877
805652973
796885877
711942763
131594440
960556431
44944266
4291638
402160446
239577576
762279144
182694892
64178301
660554572
828980381
652638057
618107824
867865706
941095786
291636363
553613777
325896993
854864010
456797832
277653735
234927403
234385206
749535617
329760261
883159294
579423061
203182427
107363203
408989886
883359007
775057090
860262090
591001119
633114732
237353208
16734609
296620762
619044190
110546366
914026354
583058011
62696662
756483003
63550211
684646127
862070286
492340285
206749898
529635607
963951051
619465352
888278819
263750920
180657801
258471199
302486606
261937778
248530544
330974764
943357631
359294276
928413990
436127933
328935806
634747534
988759148
441860129
269578883
620933970
854579103
505031161
277688256
288188502
694935837
12059224
693905790
764998133
597894323
231965278
794766011
600209178
491685967
261650843
656006484
567480032
805250581
16542950
867995082
944129958
840871883
914446281
432026473
851504356
462440546
287725318
203104576
522803965
494402251
177941870
355489994
990046011
144506414
441034689
226565324
227374884
660300047
605143845
911392143
770165196
114967021
118314589
737665142
112883877
797745042
645288044
739133864
782189944
859491519
755063624
203839403
269468235
885156985
560677973
998391779
797339587
20007685
299018813
209798840
528093613
313743376
63456289
946825601
894787606
632421454
822365142
666383912
726282079
78189451
323955351
496846721
156036637
911294299
820772464
207817592
310610325
800112985
958524343
297475301
827619736
69806073
827631802
257481455
463018357
68318217
881800084
406335464
260370235
136029344
825616719
788897576
342302153
721169751
142690603
849974655
592050814
536543582
65009317
393619597
126058467
249503578
343193007
728726877
791142858
687216545
607694406
622323085
934435634
553531030
342130024
976040356
361275405
182638221
966440036
80700639
395717347
178992469
465829378
712184622
996479154
881142605
321784814
49998225
301121501
360048007
554647202
681170475
413341156
657306971
484111967
11791728
277866023
380762809
544768743
998622058
32126923
261823611
267309567
497964036
338043965
886718733
824640418
907840656
712306009
54258787
568756516
289957317
796185828
490512248
492419253
890728014
583599550
202746752
451044929
992732182
126841282
71124443
554814582
517946082
967993559
558813511
653445413
160424138
424167284
850665073
934256100
731491656
10806674
343525742
225756584
425390443
96413005
182508414
758980767
465987720
840389108
874378760
626419964
150073073
892664826
902648383
350340995
87319871
456831806
814044314
565464701
408276099
934224632
588977459
792356725
426453705
58108316
534465918
563800194
735833980
414252024
791327771
128689759
331524799
812573887
168544261
787390809
803786735
391680087
79764505
713424129
601219903
124033341
499764484
597952638
924577695
175598135
782410331
352130024
621231827
6010233
754795892
723220000
316481958
206584701
191298137
267454171
214808590
582602445
709712300
353680188
665924913
554164423
313409126
249106840
888259875
712858718
119535663
477820294
737938330
448531670
936274739
214001342
293834204
132300709
867189824
67594874
71977222
982460239
279519509
360247532
660977483
56918334
862875580
784235788
323070576
91764259
571048222
99342294
990862391
996357908
542462497
658676676
977429079
497368457
883671431
564340159
476229195
28046380
303237007
494923846
310504299
859198428
689540120
90473946
183524710
917365660
772775286
606583109
109299315
551983628
594777320
816877272
44184813
68213532
342232148
373515936
971995211
135278895
286605122
107100107
579790100
679868176
319669126
178188795
400236493
918523551
118115801
987606989
333745668
910615177
883841728
277752492
385378632
243599453
648412492
578503494
633583088
229996980
328537912
180137189
683911317
705790137
561716519
497425809
56864197
527682494
390081853
122070688
549470546
144519554
359994653
505543051
407960564
6570289
881480064
116710516
604650416
145249853
298389106
117614893
359648442
739379149
599531197
150519990
374897129
512274027
182110036
684608881
701236055
332657421
400584215
554604439
558284152
790152185
111286147
904823249
916558394
85573166
736052095
887647555
801948814
443913425
841178962
679482393
297041398
917330494
116222275
246096672
973113777
44529453
320246306
697433007
388732717
331928296
744073110
113837850
133699368
248147200
846838226
167763261
544106376
13497092
504392586
651430915
382407940
912441082
679492605
687779774
55629961
234395639
972899075
162466964
618969609
912649055
239399513
848248838
715609792
323217471
842219261
203919468
370076671
663898090
425990738
287759520
482579192
8512796
585784968
392229217
273728673
728037077
510685800
972452512
709414722
998193532
208566597
311239209
544902811
57144505
41836026
340437981
353647976
628807187
443374653
182781042
131082710
371428170
358423454
874827259
665335434
404205406
448661735
12213554
772794029
941838795
896487307
330290236
208187512
974939150
139262639
715480674
930712460
181360072
918377628
29010854
288208637
240504092
142680505
74600036
470154050
556394352
692562488
69465942
827548662
398502093
794413236
856880610
215680054
838392242
792373137
798184990
196159098
967196112
864069815
498946788
983195535
273041164
782604684
915599987
350930827
924530670
719910557
71139721
170347507
78658748
322515633
211089779
952554044
615213854
908705101
595812549
543691896
544167020
87576059
347142204
384621295
457637636
749919776
536610045
797103569
180523593
726365885
678732484
188666173
722088038
647154853
745463189
140154920
42500750
237072815
227109078
280726866
570313736
13887139
238284600
747441428
864010978
537257456
133353854
14006485
238919361
781314758
770726406
513012643
755902949
982396012
502488400
646335733
995495236
6251007
45914756
594302330
239371419
434951324
819903070
205146016
875827999
510212202
946117153
574409412
70251795
924637119
735429016
549827156
851025833
751918586
576626973
227375682
885635168
743061929
653464257
936023553
326122086
791926747
2984831
243722668
136016571
779624809
923211097
218522760
457905253
571913402
355063565
884084036
952034123
356588128
35153504
45730780
546484402
195190116
176526697
312185402
790929746
919289064
671798817
770411533
629925049
778318007
163992009
392263618
385289527
301496350
550933264
684110501
341087797
462314772
420432839
729882572
437410053
165190374
591209792
27775890
81665524
650252479
668385602
677241151
648290994
22635719
568193265
995797986
273400872
357918480
159612175
175402279
543825231
299603534
34988682
997785899
469847593
655305264
32088561
112354146
561374083
759296875
480374867
526796173
512709512
324840934
110425869
588016553
220121043
11274817
178101860
825545303
235248463
851754479
906511331
691904663
588016524
47272566
75064047
611905292
900969854
963822659
928954171
521300357
993205298
821959465
851982600
652172212
141828802
236690333
851494791
65917430
98029898
367200095
477375264
112504840
947689460
509484745
321522823
551948607
408442824
894370016
686416377
709650057
116748482
875435418
829256439
541345983
942455229
292698931
363398208
688076581
499444304
143806628
115929889
48738909
229448117
286763537
804334702
703023734
854430306
924473672
177276867
12032995
167711753
338302027
752949538
913752567
175031761
226099100
623557078
796386786
197031277
79911843
127692017
105152832
807915342
43267765
663721804
991619378
357262326
983524432
246265533
367691793
63413246
925413004
83546112
33366489
188617514
715042170
429566309
754980080
339738522
453785299
726450192
152831334
910424711
337925853
912413317
390332496
927882062
122116085
442860721
579454472
665938823
893449311
46048082
395342854
54973801
38461507
711927091
587313371
888337585
602044255
521319053
144488224
232494920
133173051
975228337
909603185
108371898
542368256
140818287
514099213
174190861
890517165
174516337
100713065
744452304
628838648
472176864
848584137
87594413
168879205
154516860
703058196
785903642
761687884
748171244
79543900
674425180
295930761
834483283
489506382
777263788
925621426
577730499
743987105
137842744
798731320
274627277
855981385
704432709
628615350
872842805
249033564
823442662
297804234
306944787
879192848
100542480
863234087
369464113
478767874
426497939
36597088
230584254
175982763
467599396
508195598
923717950
241771720
405775575
104201267
85339074
30431365
69069150
498190015
223391125
728902033
976011470
113585347
153199473
845509261
544380670
958791720
43791318
547856742
368749304
137773067
116988359
627847767
401992069
525506731
791442482
700553382
811444064
463246118
17538351
533186246
994292689
256963749
888928674
806194311
827912310
224449768
745879171
237937263
109042043
785455663
698151202
60555487
564704215
303283253
963569434
75090945
634482427
165052057
867448790
643095868
491647533
675823506
409546375
73080181
198358169
935494442
296513278
287699772
910327688
324138580
89563947
929735013
291350139
326795488
122214646
850224213
725541712
521712040
31643557
302708430
930266117
157947285
62374905
630750788
45573723
129440785
745156929
3034229
737535448
531089571
4497647
176363494
461762082
569756703
178128598
576107051
714056421
620959230
179015484
985925516
473933952
487034433
313456948
348332301
489789247
212535048
390293010
818408663
146037917
977956212
366618350
823735505
536818928
159861998
887737848
156152500
304461050
425920755
923829628
663545810
710643784
53226
577862638
496404886
286897661
987486680
156731320
470534471
876931404
257619560
137146244
586836962
946895358
205888581
528321468
219501950
691495904
953557299
655588440
828801943
446701202
213443563
333114755
597576434
990413056
885934347
722819402
365799401
815202688
332890208
644810959
19697714
825616031
346646035
446765227
987884845
446458144
762804552
656927460
502742896
391022111
125056003
286624508
441488339
269766383
639447055
175744250
759587621
922394006
796210675
967153120
587064398
689044211
513430265
213525996
370546869
175879206
457145367
343006023
465741355
857153858
836949595
450214962
526759940
808434379
214743506
753020203
875688083
742114715
680261369
268468181
251022812
388735149
713900019
332735783
568427714
655663885
335438670
286971705
222709953
283541781
213477441
644331316
553693612
218660389
238569383
975057870
210779026
647137150
241492890
767668955
859465068
851537712
954678115
85507364
380435447
794113934
960965468
398729476
817702184
764878075
672257956
552914596
425638109
968482462
635339869
807268588
106500583
302944130
323116762
850504689
882726612
801526104
88521050
377654013
195249455
39990862
199660268
221667370
384154610
520995744
923147678
234115754
536459638
235913386
606486582
46262243
41637552
265169658
713858940
686118309
517433429
593742285
820351817
407700512
391102719
775980198
275400543
269164146
605715097
235514103
257161795
161196512
283179136
313768825
820586440
976977648
182612417
295732420
856501350
51843892
229599002
225568265
45704157
235740397
980990671
369316432
306339795
196059031
280803943
341986325
939726727
547253753
844226807
206770686
725291362
463763433
236597751
67160421
401572852
367268204
69465448
556801441
172203815
682637244
182640295
380601132
63234771
265103333
755299948
286678043
84183952
285400636
988908080
228864774
84206636
699985465
245963164
411320159
667943935
175019583
177614162
213111990
406719324
217475468
533711186
698375920
822758472
739806991
409629286
942323871
763146695
517483986
88054946
553681715
725742225
237499014
592915756
257052171
318681818
735997182
814976758
44591728
632692874
689969018
352069989
737566486
898885232
746938410
879789163
321634796
386262609
602479852
958717281
523094161
24844318
35681735
405818098
222234082
492771404
411506433
40128015
939539211
428399452
428143402
267463186
661268473
271729389
116948806
667170629
844601747
202899094
481662038
258481606
115255450
121207846
5082246
432108205
368027190
106229367
899429751
842235215
467603963
535099548
710066368
929329692
160693772
169384315
682312994
469348399
405564343
225514604
618586643
445118990
601226312
499479567
650868767
2078205
546388969
987063020
396194783
13995659
935564579
795622659
97979723
230876714
984297156
227444229
918940204
572263761
409568865
600170473
908002407
210685620
903263805
897189813
997559763
817439144
449759096
328825310
63826665
962771259
907314749
89411501
593918395
105599602
574947930
330919414
526764611
865418759
51532489
534349793
817957212
921723658
440426008
495002661
304007919
609236000
318744876
891715518
287192137
872647147
651603101
59489788
376626536
332706237
99256716
711788863
397528440
388575742
966741636
979950092
377797017
855185509
119378840
92955159
844518375
18642108
748098298
498828162
568156993
924960927
194688965
181854894
31076328
26783352
705138493
873495992
268848093
747499376
657013226
91547167
733037147
553388931
953430008
296099491
462614195
520771787
506456063
940835868
179922154
926036846
822657735
64686567
346649268
195544125
229661694
237261437
727131903
342538705
802212406
699755156
114526695
803935538
897984598
345199989
919462112
369320149
86831232
214209413
693031999
256844965
29871471
344682455
437802267
130474856
897913513
214651334
250323381
26984893
701471700
408166343
27203952
943601480
51003490
802458274
235075390
782664147
610457520
621878631
802802387
550447716
973765293
307708734
24956856
94864864
537100817
533483095
651702910
964805598
111832922
263630025
158312070
57466607
763865836
783594053
427630008
230474694
572324327
424696780
98695336
555463422
578246077
871198073
865212903
860656137
534801825
98298961
988243411
374369089
618116769
220807302
54462852
993166367
548298102
15773623
526237601
886414416
228323603
955536001
202611642
697694307
340732273
855599912
466966690
153389319
43211661
824198322
702433014
99744221
403031217
344875687
447879208
232279419
607680833
458619602
156039037
16507427
910017832
342444703
24262459
269082688
45182355
471355516
380654262
891252233
680489371
429759956
742785627
323645882
847896736
128094762
588648554
339692898
616232133
43412444
974181881
63848976
963843921
378369295
570766042
732367952
530626338
300964337
906628306
614605032
130594751
774857080
325365185
38897123
397393082
402563101
606062454
532233818
237323100
123147799
839983681
167448221
324682272
884561723
594016659
116759273
929341785
869631481
822953242
347035962
746102710
511108899
228275672
155237514
844641642
794357201
915256831
756969860
656223939
86133626
794357261
682925735
41473691
677384075
658276785
506331101
764354369
182766542
190760085
997475175
789415995
20610045
631500780
478178031
439532210
976764648
217741713
61270702
400758516
305554368
61455490
782861520
409162108
381932297
583642091
787609473
801706416
454074457
464810279
376468277
529082313
297961193
165790218
272214024
310786491
427536327
149871338
784938647
730982428
686925539
869812169
338127229
248701682
837713975
826018369
410071013
377864156
46019508
207859144
342679840
918073491
601823071
318390508
594592551
681736907
672798946
659119086
435493607
502547999
742214825
824552553
594639743
187383546
797827157
400002549
278091530
141164024
958311814
76392545
503679658
173681154
467729847
306259372
382397414
199526062
312344534
645940126
900830649
141611477
233376299
367544598
683635079
910515918
286929678
177906491
139047359
967898005
17557236
926004206
698076078
621929055
664420125
128247082
617600485
255857157
376962733
320371051
815567271
186433959
575218947
925148170
209198267
6150579
1750197
748347318
971218863
351263666
989401000
133398716
777323869
348290987
888910215
64474143
262148895
971802283
190376626
484290309
363538228
840404991
573036561
475524451
661563794
222754117
860964168
281674399
313459295
638514571
32641072
833451174
21656539
387270891
355252444
778060950
764514647
439071070
490927511
55122052
496534283
968202170
177193026
656571237
844172227
820442693
988979154
528169904
535023240
361453080
421986802
328869152
322900353
984881931
690359592
917216587
97692574
15824783
558150581
641486353
146091991
547565114
174025848
490756441
507961360
729123780
531066710
299150125
214545158
570263217
615673358
191528021
476636128
56352898
779739779
338852790
293667774
65528441
814372707
189504825
718106197
493985573
667480867
926438522
736836046
774930482
431791888
28545608
979219997
664368951
377975356
970820981
681258595
292994818
385774099
341616747
629573062
24193013
556175705
841982479
929618536
153721534
860263682
859858553
371244002
767750
473427004
729381235
411885217
907070257
215010989
804110095
98174775
560077926
379985690
22194403
405505118
717973297
671653833
444451830
406082587
766560944
819331604
789028792
133771237
815100094
230005189
602726241
972272715
719240795
133347671
280187688
247441252
345800662
873879273
729343428
435007925
78588026
299695578
585278679
370813477
879300872
78094972
622009223
271378484
38588298
816304027
678005696
431117219
43669870
483458629
431647131
776782555
688875880
295008755
233991024
454554779
44677149
102716656
882391467
734672498
550881344
345551076
117319074
732113508
65941210
812323562
58818981
276777592
287905973
829862282
250499068
979597753
876374114
167632169
565166034
264499950
494544159
22063874
339904507
116336287
117477907
890320032
399819115
132254680
422945638
222408586
523456496
783040941
977060313
649282244
902781932
480244354
836475829
40499518
993390247
632716964
101118093
179850643
122646608
723368986
131617361
882093889
657254992
266705265
844966355
568192134
272409332
890628817
715325988
578554049
258910024
729204932
635780332
119395259
701679258
864693935
775935923
778406360
37862731
984262105
728832949
211707315
196860407
542197427
50672456
533867206
248377270
409133096
641381629
341714994
534771010
907677264
258789571
248290366
858786112
30001854
963284886
700691612
161206713
911948233
3069258
506019868
434743265
501066297
200194852
661570278
478955635
938787170
496286894
880563448
563076427
457431737
505106530
736184451
4368120
111723127
845019817
354685710
974951171
407429906
463649470
88936660
330118407
731977881
572175075
94951611
821408792
995905810
574803074
184590572
648792812
710497860
99446608
512579554
427660086
410008952
272056889
390686593
651935167
945709307
105429961
101749144
809547961
578231097
178189754
26206665
587064315
208763459
421402893
436073630
131878394
182303486
943668420
164398140
369060653
43522572
805378643
120200373
320796758
484063307
838873687
425922065
160172881
832809279
740677521
746935641
105312358
959116474
256747956
827708508
524715943
153501136
302041207
284254453
772800227
69845592
788392282
796876684
782361271
696597036
651528455
783246031
519763312
932487987
971588789
44817110
559979955
694155994
288076703
525851711
294401989
270388066
285797742
114919357
897663197
582100271
494691552
641165074
838015261
33134566
816201048
332398904
289004297
736361781
844555044
838374084
254583873
598867986
566614561
534620063
916906203
976383872
629673927
1735096
754704664
985853759
606799229
385961293
841946845
451653759
475213196
226414142
565366887
446520779
593971330
675244115
462378505
370080399
354851498
955769626
158368839
467042180
900283865
534867551
38074710
711801824
59155206
568602962
819202130
703505316
995666010
884082159
723960901
928233537
27388036
960249509
641827297
251778708
418313013
854735102
571269032
849466905
130405296
233012612
952608248
206381751
526367538
825317350
702252664
754357543
227719617
842777187
765819227
567514308
393031330
881586187
683584175
582386111
857819554
350938449
495674283
378140938
889628240
247629194
764511719
428774153
647200923
228223292
237727446
810515442
140003465
610745460
993174386
232785853
675372661
320937767
532109662
891971354
309525415
174905073
222576483
942772443
571548668
653342777
459383147
801661769
659411869
935467498
500783060
369780000
707140212
46860988
858785027
908890091
803299864
393070202
762584122
6525915
41067955
738260666
931312304
857235962
621194438
293032041
97317926
401985068
74659761
599367621
198281834
33534871
345875922
789945831
196296707
563251521
278393986
74181561
179768829
751570619
911803154
760876320
869337255
211160555
766004505
573684879
918261743
563020186
582274293
505530367
211630235
758104679
944697491
955329992
554133631
388394742
256112252
466409085
193401642
267614430
173587340
231897511
471641003
153864981
14666562
449185838
804516929
623904598
558684442
882856338
173594653
487223748
979069221
69246357
210484237
438156908
879292110
918797618
190365509
588662313
107239364
76148627
351688046
311412091
136899997
143061815
99298603
803254775
130299720
86800741
282111860
68377497
233161273
994496294
994180008
504799376
465791203
579062382
89144241
134093389
279482221
644785347
184136581
83974009
640764117
817101896
825534998
244623451
227089240
361459277
918531554
638240870
935074864
150379091
299676992
444274271
635432023
67812601
676728559
831213474
277359514
320994332
706336788
903251781
483974573
854993115
323498875
133867222
321199526
368762363
869019090
278979573
869992582
87238298
513143565
160658764
84030452
599896468
90825733
665514773
507402924
533996931
185330600
613789518
65385605
74273632
350164425
302351340
43719721
984632568
932448609
670349212
14525795
486428689
867094959
930053415
735960804
927458736
603548422
955192058
11071280
569721187
44312203
703593161
394286665
72804265
585535894
234602876
577782895
946848494
185221034
964478867
490177815
521647781
82648662
533534208
209995514
131285111
799156397
717481458
712199646
437263147
139963671
345562526
635104535
30019650
251426125
827088451
383531720
559900042
923004806
598446415
345032307
468804338
628309067
868312437
386319715
341036540
633832049
351901189
198129216
914544570
539023951
977574667
134647134
260988917
654462776
672954584
396541321
189210918
234816473
943082521
310108492
271260928
494121482
908555813
440912928
980408190
683083448
986159857
116754024
341915099
219306752
910252902
872069692
647554500
418482455
781591570
919540900
149400
389569182
237346831
12094933
801164602
357111528
532804036
483311694
804144514
626272928
798758840
887003855
683502464
542176275
364637518
240014142
949551118
818778234
528188688
673591422
888726162
167390149
234560895
94884400
149974379
73330294
112107358
373082113
963994101
295903647
967073172
65098871
204656012
473660107
271732808
614527815
149320969
480673593
501947815
896485899
277832121
683432401
579538091
459267641
674661688
353887202
773657311
990935829
889603553
685907004
901582410
448028825
381146969
655950090
489633520
111184601
272371509
860049541
352557371
637202154
778192526
865880608
355286133
267203358
26595088
689541668
7501318
526303839
793420754
239524560
21074954
224827874
178188386
659530690
549582440
783673113
392352616
471049328
26389258
259868056
555891380
274221922
212527620
508098429
582515464
393421154
409021219
104721666
437377345
899919622
897013901
69664488
137732106
656761773
523511079
434186252
835486078
893444227
287625831
26596799
7104993
462509173
572558308
542148723
216184210
19100096
891713856
915703390
249454150
851219249
932029378
615890015
69538482
102290614
558867538
177994302
921153650
928425242
281964199
499543932
342072217
614804153
44097112
730366128
320513684
827039838
503442103
68660783
105100787
347705395
876118067
673112727
197660357
885904706
947452715
507755021
764988577
442525657
279449324
549902884
341933552
473001659
513702744
520644017
569143539
508598969
888863258
705930542
867548775
220634868
10425400
278121626
982969668
743263861
602865630
937379665
98804704
855651115
958113759
255056527
582228421
782387150
879937502
72250641
243594715
465598866
461244883
170672133
882508436
863070154
231290059
701529886
972955322
146899331
148066962
535576295
796813980
923541614
549299150
844950145
459570170
204367984
183823313
913430076
994528614
202947089
405555052
814714500
542601936
788336293
292160819
86523808
7581779
452461717
153827180
746175671
782326990
548667648
971185274
20966426
66147970
307623986
63462082
938262817
664546098
325251088
221970311
162219969
406222303
809143891
736571195
191061722
377025673
533579436
198143514
161943135
708533845
156417504
173307384
996967876
757890122
499201182
416798023
725764143
831089369
13936719
247631155
58659854
31312720
909692091
404252244
114433766
180483584
280976439
455879353
226018654
956200870
861093610
399524339
553210964
202229830
747673933
221497053
726695911
764603291
725852008
233472910
353629011
219149033
787626699
563910937
717635603
619217704
621425531
402337327
686464594
153076813
388208704
460333291
81185294
964509405
179260262
218396845
6508788
695405965
562108000
508802811
885002700
309748911
242951998
885696856
471791507
1800190
838291379
865491495
449525621
633245918
805097896
293270188
342821850
271334237
654652165
884441231
565540493
230872102
338989451
744925120
869491940
186467284
880085873
792543426
615885964
372230581
362281008
886073731
451892500
283793017
942473371
430669215
433106548
992952690
261654207
730717662
290791632
83762654
495948563
591291564
486091954
66669858
733860464
111489043
697772301
721773205
989837017
699878685
710285090
35978731
48469484
96071569
772054064
164962634
365081921
952085114
221206688
536723583
69788669
19159245
66876448
790702381
145505990
161674526
174556535
760868507
745877478
361881969
971040802
790161470
761248836
647052897
945468351
288913004
436476489
453178579
768982601
492463745
551741306
935926951
816250046
840268027
979929848
383599802
744719467
489214456
908929659
929187161
174397325
751144392
165313032
782635520
868582167
208271782
266868929
918520881
267225108
884982439
532598168
917372012
326515624
155687809
735880694
247106994
871155785
894480854
561079304
340574835
345323445
398475219
170503473
254682524
699208826
951062400
195632976
375461412
345422340
764943040
790019071
353914685
350382646
319141016
387728876
650419071
109778905
768593778
356161700
166267265
644761889
580193737
919354424
874073899
444704128
426763209
478099974
771418182
20141259
981111225
280064775
732401568
494930491
479565919
756958141
646582888
681395612
840687650
176134811
708699822
252290849
768062004
642443807
735096712
914363646
401791809
227296709
475298920
827374944
923651679
713900326
515156965
515490864
24235331
477953871
268960220
835658020
418391339
570813505
474172697
302067951
352505545
44597324
883622952
574539894
284103022
751305830
862049632
327632373
231927928
527499975
418876419
174977247
251453291
861794927
47460089
719407343
488539411
838010149
174946470
701761377
580783965
450008981
893350959
320757125
909339064
163112622
340117245
633604091
818257496
201371619
316384029
223237233
592739586
701412731
903067179
594996217
365294385
680588649
271082375
424907820
110687573
715092375
410710608
768736677
28634286
234145173
454417740
574863976
661908579
81286437
543240503
313016954
368348788
441802181
750928430
717127445
586198859
912663727
98467821
603512736
739567741
741527013
739392120
783315628
799597252
74468071
856091781
252207360
896418346
620437339
846515890
579074750
850305838
506236032
146778236
550159538
867219703
852540518
414318472
597505183
481931371
568901165
659227102
744491867
187967040
382045633
925119104
151099933
16763452
689423128
767904681
88208410
933001607
813807220
782824267
35615666
723945759
766381523
905476744
937022092
177389244
291407136
34004297
4048192
795784798
922329406
535214152
776273739
278436497
944434365
851729790
774645297
625516057
573889463
929279658
576544977
214682703
696140362
685207863
140211641
371694151
501980949
109492348
579017696
524864892
305593754
925551640
555379906
213187906
299248454
713121352
717596639
866102310
959298356
910517448
768527868
863259205
686902426
849501464
957391120
867663129
909264913
329898736
150174469
921314968
956775634
125033680
422592301
614548933
239706573
914819353
661283397
922029779
517336476
318488213
174252598
129243892
342585366
134095869
691806796
714711423
508406028
198023209
682865743
139822451
707466319
330611072
508675152
198990260
652363095
642307809
698085704
487257629
51082309
897353076
244763687
521479394
360719624
465904108
941617199
956498690
959381561
769096131
292920632
817769035
358769464
845430112
70736023
497368161
539845296
287964836
175211608
451986691
635986661
414698207
668037172
564256595
985719530
412568553
395090150
953815625
74285761
519257053
153812802
410602978
996606095
756100321
38674621
940847641
86530466
82262084
655630962
962623042
885566891
371893902
260239965
67157172
696071834
838989298
611128740
612383456
294854806
576932976
659512145
869479930
989565035
269313033
948632294
177426659
515952816
670636811
476169106
682605396
505194531
491304914
88491022
510596145
597959011
393699748
702821869
555386027
796849622
50347646
38201015
508465044
23340258
223134795
24095560
914101330
358896492
715832855
184759071
183142104
880699976
602237680
201239864
764940352
785924292
138935708
98006630
29446933
473848256
872621790
682050782
739201697
438761898
393876806
809488955
715624208
447816677
714519924
837093351
600009471
320209343
1521973
814850848
424510287
612417101
370954534
65416623
164102304
19813260
854025139
422729105
854589559
361485451
602026603
375980463
957055099
301584965
856486764
20723435
797765609
529287803
360371981
682390057
605290115
760802089
185539816
666492829
212244043
329636173
802719957
607217389
475650399
484914114
63619609
684198512
326157229
775923080
819081002
268739552
373289891
731714516
476161428
254188965
357191427
382186608
212291875
621764132
227376458
321240818
414136921
286434663
491005774
389412406
937658797
507275602
806989697
354269821
250732366
645710060
280992823
375165659
322396422
817123298
303248113
579238936
733184098
328668044
657745157
896647691
939077658
396198990
800180343
869565295
570445616
873312570
256804185
920199713
163428253
960141584
768900282
591116575
767710005
491257428
705834348
961374817
990657389
742626369
626341969
496195343
681035739
697992361
341007926
416444879
304731719
489814245
602566633
347372052
500395924
812738113
907524533
331448040
596657520
505509381
180294965
916689417
752841230
885125040
943587101
520673375
523901631
211992550
590262328
77002930
941495348
974604076
408482910
113616945
997536633
712043529
605010146
640139852
595913960
104757986
663553433
894749295
265565483
658778846
918639203
961230692
741729340
719012122
862036357
118861555
391421764
120515231
431007860
993989364
817441313
233953131
514743721
141471827
686720197
379914052
980085621
703847936
893774679
816958641
348845826
629889149
840334187
23417524
491997358
376518364
179618763
865386683
979254667
812477511
643415681
973341390
24890605
841325954
18404661
732161429
486145928
556949664
439752946
754620639
163693043
74459630
879727443
110130264
538128695
704667826
450002263
363954492
342396827
75572832
556381117
189919847
471931534
814765352
393945838
806448560
909196654
531071342
525693610
621399950
261557981
171102173
742970398
304554937
516925094
936012218
86920798
843970587
769468759
338654831
593507436
4785041
310799457
760951166
766800249
545892935
992829401
57343591
517491805
912311457
157334187
409520609
584633950
780668948
716575625
353039232
408061118
3249558
462241787
882024147
984861265
340274331
427693201
907082998
35634853
442304789
698266490
278742346
143013957
72006654
640720323
611641176
861815530
625739982
946802435
767573251
882688743
934354025
561004423
367862987
923830533
35859232
630354281
420709480
129218961
840438893
806380402
85041945
395133298
867366529
30522633
699391019
872652079
546894929
54518653
268255674
139492209
196826794
111986168
880933838
64979447
474450161
487823040
132801565
562975054
795012655
97574633
729551933
610501511
141330128
862718206
454546562
611109141
31107138
581894178
12943391
511124842
968988351
530220263
930546289
28121516
211303626
912613675
485875901
803428369
305555795
224030496
793383173
915138978
903384281
250136355
668230085
962607653
796611901
487096005
551880042
866864105
384796595
185816064
734553369
226154927
956943063
805816285
490017446
156321904
781054126
523276495
239618731
779979530
603407385
468628387
1949280
182161312
273514320
727035597
692388990
314795395
419157336
502070134
163875921
10248594
352560995
878642355
432279293
973850838
639524426
326519759
323929606
442136346
785934716
642599599
79885278
87257535
380993488
880607436
601287498
343756406
430387014
679700236
657506521
789033736
382095389
10973568
810932947
638618499
308326695
451583222
517318407
247464372
80596807
266373960
687228590
