266357086
403320206
250650636
489661053
868145981
775964132
53013150
381017155
458401256
716043327
120024988
958179766
630602303
614086182
254347731
140473166
62455064
197920713
721938886
897832996
108896915
482224355
313050262
332975991
447549857
136144710
482748139
159398454
104276450
510201911
440773296
880267956
887281227
130854548
919191554
811964240
974371706
716289961
102556338
804365794
365228594
315397698
845256546
162364723
23893082
406664303
557376050
158998789
165750991
623161315
940936596
600161167
192148356
629896237
325359884
587036674
893537394
231359916
178222480
500918101
655473256
955538223
560977193
951512463
543455968
849241060
833487944
718102789
689273976
275225649
648208653
542073021
372217971
694080541
206945149
603511934
967193749
257659449
127574394
990521503
183053612
447801127
435496266
329717144
315382487
959730496
273516992
286260861
226406955
334210806
572579841
305007850
730743240
137039554
971413553
845136479
292637897
812119391
433748088
345959245
402811470
933303412
853070931
973587092
269191782
187643346
644601589
557353104
443249191
928095752
873522502
734939692
476976735
811502586
707119449
923998518
406765034
839741539
191751582
585429440
543994683
704395411
886868191
630169265
538853871
905437302
811234917
245607086
784672963
319947499
379149287
198388662
843055832
526065111
478063725
540748958
307202766
678373294
776267863
811799125
955684257
760368828
683541327
673682928
227852647
978195846
308624222
217160412
364451592
229914550
20062426
376262114
31138772
82171888
290190067
921969490
864722140
567414192
605768757
384233497
684465201
843765248
646020085
719486465
3607779
967453497
988735171
831994700
820027877
30653826
675047881
369990982
724477319
729048217
318628178
66462951
991373867
406480378
508451283
720486543
989075711
362918412
926106096
841606583
196824150
133982571
486705688
658537315
461069490
342061013
321844572
629998005
214256212
89297144
534202756
892019349
418382814
529217911
176102952
996702369
200574632
930404504
723234585
865697420
682758852
500328757
322430387
814497519
190665025
770120320
411091556
70597865
986539822
424579259
494708442
664092409
240072029
492519954
189657152
860197239
852179121
462486641
656527380
730600432
257148199
392494224
169071990
23237025
414049125
992097208
241567285
670912946
730287799
144004225
699201385
975963854
850925859
310835658
473402291
615743677
39982173
108428657
342452072
600006000
135468565
155860301
733353077
554667823
466525926
50668748
261238686
508684893
911491933
93580669
689086440
94158040
45073945
260135233
976323263
375735676
567267414
512719583
744534759
633767811
327968264
900708085
564374084
814041429
466085393
107940585
807135830
761828546
438440537
732051756
994021863
724374233
276178332
904116655
869230655
362744606
195436559
659882415
855204673
159439352
186602278
750833094
552075518
799351276
362272529
808714671
91253595
416232472
431974813
911565507
717104581
797054735
745156948
304982344
438953178
156471020
27918408
599528147
818891696
151079480
935431852
332144076
646279557
631605437
563170010
570675640
582065643
774356116
865793328
763878381
991307880
545731539
441536008
454056068
680855945
339837148
826362889
745077281
865921133
679083692
36026253
807123620
528015422
829572319
33999306
416656438
954738337
786730130
707473237
417010428
152125058
468222229
307589779
485127654
852224215
789012786
121963842
644931348
179696844
212050666
172468586
362952222
921018849
889212767
948095545
463090630
273249319
683757878
808635479
888271843
252311683
281835622
659370342
907226892
493582981
982442427
871279270
632964628
878363471
511121096
520080169
280437566
556563869
229282532
345768494
721125428
271362936
131580907
734361546
618518142
308822248
86156664
281300404
271981560
308794406
13446858
391463812
126522695
112483023
676817409
339093325
427152252
700505053
326480751
236220233
862505250
763722424
943281400
973593944
679711608
739429949
289138598
884031554
380156070
745762851
210827244
198810449
407630668
468003269
362020614
540929723
260683869
359579420
275859368
969022531
135962599
767044370
957531635
322363250
207166786
755482864
894179224
986066575
139143293
79384606
570212707
658169619
466575604
177005407
458163077
451933986
644547456
911059471
593138919
424805546
133384439
940357373
698675153
305389424
399660506
541595712
556192880
416740428
117596760
85383165
135712641
32528912
204981891
535348185
867907227
665109888
584531695
180001936
291524502
212961179
516126068
471577599
899896080
462556384
942019248
623068655
846480322
474250926
19068747
956397414
591260119
889848729
978842232
519346216
130082633
331277564
739321276
770786642
551847239
824266344
348716168
446388293
186396432
222918709
403657182
769771014
33743417
101290782
807385241
851206702
11919606
671826715
213240125
129480905
175202338
343973913
527941875
182754554
421222182
832630262
469497047
862256798
511115348
357228345
920419852
786022941
669319641
271018487
942947732
340006036
109704047
501020164
726784614
763483107
256073847
931159299
798611281
811772361
89789672
526477195
891258728
782443591
913647074
582199844
422579739
482981474
837984081
990223423
587799062
790400387
595887391
611772139
66002273
242595129
685063493
343593273
92788812
238664634
969993672
111237565
920308890
617551146
580937476
444813350
258550441
597375159
428548217
533276482
751964455
468852239
464327390
867477250
278865671
589785872
408287750
717213169
437925783
635399442
624894612
787819937
744736293
973775565
348890293
922720006
818492642
468034383
183539500
711130937
555363475
8671656
994163856
852389511
851173301
713925145
563810113
710044518
571075364
668095849
192382242
444335554
408446952
254256290
37306936
580204379
954563699
28300203
356301627
233004248
40920485
74128439
995329388
272506839
267600773
177661479
264761061
962840705
747750147
666977131
773191497
806464427
801264461
134967279
618539705
958994319
345313831
171526385
718552415
781639926
749048911
642770516
489983235
278094747
857313983
617025835
538215852
96424785
269000574
149673372
59439639
235306351
741830897
609912744
456364136
902437568
469730495
682147062
414074456
437813370
593951410
149955026
733920729
373887643
251832942
948923359
766818121
280756379
866762472
389252510
777347362
987133680
807933901
452859152
286399103
725193096
62660132
941001415
680794629
261530045
448325994
91724174
659372584
814735787
669099555
580414214
129715680
540998398
853120670
522034828
473937171
940600876
9666784
291541416
293192022
927643306
715966341
560506917
379142734
361888064
569238102
147786264
503265488
801987944
477433915
506382980
132164163
110530451
541498929
332820560
825890828
475684492
654791942
149617729
268678098
266534884
276172190
565811368
468066718
958946913
209490473
593028130
260817313
442266456
606073374
169633251
977028731
741013852
265638874
351434401
885958208
101599060
412649005
571530917
843441406
897755251
750088888
641645094
639336432
726643701
559364561
524868780
652792031
448225056
220998497
937277508
792226040
650814124
351931153
257569763
454646426
46359618
862673718
178417129
200777308
493165055
573121027
879310508
840261309
999505880
282023322
21941561
252309224
621816350
894673200
727615621
538640245
286755656
600482978
182540831
820458291
96721429
114512292
267128058
675613379
391036429
744468274
941988073
573858130
433938307
273107973
920093469
237709871
316200886
338356581
418627658
599655868
653698975
901417245
152716960
776188251
225887987
985732699
512373462
980436214
412616892
435958733
891629587
76766270
690424031
814402437
668433438
438394614
45608534
537286578
355221068
109828517
158635821
506673672
932709220
839297545
862512724
627110259
49980919
446992126
871500942
567722241
526863539
918409251
152510868
689000452
363393463
285002429
219814377
326092011
798515958
85855329
45020681
658877488
675180610
694240360
718901094
516068307
647577821
820183695
131404259
251680880
993790324
219015697
678745493
36310153
153961663
199042794
890668534
647326290
792504633
2566321
718632491
246621512
434883081
797435489
47664873
893594334
346443126
406996766
751961031
557419150
126112058
566599965
634865736
679374864
817318325
174353434
113600459
369661776
299753559
436971000
596861241
939580836
968892383
228199605
79393523
348554133
454143702
714870529
53587340
86759881
490192227
458255480
654325571
747869100
217012386
26403599
121807336
533795730
751211541
14726435
931570705
63647944
213459626
236333177
978405354
650526878
102537884
157544405
396507236
726493447
739135260
158243170
792358146
840515742
882604293
905199400
17347904
14680297
114227535
971953776
108087649
938243373
923917222
716809611
240495327
422464115
483228115
658454664
696065900
579823580
202537356
154593988
48055692
842302260
993497709
94237281
578704069
252262278
565219484
187115616
111100790
788691391
365390180
199131153
420612779
523737106
237977557
572104994
482009036
290117875
460512308
766852576
597581376
376493216
596005869
314913189
169909958
120140410
485772498
395368561
985910113
884184464
165077861
150428030
310465225
705120047
547122415
954974137
341181782
952700444
420014620
644044315
459988552
86175667
863331710
542059705
511050750
86425467
322893913
928359403
295011987
967794456
887683287
366360086
362915855
332266511
953980003
720199857
137410425
965990981
473995213
380186051
281499289
387919954
856281745
662314655
678523942
985677297
223771433
362742833
108121250
331932487
2306149
665858160
822556177
79953822
894334416
655876003
748361151
726811330
155391390
127492521
352619226
49279929
597507583
789665853
801711884
977126373
307256895
538809910
190198826
17180282
674999109
288696895
336243876
317838534
912710022
260970296
537025206
334260841
420568283
134383139
614348462
928315003
393977413
680250976
61951481
716481459
432062720
157134114
823903185
101618919
140204292
871363316
160043849
300403498
837578566
636541870
995236819
270594437
307200292
890432201
864726759
510515386
551253589
480708363
824561050
9236825
460916520
149396956
178356742
106764496
390496891
788318410
404901126
367319531
305522323
102620410
82885049
59676764
527268426
684662496
113540050
6706114
210499636
868184279
696274385
934146606
386110649
376705448
472808120
658267143
922115263
242340410
417963966
795007748
389308103
752336781
534860944
135144346
914646130
320034594
595271514
164758763
79348978
976915062
152937735
842119910
208485953
493378436
66880458
739632272
446580539
288094986
763217145
555746365
409817818
505971333
259686690
559627570
256444524
183628212
752970400
729816996
411630896
336430729
423858143
892305915
484364728
173185368
796545387
327853932
904846247
242555644
564925514
748408630
308294279
409700813
442481381
641938813
545515607
940872566
550616462
599152897
980614341
287264063
382575091
725139903
346711622
13917003
672803763
297766830
171137617
210880664
476264233
800711309
525063300
727546261
51201077
98389792
847490385
634058577
190378190
53144325
656943516
351253513
770664336
38146455
913636812
464480241
89681495
879772925
228367822
998438707
668413070
686000959
630973458
519460933
8972540
165413050
1278941
552339658
197517265
500258929
897935019
260785571
919353935
862140236
334106587
466841285
640468306
300010895
681900953
205361003
366779884
222311347
655886436
306321380
168758127
976818655
167559299
160763687
284918766
373982596
628585790
769474049
303198270
885889669
152971874
380077918
128912889
510419394
655778313
242852626
324186542
602706962
733135699
261753728
760030183
273581075
850444061
305983399
905714948
20938179
344778714
401029798
807696006
840394058
280653694
618737256
616245920
9264115
126305617
743725006
788273038
356121619
861863435
499240397
315009686
484658006
677951473
643981298
617843916
197394957
803115011
198018586
363818468
481169921
446847856
282423172
452351263
810709086
641584801
40755410
648923153
346647479
89115178
463673088
372045384
961778506
80290720
641461652
658564896
368026006
896192711
496479111
835182737
611385899
751711531
768889805
516962607
279108528
543015792
323302061
593038712
656854471
602073250
330082008
898534323
304410123
262939386
341867216
755623164
405648335
124363387
691317219
412710635
101263151
157153952
585402357
505123879
327100724
144460445
421653452
994447085
699826111
677226188
968898783
441124303
202211596
213297932
784380077
953744298
634519071
271579425
626337259
288698978
117787163
218327082
869911637
100021782
984542531
15761452
489330222
647298236
88919296
945960264
197394045
904122235
958065196
438276357
508636415
276595466
825451718
64621887
166912685
286394751
629768234
276911879
70893159
179384345
702737418
73243020
91788967
875044066
305599309
231076047
996714409
728356403
470870067
364548903
862127469
278707033
177828658
777000244
556834869
674357096
449331785
968206719
410903339
667242521
903439115
328560398
491279318
247500380
298573436
802471977
922620329
297484871
656034398
338957525
493573422
601419731
120045200
601652825
674423089
672885440
109896191
581466519
177463391
617666157
528669926
733756719
874233716
301965035
292544678
912559458
681406782
606343728
364448017
789183504
536570171
161990197
126196017
617867544
338031064
854022296
464829036
848971818
169138200
911155088
507357341
864834664
914957
662468905
917753326
431400106
820909708
88661005
590945681
660600912
453438675
86086597
406298129
74166186
846587321
623505351
130525215
875461761
876780492
46482990
862080751
521838252
769203212
580755698
731700213
64602847
443451507
69649312
218176357
259306538
212279823
421545910
30094914
547179525
658424362
97592957
321661162
429930066
643126988
393349001
851380107
445252877
808376193
578460900
628995847
895985282
676747886
918020544
771332390
657494103
893151552
514213311
20314618
311544366
460271208
66170495
22993663
944411572
670077892
883919839
849929224
774553594
301873956
317419482
403569114
953584550
891191140
753182322
759260217
427511983
387845447
680531293
703907323
229278714
833355294
912324074
285880711
848175521
758325127
918608800
945448224
359874978
528929608
325180153
424569276
476098114
201256237
927991010
882709434
970746168
641935727
510010718
959858231
436881075
197090416
460996928
373534123
734447733
828988842
611181998
49202824
91418270
115668892
413390012
582119372
319628810
762830583
369186641
271191390
473572402
61688641
527029538
169791007
651452282
253076260
243872018
190958462
727572672
430731569
632436789
665396143
77161332
784626451
803283050
224664446
453122449
809920416
181168467
977204518
173643845
709102700
299829116
862459889
825795566
223206687
484136636
978171052
868940907
516511096
964235975
9448017
907318729
218406928
947280194
678857439
394766906
60931205
403284684
481053451
678560654
984449376
190367725
956448456
204572729
523284585
169888868
486402229
300659626
637080143
384087987
974250348
851029041
540943643
138371027
274886891
957867285
148357374
4558077
907858473
613980977
974476221
801422487
401194096
919009958
406037841
352310638
19956516
792808061
721704584
38107866
360184230
992397192
558568639
690984386
734564530
786279721
501737030
809660202
371148208
443329502
6532736
116345853
460156421
746432990
267004048
228588419
630276269
804131740
590217206
257808271
928425465
677968347
328341305
3464614
388511748
693705425
689986005
312240292
215498436
797117166
762542428
714667834
163597567
285137071
998233421
484114361
350771613
501841726
433337499
100599152
136543051
47238641
641200569
697615191
171355879
287956533
760722833
431157854
32449960
462509838
206514784
684026472
370921238
17826455
492392176
44634261
557976543
652588337
760231686
197087804
975054670
419478993
926279920
293994041
354700396
452940687
35088259
95383476
370968119
623984398
510824228
194050380
348674184
599926149
23154536
116508212
761901479
855169357
983353477
834831005
66199472
612275565
698020585
21653953
567695932
649461048
354878630
441277490
842806688
246735970
50897018
907346721
439944903
699782058
389765523
128418993
430405770
317997800
243174645
322107614
826669599
7438837
828529541
300281382
484189912
715262732
572101275
578283643
755757749
39797533
334706959
611363764
763618582
534985173
764046724
648239638
623895819
880826688
179319158
79822166
138831066
523076003
443188190
104534145
485020781
512052015
79525482
75651652
869585782
916157021
635455670
385995156
854420340
392854025
524182625
14625085
245216874
386564525
867229939
221147348
710078122
619849798
373822215
52038843
742418536
59492597
311290025
30251327
602145070
560223549
349770525
52029393
893122285
353720862
525790814
616009004
718868165
211105744
72060515
305912010
863095401
327147380
182106219
380418137
282981942
705207
251465141
497875047
309762829
548007606
407934828
859003925
538808199
481216636
174750826
468571914
878541050
954599958
162006051
202269211
207234543
682429829
95885576
314620112
922526724
922079765
61155862
547351743
864004615
689469470
667481348
996308883
780377967
432720958
658564254
214983509
529384686
332933849
574420787
235594122
460706789
939500670
174603058
741601786
513916208
929874870
885206750
395037253
320837895
356335066
268930352
777644552
99702001
979784876
245180368
633358218
433934077
849371606
213391645
52996998
259571060
864105875
265536202
18319754
742132247
103098475
536975585
360254732
542634981
710118455
425720638
189795690
163411503
139931237
567016974
511518717
869429122
316073232
96977866
267081623
279582160
465554505
356474515
499600433
15062096
713514258
689631233
280386593
459519247
299759373
276377944
666719818
871395993
787063479
895101647
444747389
27145589
8099277
74884143
743173938
197061151
602812758
556259019
443519531
492299950
243000156
276373859
257140501
261243085
761870874
663635275
295879770
849456923
48003830
680717627
3827434
905599314
461722757
973874726
859258551
812437986
429709872
555363989
401143871
211340146
681046051
120192803
665469526
203091680
711281739
428479010
707214554
967731515
350219341
626621532
559566736
234400151
822296355
676482237
469071454
499181237
634285992
321810112
46101922
398151424
471882240
548554090
621749853
499036945
509007680
664731902
29530600
838049163
471788733
318128904
767011146
385351953
455054016
321132653
837945390
668250088
966636261
232967353
148539719
920481252
221855940
290898057
191570673
468635228
918539789
774277079
668572084
141460458
40737077
554771010
514788770
339894048
535896377
190522799
117954135
261436613
110248239
240623795
726527798
764654327
136403260
751757234
86953449
567971749
28455085
563499174
355265803
879452182
992073664
817355625
901842736
7809995
81264022
929225861
400420178
842864817
261201350
324516727
996885425
325556627
396228676
187446718
397094546
671602956
699303137
250515677
340446030
940188669
497490613
330157480
491296953
244701495
724408528
290908263
374379564
537862930
610037392
682801292
732107336
216403526
467027012
407396158
181597643
367358738
622316146
850378608
599555934
51310100
65821847
544030541
366561735
539076454
500455979
493986967
716037577
585769840
709063128
196775360
851265177
936064509
976279579
695037542
170887974
244696315
892257562
488278498
515850321
64418231
46819033
964586348
393155449
453019593
627164656
37832622
139701151
302938719
984410940
755317310
627159400
52829646
206482534
143930960
60727201
640661154
846857043
724682174
721048705
592851461
263840543
371319093
204787497
11594250
692808408
559442169
519852550
809814534
289600984
122257553
299603111
719490695
302751917
776718451
706473766
315976796
64778488
767666596
785180973
911487348
225723871
492593075
642975014
193373660
776028539
887609788
117739788
295746114
930801743
921318188
337117771
892517949
695697346
95702085
410473641
948602981
7105573
308138823
599756089
129901376
294931397
894258906
864238282
812103277
58141872
16723441
965806579
895890696
997526990
749173010
106457713
111841739
938050427
25067131
864238013
615164204
945979643
620295273
883310525
881307336
627576222
958245511
483085239
104624220
326115211
310277925
166325392
692040066
840396171
28962454
827419361
38562126
823265335
765628337
743397210
949079264
81580546
821539309
934480639
328567580
917056925
101245165
321328647
210328396
700843617
644015138
578088089
311756222
235654898
845297004
988231286
545998165
174972300
405038460
72918694
453915122
515610723
897829140
253995199
12542316
518856341
933799384
284999190
280007148
275994276
104428438
430527536
595426963
425750728
335449054
535488668
804263878
145209901
316004938
457445798
319440606
131820901
603081009
892217338
510778472
147355934
61933364
739892660
601815053
239378186
462777816
782481914
67096535
381607696
482381615
525016813
277808348
595231409
321339928
573957663
117380557
60696469
565260053
565491061
21022506
521397998
499281342
693470013
472176688
545380332
310481228
1205694
974932911
145616626
27213913
86668062
61259827
16699552
597810227
448382603
783784057
175946556
304879418
745206594
968890824
672490597
889323044
608964159
803889280
198100098
717206908
90481208
240121823
776249740
219340121
535804690
795378178
827128158
437304690
535122184
641384464
597241197
359770084
496008087
49871405
694612101
115648277
616135519
219559529
817089395
545128191
403690317
576738378
951816680
418263876
998854346
352751086
344265036
615875121
345382268
906684415
17564156
149370365
933588404
594359861
886216279
960747602
146485927
523085057
405609125
912298145
623259700
966822307
909562330
931200205
141325546
814902927
820645412
875496583
44920709
434984906
317544448
955608401
528021821
55289159
104562901
14972491
323423146
659999738
848614488
317927810
679469375
506315598
546388286
768895846
562135138
701401916
732195249
284419940
573723360
146207977
354522448
211012181
961568464
118969274
130409217
855831184
798821333
913894061
165115847
7459962
132120687
615177752
739100366
167908035
403239294
988140207
391749403
291355738
65674563
576000753
453729604
913599555
61380127
145750867
793201733
863871228
4857608
602932728
310037620
402270448
904240698
79641738
874463691
66781541
980968767
866767008
47671613
470721051
664544315
922784769
634107445
936062437
780304886
129973382
11636229
577556271
115077505
661633617
191743218
466955662
282950007
854624322
42166614
52930437
292914247
666637495
196397763
436230038
436807732
211969862
171909434
702164790
630763059
742584432
350169211
301069450
627794606
26716935
837378652
301553285
436314189
618530215
510157453
290478573
731541969
61255448
564473564
926143404
912918431
199537034
242073993
120195825
309754051
893485595
647366242
117893720
563514264
31796476
712498762
987379897
498612888
125099097
722139386
657251320
196073742
60357421
525906690
433434675
259260020
213751644
259555807
201225712
978317418
715666058
275237976
933900707
547738152
349692789
229919565
184475862
948739729
216226101
585154747
537482050
5025599
560105301
707268243
905081087
928481651
104007118
651005366
455362503
866768558
151014502
293328368
20363266
762764179
831448280
665267738
253922874
300457911
793139920
582927102
885752066
723711736
825715138
231410503
593472404
288346652
628069519
869138488
693195526
390107079
566885812
651927611
504657691
927965553
913697782
779207929
160878601
310371444
86330353
192522255
898784377
204356068
757328620
910832161
997475173
631912615
608457445
465889667
631110548
750347847
860109392
551271688
847274326
345039322
339645095
858470446
570654892
686473661
817030949
236032598
833324652
670658218
730110842
610115683
612979818
482833422
212623064
367182194
640401239
627223711
523397633
730431903
412661318
848788959
846789522
961393356
245168231
831333227
172747285
241706795
915386585
623944589
964759087
847735800
79386964
153174927
154682071
492082361
554948885
421791788
328345914
115326355
387528548
580913125
997974048
894929147
745730526
862148075
481110444
608138563
690751568
908606544
85589796
160022579
18055744
676561277
275427198
687851827
460224436
13464768
268360001
664780359
579065594
263120172
985017645
433372431
143790407
195607085
199978400
996593505
703987975
68082685
155279403
579764181
992642499
761926986
750847298
214234940
639054142
629290434
893929448
848902295
788822177
832355473
353619565
643896043
422620068
680714871
260982447
684929108
818734530
929766856
793711541
97195137
391678472
4353048
926411893
995118110
325376201
504033353
431208356
940192692
776629045
366696921
22415785
796421374
726158196
447078037
306964012
541024342
114444486
149062394
874323522
333498620
343764550
843029032
947486292
16748790
920414627
836615020
931895677
448393626
701865928
738423648
150362624
246693796
792080457
778172243
115148795
253826415
454034030
350143590
475777411
531311558
801553642
173445967
803452281
801952686
423949984
750956548
412036025
32801697
438451616
771277560
225227672
812983705
39284249
507687092
658956841
746152537
354889959
781256064
783475975
998733193
418861835
720297441
62394996
822233751
994590887
262801599
627307039
748613087
599491690
227916309
883631991
230452029
12220198
343982888
850799909
166487448
47209397
813182136
743352273
320314493
305679283
985797597
885849431
816693941
489452190
58249533
548555066
361494659
302443852
541409463
780188940
460196752
440229228
758632792
853405522
621544294
451095820
801556871
850997054
744496134
79591089
948972220
430291946
348909043
130763317
224608650
196458267
782570133
583706804
258714035
968775652
21869817
946514949
28178806
474484713
978825045
237482709
324995807
543722775
647497660
58143015
483582302
216785651
542830861
429308437
803736542
978377407
419167605
662288062
891904707
60037538
411262726
961410902
348092000
773879725
716734979
150108502
134911444
819682485
363549052
404197018
735661490
312643262
492679885
92691226
396644824
901896769
237761656
104138164
324964137
121552178
296340494
793493092
935231930
191728412
930384770
785860085
56075146
420381967
465453130
966178323
405514276
706899054
851592702
695630940
720647705
457773630
351714707
885966894
823610421
111020671
60714597
838843446
47786790
773857829
904617545
350663385
293605539
717285058
621193513
54539641
946195463
225826824
418430007
211344792
145375370
279326016
985298286
1790411
710794354
892797794
579640656
704676995
497796457
985554586
591346667
312600388
868023528
791403777
443056370
536641003
525101964
528300941
728843956
591799968
565736206
604504652
364013471
973825850
213998818
640798971
916323010
829838506
360432299
785237472
319600824
121173690
146397087
714640536
553769398
316001557
376620955
862430067
920162903
892963530
153844124
613426089
539963716
782122538
996119638
80636537
27549745
855562951
821921030
758645926
685487436
614765302
528418924
373844793
711366600
124671200
414816910
657520601
256739793
346136576
313458034
166067969
464883457
748752149
584244479
671308588
36394405
549938396
721642368
547513113
284969625
887714531
343493336
788843731
8824880
390663424
558334903
702019555
180983627
488434720
387669106
187111463
902674108
860290351
763440563
207749517
440397040
34907282
734711857
272249030
116744811
203221818
436761552
295854570
49511881
428390934
338132369
313120556
330683660
283599321
958403798
295038259
898202471
796649423
900492364
27209251
725755886
715348039
980345458
836542706
145946810
316423583
17475250
608673915
474595438
545471626
854697660
101394349
367077447
986699723
820829874
339046823
536768673
308830760
694876856
767515015
22001239
804274503
391404897
265064020
583016332
336264942
280815869
215767011
580123859
198854549
67883088
896218059
922512813
394856138
514963450
29851797
151771012
145173737
426495291
401935129
867992545
284013104
206074221
654878248
223938899
453556311
629842649
848487797
492267085
832904964
84772685
413894119
652849649
508121528
860562212
466357531
911291711
724357354
621509134
757698529
554027825
521436314
91804990
131683914
252326193
115044038
48350230
411467387
553859991
991487491
59815763
376767495
519572070
522708625
838818537
977761797
269989223
79506824
656674666
996286944
782718422
129450481
863137394
749238349
294520296
740562937
535436340
691928502
128251400
5632853
772936399
669769730
758481252
822945273
145456531
395487999
861123064
426446600
920042814
272279769
360337706
544614902
232214897
299188610
310082627
71132218
579077673
417637500
710841072
659275811
276312880
718630745
739383128
688521685
877409843
856531862
842663269
395948159
863419007
152019351
847552315
975650818
743129682
392978848
373941220
277852936
851167260
511071678
430643690
785940423
859113390
212868882
590718004
87464850
785385857
87943356
468813790
640494270
872845026
236859430
301070042
849792272
48677281
518820779
766321631
897068811
753151269
946762758
561367347
265268689
296274546
89108556
804700322
799223899
486794110
728139598
747668070
120641070
862599609
927903261
506137343
383058419
741341244
751856386
36441061
203048161
939405372
725567908
306716612
206244528
360019197
508872128
261515347
444529059
971375992
446778034
73625698
675172053
547243684
898431758
592965635
749768641
821550304
159805136
942303160
36260686
1707112
736210354
586667139
501367620
789875466
593910782
573349841
752158291
284138030
859078344
246819232
659717819
420854081
254639217
199600020
755859321
265120549
983926006
344242610
349565462
137629321
767774309
142302691
520249640
508590585
502430928
212549643
889347463
886382120
737015548
198236944
973520384
974184475
741148688
404302096
669251716
940668132
812670418
960009768
904926563
887166006
562667352
621015058
838712106
30365799
341722092
148990262
18525456
120843406
819095327
215319301
50290994
18337395
331137815
787895260
503970911
538839704
850367452
33814088
274677715
509128847
623074771
857763096
488591936
139097576
249207037
165930752
256155851
31044515
151999246
451881262
856313462
416101432
141779290
421845176
287815534
553148503
980451589
466609118
171495536
737205956
293499654
330577388
974404461
578462870
765980357
605076980
251738795
263524678
230092977
101542336
791327914
246079233
797056970
182507329
905238026
935916037
409377657
577972727
645743235
558308941
979176772
267462242
208684065
746725872
34705932
701320945
10703467
907248419
905569148
63379005
694748194
343412465
692329411
288984359
563991600
22538054
517332531
447432074
579366559
278227210
311509421
298746160
84389104
664710709
942544870
71120196
15898794
253245719
16638143
430879594
29972778
428154659
382691526
399518754
593590354
824142831
97685037
829910541
19573353
858121438
318115729
124698631
695234156
862139092
346855584
822767707
750637072
697723064
513656425
266129218
351888511
55811587
944817377
93319373
295478642
655333636
467347425
762148139
813438474
43909570
135933417
713775827
61006177
477281395
741892281
56296446
631919989
346970243
252090601
598571310
868495414
923931806
77326367
215479182
579985041
758632054
900334677
829182118
457670427
4214088
160449549
341423307
316849860
134731589
471819622
839491007
337211742
245166802
718451417
382669310
207015500
472851247
130912648
168702686
92934291
457646915
284166276
885282080
698063729
602367152
167133381
990112778
704733066
947830349
448130320
435039703
604134265
36402427
66186765
395198852
525633690
782332713
937607804
362479315
917297498
184668291
135674763
226666612
755480581
150252886
120330796
799637901
358319971
221167378
238122027
373023111
228806667
586977852
706468339
584867463
820496400
131270548
457476887
316825043
874560415
373598164
979531871
476226070
320046953
7810188
226459733
730431201
573697725
489473247
272981709
648202291
612878435
937786036
620619819
631501117
419700467
152364949
179991328
931085631
339115069
810723328
331066839
492389888
719026290
452731722
796197372
357136772
722304491
37987448
36482780
615092148
602505923
659221421
160843876
684212570
360289761
13470374
686576423
464882151
281252037
169229005
152671760
496725527
948545861
871184198
710814790
131487162
439772317
519515136
60964640
841999937
698060990
419342315
380536930
605896338
105778510
117420821
74387914
963568799
204118393
355110217
534169029
657427754
543815224
499627071
63010382
51656820
629810179
652353424
790238292
487950513
450448115
178357695
500911058
289582494
15806020
932238071
580698397
641001604
223183331
241360771
898133196
559782204
944175553
176276894
571578010
922261876
611010712
142503747
135896857
270380129
949279979
199120640
435097881
459995071
708640956
838984040
91655352
321449982
820079810
383313632
66046327
400101459
412734979
469438989
22576079
906865592
978632907
171118714
662214569
719121923
606014056
933383202
405536621
302225917
596606064
271801604
212276209
414787844
639677495
111003416
45016317
334611590
266947984
790406170
141326915
733459696
687987842
518113612
709163051
827199369
144776571
96934393
617416259
559428320
570537845
931284655
430122088
142361550
957765078
879056517
456118742
980113949
898809424
50423659
822912226
327939811
610801444
640944126
284493018
936439812
812434776
344023402
857179112
495321589
502704530
647936903
649683596
283777014
881121460
629075638
736057559
515453305
723661548
606195935
588134227
185995074
348686647
441092898
529957352
929572291
282773407
790588175
556052856
940341280
132497306
201805180
801189962
956170693
804571045
825181648
230695997
382647635
452847158
305813301
23262198
862571615
670622929
517263289
322789119
652592743
317110191
258468346
363310163
692295899
968245056
727278220
994275289
111711250
767005372
355084407
306986919
193383180
199494133
969493337
163375875
643072103
248421204
467410291
671853860
93831940
488159971
961106184
986247104
997743603
817959265
68582403
48780464
513656674
340074411
904689935
950891431
899702508
744409176
256132600
763971664
526895241
624252480
751419509
347337905
92101603
908502456
383632056
873931905
180523139
380319156
698918908
674210725
246483606
895642583
607174387
3781624
960672588
667083293
825237110
576241298
721426847
668211631
385261914
204358137
957493481
116777056
882961419
811735428
900517900
468380494
582834218
248683068
220013024
328264625
734211387
556766783
902602227
250130716
442477384
449531775
966345574
335735910
237099537
204587945
473556590
914057700
504635422
576323210
302430942
315700507
339888464
161638183
963630461
247882277
60295689
637522474
382058396
632357617
387257022
522712839
154501871
68089027
213707510
502157229
923607250
655938193
298048314
136873825
208412451
807887488
421522743
525972295
146906191
44620500
14663774
505327711
510418666
835874249
908263886
573383333
702685128
166810627
456549802
378853370
117818951
752924321
916993079
451838631
97515188
420057246
255513779
678449414
649584170
404808221
934176042
970466375
626450354
515335485
868613101
728362378
844686993
300655781
371757091
357695230
218000359
76750016
802557844
33074261
439006108
42454786
705636967
978248999
283439422
452601522
798097606
771970426
926536621
388134271
984500642
387314533
884477857
793194963
68258563
103314553
950994160
767145354
466498629
596103397
288266838
578869522
805819743
692352136
343102941
46283989
89456052
925161897
356031180
314754624
90707384
909006442
736938224
415390691
191557022
583740339
802087086
289024272
431713054
200646805
297929146
281823474
572980644
972549831
329326231
441797542
596158421
427932146
302492017
791084145
523303827
998422410
466838525
593490815
685475036
321492104
293798905
683827315
390378197
906411790
195735744
761422876
565333835
138719997
263102946
181641160
96116567
124689216
408480082
850542609
919435789
203888156
150958193
491360919
699604548
661527101
13528348
163100354
659621519
803290040
232673098
565677194
573117202
82585552
113046780
474105283
681617428
444301161
375517771
701615040
49676787
928779571
65558793
58856037
679753060
57301068
917604422
596661779
515779494
629731721
117328486
561613331
912022084
652770547
401352551
713966511
275139043
404912999
432425286
241527199
159112862
891909222
860200008
596133335
24989343
654146279
592257928
896191863
788584087
734142843
635786086
259104153
854064995
968271146
122608097
463645682
777438810
625407287
484823549
492060984
279863870
640631928
955311748
343542614
467789706
917273406
109652415
116991504
344717748
896487651
749087895
966920048
30877055
90066565
502982150
587280934
307060954
524975820
535221898
817647720
766817279
717256917
169974896
55255983
394021372
343607694
455541373
268228620
496145188
183913405
73502051
902740042
112739222
312474751
689122066
592934551
426584382
109074953
490136059
21788191
508415676
468702413
302393187
420973985
798692009
692595780
348564282
175874384
98713834
502001671
718523294
84583178
863010870
729176648
408907126
869187156
221137008
587087702
479169015
748929855
713222216
348973557
753675961
37196020
89686872
24359499
918853217
277637488
611457683
356496839
852197136
969505333
933411679
306724850
453218161
864683078
217958981
696961395
996662840
124728737
526500992
936978441
813057126
219910812
809228650
412972047
192194648
852207858
706922970
145526629
220807953
878392553
693776683
672998983
880012135
378856500
193106
977864503
715414549
396834797
161562412
526786301
625644828
641131929
328828085
463122824
416726044
136095671
946859448
351699080
386875704
710936636
951848528
588978511
835360550
639026123
498513031
922380931
700401119
88403388
685760125
879415286
229548003
18041058
640382024
570261378
187918539
757446030
121669531
140345169
130044170
508327919
745401449
132448122
158361583
98174197
997485564
91167269
806791610
32350990
768674812
759434787
6320008
133011443
173366627
975605253
784610227
226820839
374143539
616428107
330625334
556845283
769948543
190842507
355614256
153230396
666843061
486826303
114270434
282114076
534981940
984606558
455601289
662711385
58543048
486980949
557992275
509073897
820395383
626105103
628132376
957810651
183644177
338869730
739854865
779055345
267694575
564563349
805693210
944894578
200901287
554613189
69029890
686550294
601064512
353275238
648687112
744828351
70205703
913431494
186594836
834670711
911355341
146671001
683912167
812287903
901223114
446173495
976777496
799273496
670242271
625745251
770590960
517252599
877975825
566881381
195871467
512487199
991774952
699957228
277445395
897836326
281834709
546526310
297738884
466076124
240142328
945203758
145099951
306633726
333581765
368749282
199010612
86277579
219265702
590892992
371462560
901036345
639977130
94534712
640010809
528585623
942341532
960794448
28022185
98349394
486820126
15641278
148925577
430999735
732907147
77733403
218034886
147956461
502242871
960016428
174315519
746759324
366722947
522765692
68624306
582223733
58198607
342072038
292270724
755388960
781512172
938643007
216757758
304085839
324503389
922151379
499946631
959527889
337770214
710639321
324381774
875483206
623302134
157294092
187467771
269756546
183921949
878625692
336086655
860939938
714861132
127992157
821762308
613007261
353588216
736140855
152866627
502263160
274436240
49119055
638248981
552464423
68570061
287519021
777696253
903385282
639421576
486334082
7395355
651139606
137309669
450304557
906423943
153672532
310508125
161408120
897252723
262247475
578704404
740944180
36748557
869463060
579740211
163890221
284534167
840196794
604438208
476991172
515546477
632210123
505528384
981607522
285139366
639421283
157648089
686803337
284847400
451601609
537158409
872567638
565974604
665040940
571489484
392470304
932801360
385197984
370570245
330420118
6211794
647351711
69174908
710627908
101058768
176332258
403030746
90296172
251205951
540509671
139486998
188157178
273611526
591899524
594310394
56631238
378498113
469323114
417004776
50515836
303017532
409410808
500992085
655270829
680153016
535229514
903331597
112544467
425283223
641780912
953449659
618642373
261090442
25193997
354951128
333489712
137338547
453657210
391765312
788959842
991804361
222018737
983574981
180198496
658896699
132983553
230033067
344430145
635652856
526139195
2372179
339744926
824301493
605020636
573833252
147184776
759041476
585752235
793826697
224314686
410066701
951405526
125938398
94365862
292480144
647714328
620919983
627426187
497752870
492697811
719396448
266428289
854386685
783410691
878987733
964238567
524413348
998086785
367430175
930596365
955869582
293424408
220406059
600616461
152396430
882042633
814272568
895796515
461086731
338514139
403405951
193935063
908245971
148017660
468356899
739083254
258515432
847631774
1875980
530644712
362214437
481831826
491044711
875204094
229913634
771880231
852400194
335055800
22722979
874938330
645595503
908662616
101869654
567532939
367782557
998477268
672907192
775139066
999730634
780144495
458039004
532970660
102784627
636343261
644931414
521218881
134982318
295254874
98758154
753074906
240870249
74413761
762889065
9422242
675639776
284862273
468224524
880175961
234581886
322904964
17799533
788035127
231634060
769815139
289909859
738673965
827668855
438799468
175839354
633510539
139567583
570459422
810464456
430359749
204792748
774820187
58026204
278584126
204500422
229160858
728099467
972791109
107957293
191134439
793413928
605568479
176018308
201284439
551200618
402709241
139698095
341583457
683334056
5686432
469862516
398059682
673110822
362253806
790555762
37194003
698617371
865761583
510122209
678318102
912703368
26741317
981698347
268293207
402008771
624221855
377688927
512025126
557159907
893041187
972803000
823355876
505261411
649856297
399662399
661899809
447476930
95387886
748010507
630857968
35790227
247409570
858484324
175729745
809908882
812058208
656595300
369673440
427734712
952960161
795811064
40782422
887550808
251668251
376360624
597432800
439283057
144551307
175833414
16504034
875727961
645663727
139338398
733458950
15470836
688054063
548137950
556362047
823572040
712498189
984860995
474782877
652424831
313164055
119061044
79135772
231887075
569359493
185740942
488858106
621108582
522488047
681032028
798209699
251691417
783846082
879774862
3674187
26759434
35855532
401523202
98741807
607661764
392452637
191688686
239530000
104435273
177848593
254765065
249766254
600713029
786452287
935476476
593077635
125715445
184877215
948345331
434440908
930043964
756622711
151033168
662517940
575070684
301393476
355619503
654854196
663514279
212572883
94907248
571236727
488880328
466986444
917339955
840936248
972359884
833297108
48911627
353605070
556718346
353628750
660598568
587476069
875653835
603794114
135412005
80837010
364426846
323303388
314485179
953758988
149110963
667358383
513619839
783409411
759876626
565961048
336014945
213138721
198367321
130944385
204647594
773752780
947269868
605447120
370053962
268292216
898553339
457373258
641051780
840962841
535088614
579307336
777053717
38782256
733053875
813687337
300188585
115121936
367627584
233355870
896016325
12718988
124221985
35054134
798704305
208294244
413787591
529118506
332774971
325486177
787136974
97832248
903485700
691434998
111280209
913497372
312057702
775266545
376478251
329180265
843087774
543173320
563904514
118750774
747969947
538974495
351132122
769517914
137222318
449622448
159539135
873966593
204927509
706388909
130401352
789604221
642191020
548873268
765491905
385777485
672265274
508073809
723930767
10504761
33447810
294022900
402746008
372571036
696624325
80223455
27731097
415590771
210748195
398050771
963837520
139653558
246507749
779351092
562513692
330637069
426773932
682792634
959928157
478269905
176536976
736528430
399747600
22814055
593454723
206919008
411683821
363762204
169054558
596442579
641996448
917489172
552084130
39109493
210108510
625413714
904988203
449909651
612597452
462593940
940518641
706955516
622621363
808971490
498345236
465446166
186444151
524682154
457434763
827047220
343478693
639256978
98370231
488481875
270635319
948728884
793163035
978883350
650007626
27575548
10047092
738844721
782345711
39563888
98387499
295686218
805850510
903830193
250994108
867806154
566123448
841177222
284543377
596585318
108938041
330411476
636191535
46040016
850296061
37313596
524587096
677804976
577325601
847811540
754817639
435609216
907325249
920525262
278333323
487689820
921953256
992594551
224775145
685479477
937622358
699953974
547040694
250724156
8741721
838580627
405743046
961946795
760584168
715988797
82338272
438149641
667113344
62014477
82538338
816894026
71547214
28920604
763326880
627974780
624014901
628739115
483117105
614488994
558034653
876675636
271768251
440460147
343377660
574407705
948820388
236334914
214244434
99541341
555458179
892370291
605493998
481099473
523851924
971773139
533336131
109799762
374477765
392517902
418936443
659534414
47425965
348184203
223413659
638752825
565623885
290603940
135030758
193980125
191558580
90143368
648719763
648201131
43840552
46564357
226487167
202139503
455962373
846457219
768769421
394659162
925673717
480700266
177976071
446608619
422628139
53595185
840051188
952814910
700721484
932259907
402834835
955564526
891225397
599236513
206130438
750626307
391641973
883686397
518686886
576152023
809625312
245325530
236262885
145405964
784660301
603106521
743080412
881627501
860625067
803715442
205934275
113287897
151574280
362735466
456880149
607302602
552604517
273979735
825692105
73301691
508928473
56646188
55375091
40936966
797246334
257715440
357402332
970872174
868776479
514354844
613703162
704046928
992154449
252517363
205369589
736336070
472646085
958803977
625631419
515533754
997410668
583230063
839991121
837571987
598166339
927316440
598398592
770231544
955133469
344769261
714617157
967961788
647396347
773972628
138827220
558863127
349658623
574607265
551895597
956479394
262110259
233481692
161936255
912063603
250107119
883562834
965312040
596073905
576801711
83256931
623654040
656408256
299462708
423174068
128269329
851558767
895446051
595228242
178902140
900432042
367545843
814486928
135329390
72631559
542565256
754175565
694225572
201907584
52022
463695979
850825241
476444399
47091324
470396112
743278443
523632293
839965189
614005581
177415938
525952033
4503441
45226545
707855477
667857959
548548956
931065662
858694705
665083795
282631149
725297181
896657943
149690053
842421225
690406137
942390097
849248587
830727412
277946841
739288171
675555969
193869161
36300678
779266974
559174910
225263027
335784715
387305883
963409232
460960546
536911390
367793797
557542840
961141976
913309367
652387313
333594850
921799246
421135441
326741265
726338819
543349485
911897918
979618108
364851545
375501394
525812334
689096680
225069994
917208557
820397709
105065063
695237808
617362706
228081905
33673582
943533278
977497790
96460937
644449212
966685114
216402697
390351059
671662406
828054922
680772399
703008459
406329683
261319080
637027663
665252051
820278569
561081280
382614954
660496515
1123729
634242051
625131497
753116658
370842183
715630049
148209879
802776982
302033397
542774184
307515385
372268524
326753545
251782029
579840200
106273562
400622431
807533942
649292924
169835671
473935079
877319068
282537641
95714939
681931924
489801058
981086917
891725569
430123995
588881984
496577964
410350257
906420484
847857808
279514826
784592740
5072378
378407572
56653110
894298476
881310109
348943975
394151011
231254992
412362413
902571456
3702417
722989609
19828199
957766519
246801047
718228650
642436051
699910067
726074859
174542776
334756077
436834527
91520889
944180737
890804750
98533446
558777636
490589970
980168869
975301288
270356704
422510969
374563381
892323923
430035963
941703044
499421678
910503724
493728208
805369853
754391574
657220844
47579807
846688528
641072626
213062188
953689587
434551755
22686961
631672206
79605333
417179159
96254402
239398839
553646384
744438979
603713046
662430701
797370593
236380020
606637981
775089828
329075643
692812503
100037288
73478682
139400731
795482286
26471720
78540469
743301350
508978909
181164617
867647183
519450234
388273432
271658989
630481474
92014128
698415745
900257415
553576178
901966614
246514267
922244740
834786610
67089847
327606494
921894076
137853877
395534160
379687534
670064789
124864497
360460206
974065138
755255503
798404658
856005225
18683252
556882975
175198949
743137088
182981319
826451691
247808763
681380055
963254876
1774247
136385583
189861182
905046125
598164292
571406589
673402380
482880643
60501017
965061710
5154656
945156135
663189648
36100414
652661642
847884713
316411843
95194660
668202893
30602223
562784190
78097500
313774004
785504314
548866904
470738591
742847581
599304807
337828450
236531335
922899028
958615266
376774889
342755439
521773080
189352978
888825448
645208944
595129750
553555524
343031755
672559973
839139404
624902791
868454148
859944637
77442292
813504964
472068901
604689821
68363225
766985881
20966977
835923739
493767899
736733082
640691163
941544777
948650666
390082252
727666921
389537704
939483372
363707237
192484663
787572932
606448903
960078375
829728961
373122938
744868742
612823211
704258812
615793989
525927864
221023068
339906316
830382223
928995790
557648764
57544696
230975819
293259004
533733796
530934205
789950474
171977829
801915090
749391243
248414972
566028349
691767185
381997324
746619178
40266078
963263226
598117869
584268328
44757525
409551389
960702773
708329965
674069906
607835035
797141470
747903448
208994224
864391473
203542319
60378695
761764826
738229755
807167719
797008586
800951536
333282257
233871552
440084483
502633094
201163145
854343049
387412195
630653316
876758859
668496266
693641389
177201538
326010315
504356085
948350357
393366526
740685285
454956180
983465400
842421289
100378405
540164326
643251974
719739837
963619890
646211992
355108958
451736937
318084811
669037
988096671
664863605
356798998
666534446
692286485
683223461
650358927
759774165
42870081
490244804
790795310
141627632
952901513
334433963
296337241
362350715
769433730
350743286
980006444
124336596
726588517
576715773
201723395
754854815
303354210
168462796
762479037
93103443
352949897
856762915
411486237
902588535
453900364
357513720
751781722
858377864
796574910
495211693
227428820
419967890
679916566
716538272
985324519
391720928
995874589
298788963
705997333
19994530
652524578
332744678
272790890
478940487
155687682
480714960
603130209
644504818
651815483
311377399
945178914
122242870
51380167
213708135
911942884
254239861
2497083
726525159
14628316
176374404
330288615
829810008
741757391
821734612
8847346
328206728
552215959
532362358
9027939
742832197
15336984
735664130
495508667
680272904
94075572
172782303
811422725
811678710
812735238
129413378
422930202
878574302
268435929
830704855
352222425
966975337
358745758
747535354
542317938
605049554
134192717
698740059
954529798
315123142
564099004
97763150
297931496
341047058
667561006
325149222
182782476
665827790
531600592
838341988
341065982
618456318
451823334
490689411
232802782
944065166
899247480
610695158
878126571
423148537
695099961
198021265
828313389
536188447
983013215
616343793
10255766
782469359
931938532
87199306
889244104
428232863
804817396
292032488
117916592
369791171
797981202
865784951
462617826
870154247
753916585
539512152
310397421
376103023
973143331
155013793
640704476
783433037
16523221
979538347
321248873
289350724
621000492
362852161
672982545
61020513
83510406
826807867
186280169
307381489
70788287
469825781
807032631
599319309
791667632
932184236
212441333
685594687
53903375
940012020
538029368
329391664
192187091
149258537
294752947
246752564
778359930
716172470
451963197
214567735
691774779
301360057
15913304
344866788
287501098
22375716
664400559
317870773
481866941
495441834
297843270
879571438
392875467
749218712
998070291
825552375
455406963
938246255
492269311
731818272
972449805
810250527
569489709
314368208
594067259
550729206
376288219
40923095
297428943
877218470
856390825
944401558
331916672
584585214
663243489
319963677
622639952
953832574
188651824
36505577
403487627
800767341
395784510
294118755
462250312
962659522
260865681
88909659
157101569
371391432
349330113
143226898
754999698
991308611
13423454
578739761
561899362
534047951
843122167
162467703
812656202
164005571
446770883
929397781
660135386
102026153
486968803
740081341
700023663
858900552
504719384
442647379
183901286
240019819
14976570
385761458
521566507
376984054
301782506
160118563
278999761
305376472
986225657
407827153
661837278
756059857
342765925
545144217
743438308
526406030
580882311
397818728
112813328
311841026
70934233
774851160
341810695
947560329
288340122
802762226
550294731
715615033
621716559
794999549
288201653
479586043
896804978
461721953
901748014
775882859
440806729
100340787
720416763
595196068
27649036
749321716
809701992
394227728
511253301
372468797
950187572
298062770
109648908
445233316
136105648
558557844
567329779
239680860
906119909
908399908
941177879
660702903
593545030
67385452
981612778
716132224
259163136
688221718
914527916
588475109
14136954
22327361
70968269
928273196
200799355
437100098
513923806
917305556
554914490
671965452
812386647
866051900
818421317
389994097
85034313
164236169
96090267
697122726
254769533
286696383
510549359
772289863
974889336
575509167
678640975
535874399
142491508
286810601
518337580
925447264
536596869
78656164
285414824
63523860
414323586
924931480
825239951
45233508
175769464
94761811
447694578
398199314
43676382
514611765
586706426
572594359
509327322
365479456
812436798
95457054
923110852
222404848
325915317
907078549
999589667
702767999
642067109
971780953
608089349
601576604
919696013
93775672
279972573
315865976
359821726
849487761
412378873
375779794
896511914
159076145
54448075
558057578
151758463
81465251
975950319
560193115
859875674
486865670
431347040
241033134
11583712
329067838
240207412
539885316
264398198
519506406
559816259
51212542
377947804
986986214
108504976
921919490
228293597
244373521
350300625
846539021
677844701
486799204
456194709
441054833
114656170
889886417
932486731
672829281
658770966
605472575
64784443
955909446
118417763
919873389
39417258
543072520
365050812
422120711
901131282
582245691
234417653
891049913
730338920
737064353
331964314
293666614
555912365
209661765
329721210
293614462
361771248
798401508
602666470
859630127
670432427
574110204
919349624
745319643
811485382
666620335
850598300
546916252
792900496
415015003
930334198
418434947
554498131
437497209
366507983
150317188
675949867
76565245
442734418
847088477
715825827
283573034
745515262
110045422
303630582
248470137
243551210
736958060
829416710
703897038
99646205
603247332
324658282
501931109
93210735
587004672
843439180
919635797
444867300
752252905
244646178
930356175
394407653
191676056
989387328
595739383
127895696
514129391
543911584
636039337
389362274
896853876
170917351
707730742
434719054
759173609
874212421
789587722
556128423
357498126
772821415
55798704
751853650
297123917
43159103
730903568
894823961
412797720
800612486
164212515
284226360
929809529
198559307
93789617
652191684
324566794
129550441
320472051
861122006
596491333
76661211
624642261
265845097
283854833
678099693
639129297
911000144
814001765
123381839
257623702
776319260
992080314
584810298
312145327
173017493
332300115
292088444
151178158
670438468
93004404
594571954
547744489
910438551
186597811
112664429
333399056
113109856
386236455
884376966
452058421
438565542
841792999
424101605
761247547
843386816
846834564
701242336
867413257
664043186
401194508
604035304
582558492
810895716
882442744
686365475
114510577
909605232
451791014
233026786
645772161
977062567
668116889
503934543
678398777
131304681
769232431
819899029
79760729
721987255
37591094
527305359
153322624
502632823
21864481
21590687
478124301
605328120
329634893
690185773
479454135
31850435
778716715
512985652
710969097
838131496
874617071
180694182
418097565
149439516
564206579
330888547
978463733
831631594
492973286
862077815
306965062
898600549
986037219
602101139
630769518
641463480
481595943
111762102
282663070
803639390
838986783
270279488
124931345
807933227
71208685
948672641
160177533
245430728
732365584
423879686
313472124
637365373
606883327
731645815
684094417
971771766
927664551
734631106
275089233
861531560
624790652
82302787
490717395
406346922
522102173
447303239
72675555
228221721
855207551
475540382
816983934
39582875
202552805
928699997
716856662
466086509
829891094
111761340
693799360
88047505
302784983
453141607
178883517
590227595
741323108
48518146
482286597
872337982
22163948
237931794
773624584
247983271
799642837
232031949
887102584
104760434
209345657
618919217
568612628
996971282
746454664
512828470
869545667
436252942
965052661
828847480
481063272
781139039
77355019
655588146
818335595
484455276
287525572
937980798
820377194
361305216
549142537
815060567
813377958
387375919
302735993
16763780
721842182
882575734
103038528
711953386
375492802
970818711
403976173
755044726
51800159
260936005
924414459
591204554
256266564
869535172
893748173
903510744
709050739
996996745
660471087
494570278
465166784
382200081
469766300
73761033
251847871
473027726
105506124
185960171
221947930
915742774
911471099
424351319
471533242
572154277
639394284
155961670
657654298
768504026
619188943
752947964
228026043
848469982
79331516
828454859
582374266
186335179
82767649
8586629
383042332
47922482
487298446
419135538
546861274
820330701
873980472
239097435
117175071
538232183
294078674
282270928
490042453
511334455
627584718
480908824
25820111
975659147
330680207
818476366
325845177
96133288
71917130
57177166
241661313
198570502
940030951
964407282
954154151
820307526
626281916
620821966
433101161
77489034
120195199
7231775
811332606
226903307
476031755
161089969
602580144
607740301
643258051
6479394
58981421
94827444
65356387
175680167
189934755
373850649
239410420
665550479
704083606
611513155
383803442
367312320
968275785
7662339
410963566
128763683
689478303
517876177
190982115
82329409
799934057
67577050
640075715
245785654
258078575
671379400
670186010
240544668
857366516
420712236
821389616
247412005
492389374
842993018
411053153
675928442
204960598
301078959
906240843
455913228
270091353
372099777
672768336
80869210
406077581
191438131
59382054
627254908
168486896
937584843
810377850
850025485
6329464
30068758
173650606
397712288
136885539
784065925
484433168
264547794
884938918
240566309
846048571
376980268
256863062
343665813
567694633
875649033
617602193
893013833
384993406
872419459
939405587
212892906
177797551
994390331
26800843
543340139
114705308
520822200
280510605
164118385
727692681
19355911
939226521
717330393
309240106
765969393
931619734
199001488
280283042
172379458
999174369
290821063
459337734
710137709
819439600
137158419
203095387
365710969
621492376
28332519
278844697
535680824
804977954
359042426
155106094
797945620
574178333
668138772
290026342
417912807
242815138
399457197
797243934
233454340
851323673
466600968
756966041
580479563
570422055
978759292
682861659
767242099
223886139
515214074
915122666
639391216
203246838
476843783
404121588
287034052
395337293
668503061
134410467
946368083
683388406
744755481
547796414
199927785
584492471
652696529
371984831
363226590
260679817
222730147
243200377
750410854
886469237
191580008
226174641
101617597
294919145
974020063
193441726
990853744
184290169
117154662
563316857
524211203
932946560
324646435
952474167
732853264
911374135
560011734
378548976
89438646
809086144
912879272
70552488
992271420
769021473
446004321
661431913
830980226
104011911
418352668
456366419
310333652
358495282
676455255
15831372
306007264
798906616
24831269
93119861
527585100
617761896
57576102
297032219
262308858
988381132
31883120
843079006
934233685
773724435
751362481
952011315
144376296
441896802
167007836
182874206
307932
460539022
921911493
480412624
779969252
744385928
495184369
918917940
137938895
393184947
698371528
708605111
542224339
800758733
798249224
458899074
864518941
203512774
456584476
189789067
235093820
564091202
538166285
700055439
664464585
305335327
999322347
882127620
603999250
927823045
839891090
963159698
421776988
291511071
522358992
292385197
798234825
177589955
810519555
136975149
66096856
228736428
847656092
5083688
7428462
323926102
359924646
396634863
624126589
391756022
569223355
229440421
574862262
34379619
290094444
81125935
372840710
350265427
506849547
544945336
499246963
418356558
927145791
51475744
722608687
14358635
613382987
394065743
329688839
361400322
250512123
372225144
231206132
69448886
370926799
673169536
434294188
441400766
698953042
554538867
574516047
70219323
197148345
908134069
738390220
181986737
470592617
843461013
519447519
862884811
617496290
948197978
397346501
523435104
261981471
375552068
703015965
100903876
415036622
997448681
573624244
79214500
423446114
142656418
712522619
720671560
508854949
308278398
675285389
55447164
715099971
947780117
727791947
536347716
857085026
632726559
822857857
674053985
281880271
228345598
796550486
108313048
388448506
420902590
119931053
579004866
37756970
323757216
522287532
604218327
291317012
805116099
613805576
488070828
864234666
578106504
79324599
52862545
528648267
678266699
309902076
157384404
220294931
258119496
46691373
474380941
627788290
753436520
928977850
624133771
734662002
657204971
386986675
738953171
592350779
455479226
724958718
559956812
937815824
383021568
453075842
809223324
710127752
753122267
762754466
864433639
869463389
404028504
516878862
877671580
51971058
240585400
384080990
600421289
504248143
287191035
718145021
279249141
228367229
535510159
54301780
868827490
584791864
416138504
867599434
663085838
572856626
668533015
633280561
742467662
901170982
903478229
536091285
9750463
66362422
869369199
410058473
297948960
825834096
728648568
89770176
830195583
532369843
887742942
555259245
974571031
884712310
615986602
221986117
348019690
840476842
72514666
303337291
116110802
104275143
847522203
198122509
344922579
45747263
301851077
212149210
605545342
620798036
518997878
296703194
796033196
278101975
388504544
742315268
720984157
943372995
418110720
737229994
311661327
909195259
296173041
597544552
604314732
70919445
150357435
806371183
746364065
223583221
989640702
642071648
209451898
155538330
878836743
417887662
937970633
833883663
666845822
189969454
79063103
255639598
154891859
726046871
242921475
826234875
101442618
648984924
602161939
907627978
978050975
228510118
754063505
484868942
896136301
153670259
680783340
963585893
533441393
1621053
477863425
539338772
381389342
693454504
132925932
169073361
12230575
308084425
831217539
994263587
981999134
228947243
270394499
430584717
65724654
721716388
268713838
254207521
473225150
289784773
365635400
439595601
922694810
133753809
421012350
250542347
724034472
735188430
970419907
541407452
892972404
217965255
377424826
199954188
561848710
887661887
479293066
626315524
842317058
356400632
699071382
924908064
683916702
432184338
538303
300892958
397047526
480598808
96192685
352304480
839663639
504872481
713394479
303539496
911380164
885692868
331332965
26067553
142092123
246277629
163337373
671412349
801847720
550644693
836907715
103661239
225848868
621194756
833037999
197195274
858808743
944544420
665332297
621616039
527029684
355945910
597450688
272642071
189754588
32308325
558636125
189375355
960282664
240469611
930199583
260564042
223224503
777202970
672233454
51934213
486424586
335267898
918981950
423223187
561318209
142946913
750095905
889938603
545541114
610236006
62843974
169073028
534773591
342160847
175385706
956534566
92437872
728375144
21605367
402305221
470244793
804008466
596168649
218343073
372202574
252802406
801868424
158771926
9336656
292191089
976034036
241324877
72052799
892714511
263774015
73835389
982257352
633695768
618732392
844649350
881265411
444662343
16090514
614551121
271859417
85142467
118086653
236796329
782042583
12046934
979682954
219447654
966752080
487595982
472725352
665207162
459022061
160412420
185657263
660461337
389902532
898923425
389231806
115925744
130323912
992044328
439288704
63477421
539300642
659796263
629978393
308137828
152390458
383965320
575620581
897484489
910346297
969123648
530773639
259729547
344698586
519354182
834630202
617579409
273887817
782385077
323326581
880127391
682361644
111305710
391278889
60377788
904965461
667027549
972014075
495759720
279047963
786780438
62287123
148488433
844120217
956657636
807387540
459367584
909707963
71622800
176402873
697315699
41773555
726404699
65268381
271445816
597689508
220395449
261153941
9311345
392296060
675243617
624885864
930931023
278276636
290977249
886988188
257573590
503802350
477464375
103618220
670909551
691286146
989329547
700271920
658197541
921323166
483940768
82606295
715222430
255635284
926989243
198893733
577928591
950431860
517466387
192173632
756090866
843896810
461017406
836715022
510794597
184525401
875528892
604655748
255931241
993700498
772849498
552079652
229177102
123754049
570948607
220084585
922571462
467531224
24852010
26428376
798796190
218110428
49311490
458337486
802878770
215244846
710083918
668346754
895433449
730263892
128578393
789906218
308466047
413421908
901009915
826553719
837439258
625120421
646691538
991094117
259399211
999347404
832360972
919803575
901259916
931793547
294933011
77536445
145281860
634912514
482602705
27152006
417102683
502067685
667943754
287906571
450615617
575655205
343530558
606655540
482402684
60718720
241652225
364221537
157867356
415101216
931975334
618746611
297031493
743380334
606885251
313761882
701790591
874094689
693625228
479401361
118488989
240416089
437877727
400081095
59544815
378038805
598499161
445434904
756401558
108477360
370924829
577167927
696211277
588764530
655223420
725350132
747961610
956075636
997981698
644515238
607902714
350713912
666012347
995114200
286308645
296482123
51786864
616024916
77264216
619112428
887960450
599433487
330318318
966887183
967341031
487135456
946154543
640277364
323716382
116351849
568304257
351259675
520661583
381888119
879391651
552955376
874944384
773218991
841379064
391657702
214294193
68220252
100773107
987017218
415361769
920723822
364209975
715215290
392239667
848894831
387583657
930567965
377542453
529118775
911371226
886081592
142087194
761405503
81860586
782690023
472895993
554208232
983513078
86466139
181434696
914991184
679857394
894679713
447706362
35475265
345995454
464748331
543450341
205364083
531794006
892176036
718182744
152539439
752569268
574680019
327017911
805752003
363379606
84881539
253062878
816405073
973857419
546872370
194004510
593987694
436208536
652606115
464060198
15355730
742813386
956785026
820949370
676312857
201042304
409643150
132971300
142718174
729908234
771312949
672248653
73981955
134542903
290463169
955708390
458001224
912455831
639128680
364574767
304196285
122825606
605933164
953051593
160786719
789193382
419034480
314010476
116440817
543132634
482462940
680400622
773024482
430326574
781099366
68349589
596732590
502733210
508785662
712368361
955543628
312934809
904610355
733969303
590839502
975488901
21947307
780875717
734665227
514156161
217026107
178241548
143809438
115076846
895124130
593365369
280455940
796069193
89258131
461887083
271300706
463497518
621905878
987134763
390810641
878664680
177418407
448038414
190661617
704345180
971477917
224940086
401394712
306412601
968627963
462507151
181788032
75955014
334653560
559232459
777124130
268118341
555312374
825651866
773099885
672148617
618449907
251616067
778151064
287553916
297816545
285687966
690029992
798636633
724984792
506965098
995032340
405685754
903539265
144626117
250161975
599784078
775452934
648644128
24319516
70562123
931069106
519501797
804045659
70399609
607533532
699766166
749401360
193098452
581986165
99494000
19758633
505663678
75159358
149244399
172639063
825831169
467983605
709030328
854141780
956429444
33589257
268242275
157942217
817926455
649714159
335418727
629708793
846236372
821874431
508341509
776981516
90654421
461791728
891982294
618108907
251605553
96300393
855932767
150558468
467024466
589404369
718490905
331100081
420673872
836900309
657654606
877756826
996314750
822291111
855489837
177536733
668072653
179706743
743960692
745927431
342036062
49759982
380766331
720390630
540275545
456195491
201802797
163233674
531351492
246342229
669788196
177862643
210291609
423731836
464072602
469210326
756160727
648482919
883206808
646392584
984180664
558701073
760965873
514454849
717338891
426143472
471796247
719858016
785717570
740781131
692458257
132532118
439285149
97616299
287935524
12606277
455685245
328006489
202091968
330836365
765295442
193841722
484742420
721468211
721716566
328701134
745189254
788616613
677777513
392076679
283261517
325614203
337365281
798555269
777428434
772754195
711816785
266764856
339517980
632656118
727163760
951337173
237272355
53523667
998904317
122047320
275961482
977726094
161638693
589362990
341910430
964958428
208294400
963836829
83209329
59330793
262981641
644596742
277860729
389557769
505743044
611834036
175668130
231693185
18037890
947384973
373828330
839464804
588900954
917357354
654831966
559796176
981965837
222798189
912064238
325735835
303242107
419594689
483219261
318755263
204599707
989095730
197526018
513520642
187896606
216255170
539973292
304890743
734912467
800869149
922171549
910416350
7051738
499461477
593764790
859729866
462641879
341749749
384609322
738297214
74244494
261952863
689367941
500760849
64388932
712357357
950850238
284851860
372892932
31699956
906331809
400767826
534818444
576248251
965939634
973179183
610151133
412436400
616963409
173774360
793170127
654359210
440941291
740186539
831043515
890977130
833872072
238745833
823628177
495140233
872288868
660471615
607808940
395021031
374317386
303063292
646626
604093669
60570490
308119229
213475072
873546484
261832510
458966152
884417924
233967531
812200275
81057422
728043284
739376655
926080541
834216115
480007126
57640658
220873142
33442577
735204162
567124469
810294624
597067708
678957611
131109594
544325262
418759813
769957287
68366904
526376759
602740979
723174336
658333237
393783228
875513659
383830667
185376447
174355795
657048355
808851096
336054800
646090422
617800886
645660512
316970271
13462938
314410957
196084872
521201222
871272564
764030787
103583838
359678257
186148567
832359456
527469592
571681484
73662876
628995504
246181461
413074107
649933732
264005644
397405242
806697378
712153978
918979832
361343876
971323182
390504692
737623773
439875956
511536946
242284657
313306171
787014319
995746136
537686470
199159012
671914728
278437465
988019981
897273588
827941314
389466231
971383617
438670964
184568572
400888866
612433116
609396322
953710708
477692347
614660414
138297225
162390820
109360404
223441316
533862344
191457219
82669160
717009152
621705278
231167519
54071683
539270840
90928909
872469492
849927921
874952891
729104816
831809670
180988688
645330328
651775613
741316558
295952621
952954970
775008997
234075326
987218037
774457840
463968931
474580533
470040407
24065422
522313961
555625807
591311280
784122108
730916742
34134649
973129864
122620955
502878751
365402821
118832094
719436023
262117059
472658902
478015474
19469398
268609567
907838627
430435476
113083662
544127922
49877608
287104969
602453693
974750114
281039660
97749603
860687288
920487386
655200018
242440708
244095003
963570878
312315147
305298437
313918839
757917486
723585186
750970722
957669882
591180866
92610391
54695843
678772390
525552071
447858699
275446681
755565086
575002053
50293489
197020099
983956091
803763842
371592161
617554582
613795559
770519483
961758483
432092375
373580082
871860446
939335604
816109296
409020490
490140105
881730963
880928835
978363379
63532653
385420322
290201368
40334670
893961487
208384650
472816328
838068171
800872946
736861712
920233275
508821729
925571878
991962160
735324236
309321923
590220495
857269102
347514878
806355736
891167122
637924984
760334293
497610041
776693721
557872753
634891086
612854647
512757635
31639601
811878231
621717625
16021983
372428783
979899714
548703613
635813306
263033420
466944452
53497935
781709407
84258661
312118787
288910182
640264589
830859503
281203633
368298212
511732827
325476487
449042249
404327676
255128020
385407112
31680190
31992185
406013234
225478767
210572056
426138699
484697020
431913461
906123693
819449358
987479463
713977281
307670606
514946952
309940660
879423771
509740933
443479980
570154453
240515309
868999182
348481574
963523985
424773754
297545686
400762331
510060845
251244161
718111869
482007983
132007808
454646426
555672243
227366596
601819015
975864319
228127821
504652255
340978950
756363468
171208455
333977929
908675444
991191562
692991094
967836863
53239228
328121467
974978227
42317724
356169500
280991637
357365550
471632733
371728836
916321741
672649594
630399519
38448364
12772670
481417530
977483505
108676858
830721725
575850560
445272018
984673105
949064454
487509647
443325465
400865849
643987630
337309050
895161446
896306303
644376042
727279208
369811819
906896820
203370974
250021825
695186776
691231200
869934358
410098969
470314872
346937668
161392987
19624325
799872268
533112737
150758944
135090668
694549606
926468344
79454676
568179137
457406008
209241113
985994068
158035852
175317163
536764524
413369947
305671308
939434842
962502489
56045010
678825907
623709486
73135095
27951210
982785793
605186292
562988929
666022112
443874202
791706482
115255214
427460219
598978047
987099424
586244519
376005202
19426476
185719883
243969223
943372137
400307627
471100428
952207004
627182908
580982728
531708394
513125085
823104157
711406824
668007982
187615605
167037013
920934064
447434030
69721738
770103958
199303555
230169296
945694946
704575574
220175294
472256496
107492562
309939499
472027482
715439145
946192793
675662946
743434910
459490046
238519748
406457333
567678360
659321593
636321910
661129228
449525225
895931766
333517397
105236436
431476764
117010311
9033465
861970484
449881588
224196900
540093487
396804067
479290542
884740713
958642394
669969047
483487659
494374341
103607097
400004676
93008795
261844566
59686154
432373146
804853638
365440040
706932200
26210420
162837020
16584396
95320498
637779278
632494933
397698272
32892416
36828980
332471433
38933479
827648274
345504619
768105104
498254690
258291029
983123298
820001904
604758088
108673226
534438897
142509447
702337192
379962276
511118780
881509464
403541625
942393694
969639203
809261540
345775538
575296264
945438664
487131915
615867458
947446661
128912358
337628962
75952173
70282250
545638883
523629839
444914879
288151580
320425527
31012666
300464150
752223532
495883697
182110300
619210366
813846902
106822342
588542572
222063835
428731563
417704760
286258999
415624649
390927420
569688977
101640533
873560251
666151394
42517513
519017653
50387709
122211927
776331086
3289014
130530957
349894193
826528462
111084972
899505510
937675163
2633473
143629670
359211353
17000182
576006680
14893969
132512441
900708967
452764490
67177070
245867815
937089381
695787765
119423639
536009470
219868048
256973036
852751156
800501169
153703574
675831203
739732312
345878251
16741241
966668006
85471935
123775024
889578487
652942894
977773567
176730411
298141555
776206713
240896807
986734603
442817396
474323204
328286688
250252114
829289494
186361833
134234684
58183083
449743781
434401921
652508138
919736116
429250108
893671163
661331622
86831546
257681549
895938273
179226046
574927776
72917456
751441540
412129333
392894651
143863647
236340198
323042416
517293767
963049084
189813500
137568308
593029496
979166062
974826332
451302051
802582054
216719004
960128855
920787323
66898106
292726919
232835682
710912986
581630469
564477838
118833802
930303039
954808844
265073674
78194848
567796449
116344863
764058689
766789971
426395321
559890354
449608922
846638503
911656695
129337048
870936543
417709205
24408316
472439545
912976997
605936842
256499545
885598541
760490984
224843585
301504789
213412408
733062518
294059024
851031985
883220797
435973070
604582268
597251094
380306989
346007284
919471934
568577068
769743361
675931298
476553636
942389648
372711867
293313882
760041528
964708074
792992866
586911926
257469159
850349937
47521105
569229506
150658070
962691649
204628386
532650630
760764804
745412648
675162299
928456728
260523276
517163350
490911495
958538975
209262393
972962552
73883884
929459194
173218020
919440045
39763487
148093538
344409493
898754341
478818960
939533783
982461893
269886607
568432231
129660741
13344968
419429929
411584896
4387083
201828537
728570559
33115807
138853797
850081440
492559414
807275915
316963996
964641056
649336216
675764064
286224972
675807322
977443159
111328923
380751016
403264349
697026693
950317812
473565181
561328186
817682181
712196707
928220048
447137846
389842428
990849322
294991510
258521844
669414670
556303469
183894238
303650544
869172211
783598989
123461002
460813703
242417265
562676758
479133044
253842524
846871624
175259407
251001497
600966372
267789439
714197054
547502283
392289505
186631499
448647676
102705165
944134790
386883893
562731207
933830059
438895294
823368732
171330747
751028448
643596295
772743005
265147370
652830169
396985690
325469177
471894792
708006836
864939021
376931982
734793
740588920
503633281
933716033
62090095
722779343
824491875
856108890
350365736
851659261
649747342
331280290
238426099
882949276
491804117
311630077
377547116
749965437
518162659
446314338
738633865
862348086
851092058
945584997
424360485
652699390
255832862
149020789
875100673
902154633
382982916
523306040
477604658
508660558
70057964
549496042
217131292
665469874
982224023
180083045
533894688
69420236
771267994
402630788
37036624
937540387
8016696
208094014
153221937
741082721
289225807
695119235
667532363
564488381
540744056
517032002
601243219
575836357
289794134
568787917
210350883
98930933
91547515
87171661
600001606
767874239
304545503
456146837
30408534
555361804
390169598
196039040
106082577
260130051
214937681
890409802
21698152
605046335
351964064
769204885
383331246
96010830
575544743
725400082
252241727
99760648
887280661
735960694
600011570
354985633
898908842
309205396
8840303
552519947
963937070
945302913
903118935
662817205
163362654
235998597
414934542
103236220
915528646
885388814
175977762
109824415
789174489
932752206
437016805
700137999
131913393
791537753
222174568
829813668
483403403
809976392
767969264
496876499
525732088
171671849
915380663
834538486
15564294
280249267
796906474
134132547
718900163
399718714
985097219
32810939
86502820
447935918
776286292
797555473
114046387
126586533
686834935
154626160
440314037
418231602
652013951
394923612
791302901
715127110
657059863
319332611
598510095
938978647
318118397
608036924
873310
456410779
128319645
970288734
62293969
705639539
853848624
676574799
673581067
499206036
951419652
52015607
460626569
702311147
402346891
816542427
311752124
520344740
212451627
593814189
41561631
25316925
598829291
158589236
870799519
691823935
207723104
548593476
998978451
771261262
394991879
153679908
531535126
816165527
582315758
239541701
591263749
730806003
180490393
707994570
333623938
119803963
207804273
708471442
120426382
567852292
23597772
659225847
671991884
6095161
374321710
494656756
306643417
513427693
402003080
242203898
590997141
503541051
216064335
402606609
407553155
532432008
432040332
181081266
930630924
143987741
992614017
431728649
956076602
779368576
583224457
436386135
47438920
868820402
949563695
880406040
184618895
860624049
869166420
433020518
737399147
13704373
83577102
410527360
135612742
796379851
279324561
657417830
317415883
714802104
175601071
981912745
588647147
515950652
177335112
1330218
714397404
539435371
354438260
611224097
484706380
970302250
361902310
240662079
517182703
218912824
395632867
604648312
955194818
266041077
114044677
361727653
848453326
15506768
622093918
814874023
705302910
639857096
835608960
18727714
177588522
247010082
189433569
369676701
956106954
346751572
401065241
753459467
119816398
331782095
75940418
851738506
891992515
986669491
739258960
321830667
93546309
996709203
615387213
913402003
191446095
955755354
205929052
128958910
456754870
558029516
991037795
642292400
219279731
706339390
718124878
301804739
225062855
823350701
879605354
924389216
982365716
10249082
478694609
894359084
442365932
821488091
769583213
755687901
456591624
254347504
857925531
350483420
721931741
672967407
783654548
503200541
238525012
642543195
540573041
178219926
19848317
506225976
915282405
12236331
914557330
950853010
414320343
324495667
519019316
882868164
185595183
46485598
418601560
939095304
221461371
738663814
372536817
736140358
98579742
680619495
301774115
677092569
997276356
628549322
61104842
595202041
834649595
460625799
409970396
887160341
457806155
741438310
892959312
775235597
215461586
388062591
28267576
45649556
797428995
980850875
481878154
747905394
830675460
642980729
146229310
913526429
53798848
415362176
378572845
155888732
324418905
208796152
527468897
633141864
417473980
973659208
315820734
888239775
796407350
385264067
88023321
198437896
480310405
10398832
709152800
987172329
993282192
162384545
447280185
325319216
366821845
926469469
466874733
977628560
35318337
317299608
765756315
223566517
910881866
726190050
98496312
87108494
721656730
833405020
152833500
157307523
299365041
198848038
965643701
475574480
252249349
643950537
161924350
553076314
382863463
557853860
246604348
707881117
549358191
846620915
297838699
6002612
659837349
360298721
789693652
620996184
547614456
275090007
880914994
980939622
823607188
881650326
770544672
646346825
376008261
54303704
897498958
793883023
765013146
503061235
766455171
473768862
534469646
90072874
219341247
22502511
513758592
802587194
860904110
50879443
847669412
812949715
34591367
956323990
187936626
87318247
963210820
153421289
515143273
796262126
380855588
604811256
210485938
88577050
740035694
214054054
342599073
625311892
665588015
969486584
24132174
733033684
120923655
277820435
907076815
549266982
891290688
847371818
242414431
479379331
734783337
558387339
326034386
550247524
514522323
519738819
5886199
847130357
219902938
384103242
847850410
464016543
853952798
15486035
411957824
822366697
397088598
819357134
949549083
911040756
629968604
599912217
938267463
294766210
283746931
738734975
116836000
787994290
836197742
472549628
476794205
419430111
34221745
402863568
849164166
973583989
228974949
810254256
846403414
411359626
547727997
453586266
626752392
259224175
14113842
771469951
818790300
976058182
216905318
852935848
920299306
49925465
931503581
382040909
725402716
278815953
914751893
665658579
257155290
472326092
672596913
733099835
552507122
566903073
269431621
781499535
836776293
357805588
88216477
752191314
899343048
137327028
726535351
503470201
520575296
974704251
546701677
28401761
864156093
432589459
596991235
736640169
902338483
159088501
637842728
171385322
96705243
579976219
486722696
949686180
812792167
915667633
913449840
869867260
275104714
568367362
554140363
225078537
552825140
316751904
118250821
951558725
798682516
955239820
319713907
47342731
237124273
696021029
413524249
313269434
806435879
353530158
945138713
506550030
791053410
600378357
447704046
306825343
721168746
307608846
713985099
446853477
906343675
754242751
512568285
990954291
139359575
666697123
52273610
319205955
566114971
849019480
866955563
880567075
365519150
769794792
602304674
824477171
390647937
954507362
899110689
88001110
326121053
830820435
692873917
686127232
849515129
763618231
42084626
550468683
729695471
912723070
844151200
149942779
900829406
148656119
3738940
359380696
564129230
311314499
974716021
541440555
627825
737650818
334397785
827164727
215214307
73630874
216363448
832311679
790754711
234761827
671373466
718117680
299279592
865119415
659519831
102934671
852299533
335098129
632595832
181279943
46100629
61224406
822523654
311681980
18095398
923283809
378191297
322979530
634555473
796849846
919449411
760993056
40370154
131717400
453034246
622520044
714707319
313475045
608505034
264465279
738438097
78700255
244119037
821844968
869053068
111200221
396900073
988935694
694156500
554068721
689711188
271138237
14186858
861046168
395195929
622487045
936430367
326211502
217824091
367041905
541108847
496875045
860593370
192171494
635225305
617786136
495964417
192423361
912077738
307547900
250753130
32895443
586663536
836184465
722682289
932320586
579373770
876504632
85578908
787773975
912153009
278805728
512620110
819626302
887478121
268459503
330965945
768710210
145185420
752221816
675310957
915673515
264851929
425172802
442328241
22129038
361896997
355561513
9851066
297720875
647031095
603395960
599331598
366730768
139093880
939305261
201155585
509747006
687019803
858984415
111277163
124432568
287736376
532812315
465076002
472097295
824739241
442210438
737963249
835727101
256974443
559682066
415304196
543882089
737018549
108228809
861339527
444490089
790458122
625951103
203196606
942177628
780108874
579958288
828097706
955403432
348140047
195922530
731350278
964305003
963579972
711201952
403699740
716779025
573559011
966559770
553547642
799150829
34415927
783946146
234039112
923156632
986056997
55282332
980573306
711450392
309671008
18231889
776547772
572356488
515443521
78187877
127482142
802461866
940864190
670856009
420403900
414848084
316017262
283056832
406984526
910119944
401771299
861462360
652070818
166076792
23735040
282991174
79807381
116189384
555480357
369395628
125153203
517640945
119231087
23839017
564790545
828545025
477364319
679443995
445448349
952728316
733881297
960941679
294707909
526460590
864571338
467457095
95431434
3633326
852496324
984511375
708942095
920474971
157974241
391670626
209075799
185823315
379844897
400428317
110529915
61552873
843252465
507644393
99920650
520135394
50390693
661719514
432795312
91101361
316007833
658900462
290185533
776119196
811478917
552416909
267509091
202593600
852207978
313287244
455212646
103675021
455964206
970768193
311291498
299140291
900308980
556034523
307324856
787171556
556802422
746534081
818049741
285767480
998929125
707891225
846713163
785965046
626003842
345541253
993117697
411108767
3485864
201737691
98920775
257859816
34975990
285757141
550828666
294107757
395457276
718295238
100992569
659972809
705251818
485610787
695073251
764826967
927527629
546136821
241745996
559352704
523452634
71469984
344988374
619614
153353028
136609923
431448645
889702216
156560918
965671412
603106206
763419973
908159626
241916917
298343431
648566479
397148453
398243010
233261414
390766299
108326291
804346264
411253178
27849829
588453732
903207706
99729286
792257450
651738444
151800025
259814905
78100331
870425317
791893633
749326505
519569371
147560943
602009856
764600826
371683966
229901368
965300391
262655971
459153379
748090905
218600525
279744588
509927222
125667631
550308658
756465010
9608014
967232171
20977037
626842417
16461426
860056936
834382804
141858356
481736336
459971934
467726248
379751300
945791266
88841551
777320124
160285035
454978657
656064036
52600360
430460676
337946910
317261784
78193810
684889569
131535111
219928586
480761832
671779204
459943863
556776581
678355253
973190030
580847452
219870215
446586423
720745629
94925562
747824366
944296977
474583204
249941713
714038201
360132597
944572574
929593811
108150299
84298657
744273750
26675850
197447341
195928666
530143593
341554882
404266536
640944238
703012298
295482555
458482060
651797243
161842029
986182853
190644661
758532848
742968234
155070508
307875197
711584417
538118648
318219945
57857353
57064071
184877020
760964771
155787210
361979633
411759855
931948020
625723184
398107023
846052084
900385585
436465817
815319557
428791887
281957506
326027707
929796236
931660886
927234784
666871751
490088642
905983435
176757701
133300121
17562813
277075498
451291870
441896115
950089573
806791448
105485795
570418572
161833770
173346167
63919007
290950127
948234500
418249653
236924052
985051573
850982259
822395619
156777135
690957258
785501153
455082543
223694145
367192096
856396223
671521262
901272753
434749254
547053555
238444644
837520134
869968637
513003270
837168048
524691532
811955644
290702447
292864862
953609921
613582239
62984248
314836943
511992709
268708510
120968594
206423904
323594818
725121455
280388202
951424719
227938458
832412200
669919717
569543714
80982442
98427978
388079587
113594075
65747004
710137656
268822805
566265003
913801223
335167118
554342230
413961844
359541584
335335795
339055259
442311488
77609579
431785716
589678822
277575899
220650870
453214737
866727134
738174300
187227105
517907850
179225521
19128832
34231895
596964095
655351757
431181008
379468241
197369350
15470535
782932481
367321558
944029504
390490765
672134613
158433510
43703953
434135579
102485562
449799468
623995110
405598045
847188316
649344236
138894131
667250638
250742188
333077108
269500099
220264145
540915550
571947095
64755664
675583132
352587688
467408648
104406033
784683757
788288996
365399955
208656248
981479301
120588296
961138880
133378127
318815934
582749182
246758542
131186264
3507421
947725502
857023357
188546008
825595305
150082196
954971690
167197037
64717859
578745059
21427115
992620825
957454652
717437047
773993443
811858611
217911887
525300664
332847294
658841927
234814230
723755645
839310009
675929981
590436633
263486159
828717004
774904824
300996126
788249600
79537488
345835159
513289403
195882767
484792292
926710073
721540100
410500081
393278302
454447282
162994922
549082402
384047774
530247145
803180022
236443104
325594919
875650455
251817523
419562801
755454963
838933993
315484963
746084115
586009330
424845591
404198846
464139278
721988253
612610154
680324217
184393123
220530209
178082052
26939429
315789887
260061998
635717419
16723662
903312205
634083486
380669073
879277819
838542156
43591177
604228935
191156765
24583451
961016040
633551180
658246270
559827453
358900121
908026731
449378748
924691537
845585969
358488605
795190876
602350955
707511263
603340714
133085714
973128697
629845718
281564720
773088588
1057665
274684692
588389229
184110438
293216208
328929433
392085763
612137043
858290794
776864059
120937685
112195438
409060249
795565968
722489089
110714985
948255288
563258761
173222562
839812813
327452992
120693863
523940221
54347922
765596535
529284600
274632042
490884139
27223784
947607553
917653173
264215589
469791041
651011922
652739138
901657135
209538467
349899417
423275485
769335165
94244473
112518874
398567518
522861082
901380038
302017071
562664825
637112063
222583785
238726416
727130044
448317938
691073966
796628331
899962790
688564794
649102649
2852024
510841489
129358920
76749540
759052466
595874073
546830636
972367398
945694039
847734266
142968495
64192757
492065410
173851663
68730560
616956552
740129927
267710597
275856068
419463752
396475092
695464868
225712469
530255145
718966941
922422259
159778865
53096811
8883930
420978942
701922977
986163114
251669377
663562455
573026472
171694202
119936663
468077607
601695366
326290609
349242564
17750463
688723552
78967686
453557447
695421673
829624025
609548236
79458043
443809078
164373015
750296821
880102914
901004715
395138972
934385283
821625390
304521702
265842662
388194010
913114249
572966096
847272036
667659109
333010367
120344969
50363545
717947913
888880694
440170369
942115787
315819453
498768063
670620120
255398992
820462737
54938188
704079244
733639861
637779461
396582731
855534694
495278447
634244166
100294208
181377615
637915994
954961462
620489391
584258098
20806121
127705100
701033153
388755244
681693933
152385681
113047372
332563579
845727582
256330159
533433528
61331097
122585595
769816999
755388713
964197415
717188436
428587513
588941177
274034176
546354887
22817970
310753910
700242465
634016116
54062301
467612964
951838555
497705967
510517002
915242992
287608669
211475543
9620507
850873005
384478505
166101042
497211779
156593561
934844612
833185971
899032218
591450668
860553373
206451632
58727092
574100118
700216437
591997690
436017914
717764264
507722763
157605754
115600233
768087655
537838836
945197377
851337801
128979607
464851553
682954203
30183509
795071653
662879193
210178073
663525594
539826541
902613867
431681600
488786717
708516418
251118513
418688626
70594340
280625756
899866405
218378657
475764542
70624592
332406345
865678696
435340076
943283408
215189811
333038165
95280647
952637397
591766409
904492736
507006957
226576000
713098475
242652170
425730245
482253010
892802593
951701786
934825615
616653719
427576776
72546486
702576636
212630721
144485431
178148989
672371589
386243762
159743287
456183158
39595573
785054296
404705000
931584773
129726125
396296556
513294131
556861650
243927455
572670241
400961605
442962928
399097692
459422517
39991059
194031336
73589475
297265619
18804512
455408001
950023172
549636849
674482621
253231323
594684537
581845481
932367404
190645488
389916272
193274879
293548914
275972013
327482870
603448057
748630972
550630600
950940012
987774490
418717153
127881149
273651202
323306078
527516549
788942541
547067897
418291176
204568996
395586491
682046984
798789697
122998720
341630367
135432195
929403133
162539927
269635841
597699215
835797585
269273203
948926535
964030231
18479203
942039215
605859062
809501455
654964382
801800888
104279766
655689394
852697207
285387121
695998214
517631937
914292171
787831219
163481772
878736708
707308157
849618199
881182344
879044252
71969437
643962508
108934580
524196758
941467567
730530935
991118636
972083215
929267720
968875800
355732884
794776692
686122308
440810760
667043358
708785623
475556244
952169328
658025295
262182440
267706690
711217356
158875756
419626216
540924868
836262118
450450602
234239071
415501144
169580805
729369763
315074690
544950963
327346378
507575872
429794148
581192116
800672179
720298835
696921627
17416622
29024158
783976095
382922220
84442996
916176433
279469643
971768689
774750179
335235247
152790067
520759042
678977330
930906698
374320124
300474278
755853199
932418296
743257781
330073764
590422345
303517922
348168355
225811808
983799927
710644236
986260316
464813886
921895201
975393874
135056824
689461317
783607203
690857280
693146281
152009227
507749535
67773666
576739791
295001105
65778349
529770765
772649366
534219355
623355182
653846176
118785202
637004993
878513394
582799570
239078947
324028719
512428804
647536324
527822578
74679829
149714499
528720690
556136056
559609753
39383963
390048359
306396198
748561300
774886850
462586878
670685239
686957651
469762930
468611747
376959991
676031308
265144218
596872305
522174888
744192936
644893206
635429144
838802891
548457461
337752647
506512532
875477356
750853297
94453732
690504993
589427557
476026295
140002746
839359610
536529676
778241584
425777695
738767554
85691069
366984280
3089034
361802520
727156757
998327933
335371290
681675135
453707251
10049089
192490863
423874639
844909638
191190956
995977995
283995533
698378999
365966875
388206487
851527561
29448093
957682971
921506232
976551686
753877547
822840290
855267804
295270031
682634128
924746653
17980134
975967152
815961518
728391932
106290972
299996372
436436523
493433614
398408364
606220272
443231699
657482829
61077712
454388746
647692704
42966237
878048219
771337670
393916543
727890962
938511522
58372205
13562077
642441860
832678985
557824704
989958566
900164848
696073983
220374839
293488068
697155581
992968013
84392212
440856941
55548333
5901078
101781421
649444344
951747391
9902774
723378196
405532784
682917546
307420735
535753113
41876231
186305187
6330634
186473116
590600663
807351444
912765342
894497604
202378513
271643730
251010473
355544962
268407883
748897637
87618696
636198659
818030501
634478615
265614538
269054322
146071522
674645558
67670701
644041205
452325420
296555981
220753204
609469228
180861233
769450205
172312886
716412335
198915342
134061734
795359321
8695282
149195751
10322329
933485938
443110467
624542370
957060162
203608182
332353986
131258850
361739143
771256001
493377372
774165135
470222522
914004451
97414594
290737476
587293404
546531169
466325512
682299594
833663010
308872875
108318525
379688491
1172371
842696151
930495614
387407760
146574654
281729273
82198001
702468405
377169269
353176497
450815093
566104395
771560886
181843240
513545520
352134976
699002230
365851790
69824631
574406183
87559002
807804452
511713505
764906554
828265441
378680242
47455902
496944257
79874981
461039829
882627221
154506846
720173920
514881307
428025305
528170953
476158441
478691381
123681829
258357369
35307338
903838893
97951404
570847548
607631815
551351582
390242202
222559116
661720015
187811390
722127190
230107830
468015628
542791670
774908110
492879110
125707100
817646172
719150821
802617192
526397283
600501332
101773958
678241017
656193464
990432362
952150901
395691611
347618339
922144557
688771887
822637315
882475899
715408253
256068743
739171842
571479494
447435777
41533838
283296797
975801200
406664983
76215949
968653374
230665211
425479003
887434466
578729196
279843780
118131695
62373028
560506300
405685217
148141869
98653698
124459053
960938031
285528933
188592474
733244548
873814234
511433506
684683685
558643767
132996576
511031465
563439393
214420435
291756085
55285308
156845652
808034251
622166880
571721089
610840033
818782866
284533748
235825119
253593824
644996232
451179888
535128208
999200377
354410507
635547075
182218635
3252150
480198836
216019768
872678790
430489674
579238386
86456856
722084613
19907498
238106906
274434291
784543175
296472286
466433769
952969284
63525929
940572281
408179157
658893697
823212147
924559106
898055191
967638900
345996742
895367676
494588058
789478424
357028784
214257911
542852921
230223538
877195791
117894847
423986012
375117253
955293680
619573146
264852429
946315864
210981261
728623999
659828532
283175669
755369432
497451326
654470028
936929616
158339384
720728137
346875226
147723475
446771825
940283037
498452879
488582006
519480877
671611087
842343332
953793778
996017868
588925097
759904050
261045161
204456410
184481941
665491836
23449538
767818865
612870487
464208119
431410332
635722132
318310032
739610616
104160160
524809373
797263651
462511211
504568523
612726641
829361154
968188541
411548839
374868374
486133228
486376229
256725549
187846143
179589797
779138284
856624382
239864211
79133945
85887523
645851375
193220274
405197524
572471530
508101282
513838214
806988975
165348302
193309673
974763067
286643364
47966954
930319726
939872532
404786851
830913413
175195310
141518463
341347949
201580013
577666402
708402708
517777075
277284431
1637973
641257904
79531985
493648227
22739803
51695590
880311061
245737578
692359125
476918551
900373297
946713600
328194854
162020022
922880409
566659557
475149945
439441194
134498818
408534991
425038555
380728980
676635094
938377639
561176548
683507305
127736700
459442116
683408977
754880054
693156544
459479623
283292821
532773727
131706861
868315248
501519023
52040140
968725349
967162451
239011888
570373862
906311213
987598890
548220401
363534903
172359371
82562669
303935835
493827375
292843053
209297334
675404521
576270879
471455724
535400126
861576989
166270343
160622475
357950102
767449679
676150278
349056960
8308072
535064789
864174331
17431615
685422640
479845542
135040529
595584017
670456420
384837044
177857899
987300097
209044359
560614926
42572395
537893608
60765133
460784090
809864314
889012278
655043856
777825520
110189735
547213321
404379359
143154915
865980849
922560113
965818719
390428002
785019612
100034964
514633962
517082929
438989852
195689085
760491939
600713745
635973695
732229001
324490796
39059963
755796731
39132948
622767865
407219627
76051291
975969133
742990599
184744803
377438298
937398381
696006665
205627618
459247779
293169775
502533617
263505277
64828759
600071170
720292934
269568617
964753988
863238248
700356432
244986396
60776124
847608038
244541664
877628730
669455831
918845138
422168643
458897859
877985851
1475310
