18442
97417
58951
90699
3113
21798
82489
17367
5878
37683
70411
43203
75831
70406
47827
71639
15272
35407
19426
34482
50515
19576
92726
27282
17460
38537
19333
15537
58978
8534
86983
59504
35178
54224
77453
72875
70181
41522
79631
16100
30749
176
46944
90271
42344
28453
33183
1691
56590
72728
5068
4041
91274
31999
32247
12234
27761
79784
71411
15002
75953
7954
44533
97629
82041
10082
74111
26367
99240
76813
27593
3596
91950
72772
77707
97133
82072
89129
79543
50169
31962
41252
46347
4467
64649
52948
26185
11214
36370
87528
76794
81503
81943
44339
5794
63754
86872
28615
79851
21813
