91168
21163
87833
31634
69166
61445
82882
85097
91585
37653
33745
90099
53017
64927
39106
90598
65341
87680
94316
14512
35497
32231
95096
49083
24733
7499
91454
85359
20467
57877
49318
95601
74766
41488
70226
82209
149
61937
64619
8525
12476
22752
38700
19301
44349
45801
37223
41653
56223
69577
31972
50763
42240
2469
44695
91888
95714
11012
87102
35997
21596
57251
75162
24468
16675
6292
91253
32660
55993
83210
46397
55158
3461
94464
81200
40468
89456
97418
61665
3106
67439
12366
63873
36419
71081
14014
80188
38728
826
47132
21449
56603
29925
33920
99729
81715
46152
22743
25580
3
