13561
94929
51391
82398
24721
42533
87828
9308
27141
45930
59185
38366
51413
82538
85482
64752
64317
14637
58816
9325
98482
22174
67589
9032
85472
61722
15629
58266
51850
49095
43390
8974
74868
6566
66485
56401
9983
70523
32220
40315
41012
71727
40606
43935
58499
56467
83007
49938
70061
10868
32242
39914
16312
10340
97269
78944
81581
88938
26659
57615
77989
91381
42710
96745
84735
83688
24227
71506
76399
53190
13289
83762
62319
35069
19771
82881
24487
36008
11378
49639
35913
8426
64184
10126
11433
94909
92082
41771
27560
88069
47569
32056
81956
7375
81875
76721
9914
20850
95729
99463
