YES
21629 55715 88091 90290 104454 117894 127674 191299 264307 277377 311976 313388 322900 369669 457493 461212 461532 462436 465798 514044 522766 537566 574387 587915 596449 623467 651586 711226 716130 780769 802832 835907 839844 845580 856173 884981 916614 969102 919229
YES
18435 28031 37946 39973 50105 80400 84476 94465 124891 137169 137410 138320 156067 187080 187632 190575 206695 209156 211539 224985 233166 247393 276167 312640 315381 317670 326130 334832 337077 340789 352525 353525 362973 377557 393351 408769 409687 420344 420818 422742 436753 451408 452458 479886 483638 502854 502875 503362 506960 513656 513883 519246 561196 572658 574085 576290 585702 590461 597157 599242 618593 619160 647365 671419 688999 714143 725070 729047 746352 751467 756012 774796 777309 781491 784336 800304 814218 821249 833295 835043 848229 866600 873423 876875 882686 883937 888741 922962 929044 947721 950834 981585 953425
YES
5196 15132 24767 24938 27815 40040 45596 45598 122726 144538 154113 158705 173056 177676 188181 202886 207110 219102 268389 306603 359915 361665 365033 369161 382378 391796 399365 416758 424696 433497 451666 457301 471356 483128 486357 490808 500713 518322 522635 553419 571230 575062 575284 588909 607683 609881 618110 618785 632506 660487 662445 694335 704263 713812 715421 720248 720664 765788 776725 792091 801999 806979 821026 822795 829616 842370 848614 852077 862967 884969 885015 915588 927267 933834 970512 982761 991742 991659
YES
14744 24304 28967 49135 68625 86837 103291 103955 108790 139791 153593 155266 160866 177811 228219 234357 243619 261527 279720 280101 300307 303783 331591 335049 351219 376923 397699 413157 427627 455531 466217 472321 482776 509401 522000 570713 570855 576421 590231 623878 625567 628857 633695 640379 647532 656811 677688 691169 735099 747658 751982 752923 759097 770793 776243 811976 829921 878221 882704 899665 902578 907253 922256 927157 952748 967854 973640 975075 977890 982369 990779 996669 994971
YES
13184 14841 17123 70601 78365 80645 141084 145180 149649 150843 161638 164908 186429 189865 191213 196265 240446 251356 258595 262269 272910 309802 314797 336824 382119 402708 409844 412585 412798 412894 444720 454575 457296 466039 506980 527064 544185 550316 550330 568908 571413 571509 581496 584208 593202 596269 602673 604980 613390 624926 636168 645161 657271 716123 722231 726096 746568 755405 769749 775970 789659 795364 804239 814877 824351 838933 846083 851566 864100 871533 878955 892863 907924 918648 921509 942385 949375 952265 966062 966889 987583 997731 992450
YES
4975 31003 51537 59839 73863 137236 148887 221175 234091 263455 266732 274224 276426 295504 309253 318200 322765 343669 345243 350949 357655 412649 417620 427802 429898 434849 441972 461272 480312 484327 506449 506801 517101 523205 538790 588117 589125 614491 616626 624404 624656 640706 685185 687214 687880 700163 705384 744358 757474 760728 767887 769489 777944 788279 791689 800869 812990 828393 834305 842131 848691 861525 862338 890861 892778 905481 923006 934570 947269 953011 959540 967657 970797 997643 987440
YES
19817 30687 51355 80396 82513 141857 149028 198924 236203 256605 263653 268928 280087 291050 300085 304951 351227 359979 385417 407440 408348 417793 423485 427921 437663 462741 469681 469815 499867 512030 572758 586385 640915 677058 724048 736355 763770 797064 799729 879845 895079 906378 922880 941440 944166 947216 961365 963813 966567 971495 984115 973179
YES
28866 53254 76352 93287 118457 171527 177548 469873 569814 622650 709756 740413 861508 864303 994789 966472
YES
20004 21451 35706 116848 186895 196324 227598 263129 317494 368390 370175 387076 392681 395046 433231 441773 484663 509028 593233 716524 743885 744461 745729 818636 888966 893491 920070 957017 975169 963630
YES
54823 84019 86975 100780 111776 147858 196033 226459 231385 252375 263757 267394 269867 385889 389229 468533 480375 535903 627769 662410 681360 682747 683189 717208 727707 831295 857259 933912 883714
