-6476635582
-6774330485
-1998670604
-4534061975
-3577065181
-2247158543
-3360628141
-4465414179
-4260836498
-8751174362
-2997508398
-3696850838
-4387013575
-3789773017
-6812587638
-5895540202
-1078843165
-4406193937
-11101547416
-5708319559
-8662644426
-3676010007
-3734230425
-3582176600
-7920370589
-2771707737
-1833254507
369977177
-2454282838
-6858272053
-6170541918
-921284083
-5319579922
-4371007080
-1327952576
-3582433099
-1671171742
-2761504124
-4052984631
-4464196327
-2245389724
-3257425198
-7274598104
-2972258416
-950396242
-4409640143
-2639991289
-1467558565
-4146514179
-2676357681
-3294745882
-4360100548
-7579756954
-4408552034
-3412048409
-4148080860
-1502448078
-2759768896
-7839136835
-1861413491
-949747833
-2916150007
-4921364098
33628363
-555920670
-2042232135
-4011269705
-5593819523
-2666644419
-937196563
377349356
-6042784702
-1582745002
-5601761907
-6373100608
-3178861667
-1871332133
-6773208762
-2019177853
-1035268348
-7048671380
-5279416005
-5542331529
-3792466056
-3622046406
-15717773230
-3652329140
-5180201664
-2204972520
-463976050
-11775613516
-7502669660
-10280525812
-1824153537
-3460063317
-4558002158
-3811868318
-9181481830
-1348212678
-5491978928
