1: 2
4: 2
5: 2
6: 2
7: 1
8: 2
9: 2
10: 2
12: 2
13: 2
14: 1
15: 5
16: 3
17: 2
18: 2
19: 1
20: 1
23: 3
24: 1
25: 4
26: 2
27: 3
28: 1
29: 2
30: 4
31: 2
32: 3
33: 1
34: 4
35: 3
36: 1
37: 3
38: 5
39: 3
40: 2
41: 2
42: 2
43: 2
44: 2
45: 4
46: 2
47: 1
48: 2
49: 2
50: 2
51: 1
52: 3
53: 3
54: 2
55: 2
56: 1
57: 3
58: 2
59: 4
60: 6
62: 1
63: 1
64: 2
65: 2
66: 1
67: 2
68: 2
69: 3
70: 2
71: 2
72: 3
73: 1
74: 5
75: 1
76: 2
77: 3
78: 1
79: 2
80: 1
81: 5
82: 2
84: 1
85: 3
86: 1
88: 4
89: 3
90: 2
91: 5
92: 1
94: 2
97: 3
99: 2
100: 2
101: 2
102: 3
103: 3
104: 3
105: 2
106: 2
107: 6
108: 1
109: 3
110: 4
111: 1
112: 2
113: 2
114: 3
115: 2
116: 3
117: 1
119: 1
120: 1
121: 3
122: 3
124: 6
125: 2
126: 1
127: 2
128: 1
129: 3
130: 2
131: 1
132: 2
133: 2
134: 2
136: 2
137: 1
138: 5
139: 2
141: 3
142: 2
143: 1
144: 3
145: 3
146: 3
148: 3
149: 3
150: 1
151: 1
153: 3
154: 2
155: 2
156: 1
157: 1
158: 5
159: 1
161: 2
162: 1
163: 3
164: 1
165: 1
167: 2
168: 1
169: 2
170: 1
172: 4
173: 3
175: 1
176: 3
177: 6
178: 1
180: 5
181: 2
183: 2
184: 4
185: 2
187: 4
188: 2
189: 1
190: 2
192: 3
193: 1
194: 1
195: 2
196: 2
197: 1
198: 3
199: 2
200: 1
201: 2
202: 3
203: 4
204: 3
205: 2
206: 2
209: 3
210: 1
212: 3
214: 2
216: 2
217: 3
218: 1
219: 1
220: 3
221: 1
222: 3
223: 4
224: 1
225: 3
226: 1
227: 2
228: 3
229: 1
230: 2
231: 3
232: 2
233: 5
234: 4
235: 3
237: 3
238: 2
239: 2
240: 1
241: 3
242: 2
243: 2
244: 5
245: 3
246: 4
247: 1
249: 1
250: 1
