2: 2
3: 1
4: 6
5: 3
6: 1
7: 8
9: 2
10: 2
12: 3
13: 3
15: 1
16: 2
17: 3
18: 3
19: 3
21: 1
22: 4
23: 1
24: 1
25: 2
26: 1
27: 3
28: 3
29: 4
30: 2
31: 2
32: 2
33: 3
34: 1
35: 1
36: 4
37: 2
38: 2
39: 6
41: 1
42: 2
43: 2
44: 2
46: 2
47: 2
48: 2
49: 1
50: 3
51: 1
53: 4
54: 2
55: 3
56: 4
57: 1
58: 5
60: 3
61: 1
62: 3
63: 3
64: 3
65: 3
66: 1
67: 1
68: 3
69: 1
70: 1
71: 2
72: 1
73: 5
74: 2
75: 1
77: 3
78: 1
79: 2
80: 2
81: 3
82: 2
83: 2
84: 1
85: 4
86: 1
88: 2
89: 2
90: 2
91: 2
92: 3
94: 3
96: 3
97: 5
98: 1
99: 1
100: 5
101: 4
102: 3
103: 2
104: 1
105: 1
106: 1
107: 1
108: 3
110: 1
111: 4
112: 1
113: 2
114: 2
115: 1
116: 4
117: 2
118: 2
119: 4
120: 4
123: 1
124: 1
125: 3
126: 3
127: 1
128: 3
129: 2
130: 1
131: 1
132: 2
133: 3
134: 1
135: 2
137: 3
138: 3
139: 1
140: 1
141: 5
143: 1
144: 2
145: 1
146: 2
148: 1
150: 4
151: 1
152: 3
153: 2
154: 1
155: 1
156: 3
158: 4
159: 4
161: 2
162: 2
163: 5
164: 4
165: 3
166: 2
167: 2
168: 1
169: 1
170: 2
171: 2
172: 2
173: 2
174: 1
175: 4
176: 1
178: 1
179: 3
181: 1
182: 1
183: 2
184: 1
185: 5
186: 2
187: 2
188: 2
189: 3
190: 2
191: 4
192: 1
193: 1
194: 3
195: 2
196: 2
197: 2
198: 2
199: 1
201: 1
202: 4
203: 3
204: 3
205: 2
206: 3
207: 1
208: 2
210: 4
211: 6
212: 2
213: 5
214: 2
215: 1
216: 3
217: 1
218: 2
219: 2
220: 2
222: 1
223: 4
224: 1
225: 2
228: 2
229: 3
230: 1
231: 2
232: 1
233: 3
234: 1
235: 6
236: 3
237: 1
238: 6
239: 5
240: 3
241: 3
242: 2
243: 1
244: 3
245: 3
246: 2
247: 1
249: 2
250: 2
251: 2
252: 3
253: 2
254: 4
255: 5
256: 3
257: 2
258: 2
259: 4
260: 2
261: 1
262: 4
263: 1
264: 1
265: 1
266: 4
267: 2
268: 1
269: 2
270: 2
271: 3
272: 4
273: 2
274: 3
275: 1
276: 1
277: 2
278: 3
279: 2
281: 1
282: 2
283: 3
284: 5
285: 1
286: 1
288: 3
291: 3
292: 2
293: 1
294: 2
297: 1
298: 2
299: 1
300: 1
301: 1
302: 1
303: 2
304: 2
305: 1
306: 1
307: 1
308: 3
309: 1
311: 2
313: 1
314: 1
316: 3
318: 3
320: 3
322: 1
323: 3
324: 3
325: 1
326: 2
328: 3
330: 2
331: 2
332: 2
334: 3
335: 3
336: 3
337: 2
338: 2
339: 3
340: 6
341: 3
343: 1
344: 7
345: 2
346: 2
348: 4
349: 4
350: 3
351: 2
352: 3
353: 1
354: 4
355: 4
356: 2
357: 2
359: 5
361: 2
362: 4
363: 2
364: 1
365: 3
366: 2
367: 3
368: 3
371: 6
372: 2
373: 1
374: 3
375: 3
377: 3
378: 2
379: 1
380: 1
381: 2
382: 1
383: 2
384: 1
385: 2
386: 1
387: 2
389: 2
390: 1
391: 2
392: 1
393: 1
394: 4
396: 3
397: 1
398: 4
399: 3
400: 2
401: 2
403: 5
404: 1
405: 1
406: 2
407: 1
408: 2
409: 2
412: 1
413: 3
414: 4
415: 4
416: 4
418: 3
419: 3
420: 1
421: 1
422: 2
424: 1
425: 4
426: 2
427: 5
428: 4
431: 1
432: 4
433: 1
434: 3
435: 3
437: 1
438: 5
440: 3
442: 4
443: 1
444: 2
445: 4
446: 2
447: 1
448: 1
449: 2
450: 1
451: 3
452: 1
455: 2
457: 1
458: 2
459: 4
460: 3
461: 4
462: 1
463: 2
465: 2
466: 4
467: 2
468: 2
469: 2
470: 1
471: 1
472: 1
473: 1
474: 1
475: 2
476: 1
477: 2
478: 3
481: 3
482: 1
483: 2
485: 1
486: 2
487: 3
488: 1
489: 2
490: 1
491: 1
492: 2
493: 1
494: 1
495: 1
496: 1
497: 1
498: 4
499: 3
500: 4
501: 2
502: 1
503: 3
504: 1
505: 2
506: 1
507: 1
508: 1
509: 3
510: 1
511: 1
512: 1
513: 3
514: 1
515: 1
516: 4
517: 2
518: 1
520: 3
521: 3
522: 5
523: 2
524: 1
527: 3
528: 1
529: 4
530: 2
531: 4
533: 1
534: 1
535: 2
536: 1
537: 2
538: 2
539: 2
540: 2
541: 2
542: 3
543: 2
544: 4
545: 2
546: 2
547: 2
549: 2
550: 2
551: 3
552: 2
554: 2
555: 1
557: 2
558: 3
559: 3
560: 1
561: 2
564: 1
565: 1
566: 1
567: 4
568: 1
569: 1
570: 3
572: 2
573: 3
574: 1
575: 3
576: 2
577: 1
578: 1
579: 1
580: 3
581: 3
582: 1
584: 4
585: 1
586: 2
587: 3
588: 1
589: 2
590: 3
591: 2
592: 2
593: 2
594: 2
595: 2
596: 4
597: 1
599: 4
600: 1
601: 1
602: 4
604: 2
605: 5
606: 2
607: 3
608: 3
609: 1
611: 1
612: 3
613: 2
614: 2
615: 4
616: 1
617: 1
618: 3
619: 1
620: 3
621: 2
622: 1
623: 3
624: 1
625: 2
626: 1
627: 5
628: 1
629: 1
630: 3
631: 2
632: 3
633: 1
634: 1
635: 1
636: 2
637: 1
638: 1
639: 3
640: 2
641: 1
642: 1
643: 2
645: 3
647: 1
650: 1
651: 2
652: 1
653: 2
654: 2
655: 4
656: 1
657: 2
658: 1
659: 3
660: 2
661: 2
662: 1
664: 2
665: 3
666: 1
667: 1
668: 2
669: 4
670: 3
671: 3
672: 1
673: 3
674: 3
676: 1
677: 3
678: 2
679: 2
680: 2
681: 5
682: 2
683: 1
684: 2
685: 4
686: 2
687: 3
688: 4
689: 1
690: 1
691: 1
692: 2
693: 3
695: 3
696: 2
697: 5
698: 1
699: 2
700: 3
701: 1
702: 2
703: 2
704: 4
705: 1
706: 2
707: 1
708: 3
709: 2
710: 2
711: 1
712: 3
714: 2
715: 4
716: 1
717: 5
718: 4
719: 3
720: 2
721: 2
723: 2
724: 3
725: 2
726: 1
727: 3
728: 1
729: 1
730: 3
731: 1
732: 1
733: 2
735: 6
736: 1
738: 1
739: 1
740: 2
741: 2
742: 1
743: 3
744: 5
745: 1
746: 4
747: 5
748: 3
749: 1
751: 2
752: 3
753: 2
754: 1
755: 3
757: 2
758: 4
759: 6
760: 1
761: 5
762: 2
765: 2
767: 2
768: 3
769: 3
770: 3
771: 2
772: 1
773: 1
774: 2
776: 2
777: 2
778: 2
779: 3
780: 2
781: 1
782: 1
783: 1
784: 3
785: 2
786: 3
788: 2
789: 1
791: 1
792: 2
793: 2
795: 3
796: 6
799: 2
800: 2
801: 3
803: 3
804: 2
805: 2
806: 2
807: 2
808: 4
809: 2
811: 3
812: 1
813: 1
814: 3
816: 1
817: 3
818: 2
819: 5
820: 1
821: 1
822: 1
823: 3
824: 2
825: 1
826: 2
827: 4
828: 1
829: 5
830: 1
831: 3
832: 3
833: 1
834: 1
835: 1
836: 2
837: 3
839: 4
840: 1
841: 1
842: 1
843: 5
844: 2
845: 1
846: 2
847: 3
848: 2
849: 1
851: 1
852: 3
853: 2
854: 3
855: 3
856: 1
857: 3
858: 3
859: 1
861: 4
862: 1
863: 3
864: 1
865: 3
866: 2
867: 3
868: 4
869: 1
870: 2
873: 2
874: 3
875: 1
876: 2
877: 6
879: 2
880: 1
881: 5
882: 2
883: 2
884: 1
885: 1
886: 1
887: 1
888: 3
889: 2
891: 2
892: 2
893: 1
894: 4
895: 2
896: 1
898: 6
900: 2
901: 1
902: 2
903: 1
904: 4
906: 2
908: 4
910: 3
911: 3
913: 3
914: 2
915: 1
916: 1
917: 1
918: 2
919: 1
920: 2
921: 2
922: 2
923: 4
925: 2
926: 3
927: 1
928: 7
929: 2
930: 2
931: 3
932: 5
933: 1
934: 3
935: 1
936: 1
937: 2
938: 2
939: 1
940: 2
941: 1
942: 1
943: 2
944: 2
945: 3
946: 1
947: 2
948: 4
949: 5
950: 2
951: 2
952: 3
953: 1
954: 7
955: 4
956: 4
957: 2
959: 4
960: 3
961: 2
962: 1
963: 3
964: 5
965: 1
966: 2
967: 1
968: 1
969: 2
970: 4
972: 2
973: 3
974: 1
976: 3
977: 1
978: 2
979: 2
980: 3
981: 4
982: 2
983: 3
984: 2
985: 3
986: 1
987: 1
989: 1
990: 2
991: 3
992: 3
993: 4
994: 1
995: 2
996: 2
997: 1
998: 3
999: 1
1000: 2
1001: 2
1002: 3
1003: 1
1004: 2
1005: 2
1006: 4
1007: 1
1008: 2
1009: 3
1010: 3
1011: 3
1012: 2
1013: 2
1014: 1
1015: 3
1016: 2
1017: 4
1018: 2
1020: 1
1021: 5
1022: 3
1024: 1
1026: 1
1029: 4
1030: 4
1031: 1
1032: 2
1033: 4
1034: 2
1035: 3
1036: 2
1037: 3
1038: 2
1040: 2
1042: 2
1043: 1
1044: 2
1045: 3
1046: 1
1047: 2
1048: 3
1049: 6
1050: 4
1051: 2
1052: 2
1054: 2
1055: 1
1056: 4
1058: 2
1059: 6
1060: 1
1061: 3
1062: 2
1063: 1
1064: 3
1065: 1
1066: 2
1067: 4
1068: 1
1069: 3
1070: 7
1071: 2
1073: 3
1074: 3
1075: 4
1076: 3
1077: 2
1078: 1
1079: 2
1080: 1
1083: 5
1084: 2
1085: 1
1086: 1
1087: 1
1088: 2
1089: 4
1090: 2
1091: 2
1092: 3
1093: 3
1094: 3
1095: 1
1097: 2
1098: 2
1099: 2
1100: 3
1101: 1
1102: 4
1103: 2
1104: 2
1105: 2
1107: 1
1108: 1
1109: 1
1110: 1
1111: 1
1112: 2
1113: 1
1114: 4
1115: 1
1116: 3
1117: 2
1118: 2
1119: 2
1120: 2
1121: 2
1122: 1
1123: 3
1124: 5
1125: 2
1126: 4
1127: 2
1128: 1
1129: 2
1130: 2
1131: 1
1133: 2
1134: 2
1135: 1
1137: 2
1139: 4
1140: 3
1141: 3
1142: 1
1143: 3
1144: 3
1145: 3
1147: 1
1148: 2
1149: 1
1150: 3
1151: 1
1152: 2
1153: 4
1154: 3
1155: 3
1157: 1
1158: 1
1159: 2
1160: 1
1161: 5
1163: 1
1164: 3
1165: 1
1166: 2
1167: 3
1168: 2
1169: 4
1170: 4
1171: 4
1172: 2
1173: 2
1175: 2
1176: 4
1177: 4
1178: 2
1179: 2
1180: 1
1181: 1
1182: 1
1184: 2
1186: 3
1187: 2
1188: 1
1189: 4
1190: 4
1192: 4
1193: 2
1194: 1
1195: 4
1196: 3
1198: 2
1199: 1
1200: 1
1201: 4
1202: 1
1203: 2
1204: 4
1206: 2
1207: 1
1209: 2
1210: 1
1211: 1
1212: 3
1213: 2
1214: 1
1215: 1
1216: 2
1217: 5
1219: 3
1220: 2
1221: 2
1222: 2
1223: 3
1224: 4
1226: 4
1227: 1
1228: 3
1229: 2
1230: 3
1231: 2
1232: 3
1233: 2
1234: 4
1236: 3
1237: 1
1238: 2
1239: 3
1240: 1
1241: 3
1242: 2
1243: 1
1244: 1
1247: 1
1248: 4
1249: 3
1250: 2
1251: 1
1252: 2
1253: 4
1254: 2
1255: 2
1256: 1
1257: 3
1258: 4
1259: 3
1260: 4
1261: 3
1262: 3
1263: 1
1264: 1
1265: 3
1266: 2
1267: 3
1268: 1
1269: 2
1270: 3
1271: 3
1272: 1
1273: 1
1274: 2
1275: 1
1276: 1
1278: 2
1279: 4
1280: 2
1281: 4
1282: 2
1283: 2
1284: 5
1285: 1
1286: 1
1287: 1
1289: 2
1290: 3
1291: 3
1292: 3
1295: 1
1296: 2
1297: 2
1298: 1
1299: 2
1300: 3
1301: 3
1302: 5
1303: 2
1305: 4
1306: 5
1307: 2
1308: 4
1309: 1
1310: 3
1311: 2
1312: 4
1313: 3
1314: 3
1315: 1
1318: 1
1319: 4
1320: 5
1321: 5
1322: 1
1323: 2
1324: 2
1325: 1
1326: 1
1327: 1
1328: 3
1329: 3
1330: 3
1331: 1
1332: 3
1333: 2
1335: 1
1336: 3
1337: 2
1338: 1
1339: 1
1340: 1
1341: 1
1342: 2
1343: 1
1344: 1
1345: 3
1346: 1
1347: 5
1348: 2
1349: 1
1350: 4
1351: 5
1352: 2
1353: 1
1355: 2
1356: 3
1357: 5
1358: 2
1359: 1
1360: 2
1361: 1
1363: 2
1364: 1
1365: 2
1367: 5
1368: 3
1369: 3
1370: 1
1371: 3
1372: 3
1373: 2
1374: 2
1375: 1
1376: 4
1377: 1
1378: 2
1379: 6
1380: 3
1381: 2
1382: 1
1383: 1
1384: 2
1385: 2
1387: 2
1388: 2
1389: 1
1391: 1
1392: 2
1393: 2
1394: 1
1395: 1
1396: 4
1397: 2
1398: 4
1399: 2
1400: 2
1401: 4
1402: 1
1403: 3
1404: 2
1405: 3
1406: 1
1407: 2
1408: 2
1409: 2
1410: 3
1411: 3
1412: 2
1413: 4
1414: 2
1415: 2
1416: 1
1417: 3
1418: 3
1420: 5
1421: 5
1422: 2
1423: 4
1424: 4
1427: 8
1428: 1
1429: 3
1430: 5
1431: 5
1432: 1
1433: 1
1434: 2
1436: 2
1437: 4
1438: 3
1439: 5
1441: 4
1442: 2
1443: 1
1444: 2
1446: 3
1447: 5
1448: 3
1449: 5
1450: 2
1451: 2
1452: 4
1453: 2
1454: 1
1455: 2
1456: 2
1457: 3
1458: 4
1459: 2
1460: 2
1461: 4
1463: 2
1464: 4
1465: 1
1466: 1
1467: 1
1468: 1
1470: 1
1471: 3
1472: 2
1473: 3
1474: 3
1475: 5
1476: 2
1477: 4
1478: 2
1479: 4
1480: 2
1481: 1
1482: 3
1483: 4
1484: 2
1485: 2
1487: 1
1488: 1
1489: 1
1490: 3
1491: 4
1492: 3
1493: 1
1494: 4
1495: 3
1496: 1
1497: 2
1498: 3
1499: 1
1500: 2
1501: 5
1502: 2
1503: 4
1504: 1
1505: 3
1506: 1
1507: 2
1508: 2
1510: 1
1511: 2
1512: 1
1513: 1
1514: 2
1515: 3
1517: 2
1518: 3
1520: 1
1521: 1
1523: 6
1524: 3
1525: 3
1526: 2
1530: 3
1531: 4
1532: 2
1533: 1
1534: 1
1535: 4
1537: 2
1538: 2
1539: 1
1541: 1
1542: 2
1544: 3
1545: 1
1547: 1
1548: 3
1549: 6
1550: 1
1552: 4
1553: 3
1555: 1
1556: 1
1557: 4
1558: 1
1559: 3
1560: 2
1561: 2
1562: 1
1563: 4
1564: 1
1565: 2
1566: 1
1568: 2
1569: 1
1570: 3
1572: 1
1575: 2
1576: 1
1578: 3
1579: 1
1580: 2
1581: 2
1582: 3
1583: 5
1584: 3
1585: 4
1586: 4
1587: 4
1588: 3
1589: 1
1590: 3
1592: 4
1594: 3
1595: 4
1597: 3
1599: 3
1600: 3
1601: 3
1602: 1
1603: 3
1604: 1
1606: 3
1607: 4
1608: 1
1609: 1
1610: 2
1611: 2
1612: 2
1613: 3
1614: 3
1615: 2
1616: 1
1617: 3
1618: 2
1620: 2
1621: 1
1622: 1
1623: 3
1625: 1
1626: 1
1627: 3
1628: 2
1629: 2
1631: 3
1632: 3
1633: 2
1634: 1
1635: 1
1636: 3
1637: 2
1638: 3
1639: 3
1640: 6
1641: 3
1642: 6
1643: 3
1644: 3
1645: 3
1646: 3
1647: 2
1648: 2
1649: 3
1651: 3
1652: 3
1653: 1
1654: 1
1655: 3
1656: 2
1658: 3
1659: 1
1660: 1
1661: 3
1662: 2
1663: 1
1664: 8
1665: 2
1666: 5
1667: 1
1669: 2
1670: 3
1671: 5
1672: 3
1673: 3
1675: 4
1676: 3
1677: 1
1678: 1
1679: 3
1680: 3
1682: 3
1683: 2
1684: 1
1685: 1
1686: 1
1687: 2
1688: 2
1689: 1
1690: 2
1691: 2
1692: 4
1693: 1
1694: 3
1695: 2
1696: 2
1697: 2
1698: 3
1699: 3
1700: 1
1701: 1
1702: 2
1703: 1
1705: 3
1707: 5
1708: 4
1709: 2
1711: 1
1712: 2
1713: 3
1714: 5
1715: 3
1716: 2
1717: 2
1719: 1
1720: 3
1721: 1
1722: 2
1723: 3
1724: 4
1725: 2
1726: 3
1727: 1
1728: 3
1729: 1
1730: 1
1732: 2
1734: 7
1735: 1
1736: 3
1737: 1
1739: 3
1741: 2
1742: 2
1743: 2
1745: 3
1746: 1
1747: 3
1748: 4
1749: 2
1750: 2
1751: 1
1752: 3
1753: 4
1755: 1
1757: 3
1758: 1
1759: 1
1760: 2
1761: 1
1762: 1
1763: 2
1764: 2
1765: 2
1767: 2
1768: 4
1769: 5
1770: 3
1771: 4
1772: 2
1773: 3
1774: 6
1775: 4
1777: 2
1779: 3
1780: 5
1781: 2
1782: 3
1783: 3
1784: 2
1785: 3
1786: 3
1787: 2
1788: 4
1789: 1
1791: 4
1792: 2
1793: 1
1794: 2
1795: 2
1796: 2
1797: 1
1798: 2
1799: 1
1800: 2
1801: 1
1802: 1
1803: 3
1805: 1
1806: 3
1807: 1
1808: 3
1810: 2
1811: 2
1812: 1
1813: 2
1814: 3
1815: 3
1816: 1
1817: 3
1819: 1
1820: 2
1821: 4
1822: 5
1823: 3
1824: 2
1825: 3
1826: 3
1827: 3
1829: 3
1830: 3
1831: 3
1832: 3
1833: 2
1834: 1
1835: 2
1836: 2
1837: 3
1838: 4
1839: 2
1840: 1
1841: 3
1842: 1
1844: 1
1845: 1
1846: 2
1847: 3
1848: 1
1849: 3
1850: 2
1851: 4
1854: 1
1855: 3
1856: 1
1857: 4
1858: 1
1859: 4
1860: 3
1862: 1
1863: 1
1864: 2
1865: 1
1866: 4
1867: 3
1868: 2
1869: 3
1870: 2
1871: 2
1872: 1
1874: 2
1875: 2
1877: 3
1878: 2
1879: 3
1880: 2
1881: 1
1882: 1
1883: 1
1884: 6
1885: 1
1886: 1
1887: 1
1888: 3
1889: 5
1891: 1
1894: 1
1896: 1
1897: 3
1898: 3
1900: 1
1901: 6
1902: 1
1904: 4
1905: 3
1906: 2
1907: 1
1908: 3
1909: 1
1910: 2
1911: 1
1912: 3
1913: 1
1914: 2
1915: 3
1916: 3
1918: 2
1919: 1
1920: 2
1921: 2
1922: 3
1923: 1
1924: 1
1925: 3
1926: 2
1927: 3
1928: 2
1929: 2
1930: 2
1931: 7
1932: 2
1933: 1
1934: 1
1935: 3
1936: 2
1938: 5
1939: 2
1941: 2
1942: 1
1943: 3
1944: 2
1945: 1
1946: 3
1947: 1
1948: 1
1950: 3
1951: 1
1952: 2
1953: 4
1954: 2
1955: 4
1956: 2
1957: 2
1959: 2
1960: 1
1961: 3
1962: 1
1963: 1
1965: 4
1967: 2
1968: 1
1969: 1
1970: 4
1971: 3
1972: 5
1973: 2
1974: 1
1975: 1
1976: 6
1977: 3
1978: 1
1979: 1
1982: 3
1983: 1
1984: 1
1985: 2
1986: 2
1987: 2
1988: 4
1989: 2
1990: 3
1991: 1
1992: 2
1994: 5
1995: 2
1996: 3
1997: 1
1998: 2
1999: 1
2000: 1
2001: 2
2003: 2
2005: 2
2006: 4
2009: 2
2010: 1
2011: 2
2013: 2
2014: 2
2016: 1
2017: 2
2018: 1
2020: 3
2021: 1
2023: 2
2024: 1
2025: 3
2026: 1
2027: 3
2028: 1
2029: 1
2030: 1
2031: 5
2032: 2
2033: 1
2034: 4
2035: 2
2036: 1
2038: 4
2039: 1
2040: 4
2041: 1
2042: 4
2043: 2
2044: 4
2045: 5
2046: 3
2047: 1
2048: 2
2049: 1
2050: 2
2051: 3
2052: 3
2053: 1
2054: 1
2055: 3
2056: 2
2057: 4
2058: 4
2059: 1
2060: 1
2061: 1
2062: 1
2063: 3
2064: 4
2065: 4
2066: 3
2067: 2
2068: 1
2069: 1
2070: 2
2072: 2
2073: 1
2074: 1
2075: 2
2076: 1
2077: 3
2078: 4
2079: 1
2081: 4
2082: 3
2083: 2
2084: 1
2085: 3
2086: 1
2087: 2
2088: 2
2090: 1
2091: 1
2092: 2
2093: 2
2094: 1
2096: 2
2097: 3
2098: 3
2099: 3
2100: 4
2101: 7
2102: 1
2103: 4
2104: 2
2105: 4
2106: 1
2108: 3
2109: 2
2110: 1
2111: 1
2112: 4
2113: 2
2114: 2
2115: 1
2116: 4
2118: 3
2119: 2
2120: 1
2121: 1
2123: 1
2124: 3
2125: 1
2126: 1
2127: 1
2129: 3
2130: 1
2131: 1
2132: 3
2133: 3
2134: 1
2136: 3
2137: 1
2138: 4
2139: 2
2140: 2
2141: 3
2142: 1
2143: 2
2144: 3
2145: 2
2146: 2
2147: 1
2148: 2
2149: 3
2150: 2
2151: 3
2152: 2
2153: 1
2154: 1
2155: 2
2156: 1
2157: 4
2159: 1
2160: 3
2161: 1
2163: 4
2164: 3
2165: 1
2166: 4
2167: 2
2168: 3
2169: 2
2170: 1
2171: 3
2172: 6
2174: 2
2175: 1
2176: 2
2178: 2
2179: 3
2180: 1
2181: 4
2182: 3
2183: 3
2184: 2
2185: 3
2186: 1
2187: 2
2188: 2
2190: 2
2191: 1
2192: 2
2193: 1
2194: 4
2195: 1
2196: 3
2198: 5
2199: 4
2200: 2
2201: 1
2202: 1
2203: 1
2204: 3
2205: 2
2206: 3
2207: 2
2208: 1
2209: 3
2210: 3
2211: 4
2212: 2
2213: 3
2214: 4
2216: 3
2217: 3
2218: 2
2219: 3
2220: 3
2222: 2
2224: 2
2225: 2
2226: 3
2227: 2
2228: 4
2229: 3
2230: 1
2231: 1
2232: 1
2233: 1
2235: 2
2236: 4
2239: 1
2240: 4
2241: 1
2242: 3
2243: 1
2244: 2
2245: 4
2247: 3
2249: 4
2250: 2
2252: 2
2253: 2
2254: 3
2255: 5
2256: 3
2258: 1
2259: 1
2260: 3
2261: 2
2262: 4
2263: 1
2264: 2
2265: 1
2267: 4
2268: 2
2269: 2
2270: 3
2271: 3
2272: 2
2273: 3
2274: 2
2275: 4
2276: 2
2277: 1
2278: 3
2279: 1
2280: 3
2281: 1
2282: 4
2283: 2
2284: 1
2285: 3
2286: 3
2287: 3
2288: 1
2289: 3
2290: 1
2293: 3
2294: 1
2295: 1
2296: 2
2297: 4
2298: 2
2299: 1
2300: 2
2301: 2
2302: 2
2303: 2
2304: 2
2306: 2
2307: 2
2309: 2
2310: 2
2311: 3
2312: 4
2313: 3
2315: 1
2316: 3
2318: 1
2319: 2
2320: 3
2321: 1
2322: 2
2323: 2
2324: 6
2325: 2
2326: 2
2327: 2
2328: 2
2329: 2
2330: 1
2331: 1
2332: 1
2333: 4
2334: 1
2335: 2
2337: 1
2338: 3
2339: 2
2340: 2
2341: 6
2343: 1
2344: 4
2345: 1
2346: 5
2347: 1
2348: 6
2349: 2
2350: 2
2352: 1
2353: 1
2354: 2
2355: 5
2356: 1
2357: 2
2358: 1
2359: 3
2360: 1
2361: 4
2362: 1
2364: 3
2366: 2
2367: 1
2368: 2
2369: 1
2370: 4
2372: 2
2373: 2
2374: 1
2375: 1
2376: 2
2377: 2
2378: 2
2379: 4
2380: 3
2381: 1
2382: 5
2384: 1
2385: 5
2386: 1
2387: 5
2388: 3
2389: 3
2390: 2
2391: 3
2393: 1
2395: 3
2396: 1
2397: 1
2399: 1
2400: 4
2402: 2
2403: 2
2404: 1
2405: 3
2406: 2
2407: 1
2408: 4
2409: 3
2410: 2
2411: 2
2412: 2
2413: 2
2415: 4
2416: 1
2417: 3
2418: 1
2420: 2
2421: 2
2422: 3
2424: 1
2425: 2
2426: 1
2427: 2
2428: 2
2429: 4
2430: 2
2431: 2
2432: 3
2433: 3
2434: 3
2435: 2
2436: 1
2437: 4
2438: 2
2439: 2
2440: 3
2441: 2
2442: 3
2443: 2
2444: 1
2445: 2
2446: 1
2447: 4
2448: 1
2449: 1
2450: 1
2451: 2
2452: 2
2453: 1
2454: 2
2455: 1
2456: 3
2457: 2
2458: 2
2459: 3
2460: 5
2462: 2
2463: 1
2464: 3
2465: 2
2467: 1
2469: 6
2470: 1
2471: 2
2472: 2
2476: 1
2477: 2
2478: 1
2479: 1
2480: 1
2482: 1
2483: 2
2484: 2
2485: 1
2486: 2
2487: 2
2488: 2
2489: 1
2490: 4
2491: 3
2492: 2
2493: 2
2494: 1
2495: 1
2497: 1
2498: 4
2500: 4
