1: 1
2: 2
3: 3
4: 2
5: 1
6: 1
7: 1
8: 2
10: 2
11: 2
12: 1
13: 2
14: 1
15: 3
16: 5
17: 2
18: 1
19: 1
20: 5
21: 2
22: 3
24: 2
25: 4
26: 1
28: 1
29: 2
30: 1
31: 2
32: 2
33: 3
34: 2
35: 3
36: 3
37: 2
38: 1
39: 3
40: 2
41: 1
42: 1
43: 1
44: 4
45: 2
47: 3
48: 3
49: 2
50: 2
51: 5
52: 3
53: 2
55: 3
57: 4
58: 1
60: 1
61: 1
62: 4
63: 4
65: 3
66: 2
68: 2
69: 6
70: 2
71: 3
72: 1
73: 2
74: 2
75: 2
76: 4
77: 2
78: 1
79: 1
81: 1
82: 1
83: 5
84: 2
85: 2
86: 3
87: 2
88: 3
89: 1
90: 4
91: 2
93: 4
95: 1
96: 1
97: 2
100: 2
101: 6
103: 2
104: 1
106: 3
107: 2
109: 1
110: 1
111: 1
112: 1
113: 4
115: 4
116: 2
117: 1
118: 1
119: 2
120: 1
121: 2
123: 1
124: 2
125: 2
126: 1
128: 1
129: 1
130: 1
131: 2
135: 2
136: 2
137: 2
138: 1
139: 1
140: 2
141: 2
142: 2
143: 3
144: 4
146: 1
147: 2
148: 2
149: 5
150: 3
151: 1
153: 1
154: 2
155: 2
156: 3
157: 1
158: 1
159: 2
160: 2
161: 3
162: 1
163: 1
164: 1
165: 3
166: 1
167: 1
168: 1
169: 2
170: 3
171: 1
172: 1
173: 1
174: 1
175: 2
176: 2
177: 5
178: 3
179: 1
180: 4
181: 1
182: 1
183: 1
184: 2
186: 1
187: 1
188: 3
189: 3
191: 2
192: 1
193: 2
194: 2
195: 4
197: 1
198: 3
199: 4
200: 2
201: 3
202: 2
203: 3
204: 1
205: 4
206: 1
207: 2
208: 6
209: 1
210: 3
211: 3
212: 2
213: 2
214: 2
215: 8
216: 1
217: 3
218: 2
219: 1
220: 5
221: 1
223: 3
225: 2
226: 1
227: 1
229: 4
230: 2
231: 2
232: 1
233: 3
234: 2
235: 2
236: 6
237: 1
238: 1
239: 1
241: 1
242: 3
243: 1
244: 3
245: 2
246: 1
247: 2
248: 2
249: 1
250: 2
251: 1
252: 4
253: 3
254: 3
255: 3
256: 5
257: 1
258: 2
259: 4
260: 2
261: 3
262: 1
263: 4
264: 1
265: 3
267: 2
268: 1
269: 3
270: 6
271: 3
273: 3
274: 1
275: 4
276: 4
277: 3
278: 1
280: 4
281: 2
282: 5
283: 1
284: 3
285: 5
286: 1
287: 4
288: 2
289: 1
290: 1
291: 7
292: 4
293: 2
294: 1
295: 4
296: 2
297: 2
298: 3
299: 3
300: 2
301: 1
302: 1
303: 2
304: 5
305: 1
306: 1
307: 1
308: 2
309: 1
310: 4
311: 3
313: 4
314: 1
315: 2
316: 3
317: 3
318: 4
319: 1
320: 2
321: 2
322: 5
323: 2
324: 2
326: 1
328: 3
329: 2
330: 2
331: 2
332: 3
333: 1
334: 2
335: 1
336: 3
338: 3
339: 2
340: 1
341: 2
342: 1
343: 3
345: 4
346: 4
347: 3
348: 2
349: 2
351: 1
353: 4
354: 2
355: 3
356: 6
357: 3
358: 1
359: 1
360: 4
361: 3
362: 2
363: 1
364: 2
365: 5
366: 4
367: 4
368: 6
370: 2
371: 3
373: 2
374: 2
376: 2
377: 2
378: 2
380: 3
381: 1
382: 2
384: 3
385: 1
386: 2
387: 3
388: 3
389: 1
390: 3
391: 3
393: 3
395: 4
396: 1
397: 2
398: 3
399: 2
400: 2
401: 2
402: 4
403: 1
404: 2
405: 2
406: 3
407: 2
408: 3
409: 1
410: 1
411: 2
412: 4
413: 2
415: 3
416: 5
417: 3
418: 1
419: 2
420: 1
422: 2
424: 2
425: 1
426: 1
427: 1
428: 4
429: 6
430: 2
431: 1
432: 3
433: 1
434: 3
435: 2
436: 1
437: 4
438: 2
439: 2
440: 3
441: 3
442: 1
443: 2
444: 2
445: 2
446: 5
448: 2
449: 3
450: 2
451: 4
452: 2
454: 6
455: 1
456: 1
457: 1
459: 4
460: 1
461: 1
462: 3
464: 2
465: 2
467: 2
469: 4
470: 2
471: 1
472: 2
474: 2
475: 2
476: 1
477: 2
478: 1
479: 2
480: 3
481: 2
483: 2
484: 2
485: 3
486: 1
487: 1
488: 1
489: 2
490: 3
491: 2
492: 1
493: 2
494: 2
495: 3
497: 1
498: 3
499: 2
500: 3
