223040
501592
805506
2216053
182054
27348
2223638
5362560
2192976
783288
2594838
7090440
2283072
19201
69372
2145024
817936
2900490
6221588
1760550
19188
400200
3337092
2891097
155661
5327160
1258000
399960
2732464
3344760
2170272
13886
7101069
97580
2429283
5444520
487846
1904847
1906320
156384
27104
414007
94872
3860264
2872944
222396
3344418
5432832
15900
327644
3487424
4439253
2425808
1953488
1409176
887243
1000224
562176
3501390
2024445
3184228
106536
466560
2126498
5593473
131334
56334
3498143
6656800
1467855
252004
3970852
1622376
4924492
3409040
4259602
5519934
3177227
94233
1463272
1264080
2604
437580
424800
1571080
170144
414400
6986112
1267651
4387204
2261952
201824
1569557
447379
2304657
2712486
261668
200
6088662
2957724
