-1
-1
-1
-1
-1
0
-1
-1
-1
-1
-1
-1
-1
-1
-1
-1
-1
-1
-1
49
-1
-1
-1
-1
-1
-1
-1
-1
-1
-1
12
-1
-1
-1
-1
-1
56
46
-1
-1
3
-1
-1
-1
-1
-1
59
26
-1
-1
-1
-1
18
-1
-1
-1
-1
72
-1
-1
-1
-1
-1
-1
-1
-1
-1
-1
26
-1
-1
-1
67
-1
-1
-1
26
-1
-1
-1
20
-1
70
-1
-1
-1
-1
-1
-1
-1
-1
-1
-1
-1
-1
-1
-1
-1
-1
-1
-1
-1
-1
-1
-1
-1
67
-1
66
-1
-1
-1
-1
-1
-1
-1
-1
73
-1
30
-1
68
-1
-1
-1
-1
-1
-1
-1
-1
6
-1
74
-1
54
-1
-1
-1
-1
-1
-1
-1
46
9
-1
-1
-1
-1
-1
-1
-1
-1
-1
-1
-1
-1
-1
-1
-1
-1
-1
-1
-1
30
-1
-1
10
50
-1
10
-1
-1
-1
12
-1
-1
-1
-1
49
-1
-1
-1
9
59
-1
-1
46
-1
-1
-1
-1
-1
-1
-1
55
64
-1
61
-1
3
-1
-1
26
-1
-1
-1
-1
67
-1
-1
-1
-1
-1
-1
-1
-1
36
0
-1
-1
-1
-1
12
-1
-1
45
-1
-1
-1
5
-1
-1
58
4
-1
-1
41
-1
5
-1
-1
-1
9
56
46
-1
-1
-1
-1
-1
-1
-1
-1
-1
-1
-1
8
-1
48
-1
-1
-1
-1
-1
-1
-1
68
59
-1
8
-1
-1
9
4
-1
-1
-1
-1
-1
-1
-1
64
-1
63
-1
9
-1
7
-1
-1
-1
39
-1
-1
-1
10
-1
56
-1
-1
33
-1
9
-1
-1
-1
-1
-1
-1
-1
50
-1
35
55
47
-1
-1
58
-1
-1
-1
-1
-1
-1
-1
-1
61
-1
-1
-1
-1
66
-1
-1
-1
-1
-1
-1
46
-1
-1
-1
-1
-1
-1
-1
-1
-1
-1
-1
9
8
-1
-1
-1
-1
-1
-1
-1
58
-1
-1
-1
-1
57
-1
4
-1
-1
9
-1
57
57
-1
70
69
-1
-1
60
-1
-1
40
-1
-1
-1
-1
-1
69
-1
-1
-1
-1
-1
58
57
46
-1
-1
-1
-1
26
-1
-1
-1
0
-1
54
-1
-1
63
-1
-1
-1
-1
-1
-1
-1
31
67
-1
-1
-1
-1
-1
-1
65
5
7
48
-1
-1
-1
12
-1
-1
-1
-1
-1
61
-1
61
-1
7
-1
38
-1
-1
-1
-1
-1
-1
-1
-1
75
-1
55
-1
-1
-1
-1
-1
-1
-1
55
-1
-1
56
73
-1
-1
-1
54
-1
-1
-1
-1
-1
-1
-1
53
-1
-1
-1
-1
-1
52
58
-1
10
-1
-1
-1
-1
-1
22
-1
-1
53
-1
7
-1
-1
57
-1
-1
-1
-1
-1
-1
-1
-1
53
-1
72
-1
-1
-1
-1
-1
-1
42
-1
-1
11
-1
-1
-1
-1
49
-1
57
-1
-1
-1
-1
-1
71
-1
-1
14
-1
7
-1
-1
-1
-1
-1
54
63
-1
-1
71
34
-1
-1
-1
-1
-1
-1
-1
42
-1
-1
-1
48
-1
56
-1
-1
-1
48
73
66
33
52
-1
-1
-1
-1
43
58
-1
-1
-1
43
68
4
-1
-1
64
44
-1
1
42
-1
-1
59
-1
-1
-1
69
-1
-1
-1
-1
-1
9
-1
69
-1
6
-1
57
-1
-1
-1
-1
-1
-1
-1
-1
-1
-1
63
-1
-1
-1
57
-1
-1
-1
-1
-1
-1
44
-1
64
-1
-1
-1
-1
-1
-1
-1
-1
-1
-1
50
50
-1
11
-1
-1
11
-1
-1
-1
-1
-1
5
-1
-1
54
-1
-1
-1
-1
-1
3
3
-1
56
65
-1
-1
-1
-1
-1
-1
-1
44
58
-1
-1
-1
-1
-1
-1
11
-1
-1
-1
-1
-1
62
-1
53
-1
-1
65
-1
-1
-1
-1
58
-1
3
-1
-1
-1
-1
9
12
-1
-1
-1
-1
4
-1
-1
-1
-1
-1
47
-1
-1
-1
-1
-1
-1
-1
-1
11
12
-1
67
-1
64
45
41
8
-1
10
-1
-1
-1
-1
-1
-1
63
-1
-1
-1
-1
-1
-1
30
-1
-1
67
68
-1
-1
-1
6
-1
-1
11
-1
-1
-1
55
-1
-1
-1
66
-1
-1
-1
-1
-1
-1
-1
-1
70
-1
-1
-1
67
-1
-1
-1
-1
-1
-1
-1
-1
-1
-1
-1
-1
37
59
-1
9
-1
-1
60
-1
19
-1
-1
-1
49
44
-1
-1
-1
-1
-1
-1
-1
57
68
-1
-1
35
-1
37
37
-1
-1
-1
49
42
-1
-1
-1
-1
-1
-1
-1
67
-1
51
22
-1
11
64
-1
-1
-1
-1
-1
8
-1
-1
-1
-1
68
-1
-1
34
-1
-1
-1
-1
63
8
-1
-1
-1
-1
-1
-1
57
-1
-1
-1
-1
-1
-1
-1
-1
-1
-1
-1
-1
-1
-1
-1
41
-1
-1
-1
63
-1
-1
-1
-1
-1
-1
-1
-1
33
-1
-1
-1
-1
-1
7
-1
-1
-1
-1
-1
-1
-1
36
-1
-1
34
58
-1
8
-1
-1
-1
-1
62
52
-1
46
-1
50
-1
1
-1
-1
-1
-1
10
-1
-1
7
-1
-1
-1
-1
-1
-1
54
4
-1
-1
-1
-1
73
-1
-1
-1
-1
-1
-1
-1
-1
-1
-1
-1
-1
57
-1
-1
-1
-1
-1
9
-1
-1
-1
42
-1
-1
-1
69
-1
-1
-1
8
-1
60
-1
5
5
71
-1
50
12
-1
-1
