81 81 81 81 7 81 81 81 81 81 81 81 81 81 81 81 7 81 81 81 7 81 81 7 81 81 81 81 81 81 81 81 81 81 81 2 7 81 81 7 81 81 81 81 81 81 81 81 81 2 81 81 81 81 81 81 81 81 81 81 81 81 81 81 81 81 81 81 81 81 81 81 81 7 81 81 81 81 81 81 81 81 81 81 81 81 81 81 81 81
39 14 39 39 39 39 39 41 41 39 39 41 41 39 41 41 41 39 41 14 39 41 41 41 39 39 41 41 39 39 39 39 39 41 3 39 39 3 14 14 39 41 41 39 39 41 41 14 39 14 41 41 39 41 39 41 41 39 41 39 39 14 39 39 14 41 41 41 41 41 41 41 39 39 41 39 14 41 3 41 41 14 41 39 14 41 41 41 41 39 14 14 14 39 39 39 41
8 64 64 64 64 64 64 64 64 2 64 64 64 64 64 64 64 64 64 8 8 64 64 64 8 64 64 64 64 64 64 64 64 64 64 64 64 64 64 64 64 64 64 64 64 64 8 8 64 64 1 64 64 64 64 64 64 8 64 64 64 8 64 64 64 2 64 64 64 64 64 64 64 64 64
30 8 30 30 11 11 8 30 30 30 30 8 30 11 30 30 11 30 30 11 30 11 8 30 8 30 8 30 11 8 30 30 30 30 30 11 11 30 30 30 30 30 8 30 11 30 11 30 30
31 3 3 31 31 31 31 31 8 1 3 31 31 31 31 31 8 31 31 31 4 31 31 31 31 31 31 8 31 4 31 31 31 3 31 31 4 3 8 31 31 4 3 31 8 8 31 31 8 8
21 21 1 21 21 21 21 4 21 21 21 21 21 4 21 3 21 21 4 21 21 4 21 21 3 21 21 3 21
67 67 67 1 67 67 67 67 67 67 67 67 67 67 67 67 67 67 67 67 1 67 67 2 67 67 67 67 67 67 67 67 2 67 67 67 67 67 67 67 67 67 67 67 67 67 67 67 67 67 67 67 67 67 67 67 67 67 67 67 67 67 67 67 67 67 67 67 67 1 67 67
51 51 6 12 12 51 51 12 51 51 51 51 12 51 4 51 51 51 51 51 51 6 12 51 1 51 51 12 51 51 6 51 51 51 51 51 6 51 4 51 51 4 51 51 51 51 51 51 51 4 51 6 12 51 51 51 51 51 6 51 51 12 51 12 51 51 12 51 51 12 51 51 51 12
11 3 11 11 1 11 11 11 3 11 3 11 11 11 11
1 3 5 5 3 5 3 2 5 5 2
28 28 28 28 28 28 28 2 28 28 2 1 28 28 28 28 28 28 28 28 28 28 28 28 28 28 28 28 28 28 28
2 2 1 3 1 3 3
18 31 18 12 21 18 18 21 31 21 21 31 1 31 18 18 12 18 21 12 31 18 31 21 31 31 12 21 31 31 12 12 31 21 31 31 18 31 31 31 31 31 12 31 21 21 18 21 12 21 31 21 18 31 18 18 21 21 21 18 31 12 21 21 21 31 31 18 31 31 21 18 31 18 31 31 18 12 12 12 31 21 31
46 46 46 46 46 46 46 46 46 46 8 46 8 46 46 46 46 46 46 46 46 46 46 46 46 46 46 46 46 46 46 46 46 46 46 46 46 46 46 46 46 46 1 8 8 46 8 8 46 46 46 46 46 8 8
26 26 26 26 26 26 26 26 26 26 1 26 26 2 26 26 26 26 26 26 26 26 26 2 26 26 26 26 26
16 4 4 16 16 4 16 16 16 16 16 2 16 4 16 16 16 16 2 16 16 16
1
25 25 25 25 25 25 25 25 25 25 3 25 25 25 25 25 25 2 25 3 1 25 25 2 25 25 3 25 25 25 25 1
2 17 10 10 3 10 17 3 17 17 17 17 17 3 17 2 3 2 10 1 17 10 17 10 17 17 17 17 3 17 10 10 17 17 2 3 10 10
5 6 5 5 23 23 6 23 5 9 23 6 23 6 9 9 23 9 9 6 23 23 23 23 23 23 23 23 23 5 23 23 23 9 23 9 23 23 6 9 23 9 23
7 26 26 50 50 11 50 50 50 26 50 50 50 50 11 7 50 50 11 26 26 50 50 50 50 50 50 50 50 50 50 1 50 50 26 50 50 50 50 26 26 50 50 50 50 50 7 50 26 50 26 7 26 26 7 26 11 11 50 26 50 7 50 11 26 50 26 50 11 26 26 11 50 50 50 11 50 1 26 50 50 50 50 50 50 26 26 7 26 11 11 50 26 26 26 26
13 13 2 2 6 2 13 13 2 13 6 6 13 13 13 13 6 13 6 6 13 13 13
47 7 7 7 7 47 47 47 47 47 47 47 47 47 47 47 47 47 47 7 47 47 47 47 47 47 47 47 47 47 47 47 47 47 47 47 47 47 47 47 47 47 47 7 47 47 7 47 47 47 47 47 47 47
23 23 19 19 19 15 19 19 23 23 23 15 19 23 23 23 23 19 15 15 23 15 23 19 23 15 15 23 15 19 23 23 19 23 3 23 19 23 15 23 19 23 23 19 23 15 19 15 23 23 23 23 19 23 3 23 23 23 23 23 15 19 19 23 23 15 23 23 23 3 19 23 23 23 19 23 23 23 23 15 23 23 15
78 78 14 78 78 78 14 78 14 78 78 78 14 78 78 78 78 78 78 78 78 78 78 78 78 14 78 78 78 78 78 78 14 78 78 78 78 78 78 78 78 78 78 78 78 78 78 78 78 14 78 78 78 78 78 78 78 78 78 78 78 78 78 14 78 78 78 78 78 78 78 78 14 14 14 78 14 78 78 78 78 78 14 78 78 78 78 78 14 78 78 78
11 11 11 11 11 11 11 1 11 11 11 11
1 2 10 10 3 10 10 10 2 10 3 10 10 10 2 2 3 10
9 27 27 27 27 27 27 27 9 27 27 9 27 27 27 27 27 27 9 9 9 27 27 27 9 27 27 27 9 27 27 27 27 27 9 27
3 1 18 3 5 18 9 7 5 18 5 7 6 18 7 18 18 5 6 18 9 5 18 6 18 7 18 9 5 18 9 6 7 5 6 18 9 9 9 18 18 6 18 18 9 7 5 2 9 2 3 18 7 18 5 5
2 12 12 12 12 12 12 2 2 12 2 12 12 12 12 12
66 15 2 66 66 66 66 66 66 15 66 15 15 15 66 15 66 66 66 66 66 66 66 15 66 15 66 66 66 66 66 66 66 66 66 66 66 66 66 66 66 66 66 66 66 66 66 66 66 66 66 15 66 66 66 66 66 66 66 2 15 66 66 15 66 66 66 66 15 66 15 66 66 15 66 66 66 66 66 66 15 66 66
6 6 6 6 6 6
5 2 5 5 7 5 1 7 7 2 7 7 7 7 5
2 2 5 6 2 5 5 6 5 6 6 2 2 5 6 2 1 6
22 22 22 17 22 17 22 17 22 22 22 22 17 22 22 17 17 2 17 22 22 17 22 17 22 22 17 17 22 2 1 17 22 17 22 22 17 22 17 17 17 22
9 9 9 9 9 9 9 9 9
2 3 3 1 2 1 3 1
6 1 6 1 6 6 6 6
25 25 25 25 25 25 1 25 25 25 25 25 25 25 25 25 25 25 25 25 25 25 25 25 25 25
57 57 57 11 57 11 57 6 2 57 57 11 11 11 57 57 11 11 11 57 57 57 57 57 57 57 6 57 57 57 11 57 57 57 57 6 57 57 57 57 57 57 6 57 11 57 57 11 57 57 57 6 2 57 57 57 57 57 57 57 57 57 2 57 6 57 57 57 57 57 57 57 57 57 57 57 57 2
12 12 27 7 50 27 27 27 27 50 50 50 27 12 50 50 50 27 50 27 50 27 12 50 50 50 27 50 50 50 50 50 27 12 50 7 50 50 12 50 27 50 27 50 27 27 12 50 27 27 50 50 50 50 50 50 7 50 27 27 27 50 50 7 12 50 12 7 27 50 27 27 27 50 27 50 12 50 50 7 50 50 50 50 50 50 12 27 50 50 12 50 27 7 50 50
78 16 78 78 16 78 78 78 16 78 78 78 78 78 16 78 78 16 78 78 78 78 78 78 78 78 78 78 78 16 78 78 78 2 78 78 78 78 78 78 78 78 78 78 78 78 16 78 78 16 78 16 78 78 78 78 78 78 16 78 78 16 78 78 78 78 78 78 78 78 78 78 78 2 78 78 78 78 16 78 78 16 78 78 78 78 78 16 78 78 16 78 78 78 16 78
30 30 30 16 30 16 14 30 14 7 16 14 2 1 16 30 14 30 14 30 30 14 16 14 14 30 16 2 16 7 30 30 30 30 16 7 30 14 14 16 30 30 30 16 16 30 7 30 30 16 30 1 7 16 7 1 30 30 14 30 14 16 30 16 14 30 14 30 30 16 30 7
3 32 37 37 32 37 37 32 37 37 37 4 32 37 37 32 37 2 37 37 37 32 32 37 37 32 32 37 32 37 32 37 32 32 32 37 37 32 37 32 32 37 37 37 4 32 32 37 37 32 32 32 32 37 32 32 37 2 32 3 37 32 37 32 37 37 37 3 4 37 32 37 37 37 32 32 32 4
2 6 6 2 6 6 6 6
23 23 16 16 23 16 16 23 23 16 23 2 23 23 23 16 16 16 23 16 23 16 23 23 16 23 23 23 16 23 2 23 16 23 1 16 23 23 23 23 16 16
54 54 19 19 2 19 54 19 54 54 54 54 19 54 19 54 19 54 54 54 54 19 54 54 54 54 54 19 54 54 54 54 54 54 54 54 54 54 19 54 54 54 19 2 54 54 54 19 54 54 19 54 19 54 54 19 19 54 54 54 19 54 54 54 54 54 19 54 19 54 54 54 54 54 54
18 35 35 35 35 18 35 35 5 18 35 4 4 18 5 18 35 35 5 5 35 35 35 35 35 18 35 18 35 35 35 18 4 35 35 18 18 35 35 35 18 35 4 35 35 35 35 18 18 18 35 18 35 35 35 35 5 35 35 18 18 18
38 38 38 38 38 38 38 38 38 38 38 38 38 1 38 38 38 38 38 38 38 38 38 38 38 38 38 38 38 38 38 38 38 38 38 38 1 38 38 38
8 39 39 39 6 8 39 6 39 39 39 39 4 1 39 39 39 4 39 8 39 39 39 39 39 39 39 39 39 39 6 6 8 39 6 39 4 39 39 4 6 39 39 8 39 39 39 39 39 39 8 39 39 39 8 39 8 39
16 5 42 16 42 42 42 16 16 42 16 16 42 42 42 5 42 5 42 42 5 42 42 42 16 42 42 42 16 42 42 16 42 42 16 16 42 42 42 42 5 42 42 42 42 5 42 16 16 1 42 16 42 42 42 5 42 42 16 5 42 5 16 5 42 42 42 42 42
24 24 19 19 21 3 24 19 1 21 4 4 4 19 21 24 19 21 21 24 21 19 24 24 3 21 21 21 19 24 24 21 19 3 21 21 24 21 24 24 24 19 21 21 24 21 24 24 24 19 19 4 21 24 19 21 19 24 19 24 24 24 19 19 21 3 3 19 19 3 24 21 24 19 21
13 24 24 13 24 24 24 24 24 13 13 24 13 13 24 24 13 24 24 24 24 24 13 1 13 24 24 24 24 13 24 24 24 13 13 24 24 13
17 51 2 51 51 17 51 51 51 51 51 51 51 51 17 51 51 51 51 7 51 51 51 51 51 17 51 51 51 51 51 17 51 17 17 7 51 51 51 51 51 17 7 51 17 17 17 17 17 51 17 51 2 51 51 51 51 51 51 7 51 51 17 51 1 17 7 51 51 17 51 51 51 7 7 51 51 51
5 5 1 5 5 5 1
3 3 3
31 31 31 31 31 31 31 31 31 31 31 31 31 31 31 31 31 31 31 31 1 31 31 31 31 1 31 31 31 31 1 31 31 31
16 5 25 16 5 25 16 25 16 16 25 16 16 25 16 25 25 16 25 25 25 25 25 25 5 25 25 16 16 16 1 5 25 16 25 25 25 16 25 5 1 25 16 25 25 1 25 16 25
23 24 24 24 14 1 24 24 23 24 24 14 23 23 24 2 23 24 23 14 2 24 23 14 14 23 23 24 14 23 24 24 14 2 23 23 24 23 23 14 23 24 24 24 14 23 24 2 14 23 14 23 23 24 23 24 24 23 23 24 24 14 14 24 23 14
20 34 10 34 26 34 34 26 26 20 34 34 20 20 20 10 20 26 26 26 34 34 34 34 26 10 34 26 26 26 34 34 34 26 10 20 26 20 26 34 34 10 26 34 10 34 20 10 20 10 26 26 34 34 26 34 20 10 34 26 20 26 26 20 34 34 26 34 34 20 26 26 34 3 34 34 34 20 3 20 34 26 34 20 26 20 34 34 26 20 20 3 10
54 54 54 54 54 54 54 54 54 54 54 54 54 54 54 54 54 54 54 54 54 54 54 54 54 54 54 54 54 54 54 54 54 54 54 54 54 54 54 54 54 54 54 54 54 54 54 54 54 54 54 54 54 54
25 25 25 15 25 25 25 32 32 32 15 15 32 25 25 15 32 32 32 32 32 32 25 5 15 32 25 25 25 25 32 25 32 25 32 15 32 25 15 25 32 32 15 25 32 15 32 25 25 32 32 5 15 5 15 32 25 25 15 32 32 15 32 25 25 15 32 32 5 32 1 25 32 32 32 5 32 15
21 15 15 15 21 21 15 21 21 15 21 15 21 15 21 21 21 21 15 21 21 21 21 15 15 21 21 21 21 15 15 21 21 15 15 15
14 14 5 14 14 14 14 5 14 14 14 1 14 14 5 14 14 14 5 5
3 3 4 7 4 7 7 7 2 2 7 7 3 7 3 4 3 3 4
54 54 54 54 54 28 54 28 54 54 54 54 28 54 54 28 54 1 54 54 54 54 28 54 28 54 54 54 54 54 54 54 28 28 54 54 28 28 54 28 54 28 54 28 54 28 54 54 28 54 54 54 28 54 28 28 54 28 28 54 54 54 54 54 54 54 28 28 28 28 54 54 28 54 28 54 54 28 1 54 28 54 54 54
22 34 15 34 34 22 2 34 34 22 22 15 34 34 34 22 22 34 34 34 34 34 34 15 34 22 22 34 34 22 15 22 34 34 34 34 22 22 15 34 34 15 34 22 2 15 22 22 34 34 15 15 22 22 15 15 34 22 15 34 15 22 34 34 1 22 15 34 34 34 22 22 34 15
36 35 35 35 35 13 11 11 35 11 11 36 36 35 36 36 35 35 11 35 13 35 36 35 36 36 35 35 35 35 36 35 35 36 35 35 35 36 36 35 36 13 36 36 13 36 35 36 35 11 11 13 35 11 11 36 11 35 13 36 36 35 36 35 35 35 36 35 36 13 36 36 13 36 36 36 35 35 35 36 36 13 36 35 13 11 36 13 36 13 36 35 13 36 36
30 5 30 5 30 5 30 30 30 30 30 30 30 30 30 30 1 30 30 30 30 30 30 30 30 30 30 1 30 3 30 30 30 5 3 30 3 30 5 30
30 30 30 30 30 30 30 30 30 30 30 30 30 30 30 30 30 30 30 30 30 30 30 30 1 30 30 30 30 30 30
25 10 25 5 25 10 25 25 10 10 25 25 25 25 5 25 25 5 25 7 25 10 10 25 7 5 25 25 25 7 25 7 25 7 25 25 25 7 25 25 10 10 10 25 7 5 10
71 2 71 71 71 3 71 71 71 71 71 71 71 71 71 71 71 71 71 71 71 71 71 71 71 71 71 71 71 71 71 71 71 71 71 3 71 71 71 71 1 71 71 71 71 1 71 71 71 71 71 71 71 71 71 71 71 71 71 71 71 71 2 71 71 71 71 71 71 71 71 71 3 71 71 71 71 71 1
18 23 13 18 23 23 8 18 8 18 3 23 18 8 13 23 1 18 13 8 18 23 23 13 23 23 18 18 13 23 23 13 23 23 13 13 13 23 8 23 18 23 18 23 13 8 23 3 23 23 18 3 18 23 8 18 13 18 8 13 18 23 23 18 18 13
36 36 36 36 36 36 36 36 36 36 6 36 36 6 6 36 36 36 36 36 36 36 36 36 36 36 36 6 36 36 36 36 36 6 2 36 36 36 36 36 36 6 2 36
35 20 35 35 35 35 35 35 20 35 35 20 20 20 20 35 35 20 20 20 35 35 20 35 35 35 35 35 35 35 1 20 20 35 35 35 35 20 35 20 1 20 20 20 35 35 20 20 35 35 35 35 35 20 35 35 35
3 35 35 35 35 35 35 35 35 35 13 35 3 35 13 35 35 35 35 35 35 35 13 13 35 35 35 35 35 13 35 13 35 35 13 35 13 35 35 35 35 35 35 3 13 13 35 13 13 35 13
8 8 1 8 8 8 8 8 8 1
66 66 13 66 66 66 66 2 13 13 66 66 66 13 66 66 66 66 66 66 1 66 66 66 2 66 66 13 13 66 66 66 66 66 66 66 66 66 66 66 66 66 66 66 66 66 66 13 66 13 66 66 66 13 66 66 13 66 66 66 66 66 66 66 66 66 66 13 66 66 66 66 13 66 66 66 66 66 66 66 13 66
18 72 72 18 72 72 72 72 18 72 72 18 72 72 72 72 72 72 72 72 72 72 72 18 72 72 72 72 72 72 72 72 72 72 72 18 18 72 72 72 72 72 72 72 72 72 72 72 72 72 72 72 72 72 72 18 72 72 72 18 72 18 72 72 72 72 72 18 72 72 72 72 72 18 72 72 72 18 18 1 72 18 72 18 72 72 18 2 72 72 2 72 18
46 17 46 46 46 46 46 17 46 46 17 46 17 17 46 17 17 46 46 46 46 17 46 46 46 2 46 46 46 17 46 46 46 46 46 46 17 46 17 17 46 46 46 17 46 46 46 2 17 46 46 46 46 46 46 46 17 46 46 17 46 46 46 46 17
61 61 61 61 61 61 9 2 61 2 61 1 61 61 61 61 61 9 61 61 61 61 61 9 61 61 2 61 61 61 61 61 61 61 61 9 61 61 61 61 61 61 61 61 61 61 61 61 9 61 61 61 9 61 9 9 61 61 61 61 61 61 61 2 61 61 61 61 61 9 61 61 61 61 61
88 88 88 88 88 88 88 88 88 88 88 2 88 88 88 88 88 88 88 3 88 88 88 88 88 88 88 88 88 88 88 88 88 3 88 88 88 1 88 88 88 88 88 88 88 88 88 2 88 88 88 88 88 88 88 88 88 88 88 88 3 88 88 88 88 88 88 88 88 88 88 88 88 88 88 88 88 88 88 88 88 88 88 88 88 88 88 88 88 88 88 88 88 88
4 2 7 7 7 2 4 7 7 7 4 4 7
15 38 38 3 15 28 15 8 38 28 28 28 8 28 38 38 8 38 28 28 1 8 8 28 15 1 38 15 38 38 38 15 28 28 28 38 8 15 15 28 28 28 38 28 28 28 28 38 28 38 38 3 38 15 38 38 15 38 38 3 8 15 15 28 38 38 38 38 28 28 38 15 38 38 28 38 15 38 28 38 38 38 38 38 28 38 38 28 38 28 28 8 15 38
89 89 89 89 89 1 89 89 89 89 89 89 89 89 89 89 89 89 1 89 89 89 89 89 89 89 89 89 89 89 89 89 89 89 89 89 89 89 89 89 89 89 89 89 89 89 89 89 89 89 89 89 89 89 89 89 89 89 89 89 89 89 89 89 89 89 89 89 89 89 89 89 89 89 89 89 89 89 89 89 89 89 89 89 89 89 89 89 89 89 89
74 74 74 74 74 74 74 74 74 74 74 74 74 74 74 74 74 74 74 74 74 74 74 74 74 1 74 74 74 74 74 74 74 74 74 74 74 74 74 74 74 74 74 74 74 1 74 1 74 74 74 74 74 74 74 74 74 74 74 74 74 74 74 74 74 74 74 74 74 74 74 74 74 74 74 74 74
15 52 52 52 52 52 52 52 52 52 1 52 52 15 52 52 52 2 15 52 2 52 52 52 52 52 52 52 15 52 52 52 52 15 52 15 52 52 52 52 15 15 52 52 52 15 52 15 52 52 1 52 52 15 52 52 52 52 52 15 15 52 15 52 52 52 52 52 52 52 15
18 3 18 17 18 17 17 17 18 3 18 18 17 17 18 18 18 2 17 18 18 17 18 17 18 17 17 18 17 18 17 18 18 17 17 17 18 17 3 2
7 6 2 6 7 6 6 5 7 5 6 1 5 2 6 7 5 7 7 7 5
9 9 19 19 19 4 19 9 1 19 4 9 19 19 19 19 9 19 19 19 19 19 19 19 9 9 9 4 9 19 19 4 19
14 10 16 16 10 16 14 14 3 14 16 14 3 14 10 14 10 14 10 16 3 16 10 14 16 2 10 14 2 16 16 16 10 14 14 14 16 16 10 16 16 16 16 14 1 10
43 43 10 43 43 10 43 43 43 43 6 43 1 43 4 43 43 43 43 43 43 4 43 43 43 43 43 43 43 3 43 6 3 43 43 10 10 6 43 43 43 6 43 43 3 43 43 43 10 43 43 43 10 4 43 6 4 6 43 10 10 1 10 43 43 10 43 43
11 11 11 11 11 11 11 11 11 11 11
58 1 58 58 58 58 58 15 58 58 58 5 58 58 58 58 58 58 58 58 15 58 58 58 58 5 58 15 58 58 4 58 15 58 58 58 15 4 58 58 58 58 58 5 58 58 58 5 15 15 58 58 15 58 1 58 4 58 58 15 58 5 58 58 58 58 58 58 58 15 15 4 58 15 15 58 58 58 15 15 58 58 58 58
18 18 18 19 19 3 18 19 19 19 18 5 19 18 18 19 19 5 19 18 18 19 18 18 18 19 3 18 18 18 2 19 19 18 18 19 18 19 5 3 19 19 19 5 19 2 5
15 15 15 1 3 15 15 11 11 15 11 15 3 15 11 11 15 15 11 1 11 15 15 3 11 11 11 11 15 15 15
5 18 5 5 2 18 2 18 4 13 13 18 1 18 4 2 18 4 18 2 18 18 13 13 13 18 18 5 18 13 18 13 18 4 18 13 13 5 18 13 13 18 13 18 13
30 30 56 56 30 56 2 56 56 2 56 56 56 30 56 30 30 56 30 56 56 30 30 56 56 56 30 56 56 30 56 56 56 30 30 56 30 56 30 56 56 56 56 56 56 56 30 56 56 30 56 56 56 56 56 2 30 56 30 30 30 30 30 30 30 30 56 30 30 56 30 56 56 56 2 56 30 56 56 56 56 56 56 56 56 56 56 56 56 56
9 17 40 40 6 40 17 40 40 40 40 40 40 17 17 40 9 40 17 40 40 17 6 9 17 40 6 40 9 40 3 40 40 40 17 40 40 40 9 6 17 40 40 6 40 40 3 40 40 40 17 9 1 17 9 40 17 9 40 17 1 6 17 3 40 40 40 17 40 40 40 17 9 17 40 40 1 40
26 10 26 10 10 26 6 1 26 26 26 26 8 26 8 26 10 10 26 6 26 26 10 6 6 26 26 26 8 26 26 26 8 26 26 26 26 6 26 10 26 10 6 8 10 8 26 26 8 10 8
