2495
2056
234456901257788
2
122445690113334557798
24479011345778
137
236
25703688
12344468911113455777
12246803345556777798
803335576
22356668901333455777798
122346901233555567798
2459258
156912357
2234469112334677998
4026
27258
60246
23446791334677898
22456790133557998
1245811455567898
248112368
696
23666691111345567798
124590112577
0
2344446691124555577
348135578
6
123446788913455557998
222246666889012335556
224445666911113457777
122466679011334577898
4
2235912577898
1346706
12358902335677788
258024678
36047
13480235577
2568924677
10
24668466
144568902355678
2224456691133346798
25957
2244579013355577777
0
24811233555678
2234567911111335898
12470345
50124568
2458891126788
236892458
124445801355778
223569011245558998
2244667903556777898
23445801476
22446678911133456778
176
269011355698
2236680136788
23445670145788
46025
2459111113455798
298
2758
61388
50356
11
2692336778
369346
185
6
12222447011345788
1224666911335798
1345903468
22245669133567998
71
1456679023334557898
12224466701136788
222456889113345567788
23456790112457777998
2234466666891233567788
25690266
1244667911135678
2234466790123345557788
1344466791133467
24923
244456791133578
6
1468901333347
34568913578
2568111113556778998
224466792333455677898
23513467
125679468
34466902355677898
