369406992
161273289
118349056
173985285
868324680
412157079
446556386
235164014
430369864
640981997
73997053
802540281
560316275
259108470
233231036
573175274
285540862
468175307
506003895
888282483
844916059
909251972
200704743
101011155
605863513
141031071
968288475
66893957
355993760
444540067
316348412
512628074
377448810
347970622
380310167
781600013
883556092
688613777
412502555
890322725
552190027
849353047
373433732
20360709
155075644
462510975
776708778
681054169
341138820
889581254
450416212
869169707
563055514
540069157
923398647
361263015
254789066
151050435
75574952
36248125
979089925
130177962
522857170
537283308
467478046
339017376
432097206
69963693
921146219
211161775
946396046
71923659
540536391
754669140
374103007
491117111
802052449
624648891
391000377
97193633
871668024
589064939
717070900
974005007
863749559
39327278
985120052
619713139
904130118
899503229
239001629
213572175
469955733
847433504
655761400
695051015
754973278
472599100
97895692
138399118
321473337
598595745
114183340
239306724
42409243
450469261
540081320
242961000
327887351
3011592
889042231
166887820
60057213
522495004
480242204
867294046
869437385
351392249
602692980
325894329
348720381
857058248
61860090
980002798
219999444
835895011
180309071
137878449
541655824
542185789
456569197
688621535
998415725
296130772
640091266
970790202
557085096
99143042
357318817
261809685
707006583
13993064
592049593
477624395
977631759
175181179
170147369
174210733
210076340
707619788
561227043
501360051
50873774
354335460
418736683
805380830
555145158
414518134
377853993
577098673
261111302
31201054
912215369
84852295
778483305
304950315
226508223
939733270
25514147
34752175
686469334
828437779
644473146
822486809
966392895
888239170
331031169
189667474
773909853
284262831
393457774
842334923
966057657
336235350
311912239
592279575
512387601
703353323
588772132
699961752
801725993
257089840
739176453
521394795
232652503
444226910
667748234
991677887
598676484
683300696
497948218
434261398
625999270
40752090
21594437
239077941
61248476
503964433
385309109
935921260
623834356
591635070
686739019
976373018
672532523
175289950
103620946
351354623
268238986
615377540
119296966
332870142
574324965
483813393
506045591
260186845
945778659
859492904
446479383
525779759
896600916
266596148
705049293
599724739
259597354
635991565
606588956
489473008
869147508
916195926
143504900
732430536
853569938
480453548
583326005
846831279
683201137
26071283
625928791
715192570
755457132
295549342
985567705
561075593
193303330
222956517
779219272
725507121
182764421
771278175
75425879
111736692
454253809
296640695
369710454
222382938
931454567
483286862
671218800
864124937
174416579
33390136
792776230
896485122
35725647
111222693
631551394
168729331
892891648
467736143
22511145
927727531
799082637
682255678
384888644
693436148
146825941
694613341
30467149
195111429
799536007
329696068
604481002
343765052
416874201
190989093
843743263
614454203
861971994
677623682
848586326
257004486
215530355
63766002
111153576
595940467
380185995
293018781
223414037
162651299
735652536
756883163
597892059
779615480
381532261
456837060
899417926
476963960
408019131
556404743
441268638
384242983
984479320
916609638
356325345
694127368
744499202
410032349
192881025
735790922
424066824
827253471
905887761
931718066
339611372
793471084
859748168
270552582
192854856
682254834
718977358
99370491
67538760
411000569
996637610
633779527
688216270
398471864
216902033
379697939
502817922
296447403
770166915
408794002
857183031
301573496
925078650
15582974
826098568
772126606
100664689
40088999
551748311
168007033
541558179
939153370
40106896
710772400
63297919
936107191
54051536
596986667
231669501
555459876
556935284
327499820
241264756
309367734
420410847
331294405
8576666
221206820
512110166
463471511
788808255
749917959
258604163
305993650
290318536
279925532
834502744
330077866
204283796
156429875
293279446
144544652
839963849
652313833
259219548
655421078
380985063
431770457
480236334
613333835
13628984
855453818
718667300
34802735
880978381
63808078
64943462
462036097
617099558
425544147
206011618
302038653
807166226
464863031
852497812
550204659
885270733
204687140
706667968
35810952
470478677
856857981
625638747
771713389
825325576
790370631
622607615
238835702
74339117
263071226
763249522
286356187
697359335
807259203
251681031
364294424
255607906
891632450
427490311
611919305
793219342
195471335
669881390
589674561
368453572
913374681
285435662
177004568
861953034
568175206
986806944
852724108
396925409
415168433
205403291
279057492
589119012
333113542
136288569
759821338
187498568
23362768
729983322
757478515
138678691
889280330
976452505
34251224
754875416
615846014
44573177
309066757
476409223
580091187
28968680
889402435
498983636
465493958
741967790
722397915
701557457
905297386
218644852
39687370
713944519
138431001
986695882
44349664
868782394
261272853
659070800
862225620
108441845
931614416
79660308
803243089
814040577
355803403
328207456
572276819
284645923
490963877
285196876
553879515
216656746
331584069
755252037
43874350
866541253
63674753
466220761
232204081
755637458
287313940
140657184
901236826
206182941
412206742
431812540
159235348
230450583
799094767
32044430
555654798
345353209
918853014
813848262
55963116
209585246
292946206
329286475
137572684
649817510
811706213
723274930
580621931
586080713
968815553
920309688
207148153
94141697
190209618
318868098
573468815
967426994
769795576
776087553
346580330
903335852
53393082
728968299
474470771
581086337
543097507
440452669
347689505
68277260
513590737
593649425
497946816
759019374
324251996
556418773
32531814
284892766
475824215
344673859
920975278
239957335
963515590
456283261
177491371
463239399
37577849
935278752
481634652
287614425
173097100
821557414
680262171
657934128
769814994
119877357
991093554
73522523
228159196
547188802
12349014
604593314
910295101
591731946
444192088
3719545
995036614
373865382
493218309
194604281
934756950
570527427
361390367
803025109
825565602
42858965
429262763
894037707
602289846
895035446
327357399
952140338
797390782
446146932
441383212
173338696
931858911
792522142
66965016
62569990
28093612
818317518
929503317
55763284
83205304
250312834
760116545
773534701
448908238
918710235
878567452
223000426
660670794
531594287
972563680
560095406
870825488
810639029
167312310
848482218
308394360
949963949
909809685
309144255
461656913
557888502
670801082
708643234
819316056
601928246
137008658
58184772
714150661
25276689
765294293
864073937
37499747
30693208
79321251
457073877
434832033
543987942
111864678
43893030
600088206
722181593
920278498
220052369
464513504
4306299
40412885
28374529
178534408
930416179
559608856
364808646
103139246
625182373
886343952
85339457
816502758
481260949
808337159
138004811
435943988
905539833
24877032
133212275
32758927
796454350
905996976
638632756
211438272
298016458
148183259
710689652
576986447
316541815
540049285
723924655
981287578
457542476
241864892
340585841
993102905
556129888
186391694
583628975
421203447
691476897
905372876
731362411
207547777
479342005
481271769
584736675
909216486
531453771
569812430
140813133
730300134
985978466
120893221
365695374
601560250
796232734
381248911
499783272
979920708
641165424
866776244
212477742
259996417
744813751
69239055
89382652
691196659
478859591
752388535
770544951
815015056
797901140
906260095
187611561
743797131
751955335
454020303
290688638
560433162
804941671
260380397
775155506
321583325
659518571
124199754
14672446
161158324
300724172
552035397
194342733
460249583
379455089
617199621
15332538
946710362
210557375
925086228
84642300
250762291
174612907
987511346
897137576
580685417
518380733
691905205
321815909
822606563
930560082
666470911
59815010
437707401
342900356
717446531
397886772
59505015
53718326
439106019
409352555
86922689
821950077
933436638
220594104
621006388
37431136
674337615
65202273
334957856
819352901
361774186
182227084
863934171
445031701
635136194
443995177
781892077
879360729
857767824
208580574
82844769
833112034
794748824
858615735
869319011
641271730
150146598
581780128
229656697
978407813
727862353
285401759
52269238
440321204
543315570
274789355
628070783
399050663
283136455
281841648
718325645
445596596
660200954
472837594
293966318
601371182
901586662
345358362
52287942
984225792
885618161
237395976
174872587
547551998
925657921
436317846
116960331
702230351
135385972
802955682
20279581
376279127
288059716
735584373
81394056
373349875
561961568
377379896
49594104
850931312
82313623
750466617
342723507
650819170
676923448
276299340
382389724
485091784
206178991
867187458
654131793
257146998
262496907
732113413
400185846
108389910
193055205
414279342
121177563
477837723
533558109
300931857
219255828
190043842
322963262
346453599
312160840
386970788
400179398
128114637
946333054
649091666
4238439
715201640
425163584
580535188
789678800
928730289
480300911
723697493
92067069
244323595
900517891
442140518
436844959
440504404
942503856
982358826
121251139
262476817
781449745
403400986
6116259
68337799
174021025
699918421
663556175
251163150
141953461
345833429
472894977
914068133
254832717
361909254
710330933
371230440
205215167
4672682
456762779
447801412
755680154
747655318
463748068
454092331
314818399
159028598
760831512
104619722
50797650
206478271
616015770
593717391
894776662
338319101
296637098
367976499
634797201
333433821
437669908
826367895
34949613
690958623
479190531
166595235
962739067
988845709
25968709
255003252
771048462
709182385
138932313
168091217
745019937
390463853
574859143
992414109
778021691
190226300
3681227
230636406
60226954
830312396
374158559
744866582
727615489
859606451
854483429
26153049
204802479
992035446
728089731
178208547
124464623
636771325
550595600
182918964
939771133
298559689
143683835
589610522
676444052
434325582
459458955
132149890
267783507
438838861
22627154
172306120
646950425
136559516
17801655
829475270
752797647
365120122
260474851
89680823
777044469
24067636
792439149
481304939
834112992
455294767
173759513
999445448
156709131
150896190
950544948
371073579
489083893
521828703
810669859
369031755
896078927
307219220
587276386
153732048
453171052
447248163
69314772
375319856
51574892
132902512
626124340
676339316
682302435
545808481
501619981
438021823
626755854
87417056
648039269
251857681
562133990
659718658
966202570
211714003
358346184
719974285
618610479
5427321
551750107
451142345
531375035
843669812
493174177
817633381
675742120
210888282
382505060
457858232
706755047
110186474
406805423
129531679
599088361
146223340
185066322
322360701
857236022
707867392
596978119
323114043
870725584
301156024
204500632
109428798
204117168
365094445
950249006
253221579
307546435
263184124
302043742
409892214
847391004
591818067
630221905
619068833
490093143
182381473
440890183
138722514
88509331
536107205
371269046
697113470
789184315
118650243
155729308
569269998
842131951
952884678
472897847
239990211
806602799
2845101
822409776
316470383
436103069
114092853
815726792
359168422
978881287
712594899
349016816
821339120
569389631
21821988
651668470
958131382
415244283
642249018
63940680
916398255
889105729
990048165
727617959
901263713
320825730
186411151
622880172
397877242
178875908
882946874
471326527
658617749
334298177
149032189
610702442
579714194
5780490
380664264
574464337
787424444
638799831
466130327
320446280
109825792
881323865
398699843
743579173
329332581
876185241
511918802
25846319
430237166
675713933
369374978
921096273
486406042
590840365
520585522
672904020
11465557
358278969
708406908
56849563
225924018
612773148
374898737
556862534
162510256
477192963
930841079
388525754
589438685
485711216
72424962
788357875
820849388
501971150
355315375
610805093
525806635
952569517
347285409
995622314
221517102
414085805
232613295
643229503
704306253
11951753
803259368
285372165
398468389
311582531
72379847
653631547
831286360
600792666
287729976
359168715
571730522
428360106
220702969
91223258
60814814
328165853
195375550
847335190
741280047
353951100
559332832
847135751
939847098
343119624
358253809
483554572
786078798
462984673
395811001
601010700
989917365
328225464
201945809
678238803
674996589
416685713
240508577
428067938
624679321
112340647
290627853
527138152
822987666
542561295
335338480
795942064
7618521
389455517
495545290
5618397
287351225
258323201
845010192
608589998
759957583
607102837
453035397
46399833
489782563
344898599
350648278
771121536
698503981
596931414
89478828
972074935
574558583
962334243
392358961
516194301
454673604
384293965
673407376
497730712
439965829
410520261
527619005
587917426
876714515
604119075
82221556
886275175
99208370
927723869
389379201
109910644
786510442
480276307
250126096
297084765
603558478
948106367
65229836
239272308
195725549
878694269
823030746
712644116
333474801
718002011
648323807
767751762
680248542
205360231
82882270
3683109
702805966
32187041
747043905
536508097
588417248
485452864
771373154
602415403
364830182
481065088
469550983
456040993
261107284
260027431
648475116
510979962
457692237
640055678
924028508
114461897
250815524
650064949
51969309
949854703
771842224
768391848
865171593
831941613
442915703
281650836
295036228
185347845
33715644
394228603
204202134
891518127
675175657
2528321
109510869
368363213
864125749
342057608
28853436
511659281
592981647
616620373
418374898
908716537
332448894
118289124
111221326
977059770
133404728
78220117
119223511
477662385
418001675
654465317
619389925
567409620
585875850
943384251
357076580
174516228
829488898
331032909
717364095
341588940
293296973
124337925
281854480
509467425
129106848
834863000
380521849
895320068
616002849
402143339
786723654
358893940
601691818
864348705
546388437
518598809
62466972
134943603
315413020
607328764
503463306
832303592
700646437
882865211
128823587
746640330
333325023
343199720
79873002
82155954
245650364
832730182
232522546
637832340
838740236
57473168
85736059
166065945
71217196
310304872
832315329
918623907
682128115
756659014
290405205
701080081
672979596
319618659
246000285
296876387
867637420
174541817
789988885
383718409
788230896
684915336
13302727
970623782
523815551
274701376
679688646
753331035
841908208
132655275
117234617
669518625
958632113
220026274
275407003
122056324
260476034
512672104
367120696
88951632
938198441
561272116
159409182
852843330
59878632
438462142
351399571
437850352
936574045
592395842
360092581
6694447
284793089
345696665
15109
309253080
63683332
930851948
361330159
268100795
50754467
21712175
749161161
97019829
168937328
791441144
512302357
811436458
620679367
218675092
427532333
139944326
910787616
626993055
119690747
74963614
899079027
127200984
975098747
764695893
47335418
501573665
140453960
377025063
573214030
476442761
297009745
563503506
952368550
226573674
861905779
290826498
803548195
164688960
637802984
179047563
745977632
199396792
18002699
29217035
94562061
749684407
962987687
783902666
7476350
356208072
671503604
494594068
931896510
188117646
978532943
551593301
879625214
662148869
310015390
146524659
141716866
696643965
142284162
81983893
202568918
264079026
203697241
901911680
33806389
495319738
219926332
99873501
865906409
664328916
686645393
264471310
62459602
656523709
760497838
725051247
279958887
447797305
183543619
946539802
53912100
418506217
634081829
749344491
799697313
161767132
946740138
459199279
146490384
674732854
322934717
186606360
792048544
363840310
162743342
732622916
289475111
163546394
378482830
63499841
660198479
372253983
678231533
763734089
681631831
804887457
337503130
723329391
231328416
965261726
475806341
909818706
138628135
963155124
602561539
827914157
524432638
115378709
756238927
653433666
335720476
780068262
290067692
449742885
498503495
248861352
675763350
586843448
699519664
31476394
162099862
461287664
370559750
606898708
764548022
668488268
643852141
237641485
723596716
667967683
304764159
65706244
260155314
885915533
906645724
658574610
151893880
64394949
73681256
219356629
198973627
363524102
200789304
193963521
722327212
810545340
166023785
115011714
98217646
283423952
304352642
167281377
415380954
385930578
943047683
248046358
789146641
197770107
436347540
499269130
172110633
794512679
803379143
385142692
429015090
571585907
957187277
522529962
68351440
576856833
671961442
829078396
280233108
710550397
111396006
612430331
482301848
96034108
695666273
737626055
232379752
722151370
930403672
730822072
396636774
224152139
74072910
489899408
442473533
556364719
514845570
434968321
291239065
225317461
276313436
391686797
625587856
825137762
352404303
715604520
479814734
948220091
898001179
608516100
678660669
348453537
156569728
702489435
416812279
391038600
757954813
785018383
705346914
704307287
603037347
58421672
938796124
5677100
371817410
796453476
180497694
233109920
175701868
5983338
513076387
134512960
170371742
757982455
784515583
693358584
996388206
163122327
673253714
362169097
499635613
219561106
105279546
3902500
22586492
66404300
178368163
704273192
488692896
458529938
805097040
84486317
282676454
436783678
182929895
249071103
943140112
125002052
7077369
840051432
946662161
408421512
890325949
936881108
972293855
288460540
354528581
817107948
446768364
440526735
908050052
27493338
467690974
587817290
911916512
23070956
737459726
31997385
655625581
83521846
76341949
56210753
545152919
228701002
274157690
317315219
512027425
667528520
428968259
740493687
33997509
777483977
860517187
332941104
735327700
733175373
272825139
340246902
792168492
690567828
714465778
165955870
397074466
773925402
287003747
317845631
516560930
120240695
371371492
713831711
503929963
809546705
224137316
256922847
981143550
729250016
254056136
416404650
4192603
824818398
33161048
138676136
737747008
368334793
59450489
980004425
151263289
119548780
379231134
64444412
98105812
450931585
586715463
882325163
66523506
398936105
413110597
286751236
251972044
314146378
909575978
290080623
804128527
329626178
455239585
800208625
328444190
324402766
45133336
738103018
807074137
264516388
61064851
358849813
758841330
712302538
870248467
809164879
317910590
633313212
435212303
9923046
44923590
923826987
317033845
12082748
811009296
52849579
79214753
455199116
778828149
611689468
219530244
496061797
207017261
434179151
44433241
736226376
817214208
206720154
777502740
916435463
772765300
198276887
97564368
656610243
471426937
999145571
752449385
585893073
946243860
878551798
28075226
791014324
887845991
622968887
546296359
989072142
256455662
277998159
39423239
474619085
718762112
656121369
131390319
387940088
112921217
347884645
192718150
501783822
835421640
6062330
337466240
564311540
470230367
832919904
811567789
917574185
1564348
461614130
968210411
197409398
542186502
89877359
985535068
928898660
876114232
648000579
275982587
937602277
105273122
841574397
775823522
786503748
935317337
362067436
335953915
623714297
227451107
438005420
848152400
884545166
824390102
3459751
861823147
967383417
597099193
507677405
576497707
572086428
404714807
837348529
977187240
752386441
441991052
181593114
121028455
130932571
6679312
825686701
635633269
642348729
225790296
313882148
919668516
342829770
908175844
218390247
75064723
206155201
933550503
524688638
683935332
737765429
124248604
166295560
657474770
353905325
371065605
377381190
988138612
925779240
846597083
745848563
458429446
657530795
418286419
872493376
863525258
446085823
406283818
586355885
751380227
395040988
545427174
41677135
91220080
716419127
238814388
275200502
203464759
381074912
907199771
11267915
422377844
758222241
306691677
379231851
808994632
308929180
337212443
796685177
650434172
978333231
835573082
189491873
104273666
894639497
300306625
236421528
581970467
880638479
361518046
638619924
190673041
303332780
618744684
390129996
122522015
645089827
871177970
961531092
21726132
661152804
468776431
15246622
746993507
237497368
135613978
312575712
73163667
201805805
566742981
673464624
403754377
375513538
899804259
984386019
139915659
179189341
121415703
873748976
623512866
677868309
19555404
993113865
540813958
719723333
486084320
133578784
738704372
295471296
577239188
429281937
443183341
338130995
585817805
278538168
699414052
877437121
897021133
373947987
263575658
123930184
722552376
937025142
470223393
853961873
448640219
627527359
353055364
476587301
834638689
506512361
419300870
476564461
754342233
204900334
696235819
806957736
482128632
631521988
93177494
426077735
597744832
214356681
888745145
20346694
817602869
527582908
447063674
48842102
970574203
353190266
25955165
316570166
836804156
945296221
571973905
832201777
518150289
605140000
46622949
558992668
767162089
486294044
141207594
225585556
288705017
210201336
658709450
625837188
60775024
266524640
273845332
841879915
710013501
663783447
147662349
815958949
742286077
46349928
635126828
519756735
302468734
270862363
771701448
158830397
584421585
932242006
462847889
413571516
943970212
765494408
992498108
613912640
365069404
862343512
352958885
681403879
499240845
509257886
306636518
583753944
100712851
449555589
262700808
971120045
653732100
586121607
644503707
169756236
528528163
250494484
661595048
937333625
88009190
137346868
193705249
851335793
685462056
465326499
382523535
469290028
423437932
959913273
692361157
319556360
813877170
292151560
577167432
445082609
667295082
623555587
452142427
128278030
116130224
961272316
673518131
490577800
427633305
936307173
478193139
881967867
657917205
661494038
695811254
205607082
203815598
968687774
890290101
726968531
57379715
98779890
82529778
507422574
379732770
467411348
480807486
506455003
102093777
978711882
709491181
698289452
125336033
864538230
912726115
631704166
320371955
566110292
151025369
345316811
636047175
895083579
90008483
136463017
252369677
242755321
594644949
978756266
153149735
109594324
502876658
557795589
295653793
774374314
219179622
790023107
312548555
450620451
760547839
515994726
37849481
565552745
359722165
951451631
399571773
857432234
410287737
326885282
428532297
785636016
409100096
110965858
474717972
117916933
956055063
623477484
88934507
302595536
470639885
325281429
683777390
29553770
486005454
95848209
191174666
570213724
6799086
402346553
431019011
873109980
417489763
234253442
480626175
744586758
424608082
973101727
208943544
878724517
952602332
577194947
537221703
725413867
258539684
252742410
434150796
7818672
385034646
801887937
109505437
660330325
79383450
240370323
484512232
673759959
786381617
924925030
213212447
90705057
425814288
716801102
58437252
466181887
35769564
779172012
714100537
667384504
403483147
644717507
857595249
691807549
689320996
740032565
969737129
249052048
72788364
148221955
758854989
686021225
677141305
50314778
990371810
627922677
227143225
884517107
642201862
315721481
880796387
965062989
208702613
134771536
548240653
992339849
334224578
36639638
258570784
869515478
312686704
731085478
869724570
741677208
906565788
470965231
478171351
432351367
590704908
2130176
162764758
474732178
253826240
912358605
642926622
369250089
394923766
177568834
117430629
516711559
71902792
279620785
685830877
979830519
391470339
969339176
164893597
627650694
492129548
212409335
722478576
156476480
610886544
927036406
138272651
764517128
988054209
686502308
94022053
283075358
664269534
771543860
915897667
4965646
528744231
823784627
486431601
350384038
947697159
695580456
833423470
974235621
543665895
120302108
338930656
125384669
928318653
630171403
66617362
308623013
324108629
781073002
750605534
252856339
149857827
383255334
291906988
575427730
172091181
856938804
813610792
321379514
948232476
748097129
715370653
123055358
384094247
603012377
213874387
412348436
370429970
236320420
743666280
835593832
957942355
736173910
76732057
386806524
251510198
595327466
329190431
706527818
124346862
603063408
818775285
550724862
219107519
421190286
196585959
725645637
49904313
321877522
574708062
216295234
263183730
586108793
217998145
133748005
270844024
698814587
604191996
288992044
487330027
808790738
691216755
688469005
259687354
107620518
985458674
520726427
171769445
135840689
296379036
364663844
411542802
298868526
565891399
441538822
420512648
942898864
618486724
253027071
254215991
157146709
916861454
922290437
949692683
624777626
190099878
387580942
943961566
564506444
610828742
269354390
212220952
613506183
643201074
42572423
314993187
174461393
709791308
442384378
638049146
38656218
976406138
808582907
675731677
977838041
182060143
87570637
312445065
790015925
10165617
49660328
165686051
533828536
404658846
55234403
324453311
973526916
745957903
459202270
793075121
750969122
901600996
676494407
737845970
404552868
895039487
912034046
522033946
506400645
46906497
124674950
336768224
346223014
60156865
35112795
60636388
622918420
620445038
507364984
229515051
636593897
315340528
503528514
795186331
702198175
413265057
191893115
423643516
722364273
658524884
63778407
317585879
70774054
648466607
24371959
104077575
316425648
452637553
314931110
833367648
714134409
135489632
159979467
327715404
227583843
839657989
128947463
193954577
410940708
999723524
57382874
954305697
412950253
294675391
499627311
234370679
280444532
440502097
208712746
138667878
980201189
896532603
463291939
780631343
803963929
243108539
957142001
997631566
982979378
556835285
809173802
226199278
646595755
230396874
935393798
913794672
285222195
341996481
333170675
844920774
873710821
994155015
842173198
445372464
865361645
821708627
886828505
127712183
823833819
618419237
827812963
479046952
553600047
849645089
549358299
559332712
842976009
522047054
894541198
120729505
664321721
611136549
601556667
121598104
794091321
761233271
326085095
634318886
877948784
341463273
76275986
615817051
106510123
666305109
454435872
359074862
382585026
193621237
279131616
262536252
59605179
381726018
27010780
650849843
362039309
395871885
929896233
96983358
161447362
543022036
577726936
207538766
802144190
229925601
287282119
636930920
94892505
850183426
131668840
94143042
371557785
69112505
190618668
99160519
721876991
588954772
528130108
170401195
253600890
217214424
55746446
134363754
11244055
799953785
265889745
315761923
858273773
702026563
926494704
23152337
209671091
53220104
858492978
83671585
309673229
795273739
571526043
312786015
929107239
8283441
953103912
21720735
227625433
643614948
751411667
618243955
3691211
574623685
589732808
719782365
79472351
71325836
606140298
130281338
220116386
675126527
758320787
916135256
540468430
868564467
726817602
33415726
558228194
764924789
935458236
829413184
160941725
467377790
633568060
811702274
106340973
301742173
257227749
760330906
785458682
199693548
984643486
170535250
900845460
401942040
739716074
862399652
49033652
274254456
687314668
849988630
331810691
246000763
774201044
546463600
187766155
78001630
87584781
737619162
561041267
768135977
101408364
168622157
20746562
211176490
913121638
686729604
707486016
882089361
102705999
792875390
676529987
377757448
612468965
24472304
926763855
623761635
238802808
186514413
773199387
904641661
858255754
569356421
901403018
423689019
730159829
634246002
255884629
623594126
757517694
192515739
835899921
149218885
667413934
735555591
51527675
743979174
632180190
805687777
183372696
371586251
673340875
223806624
526342319
279762419
877711273
566215036
453615513
170472116
907483363
220113760
550773038
557480978
700892632
12562243
80485426
177972024
642536431
567453415
293173740
153084049
722460885
664630279
293665264
35819366
161678060
19181439
75937967
943824796
215599086
895226805
270870749
500569841
483574163
773754595
322776697
380922
736567735
721335665
61708964
304583705
557222001
335720082
634612367
395543452
673581399
75545604
989965702
588911170
358279763
425037276
390863049
215364305
998924269
628141332
350694323
961520311
276610129
345049751
560971677
66312500
41159014
780110959
787117371
317259564
60850831
88612076
852245824
596686169
306103869
935604347
735560085
211660931
339418012
448414328
901173749
88764712
966539571
265152980
19600350
451390108
437942116
129697677
451416567
997685409
515389091
557519917
21612288
60376036
879587102
152126702
556325867
981733030
405420817
401918880
530478936
659525417
745292750
144607044
6968161
665135535
67305554
934586645
771777235
706376079
953316631
41804525
656271570
413004040
59285926
57330719
267057123
26747485
326796195
978707444
439734353
771565541
150350644
134301511
913034004
272892197
125934512
825651356
819248438
878886656
619095941
227277746
30418060
549643526
540773664
932433590
91032225
462448018
962840676
501325472
661017176
531192229
887979104
182476392
447662401
870682334
52006941
942270524
394952173
652989640
418064172
485268
233373172
26221521
234646590
843218624
466830678
150788132
164202917
217255125
585004214
513376455
563555403
260626199
33034814
478425965
762407996
386612345
432108115
726817078
366631360
858344149
853615501
621054542
515510145
584815934
258523693
486049122
452868815
11343884
477342983
926375836
809611456
731064776
360702409
865329351
985968827
266181051
354122831
68111701
293787582
448914668
256503586
423216117
453839834
623385967
216827264
494038164
317321764
913681811
39620109
371989623
603394536
166292190
441446810
552516017
218088839
283496024
525311519
540010557
913494404
147581535
904382625
62536741
252052931
182709023
422546773
812555388
225301989
604469987
501293695
389547603
845016268
978167563
589029000
651190056
236442773
225015411
971378456
189072968
753618443
319809112
299819683
609489520
906973432
274863304
15872953
136414671
395403599
825943813
211196858
528764715
368782247
584173558
940143913
42898444
166755656
893964909
711226109
619868056
841268415
654230464
129361401
694777873
926234669
794406310
957039715
995196730
228276119
869157721
542498968
17734589
330160208
760482096
823854296
530138411
397512163
495220059
638416224
823873316
279710465
846276963
685214052
310453296
631804664
902107125
394751639
888700292
644972416
857457233
623077152
264276856
161416462
416138375
989366902
332820045
754211187
624881002
650746316
904143315
280258048
44710504
677854940
637163293
980736328
412942192
151051916
221178454
435619003
179545944
946107787
428278908
603457028
624538627
54037248
574078568
727162372
711822267
668860815
494034898
623052478
696465275
386166060
352782742
445310860
226843405
881002736
531157910
396904682
725373805
695596092
953278821
11584355
591883680
580267771
230156089
158395625
198177393
643168457
620635974
667324199
745466523
183366402
172794833
104949755
710490607
360673464
860526297
68116667
168559421
534483894
652200741
909892542
89591520
286195602
394096466
312865875
370868392
395475183
608060557
872021138
117218735
263149233
816504442
154744063
392312091
507088327
652512147
159399838
504558391
518298193
599092719
486663331
994901692
771561545
343843894
198617147
316549775
32765236
643528506
753066348
874396243
347422415
821619304
799856959
979648753
34705499
611118801
365527806
401298940
445777461
277840590
975603594
472292395
276317020
741618960
821911206
314495439
989967733
164653964
951536747
786916010
694358620
450503647
97458043
339655723
703273459
153738492
510842421
115858063
923327043
948478465
83805117
798098051
607260521
999729201
962886831
249904340
345961193
107480750
779302576
519900553
355028222
227914877
427205438
604248863
417016396
171157298
895448332
718280435
589999587
539152503
576513777
762398626
912313243
260858314
226853627
744172108
235893568
264469016
7506870
316265108
71239258
735244454
837249276
965481152
503389382
676978687
19090901
119029747
107112293
427223186
704428117
492650241
788001835
317391491
287275197
399389329
159610558
524131151
686598242
973745604
633610151
374029806
318647720
383935466
548958971
777921436
778044454
760547261
359357377
632141676
272375415
495947622
401061887
332310905
433521738
60785214
349199695
157458449
516423354
453984085
648547136
584269991
982455790
770674254
759625976
398590107
762436517
347104907
993335610
154202341
246433661
994450735
269538013
110947842
857126570
476871505
944240041
860681790
706521014
243518432
652435859
470003701
55217026
162086786
692240627
120540759
820047862
855476810
599143561
13663329
709197794
122459482
52450759
16605454
243250930
793410199
440928685
263082438
931094645
52706038
714960800
617266867
596016393
586934580
933680976
278002554
971196947
18878671
90999274
52972646
299611144
721321306
957481546
288818824
766289709
517761547
782514042
613316926
261660542
527088480
312566156
762108905
835516725
534713627
116873629
522222508
752460558
98049818
668058922
205849199
872326669
13998173
32763678
338841052
660215532
468341642
343608062
881249809
747167878
323246499
335388222
598086800
46690073
369966233
877136629
453394855
272165229
919803821
491863987
354218329
967438442
588155456
873068635
376484541
424303309
380565242
7059887
61845531
959848799
743414742
366522524
460164684
282355902
788201445
969996822
238003485
664193626
33197570
246806834
406768086
612610961
987089287
770577855
368225488
329465483
862154622
123619332
232746432
945775733
336284871
668368562
560439682
991495602
629564384
37308326
353673713
582831749
818031749
628399310
333959280
420910798
920651475
58413106
452268903
954991640
651480630
577059040
185361386
127382856
390938132
366930427
927470271
745997239
590494521
349502483
377789020
471092091
941262012
176106208
166362597
247366090
945561941
238093763
989774965
822603428
180399740
730906918
37111244
639265928
440922940
645825892
568221655
758010139
730840504
218122056
145354292
502799196
8729991
605828146
635792439
186516400
656976146
296135293
521416932
356911167
571319070
520567308
705056797
868874650
169497256
519888773
131659486
467328873
552337909
353131429
802807380
683681915
909881294
166050277
964808534
844187444
78649647
168236857
235139907
534577700
963758550
775276186
63347230
691031536
872124376
16503967
150536478
663915240
950148961
347951884
821211698
193540583
548255148
135745237
263722026
763857344
300010573
861359157
4838539
865518465
524704540
74140740
537894230
785022803
587623916
793682306
557756567
248378692
124157280
25158144
256011045
20771772
965159247
712392179
854214883
998800066
435852709
310959606
266181745
410583676
248235504
771728896
41775292
627514343
547199349
229774340
587082480
503349360
446693136
461762507
185387172
607459508
135059099
416680403
222966448
459097060
19171438
51956377
701800597
332890245
606184494
34821246
754976963
93324237
417988957
151773802
363476753
382871273
110630865
244031901
955250029
704423362
645088373
974944141
688814464
440745276
617326021
292830437
726458491
839899770
249965417
100031505
750633404
833754563
764739248
965743195
756412632
519886350
257353885
191396029
831182593
423989546
394180261
794523549
225636696
300951376
512114925
975669359
421613231
987378900
156028265
66691017
419691732
883200628
301112387
37355728
508306166
870353061
701471603
519102042
806371191
106125165
777490429
131116485
82943351
974350955
355647348
487964206
130976811
458779821
259227552
167707433
751413000
467204028
945544869
637841827
261020617
744500021
271672011
539053030
515183728
704897815
260450673
924574458
524369444
659395300
607216641
772817724
458850402
561524234
89004867
969536260
588184621
850233016
678201257
869618266
88440509
511475051
81774742
50642043
569249522
824467252
493788846
77973958
59128149
611946736
886320943
466338177
381131257
576935800
313588532
66080349
712251054
811377788
311460572
584789301
314785471
705653457
83749711
593012387
894943129
374544264
463938909
61969013
131130771
49815973
933263784
404133606
700227364
382903349
468049937
904093473
10557011
643476569
425892892
952161994
744018693
48371217
883989595
124291849
309228595
48529530
304683758
666255494
119273230
237191217
240529084
956459337
158663699
728033435
573581424
71855060
122178156
770686740
94581518
267513931
770254538
64112358
102074825
764471884
233315805
286256446
12580652
833748836
73703261
459286630
671237085
396159540
1220842
382841507
52745081
447687371
21795302
62322176
642250634
517500705
364832733
319550106
919297820
934897452
851069531
129148408
89740267
819733842
272158079
166894561
338812783
238607846
531189237
135290070
464781801
205760348
850633103
829840714
965336503
61271972
25878088
632335867
989909035
135680775
292688056
865839191
927800432
705371645
190686453
588264116
385301425
62460238
705961539
567749495
728002916
901689199
407256710
385323535
467280067
716696330
443471049
876720762
135030809
588468717
85004185
900968111
43538519
224945297
187048130
521671307
627562413
492066000
526668844
911874301
964817682
855230389
622856933
909008740
840664823
726168518
926755296
512602294
370379670
518430679
16869983
828043860
779142183
490296401
102331736
697854645
686764848
273201336
684486215
907707335
426615927
862282771
637497051
201589343
20118590
70058128
606063824
416510555
120022587
990601573
66233201
371795413
127071827
851757760
147708658
199096116
353775661
979789172
726430369
548968552
366264829
711145056
74240406
860472757
518679151
493030082
771432300
374716659
121548013
844120195
365040721
779420359
740271274
273754687
966364116
743576006
179069110
929419500
217790731
772084204
12181787
370964174
989455121
904228886
92731769
169688153
785319147
594295300
74057864
800528261
409604820
755557520
267549362
213336892
771033099
198842331
317024369
844715606
863818947
184101133
472395845
428222835
892080407
494379326
298807996
972412618
512339875
663364773
604736349
568691555
185766922
481333813
767786661
616724099
965878264
383070283
313681009
774472994
637363695
494550111
521755137
354921223
363249105
971983294
486637340
91610286
709336238
47958203
332070545
91515765
14827324
511904589
927696142
65073630
718916318
68123971
43247700
734238304
133915453
38161650
880124290
631788723
332883980
543065637
243470421
324687184
525935449
900546913
801073197
541529890
716720038
340565380
576545801
414632982
778815958
957492709
532533536
900710195
351829750
242689373
467180982
869576684
145873387
689612589
139371273
453382277
911322358
808342189
345529385
284735105
267977054
591032383
498425915
520244460
863420526
135616033
581688477
31367700
622565343
453068017
604451623
332565796
10436890
537444120
255356139
731260621
234936594
930763383
401548107
953197694
494629436
349075387
116729077
655855660
272357381
295653019
757253646
681221063
226707393
32894697
886711212
6801341
26895565
157859340
362424259
265773310
816350526
531583427
751078392
424964645
539299181
856414963
40864532
963370098
371196958
210731828
353545234
92787117
303772823
953708925
619050947
620749381
163310311
623797478
572667887
129889167
919962688
19071139
223991753
65840071
988066559
813278690
208024422
413936892
226217948
762286210
891958516
834035193
276063569
248836101
696969646
463901827
211676469
351797832
371975561
931485938
23292350
870033773
542777620
590648560
460988564
900822666
536887246
695060479
143305137
386791682
575729446
836130893
755734265
995207837
627833219
740277463
284833494
738098311
767818193
946947139
102557745
423509692
244808793
581096908
789815043
305727513
788177998
312956022
78396863
65945663
817178699
467293616
237118388
916290755
617657811
423416641
652650179
7051772
853984824
689936387
156442160
427460613
703258479
49793126
694022003
866763558
237442095
911093133
631867744
794480610
257246659
648460228
755839245
5715156
712006022
444556114
947873253
526957854
283775073
708831157
978098039
266616973
443590130
61365373
484039462
161640664
808001324
658318043
404373056
48835895
957365000
19279457
166597699
20434367
980003402
320646218
484241810
668719868
949139398
269270728
664803047
285282289
445120591
799616198
606543506
266203275
463440387
800411117
857387397
189105802
934400763
284574631
256645110
802271923
748160002
354869349
997146055
421420443
643523729
67894405
192637019
749731775
41069536
743462741
460022168
606467315
565972586
726075574
647390590
105304373
540467747
384077638
102748229
577034025
697132870
765255535
541893858
629455630
102093945
3549031
778303393
797093189
933046159
528538073
610074805
34463490
731561497
199058451
519287917
24812369
221315470
929805565
208430882
223385997
806186270
846138184
54839964
642658999
358283816
456749395
611752039
904742441
617462688
178210185
343780652
532601620
285703674
100519451
861921249
193834514
414600141
545331125
80050508
660470195
317247458
23566517
575519244
885366404
263834450
935458085
832804619
975845110
978766058
890670601
168551065
772075964
734078160
796848860
560409004
906892299
515030869
342162119
315232838
625334797
112246806
700710654
442404911
442018604
663280996
593808122
549645466
62326056
278249578
886122671
300248403
857354173
735197117
985645034
13095504
926675952
511116794
28653807
552257359
137969898
140197130
252393897
942831597
226999161
202621629
616285712
568930435
534367210
506858176
149503782
67975861
54491402
306305967
960454052
68677018
214766312
997103710
222485750
517566063
317487992
962040161
572737941
415225476
299162313
303033971
147062339
570182680
856230155
919884872
921298666
221010872
774404480
876326615
101537905
543860857
549044509
901908765
700957379
637912112
350755514
969496129
901401955
622872276
741325225
208053174
587755299
932692666
434000238
602508742
960332894
643693909
427544793
85137210
743073997
859873666
514744551
871774967
639256614
246004417
392209666
264714755
308216151
235885959
365290048
850422571
807766648
425967398
709341100
312164970
936496611
24925063
766206659
477693659
571363250
333408901
448731299
668108881
951481346
974283718
736877118
845487106
4582450
526139818
480554601
132165774
917737593
98357235
485633929
193127724
660425871
221723394
282817765
447317727
721266755
421869852
388191967
284288547
328365868
132316051
703184225
458186675
381746123
807912102
838272285
760233161
604753084
727884368
956498575
66613146
25114385
399984720
773453990
754172308
228205579
635439238
2361895
782487818
198847211
957455161
954384323
808789932
108829104
379207878
89353299
906536364
46573231
876107114
115713806
182561715
663341043
759782554
816934863
286725402
818186753
463218449
464954405
905435843
744883534
176862735
13464065
279796727
292699807
524125413
411612790
942218265
374677465
951329887
178173215
343154563
446218304
667473103
616365768
70061499
177307233
727469402
79923234
882148507
625910424
402487259
309871889
344462472
680252024
905709797
241192826
604731743
332704175
410968642
76766685
591397666
960812717
36067652
540382860
824186754
781282267
365566707
425060416
852590561
415364850
208718411
454642846
518457166
317155910
683037769
478923008
467180349
430908640
794600035
228303628
467208481
530948364
66532534
722797482
716363610
284288499
954299627
784060691
974290144
961211901
992110259
77482006
899032968
887872306
770162507
330791500
135044215
836717758
587255
576217230
23841134
159913548
293957521
990690256
597847412
10752990
964566716
615056202
367968390
30971
172714357
588763294
204520828
49276703
81768655
204404689
127537580
226514450
435654743
784866239
745619740
363044939
457743008
290287913
824076693
526377201
511825444
524161059
931553839
10952124
609500489
991347205
234773793
957854440
729615660
135511848
119039037
200969802
888489350
131565468
483711930
958268532
749561064
650838881
39053281
837350115
699008469
967274319
419864918
873986262
910344685
704468816
125384128
705148277
616091577
503448769
456354536
327117356
492148190
128453633
232345929
154014599
6184525
181814179
13848049
486390829
818051771
859395239
934046193
376040882
218913380
650216533
213722410
299558832
867597781
529947273
482431419
20433158
26742394
991668884
692286060
536481871
823606519
988033523
473681876
671667342
332364474
171279854
450314293
236809285
101557235
447256938
256880113
627234134
12415760
243709121
173315821
764344017
147108416
851815498
442830444
517229387
539267572
476336118
611980985
652230422
221453948
664870534
589786620
253974334
52004871
12805512
182839286
538780186
437588709
662057670
129085892
587221073
769108239
74962686
188742225
308263304
659137300
143245419
465825725
981245861
73863731
691268309
24616374
996947481
456683268
612092565
656313188
750524004
747052408
213565484
612460323
538211419
781819567
228434184
668569767
222737681
661123333
997214158
989296940
632659661
218611187
815479335
104225949
125728428
742623966
629721728
142441265
749129514
680496909
136148960
6267409
291459017
849185784
229124909
762583468
394226027
778143175
142050059
691675413
220163674
487077870
143837213
769055667
748535992
147072179
452891342
948294254
328849614
849774566
660296548
853855050
565269392
96312950
217270806
368115344
483773445
560244665
95121701
7412018
50099935
200685874
431912537
172183382
666504650
739688549
794296115
490220945
924763355
563373377
114396107
288191066
736938985
489661082
819143459
572104608
873554537
481750360
731949469
320607932
767170059
15654047
584056568
459421746
922353908
277973134
499118568
478930406
177223457
328661396
329931642
189339678
308475320
279841226
329548208
213375157
529885984
493518109
203384943
376225962
506158996
744157123
353719783
894786476
136333717
807444859
592780509
346512436
872915892
299503266
959588469
448349693
776924739
25800170
188368622
475790087
329709076
341487354
955126259
853905501
348613598
315855035
289426202
57038513
238052773
122403921
426982638
628540684
406701941
379186114
162711545
427708047
58659605
525641626
134052172
844105128
131752085
123616551
455315817
498666676
56767148
261170997
370874851
38486221
38398026
166708288
821001095
406467717
651721138
60939902
611059049
535531197
856060009
258265361
879981579
862306875
906227000
644605308
946988769
762132416
23823101
915764694
758853748
561515217
826407813
622110515
935863276
65428119
56971878
901143827
902278934
409439867
169984338
198867705
708122056
336576106
273352110
37086546
601363165
998150351
298521324
460066972
925301374
930570079
676146236
394882933
957692143
960740839
720835266
954944410
275836871
969809911
934626395
266914301
503569450
333259180
345075994
844262676
387542053
600183525
639659922
653542668
389790752
279417256
561720229
434274849
401925642
852015857
333864196
164862650
495276909
861969044
98290372
143514433
663468917
425712193
888861295
581525793
345039912
236963553
711280034
525712629
706471012
583894945
250269890
905211503
592404837
282443442
64039125
612805033
406393413
625778957
339096420
256185372
682930394
901856969
410661451
491588162
247912989
87947563
67780213
499819224
164019888
903259692
847564643
526502977
629281913
675535803
888539767
544886312
780464303
226421738
305674643
212279505
450056485
748053515
903128192
984461914
360861670
794666026
228695332
801064258
244647457
154002374
292115467
566827523
931774653
83423783
580998805
27034158
989770140
278792643
46822245
680477599
133033385
178350058
319063747
796320313
465375888
790200050
887182424
132901528
10976406
760514158
151512830
269089449
889864725
336687008
668252469
990294655
540904824
466238421
966426658
321181997
999012819
477931676
651280177
730667496
981836013
180787288
41160599
484117713
917936966
469243194
309360647
39069966
612731936
773764109
139289043
884043998
218206383
421726836
540794345
238241060
608037977
106473995
848438551
168867272
743407316
706667124
630424174
167928250
952213304
235037185
2421999
460968343
929635905
174837754
354111614
883735979
1606221
801873711
709311921
694969271
906167235
725175188
142097168
944738181
282778404
742092256
951220237
364600055
683297741
597687371
215265040
702955312
867900009
221489146
214941093
183372812
703148053
988185756
696298035
525809105
826058837
400523451
558698635
829204603
659251689
502651591
166184844
625429481
623553679
624970191
423264906
711217097
722316117
74370808
183033871
591429586
672586282
205591939
943473434
974880238
489696168
275321585
88772619
420070410
214168073
310445271
727337534
216253491
661728076
461097508
466045562
715254327
548769745
606224781
77349896
399537859
271586373
937359790
171483363
686179778
624351578
847569761
904738009
607265591
859169530
551270629
407179219
186706522
879924131
46638420
957339035
556266725
554179
407112976
754090622
980009615
965252937
340454791
705264547
619600495
14203363
764617372
762965954
546034434
31254416
796544251
764944607
361951556
334981090
902523146
367628425
539440059
964725352
968041472
696298058
442057389
406127301
512547666
65550392
887179555
231766310
748439798
445625905
116292107
690237833
146276546
248829180
117240317
42892298
64674110
715439417
520582956
935906793
390213640
520596658
894963965
701547876
497681146
879841406
373034866
17695972
754657947
719924858
44859882
715523929
22055974
721801834
888179816
353062571
299962378
681493907
673891690
526169158
705607235
794649281
815442380
157246625
17206915
35489881
675061225
51691712
911033955
86081882
98180014
578041768
892829221
28556126
734655802
727059014
361680286
959696216
745884181
181361581
157495842
304045840
977318929
426026689
718799763
512209893
853948849
441818587
643832868
218051311
874806964
265765324
752322501
464863292
166401955
412742626
718071071
583642739
605905544
541243016
366509498
198166217
200895566
266525307
824127579
377695278
410904576
276544461
837508096
393570813
182956156
153489283
359343274
339347277
835349395
55241456
368115325
779277488
835375535
8440696
41235135
999019666
261645058
779567286
987994368
371536073
432000239
658920523
35495246
663128580
504489030
698347554
997196127
794389911
381136123
183227446
352425873
458764793
338522370
981455666
459500288
284550543
654173967
533581404
725269557
418422648
894019567
988551457
334693152
928913848
88634739
56444490
546848251
433486358
209955177
825712772
361308463
381077172
398758778
250221611
677488908
92612402
559593914
859123623
991843876
674907601
802072390
421232317
63463034
131588633
729441800
332971687
635692334
706005346
657095344
860252971
452058577
329291395
382052048
323238802
325949307
387933827
25774880
24491691
55013495
19763211
635766794
852580811
501705785
18717534
565359460
62405831
603281267
708827861
923588024
237540140
921169888
160510821
247956271
130438915
165264372
948580987
843517017
213544003
107843820
242243284
137248278
444707518
475026689
594769557
580674069
328482731
167884375
213197395
68362030
596988478
873291269
338303684
106920955
678765418
827716356
424479904
938851824
1663328
182025534
855913944
715229289
273023424
203806450
374193410
581121383
494024136
359299858
83873037
130319717
493931543
129828748
950253681
150155184
647902305
745238626
720786879
862049761
256317046
148401168
585311738
139569627
777762473
896611436
306816769
542646821
821510010
199101823
606646113
789997161
678850109
477674669
55777416
15644789
740031758
38475373
553635145
193347607
341992405
300946107
17029442
436303600
945461083
514868496
424714873
633851936
183391369
957160579
582285717
720209112
703356653
448386947
488770591
308471047
288433251
935095958
512542517
665200989
90043324
217386517
962482214
28905130
615751500
606308943
156610851
599484986
694599691
190133505
769393061
249365684
702983231
709972076
288554291
921652512
703162249
504198695
422216478
778360541
325731480
265844268
41724279
861053596
859152148
743923519
585959845
659878186
534815224
725435157
456308998
254529443
359343276
603336730
128900563
179780038
823663805
54573809
938482389
763321758
495010351
801980962
730398900
680838696
369468765
525636305
390551404
953399429
214433868
948095750
332580660
574258210
805331620
426693619
694509766
380227971
38499888
224316157
99029767
39545836
614861205
607748109
410805543
768859552
571133539
448076656
733659265
751910231
474292371
620866626
534722393
155051499
312816733
543844021
145885344
491074553
415816976
287654681
235428395
777615616
86397131
964569756
687570260
256347633
64040802
970669209
768469274
846246281
140080291
954222578
587983436
424664779
347592383
946082224
176193279
625396122
703346669
113822809
895335084
191974686
181000619
586392126
344097266
314049783
345722834
269190182
602878574
473038730
208095558
937037327
786817369
375049402
574829808
810849904
699432047
256290210
814045748
221089087
310694539
368968525
144293137
351526949
871904470
272725977
792489770
844141342
687122441
374749052
952541931
632865388
55070571
498626078
20838457
649826902
152363561
921478806
378380410
655554162
94212834
482542036
481178540
444882142
151653526
840124019
719447686
64813884
389740187
318990825
634807626
179229290
342622936
833720050
974752109
175347530
934956175
810831183
801292436
476607237
898116662
542611104
136191818
910930517
139331350
893182747
518505964
38051923
732309608
503670064
381225641
53137832
224228101
717409020
211816048
620155143
714117777
40129212
611029668
635202852
293341457
930038164
681770547
197816801
966784331
534117860
583690281
785622090
789851758
246972007
632077749
697950151
394374408
128800712
677011128
622524063
887129447
977319321
267877880
218357776
464625996
12628985
369555904
968332323
661334132
61883217
837517988
38930997
338521113
158580308
815703271
439878741
434103714
241700076
438258526
447038305
598834733
928876417
596833231
759011132
785927166
49492685
760160311
761467536
257615437
998237696
961506625
225146501
648187579
444214931
339518415
706047071
514811578
574254007
412916737
581415238
628579998
293847700
997962437
267536896
671554638
117674466
471574408
182427335
377128801
831809884
670164048
81899553
398304291
500038900
613883583
822652465
332196638
557586077
113807957
58208864
224190466
601363114
461404052
662024263
172042571
793204341
723194921
307872463
649354202
242957035
660951227
245716365
184604317
498612633
674223269
956985383
82425603
113447013
967468612
12996569
835417583
678644681
143196242
280816303
80383341
137082457
625263350
468455126
721893079
818888634
579112782
224516725
862479504
289023781
757398302
506262746
417370506
806530343
632407582
480726202
714724153
868281602
133397096
861322685
565834610
57227334
505322754
870131883
343114151
43769740
625301597
980614938
143441987
366250194
769796322
789005518
562550933
181098937
764917325
193970677
35137169
170455073
334649844
654542326
890936909
69314722
286319555
788186379
342041605
281664402
585870277
753243588
633751726
21793690
261501515
214848190
958657475
436449566
422067765
706906129
406486719
554765240
657076616
975346528
188451032
1001283
856152876
821002170
936353926
997296324
933215304
622890707
243832118
172732295
549912843
698783112
610461175
280769115
153555627
654735849
626807112
84062705
800442696
538039388
987634390
580277912
415557769
962851607
961141767
288556589
215032741
526385868
360384216
444871292
263724416
505926841
604961131
819091450
206060873
68035328
850867206
911173633
221141415
389451041
173081241
895750103
348558569
511851278
827042890
691327260
472042527
388512544
496872052
855179953
255919019
547264107
838287953
563080601
448720740
242789822
19810731
352564172
968204314
639175908
604936853
614900953
63654225
880216301
188125269
711134007
736627505
196695057
777515160
447309296
426895098
842166626
7672803
824099495
66360184
468766530
14776682
60566731
196968631
177253796
437370161
850970609
444800068
862783159
643358345
97837603
353475253
211629091
792732658
417310047
941564226
494004601
623447589
568411669
827632206
876242595
897375751
836466749
970047417
123317322
668152328
515912118
707612132
574976696
418807311
977374909
936181860
460966359
521108471
842386000
323688851
584663224
769006557
625401665
34883823
796603029
382033363
847333367
285187223
954633247
670373304
949070088
206330505
369593188
539812431
543860235
35389594
658015294
841285959
179242017
146976376
957817592
403927750
444547252
489336266
277645682
844716940
232805358
156414215
869381821
859790526
182087255
969466046
652806323
478911035
861383953
279978561
472792226
104773472
495419210
631347611
438853426
773305086
954227927
541165901
232150099
611984317
583097304
842914249
436233410
426724993
239830579
765578420
997939539
865200943
766382204
94052264
942013070
791038479
293351678
493975597
2124172
680137409
811977910
566380375
267487447
429803942
799283662
494506896
464814273
725405769
700191381
155133607
29460013
403237209
297090049
517666343
173516306
779961856
22784671
805595364
521192453
140372866
823475641
398138196
302629925
521469770
378011120
203850578
947983446
253113094
128558875
208263925
507830414
486870364
711671354
756137791
917992013
46069977
342179598
257827750
563320530
493548327
185098283
911147566
741373568
437807255
152235132
515520966
557808445
811620873
612631570
763247503
861466021
896220073
158199347
829575744
102528614
624514006
836715035
593447805
679684033
401069518
564377945
613682998
183952572
865317930
68532971
548013532
655258269
243962252
328351731
283882702
398495250
77423204
581639114
684254127
582431056
541799884
246909412
458604886
945808242
978051060
849049644
557015141
331717621
110127510
678337746
280747538
885590171
582762910
116703390
450946500
981255988
807772624
754352326
671024780
632304586
842051011
297832702
685587912
1672457
515290910
940546054
498853364
812903648
639246949
129704555
322054035
530515659
549468622
569824953
235943985
103550375
202851403
196623033
473842132
539441720
485001744
943741145
133158550
342040682
170238940
859274754
555155522
50669571
254581317
858353140
984227345
343418860
728421908
5011315
804614832
740852366
449617490
766073398
194428068
560838989
953846488
433417118
724227274
816457864
836823404
1182796
316825986
238419191
452726175
45330694
308208548
327522043
205287490
576310402
590081289
895080503
503436279
740815918
910730156
775948414
704447636
147472280
267376576
670055642
762235236
745467398
626167977
406424280
958272364
659397426
793185225
999040630
65296114
176509292
880737285
206597836
925159332
2175539
716620762
182804741
102143665
582987080
996193916
191356222
945850019
74588456
450080739
173989742
890763376
701651534
20888246
526710268
232832404
860671611
839924585
346103881
630140221
454031240
123443467
180898512
155352161
960542229
460960158
445673660
147116234
407242040
25010669
448701416
20966868
928723858
952699038
761821116
809128600
834636836
241564330
91287316
439820153
310180060
900810881
457829782
80376543
742070150
421040879
637024550
860197219
508855023
663920322
15175726
365819201
925542983
311762335
47381526
771615125
214124647
128950843
490811699
120406142
371044897
915086266
991081642
847444768
194886971
258759762
176118901
718275260
460514464
522876067
649734021
606036534
806257101
53172930
762262816
549005819
897872461
433374363
474257011
181172055
698795041
889399717
122928530
457653857
169489673
242330705
782100651
164300939
902993343
738653178
484632526
473211467
588183281
692332885
243753994
670457725
731996313
387175051
968965420
421347309
999164019
799713001
771406180
391980781
883047624
607112542
666676591
75109724
722817157
138881723
844306701
256286157
155664290
979784947
518256242
632203460
559031715
877062731
700613088
739981898
296707526
25098519
153957328
216756465
68429046
510089471
370603481
976442657
784959092
365418356
756719269
260684701
389444452
430222081
661868615
364703257
894019080
173131373
216396009
795783292
457036001
254159616
609727569
489958619
820677204
11367437
373017425
938229756
140178230
808811083
721226527
595310254
968167528
557880057
763806106
446173509
90157177
345293501
327230040
452430633
735666533
135017734
959545910
65742723
601959022
976069080
197931103
84808848
16711396
653511065
810580119
834544800
862670068
342120039
33691071
229496331
130426834
868894764
308332026
935525505
130824228
377803015
936917071
480038714
181595727
870397558
792232396
763335252
653322865
501774858
150101106
714773545
221282675
132603509
554367143
842588357
72613366
160159575
18409402
362878761
4134037
361113123
731593144
799244139
511902586
313637339
978316502
439250379
345484384
868551011
319159847
458071656
133096652
381935800
756708927
858564460
278956417
164066042
216845343
434268898
355997924
101414945
557550981
841663597
337019997
222500773
780971229
10452199
26209061
616865995
649140173
488351308
141678279
703363848
400289109
840630748
143046080
610069754
659228690
226907885
560778128
632041200
845433697
162039954
436493872
478677065
648334181
67419009
767164967
81453279
888047907
49959763
347942451
113779711
917595657
359742313
302664151
840464731
206299345
613110882
581667861
487204524
864403727
149796331
98922549
127857175
499481966
241227986
54437590
268705676
51155734
205534575
761908531
202497877
355393355
469363785
636433391
144081698
172872583
294169819
891384462
883670236
528451844
453430491
290115909
288551742
206787257
597872648
54301999
724939983
506765200
360355256
331969236
569222929
623488851
921307123
726392021
431050180
596917384
758732214
609040965
309894800
835810257
904259442
637410901
815937846
964375208
951243186
101702909
238757427
911233834
721108632
770802681
246974100
335278742
888258080
797125635
437771452
410069909
585347416
648903509
607752517
342388049
232982396
746325223
374469442
897384159
346740104
200653623
202575023
405476143
848936676
733918225
147755259
879174171
230433654
931872827
637357322
155999724
514647884
66986580
788043454
20026819
765914482
477181413
649515486
675996227
544495697
152765395
310503490
881566115
743405210
490336950
891095003
476831855
63126214
157766215
817531371
265018342
181218754
502715471
105998676
621342029
576111789
585250972
330278800
300511650
769852521
401985028
970337828
384743721
958297460
777062267
348806963
813773327
40299911
679232291
32067743
203258475
3534208
797934940
311521547
872361845
384874533
262620980
711522433
457284453
843200348
272865073
743122522
60903175
464222475
170440696
503494705
973397458
6744369
780007055
28426993
937383515
919711290
343389477
138826118
941880088
302778419
838168583
985797456
466028612
695059468
222749196
773385337
47283935
611255168
71585417
833121602
397622627
965740595
99133631
612599596
515413681
845029270
399644238
639827809
931011026
151955246
886115410
519159670
239876560
266256208
917900177
466081623
284853499
378262571
936011773
417919217
95582901
473477198
288688896
478911011
721031207
452980474
6781231
678610751
829029741
32868442
313488678
388499849
340082623
216693463
198950538
938712294
335395918
566720631
313137198
491420769
501703560
117604477
478030460
465065048
922737137
514969921
366391683
457672945
369296797
429412577
862664110
849899207
328500028
24472384
616376997
945359350
285206767
85701828
63415333
799889957
622796564
400004264
216052265
87616237
899808234
221551272
336257658
908806043
753699393
608480609
657711716
190342620
746608162
534912626
696833444
332219530
642066210
666208931
429393435
478049825
534674036
435129671
920717723
685952600
52749131
693946192
184977146
713651846
440281358
771198345
45690533
317801435
682037768
490733595
547381449
456586711
353091166
386356683
513040663
647076952
256187668
332834609
737225815
192935356
537158210
582032808
257575881
39695436
590270094
374831435
888745521
562596752
212341803
488195573
854043556
669164067
134446311
684313461
406475579
621333870
550663188
150753511
367921724
858266182
577835538
888209823
644321403
795627014
724107418
473885547
177510910
282241617
262551676
216733859
643388278
131854144
16651667
92753291
995044483
384506076
227285553
124670278
334056001
553535972
368589021
121336333
880207489
741665994
120999565
135067286
932716824
646982987
939533652
707405067
915084191
31614799
544845516
275140395
710032250
393555982
728196718
20261085
577402298
721150603
233029197
666432321
454784114
512386871
464897294
549863094
971824398
855237262
305872806
234362920
672500265
694739057
875421895
348880883
700249592
306791595
461845463
231933086
916623144
296864901
155965261
553178132
674512394
511310733
504873919
728520308
625434716
298693375
665011588
295006669
127784229
14557382
449023149
223248373
446815611
317249039
767198004
771268772
539983200
495093589
603636696
772838841
20263291
178926969
746909441
31860471
942215314
620934182
401661569
1134297
29263587
408430828
56405811
549183388
998144211
873172026
559033664
208615604
677342314
154903263
882254906
637948570
107764553
793250407
138900514
752923090
31771828
308907085
273126817
895735042
907521328
34251031
95976751
392596463
474129858
313440908
731976578
546809082
184298027
965159587
828941228
784868249
829371019
167685490
648796829
597748844
629207590
511010045
851631360
472878042
298237113
935606327
405861226
727854900
863805278
763225433
835351754
410906345
234904374
757659951
961839302
866427741
981970957
713156531
250045085
114994114
157285495
170787842
906640005
174372092
567665551
356738876
565129274
785959269
482165595
656223229
726031314
497747682
241062148
567719652
767455209
627883546
694236695
49211047
943393956
342671424
69688127
485864434
922144891
615540369
316246566
267049269
315344795
667213400
529061045
506365433
972256409
232607464
954713194
683554659
617502199
831538017
992758569
376665576
953559705
385089209
474107008
297769693
562459567
59738893
104663934
276230405
336320549
364763177
47278536
629008591
612058929
812200795
471588192
850219659
916484849
311641237
684741580
8793340
396065147
901214012
642310205
819302638
777891263
27755918
855459834
762193819
590222953
575947408
737487282
824973445
129435531
175270636
786795818
718782690
31666570
606065718
717069020
420161083
70405719
474896328
29116147
496203178
943579666
204343841
835241493
396058863
914039014
905304722
518514611
664637338
841233073
796522619
738856570
225461913
434966615
918490039
516265031
133074859
96003707
131241794
385885150
986939827
249479821
144533117
664010350
945257549
544407652
52301512
119448190
446977161
9126714
17216903
718025918
915371083
193647341
535780371
524629321
901030913
271066948
223189724
911925167
836126684
858844855
834664836
784832422
987948008
923351931
870313757
885515909
752803963
612367679
330852225
55679646
330856206
581387417
31554388
344784136
774836578
802627822
268529605
813693539
403288991
723076079
753440054
194765524
504958049
639934792
224498966
922230230
293488451
233881237
526254124
948312992
739226946
348074605
595612079
396130965
158624420
769609571
610146213
534861383
493857280
134311769
379658358
344057848
525239361
277244051
410407602
31230960
9070390
782869392
162408134
909659410
740319949
847198512
103201257
603127224
484131839
238176169
654810546
527484858
638507536
430786780
595864662
142093038
568633197
560707301
29057027
422214924
802045606
634164497
720980803
370313578
783226903
579982847
988018493
600282783
672461954
508811299
328089792
565260885
250196689
598266109
327573806
681837338
180641371
990008843
672579036
679276729
165520019
63531347
67282291
467503070
237686258
7850860
218125578
378281253
27487574
807467237
671460859
396029389
342228334
851256602
778241819
532943413
65127257
456968459
212911531
492553202
759601497
626455674
948364721
138795405
244216980
948053177
257884737
479751340
163340260
52100767
190560523
802879036
448957838
637598908
963475415
170041260
275055435
849679038
412178282
525606699
523238231
317460150
763477820
40399737
770664424
70417440
85676737
674092102
25332967
854720047
742849359
304202916
638809517
95063090
718672638
454873914
795541532
310283858
969853081
783842553
647292476
805707962
166321133
177859574
361932541
457870899
54434547
180836808
237857087
897885377
89627236
15036145
915519517
358480154
138121029
127566927
52063135
790160197
149641067
99001477
397512701
515283486
851690314
236819235
760722325
743702997
849179306
767140530
177840584
875378668
626220453
584078650
931648639
881857681
394044979
966434376
788103234
14332567
51065424
571642238
233442489
781896401
618273647
821449792
656825230
517526834
61944216
39563692
500803616
927567558
364149057
348121422
524631907
829612667
104369742
745298427
889809726
194199054
482695437
777510907
762791771
349070339
729060585
500554235
361592024
173939514
735308867
99419309
529507148
72704700
667111962
621281641
791943395
423551597
862847005
962231368
791962433
87373306
311885585
558453353
626305067
935341587
721114260
794814640
463673000
38662653
931355528
321800824
243815957
800145598
956215952
361576017
939834573
190089463
536711379
692075919
53369124
263911062
517308486
540697602
784931963
402220815
783872244
23459302
173118275
10630688
541649876
133771710
820718981
989333439
54153978
373155660
36655251
164493217
187258020
506057665
837876778
713412123
819109110
76781031
616424858
200062156
44406423
445845860
356174100
556990749
630262912
988117842
340379870
452791003
113350903
437397107
2194202
79748758
520070653
42759199
650094105
387479781
137996293
777342728
641194406
374583770
488483770
52277410
774026351
459501369
295363104
257111533
46829885
547556088
652729596
745210893
376237763
977404493
636577637
542537573
421226525
394898251
391488505
556142220
511260129
57100179
694246159
454253943
494279631
306979712
410623833
746586191
208204974
637227717
3363108
687512138
160594354
664117995
604881018
15728121
648923962
366353625
877927549
757714822
424487869
784075314
811561674
718617758
62842248
97587359
895029757
810780143
337835835
12112042
588728368
482997291
90500219
182216718
858271864
911894097
359806524
131831839
562094526
605633395
591262238
260930208
142871169
483900728
921410695
923342630
13795667
287544149
907182177
627735102
419924605
496334979
786678978
102359710
807781715
218696951
375133044
391639941
856049769
878759815
166374171
446397444
66484149
656395658
256425461
237380663
113728761
907356861
474140078
687041756
112138923
834404568
373738113
793979308
837701320
877229607
483380049
487494918
427123564
127426058
647566414
74657449
205641249
803041391
871707927
232595405
297014775
295340870
774906142
629880083
47279576
48817746
981529220
971749480
837249066
752727969
455359187
213029721
999369836
861668621
921189756
841355545
581602111
519397478
182151553
420706218
369097030
170002845
172831676
201232085
765227654
917666494
765426516
416716205
205655194
619190409
513386549
653750532
692768523
668201164
106442006
153390494
239840752
513315419
584991177
534103323
661589769
454075830
480349000
416647286
609325154
463131681
238795421
948506950
232583436
727448973
995580852
99842629
149048661
719489734
448428230
574475847
946949528
405147431
457009371
554913078
854268906
994500171
170549488
261155735
854886905
908593235
822048799
657410592
52307084
347517074
192519744
95996690
192140022
283522022
912864739
571777804
792430466
649302503
213118683
581766969
187670855
436934186
556623509
385371701
883060321
299763509
665573080
121906353
93918490
847399478
397401761
265649031
626837225
346083657
25224754
546131129
239147213
334031379
226226928
928770833
744759696
410706326
423124583
49689110
559070175
215739376
50701343
195781711
515805564
286933661
473364786
81816640
555841517
244522218
521228660
935096193
207466300
251754091
630316250
149696419
727298553
943336028
981702618
125662334
505903024
87540605
562024746
708571489
16384454
62260496
461474552
857796437
889281821
593069435
785627890
586990154
371794461
113465536
132704339
838589923
803814231
251182516
12979041
380170455
519163603
411064107
335459828
981054611
241527471
144272811
380403819
616279747
8923300
754917718
885709170
671687062
411293801
238560079
153817316
705520376
465780643
185101954
59936315
666587715
255891553
251114701
35026787
698936781
401599867
758660926
964501250
917058314
876052316
542861453
889941508
77888680
358263153
822241554
483562401
599649535
360442414
246473950
916550530
404518200
114376859
191003870
651355934
635134738
477458679
25143744
530541895
718212271
367238142
328217768
308879506
18150911
851086823
305651730
570600575
466681560
453374388
469589557
414649228
905683470
352071851
248052875
484185737
19858319
705613396
974086815
607808821
110797731
904887557
158456056
428705146
325521204
175406701
16358646
749415711
233369098
465807643
614638274
239422001
363543267
519576226
750892707
553573661
539006758
358590802
883817518
965076718
97444717
493434125
508718979
1388374
607483442
815676973
24434830
901119170
720174401
260515170
895996265
550043481
291317010
359518554
891548592
225489493
416425557
337857926
834225226
700455977
69284096
748221496
9843779
264381733
817061988
852399777
648943278
443534713
441353574
170431477
9571307
220693514
779398755
949385361
650372274
514448352
17604948
774790680
271304019
540936296
600435406
107372942
565962361
712920016
444585128
739449054
743178733
947215100
97199445
942387798
949510978
396044045
163438459
163441920
204667348
601635149
587362067
606002836
167637047
909941621
468015684
802207636
971159095
462674594
690340028
438529450
648245069
888850475
676820665
863969215
552537998
514058567
378624279
813885674
406808125
908934515
697570476
856686784
680319133
517687938
165840120
571224468
323749544
297651419
374713102
644521176
341888241
6520084
894680350
842703637
64247909
409030471
16809468
117935184
277577948
87956628
95532337
812287078
84982925
962336469
664570744
731330631
435203161
699223082
34570544
967193596
4311022
746250181
535526042
375445022
706233260
432662302
957284581
230809860
4256786
512646675
142240097
536855091
552713394
895656661
820037253
514163247
76243712
949191482
381286386
236724596
537929292
266000963
707269050
117534652
943531985
506552375
304069374
417661447
764447017
905156057
39046272
540357550
739417625
218009983
402257473
926376257
909163067
522858712
599108904
963256860
71042439
753619753
687165272
702683161
224095216
972456970
470705280
368609964
327848152
75335331
588222059
60169443
869104356
554321942
914745034
482317081
569275818
671188918
537307608
278296413
472292099
294184525
278351217
1771268
903732842
419343927
833045606
523836715
945237699
223443522
490250069
407147221
727384844
535180379
549092408
70906128
258107862
940213719
108360132
125880660
57054964
848584893
387130926
220986926
24403554
574450752
615959230
919957377
41521887
211588615
231565601
47138266
584336000
973760284
120212465
554439274
637888507
961176022
898935358
848389053
765405272
909180890
802903242
715672736
694312237
5982056
642336109
992112723
353039110
340907341
385992842
92645621
528537746
656221386
434590865
55310868
15999466
803116409
922244088
505639715
41672395
28012525
705760513
830356320
103791024
915097401
814707017
644844647
801342140
479050173
231495723
559075845
94981423
463095824
745151143
687292295
156398351
432075553
90762977
443764690
694409489
982876171
396241566
720566369
129047324
408860873
464288885
873374147
74888403
526886089
373618618
232941811
566961090
416436645
784097906
468309567
679208403
226012110
439028464
973336643
766307801
115566876
706860016
117461411
379300278
176731790
488895679
79161203
113598095
847372488
233543244
723565482
639158156
46372489
545874957
781349084
302806410
924687077
617053141
432147113
975449905
856626383
658734834
163215378
182960805
614943612
664148111
144886991
827853511
74285133
468153563
895252857
132085570
821764446
283283872
267855433
196029626
544374587
981843356
343040994
768509222
811505964
960591063
662438235
630040212
81310921
30603809
577529491
894034900
355378708
86742860
805695104
90875337
185350892
468562229
379842294
192942777
975264607
230248262
530528993
830618533
332785720
508258989
793336051
478239682
887732123
697995596
393031186
175140599
281750444
322185057
78047609
38690741
309155044
314354992
399407013
246420081
210319884
940430212
838332854
932140783
957953812
598551535
928468754
462166494
646889563
688340326
14918985
389652290
626584447
85843718
108001551
174477406
454396033
450996364
588614356
772007485
558091339
904589078
161812163
738846238
950168413
359599722
324670793
6118294
857476955
302911212
165653978
435169476
939799790
624564284
334336247
997428753
459724975
602803865
338432034
717729340
919391122
80687543
959439998
530443449
783828800
857234247
647629220
826490393
982036472
780581968
743346698
622919532
670679506
94410029
799980899
132100825
923877450
136419413
160145862
318739555
857178884
602742568
353272078
785627813
887875744
536308723
906108478
439684347
932186694
12902457
685426716
736407523
766637642
624749841
501305462
509092417
593618731
679632752
643575484
915827873
881656491
767119837
249348804
672626412
22225105
879306220
497822415
671885984
83808712
580462776
212426130
226503070
990555455
58919817
588923965
389608533
414489719
899836066
370564811
821008009
470579952
842197785
707542626
764122517
539448140
81674785
919729665
251578179
855131740
807431722
426042454
94048103
681743295
508426163
742156238
531906197
890700421
824561443
656956027
883956643
872368755
546910255
342929720
598805455
374337948
577548154
216654432
469735961
132169246
825196840
911622391
911814071
925772559
378820770
162553313
329324687
249794395
994065445
984504922
671070461
843120883
412773092
607070822
299232290
291796722
973369655
466950381
166851769
467375069
386318834
64273676
229738179
972339135
535090406
449764916
279941182
833691427
292082939
206129583
596836014
132479267
917264202
527327137
449365255
261706354
936465693
979472865
220375910
838087673
423368411
35177501
488753360
143432435
181745503
562461533
601410985
606029916
46453673
786076805
444556608
808290241
206981823
415092638
235149835
183282864
671938888
35949571
174796712
872822346
616001653
114051396
455419500
840252215
256498413
962952648
975729630
492769271
825000852
302280512
158196379
188794351
679390337
723224333
627720096
683839201
937199394
553557081
976341358
607177475
417638027
604530989
466483079
702793814
161132307
379796548
769055650
565131965
614091302
392866474
674036257
182288133
565190026
362786471
16844331
429581026
993556723
656348460
518674408
852922050
841279209
790982948
708842896
262554491
517408106
359443395
122859433
209942097
622494185
916745324
618507427
984327666
635107863
878996317
422033867
772005190
321217933
748938892
556756903
958698439
130440985
661483207
886221089
875906127
305282484
183979146
848450418
709623845
518144753
455324981
527769509
587532335
794163178
2375786
267173696
399685656
49136135
912630927
309041212
982050663
890783471
842578052
417741709
157734025
967349929
419801128
577670126
932537104
416653879
558083576
312859340
350688055
615383928
892845935
223690893
859771159
760131690
130048377
881458153
43696072
424649689
474482064
146866954
713265311
754187479
66381020
728891956
631937822
49814464
276609978
248085899
445443190
954409392
173070844
334157979
466995194
917361069
459024324
151841010
704373921
814834548
195657179
846194403
50977949
795035111
277412140
600740812
443037432
343462859
39227405
293393634
24393473
772501899
683357969
300571371
334750335
417543743
659705159
100762108
92377544
819015824
275087714
635181586
308523659
617062529
533098322
261914110
12262466
777103151
825986738
350720471
848260849
853998247
923485934
144824243
737787925
829012047
178044442
760725732
813923989
334731340
899684851
54673816
846731160
897360772
411661544
818068117
837196693
359079963
845140523
186981044
456561473
252352945
270971309
236004273
965244654
200093270
221203946
950661192
133505165
192722318
505315791
385009324
213077627
352694580
316845001
997686016
976879875
795122776
418484355
174934012
260126403
481593761
343257191
965601510
688034970
782219230
934800702
130525244
670676563
829647784
782779923
758350294
322757659
976898249
481443210
753281137
860371050
813434969
186240768
362444532
524717461
866559768
218941588
840438541
39492371
467268937
210531776
82072583
784177319
134345784
642226019
264809934
325850845
320795039
859520593
702497535
916410459
450979235
181889735
308350448
144078586
69260291
333729770
588340456
787282140
73599403
350434858
279536039
697800553
165480410
478047496
336833347
943313252
830671075
330078996
495387732
691872275
471537523
360857979
524912666
577158373
651346302
45284149
549459840
648331769
385379163
889037352
89142827
349794500
487788007
559768754
631060373
480081068
516787934
666236069
875085960
832823010
394254881
405897748
478273159
723390255
717714737
657168671
453703649
517118379
507365554
231912681
198693422
155178316
707486490
481693855
399713217
221867932
988450971
133162914
361268971
340709309
147899871
787189029
590823092
614408675
915060599
783126366
815593678
789874566
714107534
522093792
434234771
246601547
445870429
653130453
963166372
915042416
187844848
165556879
792030354
643063923
595778510
530101559
667765235
129729705
572178224
594758522
530296674
757424735
395893084
355091658
19156849
155869604
102554910
612461204
791839415
322094318
162269885
160122277
866864102
941206397
721801078
522698342
926525378
851947242
490949273
582616027
236563155
524992908
681884583
383019704
897274165
974038836
273239453
17499044
719521490
509032297
313378470
901857375
496587359
668683654
73576404
201729547
72016858
400555922
445367082
819709499
706165745
770174156
746954694
613618046
699151938
673736397
850884889
24738394
682377764
978743619
257370294
805425105
207357237
581322054
514129974
989313394
603684138
496797126
500055267
268873330
402043445
428534389
183406270
26438723
403913561
18036074
93220226
404897774
779736983
676202448
64876115
122715727
688033255
555483107
768422320
611556882
248889838
179525760
951078888
301626001
59979902
721499884
356914888
142314606
548206710
776658551
24487074
763547730
351003059
994645876
496513931
94865379
491281827
357395054
485847154
525589807
891080881
635064527
741576163
662130790
512688678
344712470
474280823
792715097
853040908
764125671
372184378
598673457
885131933
406504431
208422259
363277175
48731876
110094893
424314019
41420088
263888732
806172670
184197729
149579673
621976666
382875823
236120046
202485688
605745335
723198298
784245361
261648330
246583443
541815660
28731190
911318283
107221193
370543707
35411714
377771510
622491453
24676324
524827331
697104358
953909807
646402153
589253011
786125352
529199650
601397725
876272433
612744112
252719851
509212503
655695312
215409225
822344192
222146311
20246541
482052551
919419555
799176541
672314233
879578484
673918831
932021788
406287063
733511199
159489592
944433307
345170010
268089678
876866763
641029717
261952974
872017317
308266010
95344509
172632650
329896888
785021034
640983718
244236292
715627218
846271339
720156805
201352527
20778698
892457230
373841775
800297947
331154148
56369185
581673738
637358694
900037216
526181450
255440463
181049255
574392549
178217770
460667541
30238269
287539004
485621335
494758613
135264430
974367068
234083965
76376816
61545338
137296370
487378513
919124272
513437385
626319476
784613660
123546458
327280771
72250802
655137243
285305411
704562053
567691183
965473500
22109643
2090133
184493843
68597848
288221744
244944925
679568450
285906294
928259212
361573274
713297747
156542405
657558412
754403482
659308994
454427577
959924250
91975359
358076762
517291476
601356923
984339498
297956580
68128049
809499749
997840893
333230405
647127778
72678905
454124429
707656014
373412882
212152751
549802063
824739316
936275322
49829369
856977325
339033646
905132020
330433567
907086168
706472959
987274863
261953787
771469487
42500195
850946757
321739841
321415315
831422088
169478571
635059915
759451742
523441978
929560554
324686648
337517234
501327796
342364167
309279035
995742586
260538597
203539503
113629514
754301649
696255570
306118562
156491700
185489747
956375572
337987324
106137764
818600480
478119638
886553704
138566102
607414549
396876378
996921684
95328693
553941749
310247814
580544527
390988644
462634687
123214138
758281832
858590490
913184077
294604281
31127926
998578091
313694728
522640444
542873956
774992575
269310286
93201008
221420974
776445281
759380706
204415873
584248702
872647383
8317560
161265112
983155684
46887003
217050801
172224397
790051807
267205891
29938253
167111720
248105242
189167247
85470074
866372019
216472787
422117765
979451836
945366134
672184151
496870311
930825105
388344435
458283616
430736402
331788772
951427089
380816328
208916468
227157409
820695609
140655716
531851016
896335583
920945192
396929279
226561810
739795128
941034053
395701341
208254937
163198131
888922683
459796570
264704064
944540549
4485927
797952243
390416029
67015756
127429454
295392076
982269865
785826670
747381153
67634676
529698402
888548558
447874078
663588816
801210647
787004435
465054341
8654414
444047552
958559007
968035367
873798019
502617924
292522804
722757642
884783384
409541334
269287091
330195010
239495811
536788220
685685478
745506762
347709746
322519334
695611851
449449090
788482537
236288370
672248022
596275443
195880713
630753995
378023330
284206149
719553969
807393955
89438808
395426233
678581381
838948394
717332537
32809138
109301562
17822005
680337066
648560573
152585110
797896020
472766589
397441058
80847310
437323242
289719932
410833437
132781640
437440473
951687786
90872327
218073067
790838090
32158802
786085861
488713215
464144006
179956941
90099380
470709759
970242133
625122686
965677574
13534964
815260180
750212228
257368067
327740002
505571976
180039954
239668303
512200288
246676285
41538745
808867719
113547211
773121444
763506509
980633295
668540591
271745882
727711533
133984089
951513657
576046514
923657324
126121336
523405803
616223144
976004655
978875929
661815788
856030030
112555014
341260329
574855698
113796924
344529508
658037091
62620917
612825642
139111642
851344835
413470087
816030542
70353962
778343079
204873850
736026057
559912308
655165084
415593239
618786303
281336929
74278722
243243329
977178955
727945702
958596412
417498105
181468292
957448403
990384822
809725114
877724332
602778250
542788282
848566771
488592168
971345647
106139945
85501606
974920548
557819708
272893870
576206150
365270320
19623488
485990492
204499355
989117286
698693736
26917182
955054016
349321554
905307333
151032990
75421366
950620226
879417593
718847443
101219988
937144470
583815122
995936816
458137188
794321522
544711889
546797030
244865983
175363965
599522905
797521703
669741991
635657124
624236401
57455947
491776963
948598273
554162910
575579931
573939499
454074562
682804813
53026523
599958488
776275972
106553244
305288997
500387688
118771125
404750941
157521970
87766985
831862951
439293466
76368675
485049976
772350462
537365433
512988859
177396613
76584354
780982788
608620418
877806593
969820509
245019927
719294920
462607663
393935193
864541981
920096580
91035036
337935736
148400365
263754083
215566187
491154621
51319157
973451433
652174894
58140466
30889326
334355546
203766447
191004067
733793876
245412419
454304571
393775097
555967712
957038533
211948019
788712134
844418582
204095888
256490384
113670600
743210403
76541004
971375324
754637775
661130535
806640485
552648560
309711996
907949938
4681403
300488457
171761726
77082117
95861278
97720237
931882501
444388714
326956856
319278763
279889937
992828475
765059404
920715793
949191951
728755724
282996404
633919133
983113037
757548770
577909489
20720777
928387388
141885813
340564023
146767557
237445266
700448602
351227238
989285293
683837961
91567511
3670083
922328431
279545309
190192571
749142054
74451206
901981693
876842966
39606329
344912910
144424202
85065971
996762455
647699501
986491137
68620420
548424432
422907702
816985356
100155918
975523335
539866482
965326034
335472144
206253321
670246386
135833483
150222484
192828927
423699128
182934392
889049222
947873463
925566559
730192897
863433284
765372649
25052360
870054935
761697644
576934994
922637531
20319496
632073834
930960369
462643563
643186142
473043131
545529682
622282864
710093664
622063890
65440292
482809575
439916665
189138921
260801609
930068361
669314680
556847028
756225668
568136876
931306356
439547601
876575217
880555001
715794838
18499635
736016056
593604171
909996265
367310061
616443862
66262848
121480891
587829529
64928535
382803631
406777788
234816895
252502165
941336578
552234673
634914638
795577732
220636955
914673168
176199663
440169117
586145448
556658512
597605310
330342565
292877806
315387821
663664337
388572686
914104179
60817728
62372206
810726759
306756815
4566388
771883179
45954600
188436217
947663267
901081008
666427768
424075400
124234852
979885892
52574027
451159218
391709345
265986616
809794934
689419318
812881154
348947579
300389442
954101002
436442244
618778333
595395648
912674385
282557234
460978710
391315445
586811367
824844158
372881868
782847981
538512167
864712553
553849711
950626341
493480659
538758751
210237828
937853952
437054595
418682711
489451052
638882097
962228586
253311887
713908237
300994220
888885166
365722286
937779829
83214388
875027329
980216428
569655310
713963697
410129166
987869794
539685655
954968036
850556755
484874695
221358440
313364309
661994369
362615880
171425654
784459967
985082863
288640852
391483019
908587369
212983381
89925510
232328760
714308132
882021150
148405176
982888626
391320651
642892551
734625641
891376893
914174998
846438105
17432765
569364100
32116634
809938274
48848909
150530171
782423316
364647355
98369718
368797670
858330568
963269050
404530362
856330905
382525793
905758921
868731629
392158541
915349288
792759852
409803900
340710385
672818097
556841953
644033788
789002704
927958552
852176484
905502634
823294532
683612593
540595141
265386147
341195904
932771444
38996256
362067770
473026675
958339955
768120629
146231367
254351316
532346011
155224168
678458517
13233873
154265897
138439991
273274710
814750364
352947002
875552681
245381683
351830941
916444268
341104074
229623581
855397811
922756924
57377487
293246009
507099433
242610119
471938397
318805025
130138086
762803711
517086270
202793456
439470906
893014087
607782337
593567180
559412151
503189718
513355375
432691015
191502454
789001406
98334552
747137231
798198515
546403847
638868098
124943882
661022743
12528647
111243277
872511181
280144911
446399223
548137712
363679622
164274640
838298925
672235204
400292540
498940
801457507
202140422
788458773
137229637
180238433
811766507
404405981
136752983
916817369
105135482
819369928
450184424
449143391
997503616
459514658
65615921
985127303
884625204
137434161
184204725
326717085
116905899
240686602
268342140
597410313
617870083
30338042
991421179
337561316
969378528
150843253
649547514
751159539
64549783
248893732
206840180
701583787
243564310
71169589
33107062
416572189
105037302
990819008
458540825
720749475
962506191
378347206
328592344
890816246
344690670
323414853
168365057
440385231
756534861
827970017
231672712
937007773
538154714
978510659
971539268
985432406
571367029
887920112
190706774
178048796
259186949
49902421
175673877
126854168
703580863
951320496
693817563
853426302
216812857
458609857
794486714
26584766
481115164
6080792
664107005
797314063
362795376
742549833
910702732
221534560
495713993
915433307
330648584
94106425
891998389
124215730
102183616
953452543
944944194
317925750
781556787
154152619
990336598
764288367
972793322
742369065
14021479
204862266
500021353
77460274
915792414
215579717
940961125
307041583
520999480
783833445
109238091
157549212
254346097
501795940
130326708
25741899
798383021
2437203
987290165
204147516
62798513
434664428
841812319
301316601
499136283
351333891
724686555
442769055
620072900
807160459
916582096
844186173
348715862
504621884
370388662
721457459
531053770
160379833
147168964
291450133
353295288
795155071
483326928
576519105
750471848
432667829
315890280
795391805
917929653
780137616
986486456
142552913
503893372
758706116
125504934
642101369
496533358
354283882
991860856
16476491
768785305
619954678
380080571
908968629
197170476
94788857
743512807
725523791
663008207
947549226
867147732
159476413
376620049
438014649
853868589
755973336
553483459
106365207
207075933
804201265
549843340
777774745
549828940
660408400
364622496
346626958
887313547
670847171
283228799
404398330
168128466
898803943
634355480
414368483
150107642
543783349
569515404
263334963
979350115
448803240
33472039
86173404
431915284
168252045
112774198
757459620
402472246
499404538
413484910
654744240
497049882
356496173
225068551
91726224
985375763
863121876
512744491
714317591
743280192
836162969
341366110
64028009
88238821
611724972
999905940
943410904
338565215
138385928
219055559
348697523
522521620
20323048
464890579
334958448
856767877
954009544
337654451
225595406
689990925
52293114
415179026
253900062
374801056
597054646
101267756
838059241
37225795
38947862
139222848
423498980
51474174
877730641
849588882
308143805
436879486
631365055
910080213
25577084
207408164
661037050
952987102
547722373
122073621
241252031
401646235
579263370
28351859
941548772
747805848
270233153
180576615
666579086
565806312
114715904
231172292
592406014
873758537
684448050
249838179
944597647
47571399
345769092
855078055
614282417
880031303
231701001
79493685
972799631
988136262
988078124
744779466
809218058
597144322
801155379
304891556
760899300
254650983
890170229
924743893
330548872
528804069
712046296
722863878
376682302
909086376
87196526
949901950
9457987
15249942
676573720
538116825
243294353
354952014
893104744
92279488
429300239
208812411
237208883
74834547
983443042
186073063
589488149
462320707
819915358
489216300
620953011
747063971
358415649
636997430
492097319
209395913
592504466
378841881
548393949
718460398
781721164
707351065
530493196
668889503
893410710
141811283
444318446
82688532
798761091
713196170
602269623
958412894
211691376
943029435
216255408
756826102
991008315
401059281
193625625
911412421
455826039
963725733
909347154
305031816
649681501
253309792
277090565
224870778
402552653
889760722
51415019
579195868
255480006
715613513
286737907
77901464
516657230
535846693
427971253
132655261
776035904
227687645
635733694
796185464
549777100
494573953
495340927
11734368
154019925
680981135
527966927
629435558
151840106
944938253
265623611
338644528
237052420
420818285
447288772
801521817
434593034
378949901
555262576
598419051
984461225
93678999
750050382
330777095
91354463
230962527
453419768
900087433
1734065
679965238
14283487
236209187
581731307
823835056
470909633
723218984
458632321
342760422
278670259
298540116
718315581
242710946
485788440
100747730
943848427
297836798
593081719
165288672
42385845
8155631
238934255
725120858
407113787
678355276
136966577
782997018
403048174
820389400
19014822
494028602
388498849
498705921
147098869
696235252
259072465
29073831
941393921
93355104
548377164
190583336
41250195
311599274
262740390
34147336
784521029
514192981
827596669
501902093
944063532
108386080
508917097
66001738
828505659
261509752
94928280
832116715
523316653
836582669
24541926
613416494
934773088
308220232
266805426
157443651
631709456
717576016
130504945
80933465
22687319
707655584
749921583
763778994
953302846
5225884
83578805
887960771
957471242
946327573
373963522
719162832
151940423
687699550
82421784
152217944
480570548
113388401
610950533
558113079
827143453
416568635
277094436
657372215
606516317
944635045
886901486
772861268
160508486
458895856
98172423
724136209
900150084
851204878
875578038
273272616
775171074
814744555
397063133
364125473
549433015
228188786
803923073
108811134
312657058
433352873
613722513
987336565
85678850
556815155
762155269
419521153
87262112
652435753
28513981
7305076
517890971
53625984
768150021
96718171
435210861
344812441
947438210
224205355
76881696
812122790
930724654
763835636
615985549
444136104
161597375
57452488
500713315
886222723
59585958
820989385
252621429
30965882
185381075
982365969
43994914
193011560
245341974
419029162
230678442
838896240
882638943
241191599
684133951
728851265
721680074
982007571
383081454
851352201
204832411
332476538
596430996
422157673
435852536
402547434
531713834
401402275
559758228
190399228
813111250
639563421
717800181
248178830
982766515
619484080
302720026
302663449
600056456
251078226
151676640
526361059
974648437
157990926
522372413
156631231
666491003
952578781
44089763
571743359
509688615
511293149
379114092
528350067
164547783
383342110
671568890
617514654
632522098
859368494
584762427
47260148
912319806
950560897
269857529
32264470
66558256
461769074
172633187
619290311
593636933
842618215
141217709
667634648
339625795
503553803
378383365
733332694
797166928
8745538
966392571
864377618
302559312
934197077
506120609
75814233
900845675
800781993
589955981
523299774
890106505
134440661
593962841
501343917
257033685
896558137
275050960
935548247
191169529
847139930
18006238
351891245
837406701
839095820
504168899
804712545
820020187
552115439
152102956
500408494
926931304
348078755
241571264
605055406
382987446
614267363
191247961
356938823
151537560
757715118
663003317
160228940
869124540
332363465
619136988
114055458
346737959
579166400
797993997
635414886
592667513
292559560
472498755
445962470
141063602
828053826
263537696
292509176
949173712
122303560
751611478
867840879
994419435
878780638
542197891
47288273
143165048
283717323
29860464
418666042
710384080
684745810
705579094
454772290
465151662
27620910
393395168
578816418
70850883
494410733
866872852
113009173
873293729
941615863
382600927
435606081
308331574
896423408
92786085
446722965
655111777
771010031
30994866
393673225
846098966
97793471
212752419
76534505
278421044
322586775
325375272
846865005
969944222
673289339
976237947
145832423
407674266
858448314
308530121
783543532
560129367
502481283
918669776
707138845
417668986
219223742
667329734
636946349
460932143
386150928
416480446
589655655
861544702
343497429
481234866
958914230
228702785
228733469
497578446
997809064
859605667
374833456
952341762
743345496
653349019
715435219
296404110
259185822
620044090
912994874
662166466
949871713
198898112
153027103
725208733
776629688
497805122
129368180
984146771
126124180
302848056
710405036
639881037
435129467
489463939
824807944
639424554
153523273
483835449
799468990
332381840
485335587
595690314
839832784
941334516
734616875
241500015
198633948
328394526
23227479
526021890
640017742
730785109
241067974
530249101
117385686
791032195
894050941
27784529
725457225
587205262
87216308
680369210
876992132
593009699
964953838
271869352
365609571
156368081
858713110
696298265
858678715
309813990
574362781
36939201
992180927
388458569
589222826
785781231
214484795
626086374
990450590
804225806
602522485
751976656
353407264
44126039
935221786
239871803
531746799
185809543
454384599
143126284
433550155
306194857
860631454
997607094
410211347
744915606
795530623
132015694
897337474
324680119
119761308
792209884
836591929
156176998
452455758
775333014
299800654
932372390
159996931
856282059
3124474
747222276
275063362
465945337
621127262
904544199
11155960
423161765
803836246
442548177
84246353
721020793
593256430
453269175
775668220
193327481
120185724
624514850
800621106
399451824
169333296
551920603
528352323
49867963
196757488
889665130
187205026
10036591
844750572
763614639
751790610
411101260
521694689
796351114
130354148
708465134
140018727
433677043
138602851
902430084
398389744
222017157
872986779
787020413
532817249
271717617
949976261
405912266
918982128
303789534
51571306
856662952
263600818
889205977
139790027
887013000
742661716
161096289
120356017
473413000
753730094
240970049
500245036
258802862
344959625
514831086
810430264
538198708
587226613
46811852
932449053
176306656
282566334
259181358
733298977
367948256
730296881
197593613
863966780
929581181
66686526
980038234
710866930
863372823
297108170
752891754
639550353
83124400
453072582
426006948
288479474
841953622
473723127
684561271
768485634
484084863
534739091
57348861
958800363
241909560
28708465
213897745
589872941
934778879
138193683
745796813
529109367
677978764
