265320227
18232814
841171896
5863496
54167927
708428225
347133261
839623697
386869626
910090975
642103703
909420390
962258042
446198380
232736455
733059423
675072216
295348350
160666722
355785523
529417026
470447516
824638888
995687425
76725244
467974969
291925112
281096620
82880122
264483967
820930971
127350097
898726850
987175586
552622416
870609788
503334586
731862472
905423995
386807699
336384718
699160678
515530938
681200491
918796843
179696369
952633345
646855611
773673163
668264136
102040389
121706413
547533772
929549160
798011837
305553008
822911254
58742330
813891329
552235645
726833335
763666016
179879728
13747022
594563192
652352382
142032261
837809463
550184561
776479428
79505380
664906110
904271007
274854724
762234127
59546140
794952214
254665432
832849392
357733262
910638844
243558593
268422404
182053468
40930787
352354244
339101216
695337675
835155938
86480689
873050388
936616714
713327153
186601085
217620960
332818551
962429374
960456374
287464964
65640885
966924371
402790011
854566797
998179865
872443918
233798081
107529362
405979207
237376052
771811605
737978430
588151176
167454742
266397408
894231647
772670191
716699255
25205130
617940323
53470393
299934718
920298881
52856
333967378
471219646
530569814
696800700
392578648
546123971
622648854
159576560
352931679
997054736
239510667
473482584
855331950
105041504
742197157
972586763
792787696
784299095
876182866
232749408
919649298
638752156
621041451
891754421
510211460
789413083
649517708
215490277
169170339
722017813
79354093
415105886
481694041
488754539
59686387
729233475
717830950
773233657
312222946
133972152
28065669
406172744
922246516
47585005
538230287
357004539
817226736
510024178
354234329
205277925
381473422
869756048
502591015
290392447
652223871
863716688
880398434
208954594
933388056
302770005
68411707
544608096
96848097
69437242
337084755
52729585
343963926
214131116
480348532
220788319
573889642
47503981
423796356
582182671
339791858
381128995
403068643
310873305
602508901
725125926
468199782
815192767
73384992
760725046
280859391
639610486
324606770
850664262
221463644
992364745
307991282
766031180
311762777
978154971
921037437
885474771
812097704
728630832
396736718
424238765
991966728
313885322
723612727
993145020
21380573
521044860
417486030
311210405
697030861
272369692
757782617
142290270
739447268
204541690
324216383
563610902
486246491
611932919
699319789
894330472
450505889
663116758
394273648
691671286
626908336
578565908
917114513
602393846
535044863
286756457
924110728
866568160
920498674
441837948
514076462
616056945
750372489
753646181
810440663
902369437
318967589
113229634
839274137
677384469
897102975
290820357
115416547
473000268
653260673
31817985
799541509
563377972
311322462
508044793
908148904
832911474
448960512
577126497
582770897
674166269
443540611
517536889
812807173
625780809
339422062
226833628
480955277
678455742
934510934
731125856
689298370
443301547
569437927
404436495
437491528
347641280
173861951
269249030
103575526
981137270
262206163
92544797
93269320
764424417
51424340
662916141
813582979
93098820
481420036
680282446
192502165
725588862
275936705
244077575
712141975
272168529
350776569
827466023
130083676
856372564
794440718
85611429
183136241
829472646
92246906
209183784
991773229
760527355
125035656
253346976
166251956
710138213
967456956
478764252
282569016
235929907
27643538
613283066
887977384
557621074
782977417
717274785
472237950
991959918
482063985
515008888
737196111
966247770
348998573
956464993
309987900
348791052
267529833
645001194
658577429
576092414
148655435
138524356
551448136
535018296
220547421
914191354
117042250
513181036
758577260
593068578
365398383
537546118
916792652
110582963
819369984
658366566
470083390
381776572
401341513
494244520
472336881
547418166
302283922
282390963
158251272
571861843
787317339
7108859
205223648
603599023
953024147
683758791
996618070
273261688
551934392
834810135
141179768
178183211
74764201
878088503
124100943
205018151
92323490
789728505
301980854
79113326
227952919
615641078
633848412
664667043
891516611
607116128
999598359
654400963
279132692
662441433
297923358
446506403
64763195
8264385
381329084
582861600
905427151
377413752
304171861
353436700
221122478
30555308
738454342
843614464
176528278
528602412
663434020
626262428
733345182
41825745
121369679
966812758
926146979
384462269
205690476
770152117
142095398
490562107
381265825
818209730
116947162
955856986
605883500
579615265
951417633
226822201
79266397
494620404
272048022
229830735
128463842
67347550
168692897
475499302
454429773
784654891
630647057
312055839
43123095
158503412
729382660
212446425
214431317
796878228
196603178
365474364
685405492
852563990
622797553
580336090
530563444
792667579
267692972
917661118
659832091
954124788
997692543
590822735
521103128
980937660
969207786
242310799
281868681
944497789
443474164
272878452
248933273
180911894
184410598
267976896
357901776
595287321
861486415
105629329
72674638
177406924
31426192
599658456
197081676
785769194
982638521
453579806
931037659
563518723
351268385
911560063
213079128
321479522
356281431
303089898
942145083
499377099
521895961
738836713
562841778
334866252
850500507
835758720
962889583
435190083
928299076
21257831
52949309
718565750
126596172
135322261
166468804
512343169
289035625
76038755
926853434
746836645
609092404
701686362
876422824
461359032
210986124
984713202
660680090
922801993
187266984
754749030
379700356
796456202
81916262
850749487
566696957
738086192
451407815
928435932
597096581
981779292
875245726
155410758
994485148
443162250
73810971
704195591
302758981
471946420
224693068
525497001
293405728
598279817
633797775
80248491
563066681
197942637
894802890
541722467
861478672
799059387
972047626
115333050
396085367
226155468
997145485
716616271
524569938
774662080
269013908
873280788
148620552
932098457
969671752
420806644
240865512
746544937
582906008
984357712
79685537
417563410
526662440
869126100
616843085
692754206
126009174
985178925
29756121
755706918
740446542
339950779
529397275
431190821
837953532
536432228
274009336
219546751
137662953
659563850
122351995
749457941
563503712
947965779
212022511
789285084
477651003
588653245
355833979
220376273
602928657
917593538
12442368
770496675
77899945
830690870
732820517
243562372
272262471
933484139
768362345
331147286
714993322
819275263
396713770
401408775
687045102
821760154
562190363
518737555
368681335
412305255
735022005
310114087
912900894
412930763
444926469
529901005
865540987
941780107
508643239
418801343
330138679
710838750
177164901
632622449
526801883
648816865
160820445
753649306
300026972
254509117
807881918
681981627
485128398
95066393
445357941
311211293
766997879
729902648
213434939
328988979
162885307
491510965
297172670
414532631
578678048
81045626
998545973
82675923
504730912
986903294
846839695
675936246
306803991
86183734
242392915
154455343
285310053
515436161
580024945
251041924
81713614
235673381
681264234
488905079
636525788
542021794
210015883
659204699
759468473
860368604
256150257
747571293
481254392
10871645
874717870
337702908
746800899
844838351
745115010
686986672
87101849
645514460
902237467
79912000
411734057
403230296
16329729
449311204
685050395
108835272
440288431
743351693
488426561
849532214
623157322
43981244
341768142
952645820
596969566
83028251
171837019
374454396
754565677
388668382
567425371
320048027
687944282
620257366
858862608
623656420
834041078
847168480
971567923
479188633
26745332
284697165
42550372
23350773
671329590
701342911
424328371
246117713
295449444
731221194
424715101
29570263
447698367
310456989
829641599
745395311
944127362
526790743
669732233
587346816
169295577
321559473
341039015
275298059
496369285
951500365
286534829
175361841
89284803
391950652
68735580
260457677
622230186
809691474
649694200
778922673
359619329
450242020
557219522
997687324
674588152
153088491
30798270
430912757
934754497
441682718
882802001
285827984
76641344
772859232
567814384
808770735
984212132
579344669
771223896
427697914
970717764
393167481
825945415
490554337
197342928
616285126
821042809
534388157
473420147
280401539
980006507
85222541
274364558
374051048
673266022
276581727
560437876
128442814
219644407
838788758
1904293
692473330
925826533
27815263
129042800
402891568
378231464
222577470
644341392
249140795
352409575
543352571
498605312
823719607
743732876
261904303
980842930
107090756
813022607
802407904
752948865
414160261
911570057
863620535
918182373
89729431
80330450
809248139
744028968
485172425
640457112
288102369
462926580
930414455
822060951
101550251
373547147
831086710
761449229
831361738
135306448
798023153
442377319
159082710
268397562
995023908
40941287
979370573
685623162
340329948
434948125
747595755
748853026
966301068
341881342
346261095
559881833
32757594
982246909
312402701
861505567
998955306
365851163
968562726
266814280
429657329
753999828
365878903
359688459
869642582
859941274
709627473
467882114
352903433
469754855
220779162
539221519
380127849
686804272
978869255
481704709
922332444
898100435
931515635
509719085
360470406
29173084
965412884
988174933
437289664
248105711
12425784
112431810
22425748
540232599
116536835
634973671
216867602
11325963
41029881
591820231
373741553
329262358
630339301
642915579
639711302
820152419
976910958
420413178
384879440
74555687
668038334
701311565
611956918
170591086
884997828
509291565
914151813
895854074
530978150
876396994
954641473
191816863
654713424
310354855
932933878
959410525
178124083
15284543
764603867
235257512
298114570
471194214
989810103
895625148
617342290
387039428
670658068
879005062
312690716
41015030
265202786
693536919
111387729
877136324
13769829
134724187
493661689
116410649
682965726
474852551
978208389
715313259
206423730
379156799
434915866
816910184
678558489
304910418
382606494
128262068
522219863
149041373
383506722
506205503
177620460
972239037
777695703
83550520
906363491
52185294
355414438
332409192
14414689
71567597
654698753
747107127
489544849
403784914
107918415
487120707
732495757
296832906
261440603
117462101
997370487
154578136
772653405
288992099
380326119
203261089
487895704
339353429
908178420
163070133
823079533
7731832
449264933
382653696
393751937
926294203
888165688
666512635
84543990
135661921
893162129
495706838
370324727
576731620
162394706
660968336
19063938
740057757
318876290
142494563
322712952
438585370
899420751
441409359
873490209
417559955
238798247
241200129
885497049
374275201
657563840
39204591
535223025
394644043
14226775
522956675
903869482
146276208
476527724
408551018
655633368
355993812
11615275
366174391
781666520
652227248
18086350
727294869
547968617
262466338
479696056
106086150
586495208
881608016
84708864
286498752
587397345
530059413
967024561
918111197
753021698
437978161
483328367
705787282
131331778
290963396
801736778
710909909
116491858
283082227
871168503
210594428
110554156
69802965
771709180
390167017
280383806
343263468
367502347
907293935
74949537
371704344
160111049
239942817
603393668
256059167
336892368
488910552
527304613
38920258
720122806
57264124
216609251
193855122
357292035
594672501
471898419
910720820
615101409
282534409
368848360
247566554
280648293
286728833
755967808
738757590
608421780
511719428
388477061
21881220
708468883
484918321
256536058
386719201
880974086
785408041
38910196
488748646
605144903
197873905
400604823
864799272
891868093
755548821
678766494
335970103
242100032
233480572
577149693
27733109
580740565
549998378
763772660
302731150
581231248
637381441
627154988
229221821
453037617
933146100
799161872
657046306
336573032
858158978
218329362
940431542
901914099
222783901
761161051
322245774
969252541
924476649
189709613
681935355
379707602
504925652
856616888
27944482
940379793
505543124
168449680
893697286
318275064
887641036
83840294
801266237
561242252
477012259
70465448
741626855
994945228
336360873
59533175
600978958
174792117
739780623
45099010
467152746
781929528
254293250
5415428
553291562
396864994
958780958
246760192
902268653
103910132
135685081
525861921
260196458
635797989
581108757
404100584
648686029
312827224
517096416
353009282
821786823
342381522
938595961
804925150
170669031
516946537
382835676
870749520
246083074
691652491
638426878
319400230
355997036
477559477
576914361
831583594
991918052
701029876
396157724
87706003
265861661
810703425
284858728
535723303
285410384
905974885
369365941
731575864
408927002
989944523
350408702
480322621
806201412
929231491
39294610
731609147
615834324
969393644
317925728
6223045
946222425
413101662
913702025
231433499
588879906
939509771
803869054
265281571
202021888
772961785
269426314
41736507
788598179
830203292
192431702
810438896
878331840
108191657
959453167
308791840
434644321
115311232
653239007
524928279
366596081
526245031
91269222
814814758
832258142
11960173
80798825
451558439
7824751
144358791
639695633
187467006
288874766
401152281
851385063
367456923
640466851
732622986
881594232
853151430
631259698
952825111
30293964
168515203
147193668
15197888
943557167
362058581
698898214
162057336
765730380
324991268
848118811
928176560
716586282
521737799
630055002
630707211
507147417
506488957
779084953
757410314
989792539
948593052
51146224
820573103
298728622
273962661
759719016
339405805
840150490
585916384
588384305
10376389
901337821
816652985
950191137
671074561
236292867
382297806
532865691
744415806
585270166
309203068
60900166
530608307
123939567
470233810
810416823
748598310
559361755
24492302
106881063
248862510
34866267
605360634
316613815
814178312
535437637
715475878
930937760
567855805
522566708
349553146
669604537
153463192
479030119
339556580
166516258
947839343
226946425
966258589
855947467
195498898
51665158
282277659
42316325
471085494
389810025
218801553
18263432
620311927
636513305
918487417
980116906
176348543
975872550
172815536
449746570
413181630
462738517
634781068
187248760
227929463
600002585
239859398
20373670
339785463
447095750
104303814
772709942
49452111
681307227
881399154
687374625
449644619
896890957
157243716
207963399
418269926
251683861
555410911
967098185
312770472
59056123
213635822
56445864
707227370
13011229
231495403
877639172
453411169
700946377
19513875
581736377
909692121
349674197
413635163
211649955
65161640
792868850
996647201
785186109
119500514
988483650
203783586
879247134
689416808
21125132
769012846
594314945
730163821
274060120
381033413
155850964
252658095
57906975
224160328
569307101
368021548
348558717
992737183
509837339
515641525
383036385
903627422
190502472
625221433
558894679
312380071
531893374
513131838
35250189
173713042
566446324
96276939
228728630
521149814
954533287
47235266
374076381
524214484
432724536
84932160
487377308
959320915
188591020
620823097
287738868
320344441
258361349
922175605
731513554
888279505
445846850
808213595
668766128
806827144
872696689
89329998
17813302
237210451
63518076
942123783
47528061
739730021
139851307
827428938
757035598
197317618
418474514
994067729
838576994
768893332
205662434
260307651
708332673
221425898
626050275
923599647
198712364
818623860
776335930
922966325
995396196
941897430
84031417
438047513
902551427
690412222
103430934
631687463
709961340
655703071
190220190
819170799
750723987
680344137
53059819
476084254
623473319
172419061
915039332
456900305
642314783
989170111
896701011
899187003
450893071
775403125
469090751
506075836
400999830
486465743
539762099
18261116
643790981
447454715
159151115
304052815
574577944
5258935
634908293
444349467
276633879
377838529
280906173
626473937
981940769
236306993
387911437
827237479
810910030
484520872
458711772
191310153
287839808
946671997
604711702
760709450
216895421
737031731
142480442
124487281
429447740
431502238
465403605
865852174
585489453
548429070
269533637
583402266
240878534
688843440
773911630
876297039
827430638
341753853
718033929
919142454
135233289
936947964
126858359
610821636
598159706
601893244
482465167
157667952
373744309
887806593
776469136
515149362
198051193
227498033
935962944
684044189
1592284
640214124
104153980
182799299
904637756
474905808
30585894
668311669
207483382
629412952
150596368
325861157
431039510
700109658
585198790
208591689
279308559
194993403
234577196
26260649
129801460
53955417
119811130
441237281
756814616
140247352
793831691
22264811
684245485
597919006
862299100
341995388
651303946
494792925
393025843
224353434
748168164
284738635
826180368
851212873
269450388
318851411
522204480
524910029
749801023
991951289
671957001
302787618
225677809
46972904
903535793
63461697
489453245
359901018
820066774
823317117
885586461
923856347
157188758
706362833
63868945
75530914
49193368
987372520
564661275
358250462
898503922
237224429
694679028
901157366
65009695
25015550
467890403
992873866
391991964
59087878
347388364
787374556
369452733
963637599
117713023
780541640
316039294
354525477
758897309
766438977
148302195
629944157
808384523
699841835
509906105
568165663
987918962
934690446
172883209
487840202
931374282
520535849
687656837
522765558
435083229
925947032
142420152
112334553
461387912
95442024
138512446
654699125
233033712
718041818
342431606
42089833
338464915
623122952
373431347
257834991
407953200
702797358
968474565
985562485
169130470
484922668
213042808
163274766
483967689
94624502
41138021
418967968
709411277
242121310
632721048
463363290
595992388
832963034
572455607
364980847
723843880
445453944
243182267
672138534
535258824
496425357
660835683
432530950
978304976
768821445
539483650
928837983
992900091
420181129
359748502
488023861
981957603
430288924
861222380
324285360
581924367
895388779
271240448
696218542
267404094
723976030
478899900
17678944
275529610
313332392
339095770
603688767
860136892
432695024
664902492
144813028
676912399
143858371
813168621
730011288
456444357
274122876
543732365
573274414
298523648
643423176
155738408
991661221
247932508
232966890
953754745
621498620
948382932
472555938
595697206
185652824
398605118
53384716
884116152
123924294
134502207
840261948
203783257
43651887
321721790
559177943
153717829
175965613
424380319
7713042
407185278
222008079
495982195
707812835
18087971
471705197
339159284
443081138
582093134
790075110
201013865
41385967
788044902
219060318
408667340
721483600
227626936
397985409
160339928
200744892
693978242
770748312
404423267
484977839
152724487
275415998
331717587
300335591
811668477
611786713
165834214
486518642
392467235
858247307
427361526
138330120
434382651
428570125
43913203
595894518
192221860
42231900
431672996
346559657
630749672
255919280
621187348
584161422
35574801
810886179
494834465
13416997
440191663
143183574
779439063
569498652
841415519
459969011
184498852
916692404
625424424
314473268
499709327
852194314
647538552
379206527
305437140
987249775
112259064
46707999
198993584
639733749
368862053
483005509
430965032
421929879
614174928
839194960
726333435
210943334
664344863
841429678
444184836
891716030
731397975
715533036
11899463
377855911
336070958
637912171
490342780
886818288
233759764
883633852
808992945
468432524
363381613
267976906
520104905
199862403
861520579
545967234
871472693
161433386
781897306
44520860
450919643
144736032
646129462
14400132
781151284
205869797
544146388
672375963
696273032
661486361
602533005
241947800
181897667
786039713
178401899
827855438
529005307
253170380
330424229
978567536
577108448
88827901
874771617
790712452
945240706
518920782
952706309
671205962
559531946
808825961
480053794
195608836
499188219
602442253
454444557
188047584
272581353
957913483
27554039
815180336
972070711
467390212
360142152
282229227
599187282
540993021
595776358
693330273
48245185
863623503
303212486
68617548
554092645
771969943
647927106
214343
922925054
339471156
246368718
819138294
483680780
545598274
692823985
384481023
602946140
780677473
381165837
239832333
76480350
141310106
170705564
199921597
732507489
594007980
350392585
161586888
838457223
947663735
83915466
397834953
927063643
877372838
579173412
315973683
866384551
917506367
354984702
872406379
495320083
281823357
520937588
158106999
3277044
265302908
459704220
975015728
856419028
453213993
743591937
573414466
557152697
693403347
327095302
922413954
20482014
296559074
241310323
527515403
85901166
488900070
994101019
939534196
460472174
36308891
792914564
770366438
826751001
130749035
388146311
846213882
787224892
920174173
932067335
310414300
637798178
436335190
218687486
918119813
950977058
404254089
925684035
451340379
3293126
224592460
130191612
459984178
264758255
476504439
797627244
306915466
717197955
988881465
144481264
729174886
49014597
216834841
120177950
144628837
14912232
707315843
270500176
888648526
629745737
728868286
400055718
910423433
956208446
935156427
334576010
936863008
86331467
769772616
35788855
301434684
731662590
295535339
786847132
255554599
534388115
333976685
852869324
815673072
163276520
939497398
112536542
563410966
850578122
295632404
410207334
245340815
956663324
747080494
711192020
625226260
522060291
76579724
891494954
158243318
399216115
252051241
901325209
425462009
50965426
519721557
436942789
847860474
290686048
973122937
650312709
193045660
551644171
579311849
352425943
398529603
532525744
812957769
130060256
375833598
132917549
153935227
835131496
681479343
728604953
558894472
284770361
700131903
523202949
890698877
837552791
135120539
641304418
733420688
68861716
178893272
452894877
232165149
239088035
516477915
63408573
99486170
604043556
547118811
264893598
241661561
13686791
672803758
322718016
518634755
954829980
870417853
22315933
986734245
395827870
777839486
453433050
492692315
632070387
309100241
467976449
442791145
406534579
485503101
422587571
798046315
19766037
453632208
446138303
561786718
598194750
149156544
927205238
732876476
873580996
49496613
112256873
241594605
359929482
992618991
15730198
903904403
207236994
471564916
134481409
432122004
980943176
847548535
130989244
314509701
861788703
830913077
367249190
149382788
728129760
955504748
965125088
563055312
99282151
880484900
211562387
139506792
88830939
939648844
356698128
493339540
947445316
629434569
66666389
527623620
229260201
470906647
374258961
678357487
541325659
785796361
341353241
481763328
394084613
457781010
695367182
693274166
558971822
86618405
435836162
849938238
124884268
932151098
82115193
189597177
941916161
430156360
451470761
991488462
322450623
606990868
490858329
670195530
153419272
336346805
78814904
972001494
700422936
691060507
833847183
48577416
716179433
813377081
82863539
569403741
891532420
622393732
402386507
90627955
270815540
65721268
37738281
919284886
862770842
39261743
773514258
410679843
702336070
71623152
565987773
375758188
48205412
816440669
110490837
999013892
514544836
150513269
523925442
182605004
311585682
686071971
602144146
837989197
748292072
744645086
734325425
588582882
803660567
111491069
708541990
187789701
773268672
306424093
500692859
90773836
189039760
91366978
777932941
88568096
98917924
355734528
523695344
762818554
20855551
127005608
154582751
394612784
2593722
81715881
645639865
395738244
834407147
802524056
805820063
226342612
699733943
404840332
517909096
532518625
100799802
81363217
579992369
769903318
106054006
433828034
659868194
219017805
115770541
497543897
191832174
590751662
482310396
398799171
554891727
221443268
397282729
547619701
64963122
29935771
674083983
268215269
659941497
194960918
702146745
507716417
688241230
236542113
389140780
38083126
281790120
129740471
818958464
555097654
368595155
996107979
501283713
432083944
599033325
180152127
15775174
272166879
912860305
643056976
871997179
294220886
104464496
423260199
5161153
169266337
191365074
124338842
100501033
113463751
263927605
311449678
199588157
361187203
485205641
941929779
813847723
50884051
94692374
528065385
868213373
494110669
773821708
956884959
765870072
104678917
248960499
849993367
793425260
929529623
982039538
441604845
56149137
5798992
448589064
889278004
189640086
335754508
626919003
309639534
351329126
459445275
135065399
918457609
203145790
708408000
294430833
454501617
579465776
328656994
296315784
244453371
667058341
567628513
300157116
176048890
470146596
227844737
342519720
365807278
450861713
783834853
865511933
112154193
558942792
57636952
406470631
366335897
798886448
195470062
101521122
104273515
258015629
305736390
510785657
233318807
824043565
857613919
283162895
199903912
880769340
950075386
650004454
680244578
44318973
525662168
887845663
255019466
727688697
199459519
253562503
416507427
301996342
433868481
263601190
158928733
591168642
816193228
239977045
471897088
831453823
798862954
850699562
888443401
843984839
167861401
569486234
658759975
34218790
259339224
718381535
916668459
325574470
715222907
291087924
997089120
732904419
186740266
181591331
361565598
822605695
442319481
464917503
455169395
667740829
842754888
191635571
702390206
616401880
704123988
355485407
380053020
808627989
226347768
528474116
140356357
435859100
245443149
114833276
626774616
361274413
871131064
338207749
927418270
882981762
676221474
167040144
574682871
870447301
709901729
551330586
917434339
382073795
455764853
913412800
58312624
907642608
378805553
996266387
835780191
223092314
205075201
565390889
499700600
655355367
153683809
847333219
74079770
657795560
994114876
839946712
400716102
222879174
168124143
648605810
661168854
185474464
351997103
179658809
242300036
90622529
528772309
180220780
770574526
587610466
799328024
652951275
766989118
238334797
179606995
911026294
286013577
841697729
190382376
792856304
54459866
467106883
877903491
301845561
881904413
128231168
488973599
956131035
888369110
357735489
63969905
368150162
126856349
308331893
961564527
546736072
577721042
91150468
675288502
713239792
767619367
972562832
36966373
482397691
126078228
161939206
783481432
800813681
815855475
820275580
650870251
262211609
718351053
430799781
711127539
170999188
422264596
434545063
234459418
437639136
646731780
774242527
925320916
170292964
418742330
281282129
904769103
833820739
336164121
744131595
564064233
71672953
852120397
352566121
631153910
388495138
142468443
523207354
474801332
542703321
74226256
300781076
86521330
360164958
160393385
708914815
121699379
658111993
451484778
446466667
39052595
962744017
16429617
623043494
721160169
465821581
116426577
34240458
820562507
851461496
212005296
502485513
643933820
478209689
63157764
977579060
137075745
741214212
795759964
804706108
851985176
957674517
909943668
567805779
960270048
898750321
427539748
612512767
273382795
603793939
444114057
185998277
640007195
701677360
471120767
746916563
260784678
26910782
885999026
186386013
462657853
339991063
581748086
48785866
465130783
303535650
29065988
526918627
686359089
812814547
455877238
410134359
177291629
819093329
5765963
584486945
248652515
612661431
375780045
277531409
900669889
277923541
604631823
60355553
625757325
513267312
244295675
581654439
336876007
99812738
951633508
894212079
365146983
795525275
48283961
160538410
602028295
181733694
29884387
694159942
56572107
357031907
11658075
500359502
542487386
598323117
90625774
501568247
146413153
997117119
563240902
966304227
688028127
92278040
800094200
788750798
974469136
76446389
183615103
698055507
511737142
405535156
713348401
284144938
687540106
463934391
765872583
257819747
819745731
323867495
545075214
19789197
898669571
108645574
351577638
665965607
18931284
205732020
700596381
794371756
312232373
81688572
718567824
379209026
631007869
429187646
41156553
748608927
88326890
115019261
500468366
194586610
642776599
948146450
643933984
482992427
45000145
542110011
966142905
573133507
86868696
850302248
76275177
588656303
52967181
766690109
278435501
532411465
508012461
965250691
741442358
118333427
673721903
33805154
76947415
98454704
395056292
181431874
810437331
350077226
470542979
483355689
916280866
185963368
283960400
475693271
264794890
113245671
186977804
622724034
613468737
760603326
543096019
468319992
173959469
900666046
946634838
790161034
72283287
214959330
885346597
757437053
339511646
375666409
92045732
861630468
949253661
213407933
34661808
280168174
821156438
273683252
277249581
493550781
350771773
676611197
895421385
278900896
261550225
978668276
843535798
716687737
484149774
631488280
77630804
332588439
905009222
94459288
708095382
162280860
329359300
533769107
761153157
479705
604754896
394540838
282494233
970673486
142020943
337869477
30194131
3656025
201695683
997793045
417162709
943843666
290262531
658208180
823798213
461540704
289823009
983968454
69157358
142674793
309251548
327675490
665752038
103895987
57508929
650795756
336100971
41433938
223672617
687150584
969244838
107959519
497909484
579859970
21706142
583325799
798504256
756396169
526373857
91620769
299630229
781760343
994765860
772336277
494363697
597973874
547489035
86954130
806211462
914459128
118183090
478382875
512091299
69766277
55009032
427959022
154531078
490947675
101060651
909218021
867235828
773302727
949995990
980034798
921901808
84182068
402764891
16592001
238361639
876232535
636250265
110903885
157837244
376949405
522694425
887081447
618135014
910212068
996259799
122528567
351373026
468058333
795392727
134927269
640051040
434238394
543372304
978599770
331792327
561147780
340628629
238853939
257471787
513327784
740540704
841380751
321767624
67505177
208546384
958893728
179282501
633961971
221604008
646827211
563990490
305373369
450091387
658704818
763216815
75810651
333783147
696158024
293956302
610906401
341233787
656497865
648964606
110454615
576470849
704128238
959673189
72165483
411805863
950465463
913438899
110405228
605993873
199055496
264864171
558923778
516413371
902283096
445797596
176032113
23455933
919597298
261241731
437616662
967578720
952410017
796586083
545443648
746726110
91865912
432755262
717390504
342228966
523567305
464423409
795769170
862200659
729836107
105301979
310220158
820046488
327880607
174195403
301468419
462750693
925480209
601938609
898409869
167601793
888305867
436319962
171059394
258016931
248260387
230988790
557873369
964645695
256237948
801618880
158718637
541306614
392097690
314943708
342192033
530005586
188346193
2216663
893364208
975671753
126428271
580945177
210653451
666371981
510336322
38200422
599937458
704906130
799702268
472943456
673598085
311323657
422453081
73604264
242326560
984575358
842135754
173474123
590430560
985453451
294344406
220484063
865840788
920677492
802571161
124581318
554811506
483916355
396776969
348461197
164480968
85135533
651668462
722289075
582315979
574300032
583099613
588499736
8465698
975909906
479382034
386779812
632025217
919793144
66502971
234523971
883292706
852348533
222362401
404392884
850947461
838481636
677950007
326957300
916133382
486768633
290340962
540441973
720026075
146598440
864572630
386800927
20943299
457372537
720821391
307121831
584761572
165970619
35536454
212846447
241810971
728014051
148217295
202184097
860397433
737812880
329683721
706540524
562629409
356828507
924772853
178675990
54751046
574934426
576458935
88519048
37669049
832000713
908754449
379160650
143129466
517291157
758101072
854986322
480198270
889037830
205384354
628738032
206082604
571201323
207350933
572382488
981694404
992343476
452892139
932253432
818170643
198263891
710551636
577845047
513617712
372580829
592703661
298126289
497255951
727233655
513656406
378168241
531183964
359759257
128045924
969912092
844828337
663515264
577737857
28048631
579720105
607612051
314700468
443870344
45110386
24269742
426691508
825738450
521109516
562552639
134344332
774256754
628970511
911927562
921256467
123601971
779977022
901097393
985909218
221761208
818155544
837482408
164626767
441428306
84787230
623837355
832672559
736898255
832022841
553473617
376970184
510605502
961773794
412896966
469093614
455501793
940185054
900942201
724015870
443173010
456861782
454119059
10927394
907424274
556523929
372294452
556050406
858728778
607541586
336189201
361801462
252969556
219754168
302963960
383330189
988479740
611727139
71357517
822359200
839985289
236440321
581454569
20557699
357375642
655228301
893914938
250920553
470249042
702157149
150780202
307626640
531153141
243014646
224715480
532872051
465762364
22406163
933489153
934845374
641455958
216453838
674534896
826471232
952635169
35959159
76220182
61889954
290360196
721178376
948485438
782860195
775084449
969084468
968958839
430577015
441839461
209135611
113059437
952442011
330397715
248381938
527145437
333888754
691685285
468130927
171975313
370524797
506325379
972432937
50219277
775727379
362042008
349334803
638316385
24330594
962349943
820418380
788614000
564680402
203972153
796554061
597228141
410315134
644335617
440545238
969387125
955351212
764241164
91107429
733606288
23736507
147074577
78597454
821752277
752660710
925629959
826881963
916855456
796304833
969001104
960632621
660083743
654573146
895358156
597899398
797083764
635295101
671063605
964742881
944437142
205056277
398054522
904614064
217877849
992853918
64570044
565852278
690554299
841753470
260530477
109752071
526336262
48064529
419846544
179247376
621755067
318316504
453191660
752937687
157337463
573483910
970665458
420609774
682643965
291521938
946346217
446613692
745109184
722327153
838573597
819999167
14656786
11749405
566366513
163460956
29123384
818951381
478844693
15530075
362016299
342398114
283525503
466385119
733861747
222767175
434672498
679073975
451393835
502908251
69986492
157842749
972832737
733783486
869348931
440532603
89170461
353598791
76413091
133523861
657564997
168927890
949226403
30449824
301701477
524987978
425103681
115236582
269051018
685016034
342015362
643320209
912743454
218262247
968310075
895375120
609516588
676455021
469783568
326457862
407965318
880296512
262923467
288163597
794885304
679478322
103084562
152438128
441737479
912238583
703593397
152501452
121095592
407115011
537458670
680709503
600490026
611228531
790304920
469531514
604464541
583989094
553208591
651254810
74682684
649873722
204894287
858662978
432644917
469458461
855945196
6147040
839487588
779601947
33938361
532496995
463631582
925481358
528854674
456693802
528921010
33515408
75060892
129744219
647635462
415946467
64581574
676476216
102891533
295070097
737887238
707695208
778117844
570179709
690657370
591410421
194637589
459185496
433819721
780800093
947784672
953434940
56076654
94429518
692258464
222373677
523375692
373579405
621523287
511135720
622787906
843793811
840855630
293954181
301080964
505948048
259936892
592821853
220799417
729300692
797662809
2968502
355647409
245429131
918325196
365319056
60731444
644420151
294481827
741895959
684408780
453524080
684977969
252343919
45478203
303905396
764206559
102661461
264426456
299386688
124354177
434409312
690904809
235194160
362203469
510883330
235367455
43326556
131390960
590581739
675236679
66498883
503188933
803534847
319558676
879854613
975298311
198172330
805557863
773118746
788865436
373437743
134725386
381724935
595163615
226823291
666690467
339167868
716840938
817673290
768030625
424649350
654353205
361876666
300124200
40642684
339437463
589760260
95235829
533922371
779712324
572803678
327890288
454723938
131835296
565036016
791240111
731992805
626823709
929625866
391301757
782786017
730922509
399940596
398815095
531459321
864755953
508940945
635801239
722856276
78319395
826973093
109736342
283426750
616101906
475333209
349633733
476325229
976332526
492406004
167541159
247117946
122915300
392154291
958725407
530991037
122964843
215281338
951466869
689969697
798698332
774803586
251749290
310189587
368197759
316039122
718616849
417132226
457381353
302715625
385652298
12691124
695575641
881362953
998273319
68842243
947069441
470132001
541273310
951604149
91933617
18359538
530757853
145514750
358265239
716298844
784772186
116683426
590348961
624543350
750827451
827563887
891567269
890628569
782537033
666356509
56401998
199629339
311009515
749259057
883355437
543266884
483286108
472132254
75828734
200279260
647452401
693739931
323522292
296015059
871442704
272957479
852338610
549905097
252797798
352069737
931630676
592040863
296786639
121646199
142188161
633352207
470970526
623629883
578098393
707263526
887400353
639469575
409754204
134025202
282094702
243707538
527269517
490719264
11658967
311000736
52669133
725825779
554092198
970964984
517217310
729086474
702564839
748614776
294663823
501982788
931957340
912155433
373803252
71061115
384781100
101276794
236897162
650533997
493596870
304332457
162466356
259456977
460440840
25513359
879725063
241238002
599170138
361441236
733784737
876249341
401692721
736382525
984467325
64851003
893316186
133739202
969735565
408572863
583120077
30609709
992150824
752567838
933600633
248608430
571775319
724583108
946353555
687324406
513711838
295692979
542266904
8269972
366349590
468033616
412159259
880563
64040153
155212544
681013302
671137536
443640948
510496983
771591779
533686580
429729443
505655231
880925347
43220483
89630247
911662701
911975118
468422333
235417938
91400494
751735667
58831374
681488927
737094858
469007779
257677488
238262675
700755678
27186753
268341276
409138394
431494899
993527874
231334823
492420807
378312574
856981896
221986972
704210250
43403869
54117372
56908153
927678755
922031833
190330902
866168724
685312100
511771883
160626211
773606135
481695605
379894906
913719901
942980644
572596128
658236216
931970871
871541107
973188752
163602897
277021564
45040248
293762351
783166597
541700412
832647820
632579787
339144001
233128235
98003734
206549789
401470239
850512269
704599487
40154949
945730451
681814637
958139269
604620314
245841540
50834892
49303226
384662317
385010363
283053582
341815225
245574823
376226555
879985632
791480596
725601314
738156169
267262307
518873686
774436553
34274408
192216681
541115981
57223900
435193231
383804411
349961765
906560015
984334891
625047955
3021395
144714594
129789637
463410246
917296301
970708360
813543388
442022018
145048954
893571424
954176796
335103013
760210359
869724802
88749908
269391295
161370028
186470411
782694230
749227972
768211537
704440540
543679188
697765803
76146379
173545970
489272363
534453592
502547018
491902152
45487496
969510167
110160652
5020878
607361222
467151608
512326304
948656616
143918274
916641001
780228434
957337003
405641133
205125433
340801829
589446504
923219437
765634093
869894251
411547517
107525161
786709020
663646909
602483239
414773031
493898056
35060846
921523955
925743957
730662533
585857095
25969858
549675908
379068710
248931223
245191072
657559181
295784281
796525186
635915248
325588510
978931645
970264146
93028824
912248385
86198336
157448448
622129412
337193595
514437573
349604185
614271169
743392851
331706490
952999407
949545556
212700545
268092577
278848170
155687077
370231738
489937206
223516165
56111572
272522348
800920502
565733282
254367333
107866112
798303155
718784573
358716250
443880773
229317249
153026207
76794408
366708361
371369713
390416068
118541292
222457911
645028709
467893438
205362678
220836725
707024044
513312643
382768283
392199185
526824575
283202364
474291731
694367380
134370726
174768612
477374970
740831344
303689473
469158739
518723501
583824164
44364240
80481283
18080594
503927037
497516276
882297464
259365285
970194095
72986171
899935833
257492194
907213371
816883273
88338664
74486813
303271197
298349900
444454366
86013614
439297462
120105671
62734959
567985028
878668243
926870867
811292732
357622736
687127722
255354813
151388217
65278691
667134504
99341143
891447293
165344104
60316055
475587684
28493337
905030001
760563443
933899695
494975769
163554848
471322208
975096730
775106274
815737366
163607441
701689130
100591606
211368142
236787997
758466181
282088300
8203079
461357856
282093851
570938968
375929397
934888769
432339213
366256927
721335344
489863396
732580809
543769461
802305783
664026403
734662081
426632054
459413836
585850906
376678652
447592965
626347100
937396081
500250952
880429435
499737479
784653211
709502079
316431001
640319951
713637484
710066345
10241952
920225156
682706465
836652366
819441056
386725783
693332047
846542145
795592839
296316990
599157012
182439847
153818136
270349363
906510686
450973002
124643286
913729353
699126958
718617937
856893608
553172553
337546413
213530249
22942782
328195346
165156766
767448946
29542378
469846262
570329175
24267762
237688282
987599393
14665127
82739203
195682257
676683596
999382957
124445413
5225078
267439848
820189500
813641480
464227951
94193379
191285854
832985620
870506109
50674267
525641825
931275251
886646195
649607694
5869647
500386242
563342226
957022363
113495862
608102362
873622977
790878025
273523447
233005051
946373787
643222237
820989323
725377226
634004713
911937142
46776389
95767819
598216109
953331138
674953524
55225038
337732246
873762376
320057954
801358329
594062018
35607328
211617633
284257950
951266244
631459408
920109639
468980050
43550038
601688034
798814669
596863432
511592604
218483981
596070186
948603836
654084166
676144132
454941082
951413066
604328546
143377009
53880472
288195948
732561324
793248717
534080803
309259580
881081892
966442073
120414131
971579583
240939962
93574783
466671556
82630325
344127901
16098848
493690037
621352372
341654375
974471845
262583214
157084835
879451215
599821425
786168418
440043574
553090776
428790350
791923907
61824769
7707453
910277140
271764619
63645423
229947996
447636682
190540508
31397875
293047721
584630663
885687153
585726809
80303252
467267209
534446447
79600608
494627196
378669897
766477445
555041057
676177494
933427544
433549642
699926543
113833287
876256570
220016261
628738721
385471909
533054752
336726240
52070336
374879298
894961187
257044112
955166556
50394276
463428100
528550582
715791416
982258749
184026090
605871658
545096590
572916504
292883178
38833877
545015456
978982576
256937009
915570463
768828259
616599200
171439031
953457643
868782020
152777835
776269512
114656276
549173010
969791145
873762919
331772861
308710737
966132004
282876014
393093410
935237430
663150701
966791954
75744392
30827460
956110595
769493765
515136672
127898565
368010488
204004566
578465710
87314220
203139112
107633243
504690981
368694764
273098340
910036127
468832299
458225119
107425138
60414375
105102554
458884144
709147115
800471239
980341361
713451729
130160780
572536590
697259638
233074630
733513376
441694116
704573756
504079620
658483762
901553131
988406486
903897964
999675534
735695614
667746551
448324130
171287725
742021931
991054346
233603422
394598883
36412470
751128243
291630362
192726295
385457861
666487299
792875032
635939221
560044623
850565220
849488210
360341445
714198403
289151750
901522181
169494833
36336272
999456328
147842413
459966995
586986017
102437196
381109762
500742813
703054636
159831468
20440638
405462792
338117593
903302343
600658094
557573722
722349040
208348988
96122642
588670242
954749762
570003811
425998746
234121321
934852623
752631105
458237218
321903063
869508772
988211093
597253890
884626384
564059856
66203156
610059124
20947921
78117506
207657879
842441496
245941729
742921300
833695060
762488782
858552524
348501277
686275905
661700636
799136230
852300095
101063186
90661602
282540707
110889882
999262842
90956547
617494227
66707501
559033848
279500072
684890702
745912089
837556361
285299659
30084827
343613159
549336967
52639676
970649042
162270857
489913947
160670558
529501000
248039974
379166849
180520378
576190342
354604589
865270275
909453427
1862648
473683
455879531
807856028
760470960
249853743
177636079
118165085
393788620
470419162
864189160
188357402
502283749
639245886
620680771
841910615
306709470
628281148
733259549
32015472
554022690
276567432
808523745
910230330
408193356
729680090
134392281
303519187
785525601
165156601
488515219
92516164
793263535
14873948
332290227
442113746
173366021
143587413
471959887
123138248
158566947
150847993
447394038
656346943
210507041
69059371
456465928
765988142
729196429
97213802
682646179
39797146
235045914
710719830
655495152
663254586
738500252
179560840
12645988
266970279
264363980
258862564
178206065
533541082
95841068
720305678
94671363
164111307
859743109
281467931
350991625
221862323
448268609
358031226
348612692
216518249
267209637
427247683
229362616
40913121
568968195
566481388
253271623
663001359
258655604
904821301
169457639
994034311
372712218
590128576
116017626
92912573
777701143
572868481
616840654
587770238
910646108
757375714
119060980
189671723
150712802
890251660
673267275
131723254
884058301
40639048
824142631
714657553
889215473
670655440
949298572
694310460
952254989
620479683
120043740
792458795
104668694
899278079
346662489
159309770
6138532
626423199
320339971
361215793
350722493
163043739
195320091
723115245
479976706
128751026
329459511
384793597
653743264
861647179
718051782
604484315
172310850
771033751
437496054
587221506
927219462
586519579
53135826
897311069
715441559
973666403
177297026
830254486
191027450
448391419
219847498
707572833
70805336
295753986
577856493
772654712
230379078
541613148
762556967
838524456
497914888
83539429
408522529
305655673
386381870
323842377
139776937
856895559
619466877
770920499
29695694
597436639
319072670
561594053
690979326
408564906
792461695
202439536
720494818
915904202
77433929
75953386
599960824
177863267
811036840
899765765
862113135
738645721
97642494
86314977
797837120
395541607
446634293
101255495
667075183
526350324
512301621
348776627
535156323
97374080
137437974
695833011
637826458
328729511
305426282
697650490
129705313
264387207
179531498
268373289
99402193
914149003
512947765
448573009
769160501
234921966
361300021
620680330
661699943
643984411
594443363
671804394
251571970
994252061
877513761
802991622
906212126
853260215
821682249
944663908
988649427
351727974
187764795
919622891
768220662
168807977
668569746
194288326
708745289
724231200
982005909
194519674
846679677
351748661
966253129
412454377
788776064
275714223
380642897
270508352
152766342
962791124
85493732
249014501
634762121
767244063
436764115
364045566
927905459
370777398
186322880
187082618
693148064
515137692
182299329
624680363
457183657
401960711
17034466
633122130
973407930
408768226
486645008
922434097
942314836
437378225
697733688
417043774
97896325
552003719
66691652
196714836
330685303
225370665
592207700
484377208
98641058
347372981
634258538
177515634
597221901
478338915
753028667
664508959
859483168
349290252
251244820
208677030
541594728
44505632
880344063
404097936
122864812
81174943
183721202
129324418
821913806
947818124
645714771
361724188
367568979
145370525
242247423
595579868
673092515
37267790
735343084
590911891
333940721
152886913
67412736
129622943
131073758
270351768
141952904
279497735
122118263
707326669
467669072
710661369
914287113
462051159
641478229
127227988
16443355
364520546
471462418
897437778
338700416
664035555
428102823
805774910
682040482
788952113
908213302
195005542
920491904
281880949
266063432
361860516
677192227
994200057
34761760
695142385
365467084
803109129
607818104
252635601
916872344
244921738
578278522
156556208
262717222
431349240
235162900
516003539
98591571
356536514
294527639
7000525
908547333
851326422
183600388
455061222
899775799
592011246
20994279
992506565
255170033
66260790
405750310
855022299
492349165
577310225
705566946
818758241
778732694
802982859
193297600
152101294
640043242
676773354
796247717
69675786
801388666
875929877
481522083
790456454
264987250
699223627
101360011
517822222
502249197
679683159
514285639
382535687
543823030
594391594
64885686
893377366
94444350
673788254
249241964
795291037
374791932
773712371
221263526
122261851
918305509
497997651
293011655
54439158
865637099
936645487
750154913
695708965
125510347
86863370
810476946
419906902
435918666
398177673
45861666
231241711
262525214
117368716
621994853
961964119
146784901
94652443
715883642
795330307
61300986
410065203
22110798
762256476
208166478
521444574
464443729
492526822
452976558
283655430
893601653
437752540
413625575
466665477
882726320
328892833
857236638
940590112
55633555
381222680
439126791
673737070
411616193
662216211
398179904
810329213
908002804
713960034
598388957
229856485
142143676
49679823
504009511
777154621
442449623
39758927
308364442
699929634
132401019
942197260
244070838
126851494
863853576
104511369
97441865
352001638
940061470
128487042
873870424
78720115
10783867
560192152
453956689
57841036
261727621
617386321
419963966
898221251
644921131
196674457
741648086
378199592
334666297
901559019
613969013
76522206
498408748
18850558
817499804
177190001
881235008
671011274
620293217
39566067
822724258
270211893
460684154
730666511
217826726
736155539
458820986
440226464
748769395
427087051
492633410
188131626
515967221
158779951
202625799
439887990
977939256
116890255
441906313
283387105
568220959
2410354
765571985
657052355
439012498
908763651
405395984
438429894
923532460
445889540
447758802
16727090
881729290
3298743
851880669
182573437
595360711
953552931
837923692
60928796
725332216
72096665
924699532
674965136
860042289
410608253
966810986
618516873
202077817
48834029
880923162
794194288
856699935
153778613
13297004
902364929
471685355
183907538
60849339
302118326
432045864
328771354
467418489
185982668
30710438
465224342
847219597
311359364
494899132
959979304
184631992
845138817
676935331
485398971
580768170
924450829
644395033
555624249
762926146
578342985
799683771
101796810
282082860
418676365
279847065
639094908
606361351
532788047
499379198
691688504
981455123
29646532
819279499
590183767
653791097
844347364
210068947
123175288
342825253
134928907
176225755
318698615
412326347
670354259
466635360
884921694
981144363
397654542
147633007
691771583
7809622
375196929
24052872
176063891
210462251
486118903
143169954
69721365
142512914
390738856
646597256
820415718
326053629
439448329
555177295
10071214
33637185
795987835
128476690
23965319
9073277
443977987
737688779
700163872
723642860
43295852
230786544
972598267
923175637
372170847
810765668
55873272
679252091
831005770
3265905
151842586
581215841
710580963
117810405
971708312
789796371
241707767
161581135
519903083
531349301
655188746
327854504
38531259
526578852
885043651
552690104
401020421
802501997
998660587
574803455
596271270
613141663
691368544
237824023
922006995
244528330
177379524
2665193
416033557
510788020
194687225
464852811
845497968
583776610
411590716
387052181
780272102
744020731
57473228
909610409
395051982
765739224
63016714
691023361
392595722
741765690
763637794
508094804
882971647
7302508
598978038
314686297
671205546
960623634
569179380
222588385
288013416
990842024
508732147
423450465
715371596
352915259
572705062
695063536
338059455
178371504
413831157
174657602
879724141
543933194
806608888
769115947
990999477
52150931
786862195
305088353
304736751
433859884
147343341
804876773
717657971
285706162
303894169
943022722
858938951
26310315
232350240
476716765
379978301
977709453
973450264
376163979
5098815
263158222
834535559
771094115
807247679
226070528
172568498
168568696
198262156
511554813
121619401
635993602
378779413
609694888
250751519
27904696
470251864
157650255
262632446
113996432
614488233
819203465
843781002
563936982
670673986
220358906
74748585
324234577
458356395
94456389
73704135
257676968
856296034
221453680
619208026
631296792
409401090
34203866
309866590
130041471
525385239
968361615
741688488
798780838
752362749
687237618
975180213
961820789
531401262
330761451
124266423
595124345
287193192
191131301
515300996
285059801
158391324
672696348
695509844
933156912
695259965
232113963
735263765
743604145
12418
390238254
482117372
800809687
50997676
768632891
369635007
255460440
217649283
846322237
203355115
722545404
701561841
78477949
242764498
84033037
287894693
175414488
591469705
933884560
624701073
535871479
332209334
951373000
231611819
788086098
326435988
460956152
478436409
82589259
504305638
140536233
971711563
263956483
11714548
836967502
128671852
320381438
676705870
231865632
605059453
169239319
411026181
730454433
79737297
988040857
212903506
659635210
167113344
378359324
477896895
996767236
549208359
880257856
335486350
212064886
359718613
378563006
767473378
992488006
149414400
402813732
692386795
833622645
977697263
111801660
46658262
941403560
41077130
447570205
644136384
913203075
437472007
430866223
807116376
189018479
108228940
748113657
394299449
197469800
635462064
828848510
331925867
345295340
482432037
53596501
284537080
537611010
445795378
13294168
853104840
835476661
976304366
174480985
888814910
909680830
611707089
757682981
902436941
713967518
312334436
710622958
92421470
833434834
207001771
410381899
597233560
629984048
415992945
438961964
310813021
893510521
159948828
664755523
707498459
956987754
729982481
257943410
77964536
17589468
363846469
546391430
84394659
674048182
581845615
178435692
672997370
474766080
536181329
523300893
662438903
323919212
649672942
25917171
401359145
860207944
113471927
58709870
409336822
225191681
639319682
669597901
260999191
191555185
951290544
979707942
899755230
418575877
79884520
725391850
611943774
777405945
268005234
294672948
149086503
694557892
227999583
158484170
401816824
583858314
733624188
965339319
185267941
119903038
963304154
850457684
231319018
534201544
509535152
543698827
329949524
106233581
251378529
612075134
349766462
297027884
84213949
711658714
985399136
458037735
869015561
259301845
492216634
812879998
625304394
446561701
644408005
152282606
931890441
805321926
489312933
52619718
96691551
836896217
639092939
73549573
915213520
906723285
652048074
592868853
12068834
378403218
605835198
936005990
341580749
880796470
827388468
115934808
159779686
417786620
167205554
235731044
703501228
476126629
494468428
948182374
241550774
435071597
602531343
998099723
219081270
754401221
336978767
300804407
505380662
487864028
797134385
4174310
64830899
754812406
80014813
292464889
38280083
610686215
833817748
273501935
159049557
339275817
452416
134371159
23477287
620946299
263253549
301119715
928686892
830593889
392896395
304473060
726106298
279052014
503315777
198959393
325472477
123021301
573353155
434778779
526428613
774862268
103765472
463663182
366576098
384484630
739890876
912164735
579116397
558460067
428331739
270643520
828770842
935688646
690611565
269262457
627776578
568774154
792891226
511435299
702855767
603126657
337421386
615188738
988843020
970004744
846404314
462718377
101770329
802623465
387032254
381571894
404304146
560403792
772186126
637947811
844425595
995357483
255704906
113178434
252694811
309658506
132677207
920241492
572877236
385424287
831495221
303010975
897693239
562792576
484854049
84104942
267542155
852337173
83921852
112458329
524737156
734349849
400687810
897757396
910101120
800528103
182200178
988554527
517467359
72656514
113959723
651292469
5446087
245257287
791885554
355855736
238441785
634269265
114653530
205623140
80878748
230237186
344356292
814270882
651952354
232365065
632432216
517067734
120264651
667649763
211041979
989584655
698399146
645123954
121253614
850441841
60451168
680054447
94116843
148233638
886469249
536098771
915053635
953907504
876926044
81961338
566398933
278931652
44903762
726273552
711741135
492984984
308124054
315625365
194253215
905723525
370434121
768839720
411016931
25722470
958915560
120332839
760331137
468293127
39621280
518289898
198661252
870454114
539821508
252736262
716250936
197351076
195083182
3908246
595561693
204513880
68489062
112499261
942145525
111310550
215231494
385124679
386210072
279528923
776102343
426359311
906999903
31889194
302888436
744866627
335976379
950978430
37823225
661791256
492383539
282413391
254260869
495358698
237774986
221282044
340718189
598748723
40460303
626657350
140480020
75416214
59071934
116686133
495198233
612761981
847647802
956336369
474606097
932678329
526852499
30127701
808696126
964801003
343897342
791926335
185431752
960132386
470806358
589785730
780648554
837528656
751670460
983773200
859866690
712116875
742067501
24397928
769101070
619472448
961107231
189568320
938223595
511010197
765640332
726336429
935283666
207514882
76800689
183927282
886749155
730892862
26453380
667737811
551828087
97902474
260774511
291456676
884391936
567787308
926042072
645031384
306161534
396071513
962091195
163610547
275823849
493693606
309509909
292408654
18522335
691388592
720589372
141962615
59786408
464948023
257736425
572831336
765412926
408617526
112910636
250560133
993347183
270913568
501842804
426417007
266795084
772745431
291900590
223834555
40673608
20695425
686476129
562363116
898427671
710694934
602684628
408799316
628034896
117432438
237250835
697942978
536875453
239853801
784068625
67486384
299298615
820656525
914435500
365323801
969794039
582749790
811950359
31924388
472859416
123943285
456320963
831885261
490172520
212201098
290905692
848067340
102085703
703005914
36766574
114865599
713276731
133178490
351963706
851093337
582318425
221763867
118542570
528570523
660782998
824295926
221890978
326578810
800810091
837145200
854389824
458692644
768585423
913454912
593653765
551439523
789930782
147503868
188875677
785644292
662323496
450722155
379034179
192592993
439422602
505173165
78284033
936867537
423308869
171235315
749219996
737145356
273093359
902837546
627945031
87848489
784803959
523545040
66350063
402243876
456486448
189467118
3866825
115736694
962075500
522642921
574078382
893333576
171978495
631218149
980423138
418001660
609917693
77864235
454194142
93845599
865405800
591589662
613317915
385174347
747019103
125282177
62878684
765136265
422145822
130971411
372190055
445958977
290289239
668691209
351061370
450051028
831144232
18969964
661389814
933114287
117914097
844228750
29338841
651357425
930973547
651888296
4007438
350392664
801695238
422757979
19503398
41067586
403012880
233321061
503348220
917351478
642053301
638203695
116212613
326303643
657374407
548453063
521596127
18315494
985237457
486350722
2974402
653375551
239421283
705698047
69098755
655884128
79571785
171617453
147215100
991958493
204559536
64725345
794805056
990668142
245668303
408864642
100093488
838140848
519588755
708425800
292154332
219375805
107764822
117554635
528874604
889340777
34713634
810907868
261600262
730248890
649592163
715796880
21492167
895979191
672440974
949383886
473940345
587583506
879671827
403027974
362234865
333127704
156927721
417920723
274228030
364965776
468998452
762283401
363161566
641946653
117938163
484846655
590321888
641115156
820827733
592316524
340228541
66351074
407974062
484520583
581778205
155794635
691885038
70794894
955903437
178821182
74629651
147986550
265609340
632115195
605602505
541931792
518946831
656517097
676524165
316929780
12909251
208822026
91624997
888781762
207061364
378288818
414389475
767681935
333835069
170209686
955402053
382198656
871736369
23582085
887659026
582996362
379461251
118857442
969863837
244579700
66938497
35351433
951879448
445942645
836478624
341069048
34647327
228977669
250161306
894204623
447164111
114248138
299044239
525574981
916834833
253417655
974065456
981215283
890921099
931807312
749874171
370169848
309446056
980357530
944466201
896616345
133017938
610148483
588569325
985243295
352620309
426833692
34803946
542314573
648088345
946524486
101988745
984694122
24145060
134312835
748766439
352753289
36352453
63577342
545875471
50476421
772321207
561295997
222557110
798538777
100692790
443871483
858940502
285863531
937829111
782292153
888488794
573118705
59674287
716721906
122552579
647986483
935874318
358872950
452375167
454233546
431244985
580710067
120917722
304758169
174102777
14014351
642218146
522963968
383781938
622006892
327457403
113682039
821454853
126842479
15031828
690685052
381729310
250292088
988125334
739129789
369708349
633507888
17947282
145145049
373563791
167344244
664372908
188892369
689489708
562705882
220355123
177493690
314817537
934390641
24016409
900703933
630902882
541648697
174082602
929928227
98584920
567706994
362464761
133885457
93902533
350967666
404242728
958429307
254501045
120181674
16155813
50951530
225420989
915313869
612942316
559357
689708786
683406160
770752548
42957736
984534604
972694838
470291227
974470902
643200744
623696706
599705987
175924606
189889393
996775074
565332022
997714579
85444632
458574481
199908063
478464598
42069453
613582579
196856925
791632955
188116641
636268881
543701596
973283615
517270200
131446092
326190608
41396161
289251590
803792172
702713218
364012730
722950064
822122861
45884662
558972659
532773209
531012767
472343972
59574441
168704066
689589915
700133243
525140903
24847499
909410519
316406970
804970969
591235959
824041557
997108336
825364354
781247421
452405404
218481385
519959730
979701214
987352924
753087785
310729252
195309366
171440526
492248181
141902919
266783937
245458013
380401677
666100061
686919702
459285837
157200941
303763700
133600667
880103
781578688
318847627
370989443
173461782
116494791
123252717
571245468
829318436
49384140
344239286
730219390
261734652
194924271
67862688
268699747
704575926
365480709
659394116
525629915
579124544
783769754
417227198
436223766
77903234
966466231
204719436
555828067
171978489
230793850
790856574
988058966
708616314
324133480
722668333
271349847
625555087
922587398
938635968
927207692
518644025
960629115
83798248
817895417
128356977
142941484
848782588
478845964
87370360
33874506
740821201
199351546
837895303
973088112
749155009
289373683
989281658
941110523
431024576
938532720
468191936
428637719
147227238
813534596
197096366
139276418
878008779
139238501
725009928
895898195
882328578
103815601
182211285
239904784
429028183
237457555
36358290
925294137
302901611
337381798
770609247
311161745
337705651
982049596
345694931
361676516
910508838
107488301
41937043
53093022
352289130
477940921
372818624
146720540
221387289
928622404
584884781
889727054
494053680
349763327
805075285
120482231
916183090
442067927
271961538
143097163
184892332
650483039
680380079
325201912
617055173
270347103
593851584
442896983
739067995
452389175
572513454
191629163
600376387
603015698
328159293
704919334
555964137
198288612
185625942
435805486
928657984
607143831
367386534
475889763
98980815
348972901
380266629
16121687
362506181
51009859
823655515
682312663
240427418
182272151
467793069
935121297
239843658
547059949
671239083
143761174
338796183
354202953
437620027
193395997
242821456
760978827
55736388
882625409
193572361
762275940
75332914
300225263
528053231
997080851
9864861
346090689
347142563
21606246
414443949
71935700
448894752
588395347
565636331
89976899
478472111
368367480
6176088
901797137
924251018
414549858
665473649
141469531
440016332
269754450
364382190
328948487
58735442
761764404
774341434
40339494
771512486
401638076
274476356
653536445
341661689
986417264
413317372
643128467
570127881
889890132
613691350
709781577
671248724
145394376
97712329
503836588
646184795
763600659
655976882
967834471
772822293
238762170
600976577
693588302
303082506
71905771
656508594
203587812
314160542
478530760
833132498
427434889
57672346
345663395
791288471
918971713
517028019
705054537
530805540
921552557
228798907
314238762
788639460
847314536
931732097
65381062
819247588
532883507
809833979
922787630
838304733
203065880
640494342
310454407
459285164
225817234
691772452
346863520
976614227
749392404
494632290
732205978
468383000
453519512
642668170
924614931
554382412
618052490
986154280
483778317
330700065
387269616
933037737
93832080
443740464
596407368
690377141
530207504
756215141
239572419
531691267
731392917
553869222
808255406
827334822
104716511
878476
73368642
530658874
714231561
512228676
616811816
93932678
119254368
543615062
512838054
312536065
611503616
652933180
271475989
60860292
394348020
82407515
299720468
729230650
164461602
412964742
978437132
436321532
986525769
503744709
225491171
933333347
904600863
318567405
92770329
634222489
981130437
608165348
915450472
6436353
682801271
401525202
626333699
964331552
239993063
32139309
638292854
835474248
120872606
527086954
934621338
968976947
633462559
758465994
55482790
637092631
469042222
267763748
678465014
667425310
820029764
322147708
357488030
423666637
970205558
552978272
206205584
223077149
215065395
961469195
487058066
106405584
647055157
896784339
930068558
296662326
704236316
997680966
222833065
380118952
1303367
985009272
970865681
850126729
930753184
459406133
829112583
22759007
195743145
500786365
25039367
552587629
224770041
129348612
519135986
931734373
530567943
45948170
747187681
558172362
422243
228674414
985872656
12649375
663315170
268076331
135228057
143505836
73139765
271638282
642204008
310152362
452993382
610795686
902291680
566089754
255403741
451534622
883569427
554280034
778891897
503694655
165046464
230675170
841880242
704155483
364893896
948247306
962744446
428912750
380617273
663763125
160320164
385472820
326796917
932328536
55048451
912665786
738895307
864350177
41323646
885950587
657644626
51024320
513237467
12696341
776735397
393334947
2206742
800147840
421049185
119180578
959352544
323780594
666018315
148853109
506923302
520564853
751439162
793106814
280310124
818688510
599998250
561957821
521571161
395745539
229872010
622076372
234825754
229713256
324473547
104198338
545348656
299737362
515355479
918766635
879258573
23358200
36533095
423088995
818271322
458455728
822692810
970076209
609236924
667733618
131474423
283308713
572512760
449875884
110280858
399052377
953566869
201137133
87438728
377445859
897233074
899326230
305691520
953642561
705846637
484040250
586144003
880511210
789222209
906519350
710097717
611944092
101855702
743950355
821089927
884862272
472475791
460523629
712632212
908607137
410279880
260965766
707456197
928645938
491790183
613112210
207852471
446900248
978866627
860763151
913476008
553108057
672536970
748771747
370088480
755554750
341234610
68073775
938154461
503645476
993824959
432016065
325485114
216599518
416604231
265855408
818050981
639244813
844692929
512636756
423387621
706805261
923255677
75936328
355585247
197128592
113509747
244803306
853839606
626887929
773721415
441306627
385178390
263616963
609088468
75572502
995656284
644761096
227611016
466642418
60903914
942550142
91092215
482699987
331731074
369507084
744715627
799302555
182479435
191823978
856850428
72936413
318668353
511876182
838529033
342573825
670633812
209754488
891747756
236146177
847790152
475963891
124118475
635354454
301443023
294445693
105543904
24157255
505636528
983414585
766282478
626385128
487312997
90684436
175232771
637752787
434458349
390244123
794167937
965054231
537607079
885326432
466302854
953771317
648750993
237590091
113342726
58600730
598855775
581060845
662302227
363921922
206787636
869955529
981006916
839491268
725257763
250894508
517091891
55439857
164132521
754576685
71570957
361376973
366179697
122528363
182845394
433464642
440287266
833814016
791083220
221187747
166064864
408958037
208594348
95188686
23472864
680188972
314786783
495754884
338975565
273897664
164420579
392424452
341022621
584309370
637342307
717291260
938084719
293579403
653119902
359449585
850393099
856984168
894454670
43839106
332481590
269055392
68376972
138903268
989466102
171445060
476894256
961835088
187913807
48644837
43804646
420455487
287734852
685018363
784813448
925906510
462211481
421293372
647204278
748054566
439679302
372715635
6550713
228824395
750720206
24020241
725782415
464098672
891789440
995092325
618583757
959591324
423131197
269632880
106258134
384851050
251400672
96552088
878894836
1716719
138434327
809636815
554540027
753422882
212828657
753576778
876186738
122471913
354838808
745131560
992630072
237047223
67130099
194570193
608705724
799378271
364089190
936053500
781672673
190958113
473474176
344267279
223321636
835047777
340977345
298180417
140001421
19801768
730977809
258486105
15116226
713648146
941782886
879216801
380276606
383903220
136734475
103721167
372470366
348821795
146964221
559045559
257486107
511758924
393406295
721744912
223581975
441641759
518673748
739867142
962858663
773371165
341758212
529286121
987451429
986216923
652342123
543995561
36237544
214300437
457584832
349204705
67544469
695593377
636550894
60418175
106511642
600196321
448738457
692286695
535689493
594607409
675387766
230852172
68159233
981975327
742734790
289624186
439182253
982030886
354078061
478247753
879176604
476571176
224237137
462526158
813811231
398888630
298032830
352886801
438982516
876439977
282607884
541159163
931382183
934661829
694137637
35449085
335494166
182781195
842905933
313285245
281836007
604913237
952985128
232102723
311733824
767854328
697951262
593376352
701095739
38136924
841713754
470402321
666307194
350783585
608892635
296587027
368711127
11737434
820823701
687424888
422873132
51714271
225348416
790829546
120928300
858598862
129176361
992115265
922943509
389167016
337135106
694101843
860482335
845193907
958902818
3035364
756852401
380296559
778986311
958936657
493993993
333375797
900616681
71742254
260033811
301936920
859752537
137395353
8079564
299547086
755694877
779818613
684118433
844276331
430134389
403407690
904989902
440966632
599007569
680502398
41228025
151057167
39923752
929415027
282712080
839215877
437106942
499694089
437602253
961098280
875402334
170866288
27929850
294246120
366483423
26720861
749384812
438983848
199544984
62833751
520929568
903815074
303467926
190243995
448587457
320887617
636323174
500748117
921844723
636273917
31110435
140691861
511297484
39156436
753584347
478300717
491138709
672422499
385326222
642843900
569136038
138242974
543207293
590839657
886159720
879347781
699613229
573925202
677882248
621368655
156646576
315802591
663095643
608008406
823344772
206795066
924125773
150765549
990536076
778584267
300988054
226090335
686960866
895820515
262646852
952425448
311404482
705343797
604538296
655641471
248713254
911563041
30073171
38993810
773666862
94204157
620844544
312194043
631209085
717164461
781731418
67471407
536957010
719132516
692940222
621056909
131463784
394032939
51906840
822224440
250908459
800290820
478129728
160159751
986283823
513445710
566407192
6147196
472522750
343379534
386319157
136379374
589658141
826202638
627217016
115852171
67919357
145014490
656065390
411758247
211260479
909385443
679728374
834745054
783780318
600078900
997650057
69480770
797089064
601170523
266230674
78576614
292985768
696900686
833935735
407205576
410826912
937886549
688627177
508932442
387259106
208773947
119001041
232389510
474920316
409839593
485571059
844003252
634701928
36246692
565445964
201334307
213486022
975819372
480943414
407041471
185409873
533248751
995694204
107029969
501211142
762740690
178201787
965759494
514581027
897719032
87737108
84984808
502058804
72465450
851743444
332403826
68491602
853579997
797880881
325006230
126460420
547216509
694551819
776333170
893118503
932091984
376203165
410501115
902283130
711762101
671051432
136630027
328763408
164794458
788811519
467344248
674555383
881367029
626295317
292382310
862331405
578567458
457361553
41324031
459127718
984742841
773809427
578123351
672128474
49197174
357101353
337026246
946326988
611281444
633135755
3581889
633038290
402090451
974998445
556049567
341143402
326445689
835357961
62744959
620200520
657853002
394936934
356878288
576069695
346564587
505045267
992922642
953244459
847637454
189501796
756852172
351603484
51002223
170204737
198572818
193446098
884376560
202950996
337597243
711122702
686601021
699335111
706415705
110860645
878796876
630392486
64100595
816329773
431684296
998134838
705722526
503737876
456844669
816564674
866671734
328903762
595646264
571953597
446312888
447586563
629157146
667713150
537754374
57890676
894715022
290138368
566063028
566735921
450308411
566861089
961102239
218947187
220859601
290248490
22883837
189278036
410856623
116430000
980307564
69649526
48520538
648158666
9587611
259515117
770779604
967711430
513627737
311277348
140643549
474632396
95004268
610826781
13670017
5577308
223635251
141335040
320325946
135152771
924141539
116628225
393053875
72834905
917798850
179191731
558706367
378885254
674027641
764392981
89339576
985262297
684480960
599142370
686401176
128673172
779072952
261348391
655622224
990544985
39169413
638374301
131311471
376428045
126467837
390837133
285409604
301999090
739668775
150980983
229685517
678216703
954126783
508887354
174557360
412135812
82295258
520295680
20172156
469745906
275904711
861478645
267150548
541048394
865225560
184228106
298850385
186834777
566750308
340958442
331065708
229903950
103160094
680002307
840754842
198732319
880036216
650095348
689057423
701734562
384334296
92420670
936832168
498063153
79305865
257932433
702213852
466634425
942414759
705080692
745219883
782984466
772601690
495647672
913230492
105506911
423726272
9775716
582840493
731395586
95492588
373259429
992137890
105191470
625197615
531075970
528248450
578317005
911942673
124546138
55381277
168948944
562789967
866472328
159310261
172924304
48472501
176766556
298825857
846504679
178468260
126893307
875423027
379909903
255446356
293600188
601403266
239197651
202915529
246283664
661256638
28960507
681295532
706895834
30394551
641694533
603170889
587520810
339580177
519637850
246514641
277139154
259201129
406686694
271881755
592895363
918399762
670535464
95062136
448904232
83958276
589079777
891273068
736118752
695806695
798063406
566505766
431104680
766646702
874417867
612412968
275930485
485171369
474422734
918034890
547365172
19319397
324860859
14899417
635652709
768834882
810468086
28755809
609892114
81737038
629107298
397011850
863232212
909354161
291383867
833414157
408124618
75997039
143762229
145924361
701882305
76998549
115392891
367766304
3971966
954471627
724706007
219232633
545943918
917283404
613189344
20355405
902706362
18500603
528935035
77918916
974225031
737087921
819932442
332290987
931311298
105082245
730613682
1941241
569394446
539912424
627407234
392000469
555994258
439535641
684504381
666007348
434204964
59971129
457240707
137341322
448030543
409449469
32220689
41399327
536141673
862807475
40566097
748303817
31472048
528468259
58894298
714688051
136101655
567147156
141456305
348499486
259995023
214861968
602579103
410248946
472881591
271030587
630938808
946427858
578340888
901541084
56460470
803122491
676184915
664690267
630157140
48307966
318052806
866193136
398848110
452133256
650504570
136800333
479131445
186080501
848874582
990432820
875826479
775387003
903216748
426792543
333638637
886773130
238503829
574073443
673802446
606070371
764921806
272189900
927896312
658079659
721340000
912304881
173984981
117951523
219362804
95903197
301448311
515660253
445803356
180104601
876589340
214905448
601454358
252626602
384184291
232382041
180110427
737163110
786105981
153450452
83526020
555286901
385060603
297657277
607574464
763076165
739725590
221602201
801035394
813771693
777102186
946965265
779184180
556004760
717308447
261954460
547578731
473937705
266198303
911859869
684589890
27839159
842930980
504912811
437290413
784932090
77183599
201802010
211387030
819490365
731112019
744638576
604925871
647491415
604170104
123415899
141913576
60928503
6646074
269226424
348092982
69393216
583921949
986605712
940743636
670346445
968219920
648724280
930566799
995839749
422308145
866871110
731095474
240910424
812621130
456287654
580631510
174362266
489024427
32364656
869520754
10709550
362098824
582724939
342365988
285733494
499788900
975831268
840754024
686915118
634192785
317002516
25182885
610413015
882630399
701969900
254010719
321820956
986338737
85213333
327196060
698351498
560060405
609820717
677170643
766580761
244818412
155690247
252110669
956831546
377338851
528056046
955873357
36951515
208927883
676922649
320817708
386335432
47759311
353130411
262519905
818084667
821843408
999513973
943243872
838267763
743286993
930065645
570064750
47552316
293153725
738650746
846226123
90587663
846367266
452911595
102584254
83836189
685656413
187238901
116604716
982259459
779920207
781506634
270600876
311630484
805984806
37847866
743628763
387990229
694791798
905898694
723748293
781026071
202381942
463648423
775709334
881359187
662437739
820459340
112785721
454952319
674909014
936276148
190684906
79080589
683413219
230195878
662576310
310451169
644560836
192392356
937586556
593909609
992844498
869844170
661340293
340784221
929423714
306958959
343621822
695446019
29866157
372168917
926958184
919676775
232180653
775035981
767647977
255762848
982361933
291415057
454345682
117086928
453125191
81766851
481090734
222053970
513564232
662063304
241250734
400953216
855805516
752962928
916092791
898778202
340680404
598008064
496207680
376798742
269131380
99749928
850195948
101176240
884677264
726774610
918202361
370465565
89604627
561492660
505898693
71856921
325688837
485656211
897527984
795628683
596434922
369412010
70891055
80716478
272530316
286716488
907509970
772455879
766366355
448932476
732507884
33896989
574026934
586948935
182896475
412748961
689788262
832352646
159116547
539727498
917538476
745747218
465463344
17343883
660975794
301126681
17946429
521981303
454313365
346668410
103625569
241758907
532057425
627296665
958727058
479576956
75658038
922251635
520795664
170990241
104633218
769506345
776392343
162985082
262029233
260288732
834849357
699427504
88682060
480183121
686172784
87735599
440959157
913498867
882649985
12495414
315739398
192569191
462218558
586267875
831073029
960532658
685003162
77841534
225479980
402411646
402680034
190981605
929434295
342396414
229520931
992048873
562674167
571854174
374201363
332008706
650165969
592834195
35032051
342458558
963365164
68072013
497795947
800322701
370703893
327511436
19358572
167495302
316512975
176735420
432934211
859514440
330376473
959644046
381497986
117287993
453585045
650917006
966852110
641650273
499004644
551907146
325386594
565099196
192079861
142078229
818872228
857297736
138531163
626658018
885819744
240112642
953512306
390945199
876110465
600571930
251539997
290634728
521930144
387095552
824300131
432625501
608270100
335738333
245375272
237590678
825143295
978272785
875111866
154317426
520382951
437332239
173156418
547309980
607492984
933919845
409133235
473059570
119621786
812912855
485822900
901437732
141477868
615131019
139642183
447753694
154779734
405999939
357755388
439435765
483343748
98551441
56280563
511726697
708277563
879718356
391021907
538019069
308945692
287175175
284238783
269412794
348497791
91393383
75294344
855121021
445878486
882068045
53455881
358659670
324615633
426731941
268684105
545021491
192086537
967676496
567113145
370193260
831397538
104364964
624139301
7433856
1312363
393044490
380659815
315458360
871813761
306954966
439624507
840700783
66368685
285151660
711366944
985565133
762414729
244119832
648416978
107973830
223271965
519391300
359614714
979497244
340246922
818469369
474657381
33468772
519221719
67735404
913496603
644694615
922694108
536629585
628385521
200742581
160857260
953858215
223078816
907004112
583230383
384259383
989113876
116581829
568569252
295419299
274391917
375787814
392269195
314285955
95795958
646871896
360633930
179689072
807808026
963786757
742081290
150625486
750242762
887808374
281438502
972900263
666457024
996192805
104322734
905440898
923272533
531679358
468101860
467613110
371510723
750723676
88111655
104796108
920207697
757865613
27611354
808041705
241415204
729220810
788857737
29287223
185747723
583356309
312623182
104687140
321683317
199661590
675243958
557085601
676416717
355180052
90213274
349945978
85659052
665709585
137603850
765354430
374613709
786811810
365730867
539200249
591978369
675649074
222467761
653891481
744493254
87584749
46930025
734294244
203211745
102732865
966772008
490161357
693091057
324059127
935829963
77207847
241094804
666740511
736072900
965340350
934544378
442610821
770981973
921446606
811130395
559671895
689768177
363147950
91119866
733336349
810987945
687966016
675388726
882116673
951936554
273435923
95648252
124224889
108953010
80225408
469889451
444489549
176404068
486577272
305457276
39039998
879541232
977597555
821700174
370305997
333075349
764675251
939631041
323104875
511682056
30117247
204973557
886396483
358709302
100392427
907783680
450967592
265626058
324079062
665196461
597247645
811054062
549379651
794915408
663575875
228306020
268420304
629979904
585031884
120314755
378674219
522946185
650948950
683286131
757831104
526150180
558545966
432172056
712621724
264812171
709883870
666585476
800437398
461411298
250954520
982817076
431883433
364479356
728186122
54721530
649982579
247009149
600135786
803804835
336491519
35513351
25135236
87323594
489530123
651801889
563126856
744252510
805591150
898192294
119910918
865083484
959852316
324757700
803559949
66703249
211584094
331322007
430546158
133591623
142739166
307305686
720772448
542368787
989295227
332762567
342323454
256802427
822796467
771031929
225915018
599151589
921091334
934066414
557913110
28462232
228379669
293795781
904466449
781667591
656126843
858615667
681289704
78405631
27215984
288827147
263204005
146122960
935287674
518328948
672863433
137794186
781688039
130756210
835200884
506404700
963913332
405465286
793715660
106525473
625745407
47387161
709398428
273142365
178454212
383518803
463933333
737397920
314772839
247976637
957305884
157143551
663852769
241539216
264141498
820870583
534446568
291754601
883599209
255398713
947700406
369509684
674026968
907704528
825851381
696884248
966193815
646211623
194144389
164740477
43000796
754973576
174863976
137667087
640448709
779482489
849600002
353321066
422600630
392120932
39265251
696667117
144615062
403330250
639576948
10541928
936972756
991396090
852949726
415594009
631972585
699702158
416056397
878148723
860970886
172673180
557672519
308655453
687798292
855242227
954850752
253984829
505649032
105038133
384147925
510181787
110374209
641624962
573008767
470942810
307189335
535964785
204888529
632783534
148050067
540158691
699838046
829260832
474616276
112011876
770517888
910603932
661041565
614388404
783776284
821569065
866008743
310916863
296623216
587084140
43865825
732542019
62032011
575409232
389350791
605610894
793936103
269986140
619518049
600208931
17966273
56973257
973969752
586661784
155544332
989096768
711622346
440067974
265975094
906651701
94014310
327937690
631138164
847229463
321744162
340858293
646011888
176924398
69510912
892801994
516745142
520321371
480610054
361254707
433166764
921603137
131022658
58724949
187190443
610105868
221972925
270955716
674353017
384934662
884398672
678918505
448591865
431974186
118027879
978254613
459100697
628028260
841000249
695151371
627635286
558285825
593431587
430945292
84873916
169665915
807012937
309713197
596517804
147008654
514035242
997365400
347891947
625954774
169511235
526468140
726291238
714641483
195050487
683193424
124782580
414204328
204329819
973056358
931758886
88456163
814096117
755497570
696115220
791873347
309711516
793270685
588570770
666137737
863957940
387325315
670547125
255630473
270389387
396958132
301012402
853537168
877451878
718480489
277953333
255366823
298051664
777489171
731901933
633057341
198194765
602557370
248218183
710550172
585704587
132885970
318557145
16228540
543271416
545254618
541506732
893766864
492338228
185989875
934427673
320436218
562205940
823481475
67173031
491099361
936137281
5029726
438635787
213902428
119694513
896068039
676732115
976507712
167345493
184607754
348193148
731163284
940658362
924168301
571777386
443420952
777596037
895335467
428422943
77798469
663115908
866134970
18100740
995377188
177991943
476199315
408364854
624112558
254372382
463849858
135823169
965548284
915813430
237483182
795554020
550212323
208096076
151477478
121541105
180460148
501285774
237301514
727143952
124652915
790518003
181993183
185001877
47135764
291533135
602603890
456362415
304909413
418509993
951126
626561736
578656114
832856240
490579044
921450510
419355862
622892611
123224809
480475795
408966995
755205311
64453237
28811984
989530286
361265849
513587717
937651505
29046340
826293976
812716280
433562619
161630517
169890554
616085985
471115294
346505430
83534123
424951863
583563528
420165445
64845392
391311088
549348451
905786058
22248600
458586872
782149176
61978449
215811609
186491791
643476567
230896457
155658126
110276726
432681545
362914511
446317407
215049550
360096986
891678975
273762287
480924508
835530841
442837820
180526172
910562818
828874975
693018153
370422938
186071618
250219302
513225992
29916210
688354575
84243413
435599398
927553962
107205740
870545002
148383098
425910103
113536995
412675822
212279445
283068508
790798218
388244542
859175402
546387208
486475674
54885459
287595921
489271596
759426237
198334812
783174143
538805193
166606266
875016991
46489525
123710930
768461272
882979588
76562507
873972206
941669615
279330044
206488061
755172250
628704542
315364116
142477344
229791101
980413136
210890996
904956001
966310449
310906150
431898078
87397624
815748830
842186720
280059097
432144295
625843968
91764681
400034895
904375442
317133294
657590440
395840062
12322477
835437033
642592231
201815289
816822304
926390098
68895324
695466266
987680166
352785833
593164705
545629290
71256913
8622633
181371911
31046956
163944673
747340915
668851779
492454429
826171658
66595753
81103695
969225867
395449892
939498607
204134822
406823868
459092207
534115022
83855806
771990032
9962452
342499720
29303067
822583559
898297616
616534169
883085411
246417853
52089478
749329014
145700566
336271624
791028188
176486584
18657002
381923091
789216055
9689265
217591922
666172308
258194835
600802601
676095594
731615596
521876577
140679885
902502076
404084613
585889118
700747610
85395223
200774385
595522323
189508954
820597683
148074165
972147693
720233244
726732621
878151134
153914786
94938886
257423361
729608521
548219152
643383251
764382338
212792233
655621756
551103024
832536062
712786874
696341399
252490582
864756701
559665413
243142808
114296944
509442317
20479479
23609633
541921134
721811563
565789533
908400066
788734757
969944672
277690569
419903602
612147083
538010895
958783160
321453961
816989656
328862189
152619244
256674806
567704673
592799995
696004649
40506292
440984311
147246564
483194815
735233123
119578894
707073384
832814901
420722341
951460873
642231674
701129492
299708502
69554527
10836283
371391762
919846921
704716000
761419461
29323469
347939940
60604179
819324101
950941508
191090180
746231553
742077974
289390063
644512695
938024928
489225656
241718607
7166063
253744524
601785239
594010555
606303388
732183366
327490724
479962106
56527160
455743390
476489906
911234037
498502703
610176526
919586927
876852550
946635973
477594022
882715753
290159565
409003566
29321234
871622061
429931931
489220378
789992194
796790889
356777839
470260322
473286382
431276293
734425245
709333435
600357599
276715645
687651892
611023565
592001438
341879159
667336058
226827303
989992137
580024388
902716817
711789329
528299822
391765219
588619343
195067564
673898278
862216422
695338866
342698224
170971973
830814900
462981912
152984274
34668186
39801383
321856586
705220389
468563368
521201324
572685531
218647267
957962165
929162021
378725359
141455683
667845322
126045011
577761710
663378239
73952060
284582416
989195227
231976699
704691158
339811706
228162319
514420730
116356653
783759044
587278461
281351445
975420548
111754732
236894944
901595444
493308436
359278655
183432886
859909692
114973274
905280369
967703053
854999961
528280420
602082473
67453884
499480544
858318222
73627121
306171969
854323017
430778533
749501447
888601969
528879952
546466116
733880101
785696580
749772514
892500528
162749989
522420927
998709309
42733001
26689833
984984025
273679760
953680502
835508666
314400065
296080090
455092761
839002831
953521360
355110573
256606851
704840922
996619892
951328426
716918472
632864360
58183423
17852853
594178367
344909990
169453149
877118308
926359550
290868016
29115193
822542179
358321014
880344195
314335243
30600110
695618123
497054589
41858615
779873133
459923045
206133945
7720955
379608635
944843289
968045480
734957939
815432810
414984141
138084963
545101145
450214039
644636399
831754755
739495372
953043278
984679935
61190038
949065740
723321654
286219649
897510543
281306753
611755608
453147757
454164089
419833829
455598706
725091233
691941103
707526270
798610857
884271549
436886772
990423379
417404484
135433718
919592555
258477821
738704094
223409568
895647374
442163749
306363276
875130611
935287993
265355607
256231998
305370952
894993313
957489284
638630464
518308557
320174942
609902843
914754115
633021897
412455014
777003173
409722247
361507131
157810436
753772555
354318373
626919331
964870020
120326459
906413400
360547539
332903397
636717075
59916218
564507070
150883588
15355414
517153453
703697496
200710725
105078542
987875632
849065631
854117335
602176837
131579505
316026086
344849487
212776232
57157303
837282341
861772134
193930961
934240309
993464521
3716529
676292992
38526302
22811644
815607709
41486112
326444153
679960372
193193065
426573079
864295498
317507337
233863506
865963518
747218147
381977657
715373863
165348490
994133192
996820820
76626661
304100085
993849142
777799501
912420485
235282647
143685621
104470302
242887682
434933290
314065720
393141168
194714814
992434946
581932566
451012075
376302749
9246104
811122257
855757329
208335374
250730225
755304293
834161627
277624896
483434365
579523627
449114675
55005310
922282901
180523995
976629295
726201402
311002394
185773096
395772941
942715189
899173863
1561222
701571018
939020843
423140544
485229213
54681316
192839597
904253512
790008941
505580147
988408332
484968621
641928997
850457254
341718574
211468559
607211361
323927894
927144125
33684536
492571014
394689451
784815919
929493643
724103634
880748923
12820343
999515320
488913761
306492583
992676417
27979671
815770080
558266014
851896818
108576223
751155328
357092386
438265282
957594013
537491895
507991519
981768595
848807170
22267469
931350408
57157887
979167545
134616323
621766678
871793745
542681247
111365142
525544120
980471918
721167174
526552859
770090938
909371764
246574449
919212184
431294055
811103492
753708282
753931666
973275225
674019272
322958900
538855896
985992760
51737932
990851968
941783811
707329846
869269516
367086769
751970182
261790645
815198837
769878709
926489185
34239381
576365920
471333966
461086085
77843441
435206045
357427626
143613703
944621751
22387155
449257861
858273547
784033428
186795378
544531310
524787454
754750551
727434270
786321005
582104213
570371834
588349690
269342419
467702054
920270036
263112617
614574817
661590429
248622546
865993107
798161956
519549704
345593475
409925504
295035405
70720467
113197655
882701899
571528394
872152126
336910531
255876074
261580938
83536595
267618988
499936419
803056151
914445467
863715596
765513135
145639389
377911017
908329689
539069659
860794440
4447585
273428701
934840355
624348239
551897675
671606159
290040719
494646032
365271976
975841315
81740694
441870357
759148261
94823747
269474735
96141177
857263891
728362531
789916298
506071250
126145864
682035691
87755624
113436671
742740388
988617744
968176075
371882030
816814370
896178647
314611095
213777023
474013375
989609219
999101769
276025807
537308030
793527670
161887262
275620130
643105261
869043224
9601814
173723490
742252736
291591836
769638016
192683334
47257235
482037819
458346157
543821793
458962148
571929541
828835430
77047409
121455485
489868977
650698950
512876346
157461751
862477843
150299022
118353303
921689340
475025390
290986693
478101149
273841609
557948941
276463587
725828686
429278821
859009197
57092196
522965695
497018220
672297510
255178479
953673719
922033643
866033475
357546856
674261030
483971960
628521507
467777133
713384314
868625334
159129967
730182052
289918633
11384755
171477680
298935091
686420753
343106440
4070467
67282401
826108155
334342513
824449841
500733520
571562999
718700390
514769874
481380164
529134921
631576647
890688387
699393549
213104791
875365018
264531808
196769532
227519621
22415103
830513299
794323950
955489520
626899068
622900736
1603061
629633760
184833082
880639199
33429856
852374009
66785480
715172645
790434507
553644677
123041833
204624443
858985335
315593281
902267485
692527955
887838703
283669771
741233456
979236781
902000874
697433512
354845866
552799653
525179427
104067308
564485620
240481013
124930175
532993639
807817353
518722656
289233270
649161936
253480600
931952207
835835438
696171717
546460678
120308799
889204526
270613067
382834696
155113647
134951873
622305955
636247731
425230532
964689462
27271279
255347090
477205588
772634032
954048804
89370186
890778640
849957425
915012032
427788033
175561221
687781340
768952567
643957280
226866564
933635368
469427556
62318058
159475841
310630979
238922569
450437934
324670591
977436594
270357803
535361417
331247390
795816702
17274460
555725612
763701204
449545518
595550856
149611685
639096812
303077483
310458232
486406703
725031062
553224412
159459595
826542506
133446002
78599441
257331056
711203226
790144487
486090687
179215466
891059852
694410536
855789183
645544524
462050416
866992323
664124226
432057453
539999691
599785807
742656846
104589872
509186940
127972011
742566998
229743530
596677531
705069009
794163866
144727628
215308869
802134276
479224976
585933751
778637094
318359527
607438033
273697004
10576040
838633643
90412489
17728979
519283027
296602553
376090915
870081385
674683536
120839623
499745721
485715133
966890517
353425304
785431588
888832783
843071859
71490644
5190890
243180213
368873020
127078218
662188238
224084163
159840135
818061115
632657374
791275252
824372423
687090257
759155073
857587415
627847439
900645480
142581318
155655417
799786709
705975863
58106313
109776901
517200993
591107915
300449036
524365490
895440064
833343103
979616257
572941955
653703254
831458530
491984473
799066425
804688747
350432660
290838315
15353879
103437613
766222579
338781673
505346515
130647701
889757539
461137286
336370130
228484155
265780364
301732393
601221680
623465286
662893232
24495227
938558158
863126340
274026453
666592235
662303339
217028416
719588618
373573537
328358572
809207629
560272377
191433076
826529395
158931795
328984952
163631635
148039132
727658952
788977828
913411009
772731723
220853324
698221303
797736910
879880715
931262441
921912890
767848130
557879899
717401836
269046703
348824930
627948524
943809731
532620002
365400034
21949394
772109746
567729309
344670692
808154312
110442951
137198168
246937681
131521416
551688714
415951652
564654877
422247002
409253266
749804746
254162832
496415114
8596953
146430546
43142508
996650330
877129360
703422883
2616296
342344732
149205634
624125157
180920243
735001409
555239369
358691925
799448552
283212035
71928464
413841024
673709223
868259987
385569042
285497420
271300611
458133948
184627540
328139818
134648825
5089219
51671261
786207451
777696955
806382473
934176742
120654983
502531812
515634392
521052741
835446685
49838358
539395582
60624037
569588204
862190704
739525238
359481059
557508823
331562251
315659539
234888631
547276194
3461731
164922063
561886550
403345596
410426955
606683301
190116627
62123086
539217260
645525476
160788838
20705059
308297245
583891372
666863803
655220674
205574367
455494990
5545934
349676101
34624156
174603661
873725649
515142351
197148830
893365014
477668351
192300606
42808331
859700221
117115902
373679859
217640494
36290378
85793215
380593378
227338299
781984222
885968905
776922260
815852961
760847174
258445709
644534167
515593286
810777358
293371359
916208554
97676301
648909439
447620169
773428225
577455709
614111755
350140750
296653380
430763203
638048410
810680620
203397522
236443717
74623176
321442415
25341437
792140975
630913913
439325805
939470293
902843490
231682443
32819069
880303003
610101448
102371077
423586942
877163260
801168807
386060095
927000184
212934595
329550189
669045104
61130619
516453169
845007470
482224986
934248235
869326943
815501086
266547604
790930755
319692322
867932117
180116614
649751778
124801989
80339930
552327922
830919564
759599506
232331910
939719359
554160939
957904884
908209559
478333841
641529080
440583558
633692479
672635647
921194696
658077531
820386820
739262387
505660379
654234923
911762218
362554867
514671339
346116288
110275788
125525984
634425993
273974726
4577573
431824900
388576150
382605244
356053901
141292403
805420597
255619247
421497209
599997102
337331764
298170568
765712256
195368979
910665991
25554238
460813804
510453131
144666600
226471414
816356915
192714674
885605766
666951427
160669075
28097574
551933786
890929007
806200650
569682526
838040420
660455917
537582771
304588620
732880204
931356510
928888458
326335230
685303078
598308778
875255129
534438337
668271559
910229012
414904644
525315967
217147238
531415265
14343917
561282242
234434957
840321372
790217256
275380617
499231397
844915309
385519976
688752725
772615500
600218761
246791561
260474988
849198956
691560713
65420273
176227141
68290
151631804
245789844
770772577
755676004
333858600
590969623
584575757
470322829
52195644
225805332
399128678
391801583
801719700
928519475
960680469
303975763
584892481
681792300
254978039
383468857
256075992
416627642
594551594
482508499
455920657
402612437
480164394
334994165
839767003
688843542
918477954
982460482
31786167
52739019
251754087
210988969
413693708
293213439
85235009
48383464
946066639
104487475
785820634
213650199
445565929
515647265
77337927
219181369
424169593
630154820
831050145
532234737
104578873
606567604
463208270
639487168
932012636
217278029
403343696
335020593
7667599
784754389
921602838
740166386
295809982
348428350
42125041
448993191
458305967
2268977
461480922
819020807
469400956
28582803
339579896
223142947
521199191
446028425
31905659
386923710
397505241
799135156
785846137
311421833
765180107
242792321
386578878
400880880
94924533
204720317
553128617
258933219
663417793
440482278
641350331
112573674
583808010
952290139
372763866
806332800
274455749
781730352
89317651
40279740
732375128
843051088
53686432
6425386
492458467
115762081
904869523
107362017
414507265
202318148
909926038
291857192
970871526
446062172
2812219
311057740
619701514
44384169
867373155
62503063
734970504
544960534
307987807
527724820
149156772
384237129
88929524
832199268
22702416
750027740
968404684
736260980
68648959
939958341
330793779
249866733
190978188
441434763
256573764
75903956
344405134
57208037
652535869
931686571
485075009
538602305
768737100
1516572
231426013
135774791
456517427
882838853
993892014
555380751
219268770
405767033
991669428
610314267
123230057
16310104
279830923
585809401
178953674
285263980
809781953
664582419
900743849
292426349
525262356
798617071
211985903
820303716
645933943
965309930
248698623
658724077
114277340
140373094
152453170
217973945
140838647
892181890
49203903
446270103
157567308
229621535
794028913
676667333
702506081
902118901
520136480
434730513
827279264
277940272
106057844
882842710
34323616
754614125
408293439
878050839
959242137
152759903
766556528
874588896
785955906
168576918
552133824
461765983
212844373
711579461
410349522
706482600
60716615
397131869
417337837
840938430
412630425
228902289
121324149
987479616
989758094
424433199
932655133
767651592
762625020
871581685
28404499
304783423
99443127
26764673
205047395
511721954
509680524
852117790
196650332
882050731
831360323
914231902
17304253
670731904
801884881
105865327
766867691
937101249
223298468
861278777
38273048
812483371
167379637
714865711
914436396
609418269
16435932
114284896
794128345
433953666
556253246
324473674
41541284
