384641063
988133418
786871045
49552775
778308421
693830620
676577167
95181121
776831826
567133993
143971157
434387244
816552010
227532616
19016740
699794665
485875285
43367492
447348026
927257863
622342782
195872006
969177270
294210095
489254663
91334033
111580125
248383073
338544188
687610943
920391964
672759250
275517877
906956070
5132634
766875457
126918182
807038372
422331702
45268112
516566039
656558925
629402722
322986626
720050576
727353151
312160214
385089127
980414141
972888489
180830000
708026037
761793767
399157188
52705355
188356377
272214247
988880532
519335121
992516717
971729130
802692217
160071677
144744284
233533567
582000924
524098967
657375915
373114026
461913562
117457818
216699369
296414496
464044280
257800946
806747226
728144770
857301922
870606585
512368182
32664005
685203814
528840683
4298914
710875739
770414449
422845539
452558824
449179003
158111084
170950656
640133421
805781380
350396870
179979828
275218716
374141562
667965426
188892507
97728734
310682001
307070277
4959516
57531821
366425648
109025211
331447044
667247880
939697564
709406774
851149749
855005372
941630306
484972754
984336841
34228193
245836661
138863794
956211990
419059887
227449419
630113016
242209916
333833415
124194488
645946405
303499961
571859433
203868610
602234608
149094427
777361896
733363445
907089617
923117647
921393747
983156508
130054309
56788921
266181470
657520725
920585409
155379565
520000718
116878430
36413027
723089057
168319965
431222400
427926105
135220661
619921569
626911088
748098631
744561740
861313593
452461196
960268330
110324220
415748118
539892434
395289486
294881270
640872780
287193936
563934685
211733146
55495758
953190412
187351883
300729322
279642515
145757931
194328295
969818922
503021095
322510014
612376187
496155702
52687744
906368941
257196082
917706022
897124137
681812148
719232697
633501450
262270799
304546752
529909319
677496335
424967497
699999810
281384317
127693765
866986116
32798444
924511823
61253266
347155861
121696100
720568072
12735178
604456555
833199825
880914506
378923115
144983963
679757087
273327201
631113733
721307096
123539572
564368996
835328488
724553519
102718974
605883012
207742936
691552368
326274664
610620983
350828658
28632927
124725758
933977448
178238653
91655089
895221959
877551945
43286192
882420531
10764013
861422974
68291515
678261796
640856377
878953837
63485422
766895245
406558818
864758621
686517137
883338301
894138854
943877278
934458835
244483465
338833528
300058299
955707621
120887972
101364940
735757877
654761085
97493867
298511715
207496808
886070619
897168305
488200664
453584053
231489868
572264311
164288809
236170566
933204779
747570765
495119026
617945775
318387184
876219263
292769057
343605311
812659419
603959718
567976866
592230661
711562246
159182228
660099588
458191738
44447587
207584467
878813833
809423615
629344440
729043241
362793524
890635935
192598428
291450178
267480786
516484383
146667214
647606904
166030701
46352536
149521876
560660147
394629604
11602431
631832021
614132764
910117316
671869255
197955858
337539273
334819853
424642586
621405799
664145713
118808108
585940748
639365636
229598811
646948631
871039827
60947880
791706255
45459033
904331407
517491945
298309290
221937675
672699276
165788991
386564220
855081902
532718038
438649988
443632874
953399474
211111626
233133714
535703508
251626885
970888147
367410212
189021731
368542085
309329803
180137802
120694661
462428046
899558766
960645721
956348263
45787637
258849730
540981127
488141563
339411055
720662230
871176758
643329047
69016368
835673108
594632698
49628393
35005072
656846784
890600019
554241455
235275986
899821595
236469218
856649176
435503495
369771105
22971723
126360374
515433516
853597907
593256652
414421850
92140790
255348853
567754352
80924149
165114627
650386865
516805938
262011411
810582273
29499250
261440617
833740403
135167497
923861108
126510067
142813410
583925571
80838777
213116474
366964671
512315921
64732458
404618423
931676607
313412412
701559178
322778016
438571456
246940719
811619065
252048746
643880401
596040441
290306735
24870860
54600437
525522225
782103145
592140763
140050019
5842952
55520437
463267597
834486926
830962580
473317939
314799582
259841659
879341037
128350889
606553421
962970280
245368698
473438493
609204268
211765851
284785014
663071747
921284062
252546013
343965431
899001142
599593716
191578161
442090064
83997495
796140687
697050863
760498955
633612790
435628493
821807610
901497813
552693217
953139073
397691335
212791718
589045246
135252869
364089606
29474264
955787643
155395967
307140555
10110106
193648786
770615587
120151069
815166866
173156323
322347905
201281261
965093377
724505041
578088136
855308357
9557762
217462303
816848884
100768565
295942021
377636157
590951162
842561932
370998984
722008845
598776502
841782648
180433153
522601761
779211799
570836654
897930002
865146365
525326753
424249700
817039438
741423315
152967506
922396333
654173981
388447609
785010202
952633363
713324531
633913148
870052471
438922570
848963886
119533526
336557052
430751657
272253687
105607787
912568108
801000687
838941311
546227501
454356158
183298500
872183327
163328401
644955008
757698792
524583468
64966409
987114465
139977436
420054494
913266512
348700751
113654799
413259057
163330958
773000588
307360303
757388470
558069156
656257296
166002377
974784806
324633412
804356264
410514371
205165483
817014587
538625918
498306864
519118356
130050155
601232731
214663298
710355650
185700503
676453343
325025291
634040081
911979052
711479039
480899446
217120775
85180842
228911218
163224009
373076068
470595167
30560951
427096714
865724438
799018761
460314991
881642648
253621226
889136194
823517691
85446278
244095973
402708420
793121381
290599194
15954860
833453843
321806122
786351601
704835880
854827576
459518267
286100576
327420610
742475379
38963052
937191095
362083792
560913026
625782899
30963718
25861857
617951576
813447269
550474619
100067935
10230004
233676245
379392046
930668175
604994818
663355919
727869373
523029400
54932162
271324771
41412214
687656771
462083691
275461309
682774675
632805407
772516221
34473967
484222751
837651888
176243300
197737026
59226054
379280701
870894472
305801034
345428804
386486939
792827840
542077505
461424743
227326763
475035648
327885376
574031928
9942510
583344270
390486711
549715191
843311068
521066841
895945125
359067246
166236104
271954250
96411908
269612588
241166328
285808652
79075764
906577341
515097493
594915830
234036702
353361580
745411997
91741275
110805189
621743123
90026387
53538103
90913474
485083283
538366711
63417609
287771509
191519950
810420501
148857428
547323129
297123704
774985032
381716459
613701004
273864751
386643832
793602382
469955557
504913755
3812260
768404912
242616868
574546516
416079745
25186159
976992767
211360193
888691083
707277608
436949253
911770619
840270063
221958623
723532571
14866346
916270910
300459919
598491662
871685124
398197923
239730873
481338809
589077723
813836884
432969466
940202685
121290121
687282254
447423102
693004333
317976887
631804304
161117670
874041362
543744366
122915253
536150200
698772037
725078428
911507961
205951151
119093846
957441966
924916522
126248806
982097396
977424082
24516915
286019593
993185239
797607744
945339724
283447977
100512130
339054548
590088551
403615001
286585599
198836644
996341480
934093807
586230177
808194520
196776946
664790135
576817721
648781227
341339285
396083105
664188972
757054331
726112678
299325082
562657373
290031921
907767544
889829328
939344897
229105649
640923317
161460623
548774069
334662731
644943257
282805281
39220730
41289328
136128111
584057171
325646220
367029792
297777403
478532765
561529575
560669023
669416604
612819930
172825006
245874770
955710906
312007776
730257165
275296093
414795002
98282442
104766412
233927777
372006554
572938654
531129017
949475616
243549388
903064797
232072417
469637375
587019718
334035449
791691058
124303947
324769555
880902583
734594953
658734461
65000326
391180744
289388758
45669894
778078023
107618924
182859437
683795133
677911456
455936962
973488772
513333908
341576204
766181287
768043446
394492449
723360647
595940894
812619753
852105597
36356859
552930993
17183141
3790322
633461767
808336138
398913662
51854010
487881278
119663399
63472770
71503274
347135977
822098435
575798274
789108849
684229500
972894780
604233090
167940186
19213688
454676984
108732559
388246173
540120956
563509609
304391592
295046810
575891221
180480035
501334974
292506107
184716955
601375840
615949624
952516784
71343798
787047527
988790841
574784297
385000375
49694760
611771059
479681006
998149990
934288586
134636032
340684777
142809155
429112535
680479084
288243569
949538211
938295957
666540965
251555231
458687158
206069521
312939205
831046578
258937553
688650332
801320289
5795102
998774739
197389103
928537682
372381569
359680235
759927244
231048219
864796742
622976281
161171295
723042441
228148232
670942178
893243349
978088191
669592447
712896025
884145428
38147380
615226543
422921870
715515871
118128042
525509556
339539870
689407470
811587585
421536426
313677239
905757377
185932010
531800780
99571517
63512607
397050728
832217806
622670033
939666114
594422905
770461633
382402727
147866868
786019308
488979959
378917548
532660418
52632131
353287278
174629864
503182343
83497375
564802348
430006186
972373108
947077425
761763472
781750949
220900560
14809483
31278236
381246430
512142220
322301141
631816541
793187497
277335262
532958876
784002511
259879109
978710976
362580952
454570550
713653612
634743637
381056003
542462988
963927114
634831072
988285371
427919387
489940198
362150064
913355576
348365188
917857778
456339417
261855989
997757680
435157364
760748745
195804284
988403205
781128026
476252660
607300215
492785265
224906638
471574149
533063539
426860879
193960413
560616286
616537067
45980021
130993261
608813190
246408982
936445870
485154875
680905289
630732166
709545807
822143891
401032914
174728772
14971978
