286162
602108
736468
839296
759386
896450
472060
355078
594636
529774
528610
613238
891512
498412
700320
504658
819218
540994
755804
542688
947716
772180
784754
866634
834938
330746
940754
894390
428734
762634
517406
720050
645590
772180
562456
605548
960034
591398
903530
552502
467486
517984
540410
519744
908176
463160
667262
604586
596850
693458
828258
501508
731812
827010
584878
535784
552980
586790
497840
645848
715852
930800
929138
831652
280726
353714
676792
730970
704812
754360
790074
569034
356312
507494
418934
759366
803238
522954
561566
627148
891352
583888
561312
613472
411234
568044
752674
550262
793236
729662
827000
545110
311820
436178
513134
638832
578624
501024
619288
534010
