672497175
18244949
252304540
824309318
547103084
590375885
5983773
824650082
838514921
638976205
230066521
513548149
901903926
853884935
2510482
20200923
635818345
824578821
420271781
855677487
302785942
569631653
501820442
820890774
750419786
643252637
533761981
30476040
609449106
945920484
519027009
824366617
530096175
120468439
520619366
525374365
501585587
813708508
99343721
201339184
869325796
58836576
419656458
317153685
950584419
430927765
835706049
490710712
451136353
915625789
626608326
237474478
217122538
22870832
262393094
900415517
62373784
820487499
57351574
372343821
108276584
407778921
644426455
711153839
42932080
400384806
536179101
376828873
239290210
201661571
641807470
636167362
395139122
366118158
715754490
129772942
21169518
51257271
51874188
702062544
58830880
473801889
700144876
438773713
762192288
563980081
294841713
786151424
318231036
855825322
715504123
377663450
815994384
443282309
93710224
285478088
108219467
940237253
472001839
626522426
852591874
426182787
94838516
530328396
556611172
517699767
267598923
890813660
5791222
497895199
802182351
601505105
449352560
463480968
114069191
658742861
797338791
74034932
758823535
486723915
263184296
64547729
383794328
90794456
817921734
568986325
157316383
819871467
12571173
340997829
145589801
687046868
458041703
838832844
732287549
533573293
330985947
215530184
561184428
993455343
230156209
562733751
720878496
665887351
178349942
253144408
641798008
561244294
480841745
540457711
772686585
409226173
117254047
497955590
34890522
140054447
814102769
485136591
914357822
114473283
214941770
499844404
926133909
944148242
721547970
583629835
733827105
658745885
285778038
40719187
883639670
854573568
478720548
279953463
228929371
139895015
885682453
263734044
696876227
87250993
905225624
792679257
59548565
174133471
102236187
495204088
746225140
429020370
159918767
541508495
290448083
934644919
72116536
604015383
362350071
902794310
794817963
698157293
226349539
15857271
657265953
817506839
549641641
502323132
799637786
900947837
573724518
137245381
189457408
774607881
808974287
924492881
524199527
994710580
518430217
260104235
597169670
721659730
723461404
384702121
764251936
546051488
580853567
199516866
714671253
657248825
263311632
533509521
289104186
203410248
679700983
930729238
475148431
36476741
839660202
294680160
767974413
341714858
292220931
495084508
858474442
415700540
653150006
449361463
199541350
300327357
60228663
832305242
520820629
911240346
279084849
183460562
686751988
363061396
41982394
57355036
285543334
549796704
632324091
860393020
286604962
279872021
655449104
457892837
264968225
892455116
900776201
492623574
216963849
10804048
644245192
74747678
534317399
99704467
183879898
738899721
17839100
984981238
178663614
464958214
796112362
296169966
862813723
989165006
778290827
853507808
267450073
898608398
865643165
205623660
62989326
373236873
821273870
285380081
746666298
614292765
466263792
366670709
581073237
185963999
120236818
114337191
548662078
498425210
478745115
178538184
608933711
548590859
234007613
365104162
188800
46679446
263545228
18158844
43871233
601894394
68184727
843133595
699574900
702829356
152467159
852781386
216755305
302831146
411642854
11332663
121095346
771673035
903961028
16444269
793185333
532085316
644272411
977531420
186392164
7937879
248198022
303183175
156799156
746796900
21378600
42354381
764229285
348792506
96797095
209160171
458662118
687673634
880539470
474093685
666696168
536882552
186150824
99916888
810158828
172353987
921373648
578983554
408120228
594769791
690261966
767094934
944062363
532812136
523589831
377186386
587721064
917842612
618134177
287995438
496614217
111620440
603259814
30031963
971588294
517515829
27966132
664064520
542621028
787640574
303170940
999585691
546440882
332863707
786935972
788292642
132425790
32555795
455982902
946022037
453539161
437517367
641153376
668932812
918302401
777722306
892830405
37486000
942988492
648814350
702584777
536669243
922412932
425020156
91561639
413870510
273873251
458832867
739591501
424970957
634607216
154933188
512111033
980128280
106658913
132947887
898483455
338960588
718572278
104768725
188574710
708338523
998333768
900964575
61532876
71676974
102755028
761661691
931751390
899663967
911019023
16896223
626210557
740240853
404961320
941802896
325287433
872632654
387832734
417226476
70507737
424900176
392745687
646878675
374861735
510477959
507745027
975200950
973242951
305568487
60475713
265729025
552266364
74740102
206781513
71496066
43072161
103470658
400582436
118438264
546319855
77244772
112296726
315334912
389551085
719527216
280946672
86284880
513116017
463273552
640673384
167027401
637207101
148967485
451697492
545166332
94144674
793471883
188080835
605095484
526736680
142288082
108316546
528582385
47035820
518873065
230565522
78963598
201089035
330871070
627847872
744399042
468044172
393457578
609341985
90992689
741270169
33491194
496318463
807522382
299356721
787302729
523137564
614188328
792541774
407426748
672659748
181530985
199486446
649750382
708553437
504534861
494506179
234139432
466801259
771780224
247886024
236703911
48783977
615939897
846137189
230471265
170590615
61161230
218959161
323162900
67043384
335475470
203427790
837743608
652966783
878774039
258417705
79744571
45009861
253541631
208206993
530073840
183977925
187390359
37700686
39262521
616549556
23908962
682151520
195188234
520612568
554958551
705547774
807835184
844144698
483396316
544931969
191273389
589667924
978522709
323583725
20595821
470784283
287112952
939103019
641140621
395413819
600332916
217248857
141890099
995831611
84836612
462134606
867165655
519312366
168561415
738984138
853356292
312924959
653392697
228521183
136002956
522099166
926931433
701451516
239719620
348523408
72935932
292063871
674821772
981374699
89254867
286486174
254600231
977193632
745154176
81489485
356140908
310548302
101244677
406738686
268428490
90128546
195660884
646577955
9984344
936515090
980194786
459470000
847003959
680649371
380329624
91903943
614259889
388961639
691756967
544850927
447108149
934996932
889104933
964807466
575787742
305458175
473066756
905717314
271597793
161530875
368516619
165433829
918820872
433431131
362009961
807092879
847652825
141714171
6080251
28026121
563040618
297860303
427819143
583954403
331689275
587461218
341130130
583448478
115488991
815112532
54962248
653226041
866893684
196587092
266598507
798285240
986522311
994932307
783856035
796246963
53203651
91544506
317330463
35832801
700064300
628468592
51853621
621913987
270837305
770724258
536991436
573407324
341977315
49925436
672518043
230348725
258866375
727874941
246182789
859261498
462632165
269231207
374948281
723851843
220000492
199905748
532961849
776697491
747742160
498055765
423279440
85201735
750596957
156807569
617434169
797848402
345863804
298676741
511698958
429098584
384404064
561979209
362079576
810402267
720075077
573788058
234826933
39450883
351453171
158286568
28272883
460597315
507956161
707415331
567262109
310872516
861419462
962938376
205508245
689875649
300634522
710082135
119373816
981401094
918713648
510633558
417710555
461405677
514990679
287008518
129078549
500890528
203088068
648799937
665561067
51688380
892977177
850677731
344048910
908550944
384688936
662548560
462528353
375918869
145068869
618991402
150900571
761743449
417982147
639533801
536158624
603666900
469983560
130040522
78299005
875499750
354041697
57465154
743756603
606207871
351134248
849293741
189167241
645762790
460331517
396437793
736298680
212710734
671595533
671616931
966016118
886257106
461224255
514975119
883294190
621892379
64678579
573541920
27024720
687229645
986669921
140452007
499146031
209540941
940784461
391147765
294355293
544886715
670133059
872545863
612791108
480649245
385769546
495462020
62617391
611836577
10970587
841638696
78028946
303485618
328541523
508104419
605962740
126175391
399122492
896589570
859825357
453313190
117620322
219168168
938127054
729847385
634676397
136873177
977895821
139431758
238060843
771922287
912920084
361406817
342301760
181837133
962486416
269445712
408782131
502948366
983966121
500907935
974430552
769106336
672698940
975810471
526459107
678375465
204557432
429257127
998709206
775872617
36052060
755690640
147463159
90322613
758887570
101588972
174464856
414440075
439512937
81702093
694978667
393843847
598512638
767897625
102401009
552781850
711406399
925477441
535067871
312141827
100200147
569288930
294167947
783416653
859725738
532466242
192698833
276624967
330091020
940150239
324090555
233416438
345751798
405976880
779627974
131793922
539614425
89838013
613603345
820692744
733581116
787178779
764524644
835367773
260887388
387867597
917874939
278170705
466181724
952379910
69830226
119774359
855590927
752935522
340439771
590920861
444986698
726340918
716626344
262648925
415940609
355963427
276466608
241419289
313865512
140686093
639446803
514562867
417101520
129035182
570958137
583848553
607908447
462685342
329337342
268526427
814110590
553083330
73187894
390538507
61122931
848063693
708960117
669019625
568960846
697781662
182170540
755746588
599895321
184593260
888190890
674136335
146317246
928023523
758401739
336549254
145636122
196643773
964654974
345936773
38780732
100081645
218833225
246460668
776657019
237809694
978107979
219324682
92600986
479590847
503079001
566065846
700805476
505080654
552638394
370311899
844254005
437790309
805191488
131029666
153543075
755485994
625636909
594356027
407176391
765062399
284219140
352599083
13921150
723511569
859544623
874419559
773465740
834945664
265093474
247561974
754058736
767698402
54624697
148068295
528490549
479184073
432052865
125220743
678376798
989383907
690438972
167770390
958397594
612198107
389455174
8073941
335178207
159524466
524393376
821560546
283265788
562871049
638881011
603048296
404086471
837410435
535610407
306557549
322807601
509601334
663761548
53568800
432102495
262098474
844302535
465045702
940760989
826129512
862265551
421535110
191423438
227552690
234061691
123484114
764097398
773357282
32093926
64384352
974675331
648578875
984565648
911133955
886258809
690010972
862588820
840006844
127710785
423865992
382184440
888093898
808844190
757331791
445533630
565482254
218134863
601302423
229101130
537181057
75985063
597113056
911064055
775206720
653027455
973891343
807445301
668885194
683031922
852552580
671845551
604017525
389200596
53370767
154748255
450963479
704494202
576710198
831586826
333581586
85780556
286601571
219435994
356717271
779965871
6616351
110151821
883779778
941042658
109193494
742286816
250359182
294663092
132324949
20545238
397132060
356901548
969317808
725506519
556787676
892055787
176327486
176603832
548037058
401336216
711307212
570341892
609500671
318545573
106400219
640888470
315225257
776177297
545930294
718898424
659976715
179144368
442614263
907657240
203818976
614972718
329885161
156764195
775546970
562034963
816994482
290318757
708998961
570690386
363393773
947826963
108495923
617759495
887107197
528582949
251732834
813464351
644253222
919336790
594725169
508812433
509159399
193305793
811958203
806036709
389020920
433032261
780520046
941936917
298481979
97246008
872632667
162211078
343341191
380588458
655804318
832494647
215527188
487045263
807810063
520801793
802369387
799039296
330181502
608474666
578452198
908959912
300966758
782201861
971338329
164284828
156055140
831339824
217938063
206666146
180083156
19100346
248177189
183814814
684557571
681693906
300258377
923454285
456699924
771628304
157219713
853732483
192838672
273030413
887155096
673273482
833502030
843932433
628848887
237767511
919300042
527410752
613522826
733251036
149013158
344686913
687410020
665435255
322848776
742570784
999154741
594623846
895615094
420779601
785737957
699772145
554229939
270244101
236674531
214746788
140929454
338035717
709714773
97328829
534867126
65893940
445291827
751539864
687800171
332929313
27611205
579463598
732012892
752793871
451157954
174349456
730131208
802601741
147497579
24880364
344810390
466856454
905510592
949740226
436504182
404250330
56009328
407437669
587202779
800685501
436753996
164667275
738305080
491584102
864401114
985347656
130346320
710527982
351337059
531457191
573652276
724595119
908675431
554443396
889069650
761370867
841971668
772627290
396243077
685934224
566697158
109625283
330397182
970688006
279619732
53506483
811265874
75204559
679026738
742560774
5591732
171876006
453248233
816712655
107181722
29651195
317762840
275416335
700266137
996615289
870476907
842924705
322601623
697655565
594725029
29797275
245253147
336390843
683898676
465764042
674746919
193114769
640867016
947368148
123645196
310457941
960842662
777136079
23263305
124851967
365837743
237744593
549620442
3233834
422325808
94146635
705661999
568041129
680171310
884957573
908157302
917343459
760206805
85038291
259125565
455209843
530192041
124334264
689645130
342530240
76040722
859423869
775030396
445598395
584559065
27366417
96372699
900943642
253563664
495094836
34045312
787975765
155872636
944530123
769248863
332163797
210544657
689034686
506874237
592141214
842028783
453664577
311907169
937834996
56919994
739918732
947140101
306352437
446510201
951826401
218277731
761279573
523766926
260631681
784112522
679397462
846339390
476191066
456533291
413002627
315980339
195069799
306057103
430680626
200448126
47132900
444020711
322400372
668354746
817497627
620218381
825180375
403651522
475703329
810428369
453578351
678443667
228803143
644057037
269506957
452187086
841396264
660735717
182553633
537181179
118734866
442190657
415699517
765591149
63205143
918100421
109515109
882859944
530338428
694255438
923732785
343654893
938665167
861318710
942666670
654447214
596459238
841793891
410851914
993350911
256266490
187127484
700774529
611197930
175202952
905784080
480153009
169337419
277629766
479851882
406436443
108361000
848745111
304719604
212176706
307818629
194879823
185255418
468614465
789139128
632895781
206450489
377492617
788311197
37173535
686820180
583997503
450840339
858032306
742845603
486037805
305445749
190669099
520099810
375311639
408839766
278801527
183907952
696811814
278285122
317344589
403071084
303933000
685165523
203747163
446687700
589473105
832666471
148416518
165066825
809022458
245591632
17372822
370737288
374974546
597768378
374170143
272663371
595638586
572946283
649590233
381682798
366552253
150623928
825613934
908164500
87036276
715187641
49667695
399069318
534470668
671643790
119613491
797588370
486561675
55008880
286028407
899567777
472532461
212210940
325951441
285095356
740161249
491535086
984718662
359961575
341903805
136161597
67319039
450755893
744396741
278954281
221331102
822107821
399369413
92963434
539478877
777356570
9180523
371573027
801473022
312033910
393600393
307745575
430037884
386869248
75951165
883678495
198239589
101528700
531918666
670916567
321502227
736444684
13080501
865768909
416372605
352825956
66258374
516611556
126331459
729369719
163619843
843382764
197472898
630036588
938934639
76419915
849650267
609839848
409872708
839650634
601485230
886417985
688061135
303037601
54947572
860322495
834483550
521241575
713217214
868578613
959273063
572682158
425905897
669527560
286567745
851794652
55943092
323236436
656367615
622728822
406051763
64088049
861517186
537652975
857701824
55013187
301396009
631245408
966591555
134405277
201234316
517335948
494583781
415294392
946058251
616868224
924505352
565847970
9801103
892909858
838721954
798129365
856059985
749954802
604853708
313104831
761532208
448861320
204433726
458187581
351084158
25596814
724045929
541099402
345232152
624964357
739652048
864710429
767505471
926943339
129885763
742999221
141800089
272100321
536342628
867622484
164971136
881018073
612374816
508717859
6581024
357338152
747009344
36980014
792714927
112428353
174079007
573481999
292925502
715708749
353137727
66128438
913896062
602387133
285059275
32601923
246392293
6197328
465300280
965919109
402019611
847453512
250066025
627756011
678105711
219928895
786627158
666680322
672127076
700823570
853949369
772055125
935439381
514595024
759526766
101398000
377298601
759003681
362464229
117012669
937907648
106786938
520166505
977676841
426570870
89785510
395513576
131762244
608240306
625732215
585691060
559614288
589585106
471481158
490170919
111245869
326158711
80012003
329478727
512995169
338857225
355127894
645086858
961018891
288624548
588763375
457760663
536712197
179997366
509820692
368558462
366468642
553848202
393872481
105200061
803663688
313609116
209223027
643966402
623734548
888453272
514617636
467554775
811530582
14885536
976932324
426187739
838048779
66301438
797139372
13605803
966205070
385711377
881223037
882241781
310364158
813721208
606524736
618427336
746727540
936725311
342952617
204599453
662550332
513483112
579452518
182639528
836596978
881146153
651309540
675467204
358129462
608446664
212243109
861571051
969706149
860856644
350920836
97872658
934045171
785736185
233574422
675876387
186093279
528481997
149145515
861627506
52652254
764093492
870911524
76246415
608307027
800064281
629613717
51668243
755389381
88947048
97580154
16604181
296504331
64094827
890618001
6430250
971964880
405068408
521895010
353405138
212317093
992361857
461874780
526606797
446483075
248963517
771009572
330537265
696339238
976526628
59375241
197064709
997971085
129840174
124662469
787012738
653037255
51507546
680671249
601128400
534351522
244306125
308339659
708762633
986981199
944881840
660658319
505706462
522478674
105536212
545515012
802725597
533416922
593645853
109492618
154564794
518728634
790281887
695881632
120022807
125344714
484470572
502708130
539938790
451752565
3959694
170042555
648332641
218184646
467710951
576991747
379134319
102164583
565772691
1108995
905876393
140118270
840156779
673832056
272602389
761597331
522406198
893036990
810336662
585784028
63722405
6292418
594946725
102372622
980139539
727231783
715180872
538262490
246474491
933621069
553452097
193858913
206940848
428082313
755731140
75103473
633382578
837689361
156654884
528725036
528816441
80646729
927451533
479838075
669172073
49683725
860394982
85483954
236349436
164830389
673698277
190443835
512423541
27565813
867933730
64934171
439151448
999150215
599441846
104678853
796621036
242083781
896849857
653055972
395647079
995253872
467781064
323892577
895678816
307568830
741189068
589122520
474165067
481900396
852194043
934621899
675317818
914097808
460331204
584778162
537782276
745064495
237083349
959526960
206371401
179206007
776676455
404171745
162687582
278745930
370408769
817701865
452766867
293544100
256392866
872367014
132403441
228295831
36876690
919328931
913021368
167333741
413607517
586198939
451471233
394517254
619224513
773403503
993145384
368759948
201830198
237272178
829367042
545277573
41229952
258252537
536889162
917667301
268160488
327452704
399427541
835270234
731517543
407962949
236714820
81990689
776046953
536460871
760276917
741417777
373741162
158377010
675602842
623016558
602040403
266708
733736809
288605670
470618420
99169411
986328632
837651873
209974191
269179744
150860577
935158677
779580901
794144148
855879025
463466743
103504186
896325830
837215883
778912689
905164550
620986064
247144332
827928266
201492313
731722821
146780855
337174022
816175351
310556386
422025351
143790855
327839123
156634645
856698766
61406180
652413884
158115930
764461952
289075671
205944159
946557907
451586042
514998478
400086133
4898413
386601060
36909306
727954522
468402605
796029019
577257178
193600528
171948981
926694820
620675411
982939106
545041501
724113969
242695881
940789658
284617803
540538593
521340887
107613695
313588901
119246684
463498552
151039631
619550899
249933084
659704673
965193745
804970891
916301615
507883953
855818451
300609077
951874935
361873475
776691964
585354246
230276106
560159953
292270020
172863993
254313906
356599041
43632693
343295700
201044370
879325315
287236368
92791040
237962025
156027638
812317093
347212377
432216436
424184011
597823998
607749893
548840329
779419997
120626143
710778456
332625653
671324175
635939396
605334873
278166633
74813091
317393004
258562890
915107671
565812656
588643890
505521092
820235421
850128268
530759416
877279887
232025508
730508758
394366595
278720574
600280842
90389830
851295266
278209954
669019704
473554933
652560938
535610025
591863171
314579332
112117984
959495260
356742041
901789954
180082120
170613781
487014301
139196857
694531781
10700060
482109769
490112322
629025241
240660862
874034234
302643326
785479916
710832046
6171766
733520927
805532282
767279649
677290741
534830702
719548170
707150278
182462858
904073175
549014055
879267045
502477145
739152505
264608909
642148125
516161685
401523729
271345077
639415903
228986404
388792886
187970557
9605031
124664908
672767092
682188679
277559595
596542583
348840864
123433621
916866913
442957354
450437671
869614110
201453292
915167364
103381312
848133790
994614099
200511897
156351966
693194710
933843782
269162986
745737780
45627590
841151841
720943078
968117119
170871384
201532252
623450063
48768390
358273183
336003454
593441071
609462889
927795139
87502382
324855009
92708989
590838715
855250650
734741330
323575024
571416980
753602004
651123655
461421311
553838438
14832109
968422183
955530587
397584167
707491321
414231232
494689096
592921848
768443366
93481585
908239649
180269311
338361788
689147673
452114483
450273890
295451552
560923492
218453813
164068891
240070295
630241547
67113214
497527465
299807229
367331539
666536865
329441613
875955714
445292882
137407501
356890604
914516018
591989100
419557787
494776082
45213906
615741105
72363342
809163792
786564266
450575012
807554072
319909538
455467681
671588141
787211326
794598885
634067484
216052153
203579980
886274618
820096357
276008889
526916051
521220729
897124596
525019733
104242570
138684130
442555277
171056782
545026161
992111091
169839554
851120340
621868521
26013254
739420120
308224939
841641949
264326977
910900941
902814437
214087606
337248333
599247998
246627912
706371200
117383578
285253903
997586000
114158047
885211792
779242176
606722078
288421529
602232526
934216671
154626804
897934688
570245441
571980469
780212842
448688576
532286182
989172311
151275109
3750054
593299274
787522583
492325182
39237123
96407025
84354461
254915191
37313236
498628553
883847747
523346313
962273204
402131905
960166975
446462096
535675165
949456610
584733668
888513381
984265739
118605844
513399940
614406095
265017144
858550638
434433667
418315265
72099189
257835774
341910642
854152418
45090832
468842440
524928683
718891385
925314436
716167054
841757411
68301294
422626167
657089764
808445431
743233564
446349096
85958681
67583317
712020601
938425084
475997126
322796097
536196971
705072826
443345519
526515276
226479280
402887858
559472877
951921752
185552083
491598581
997726725
742246979
144071512
555226820
262309554
578635396
883191872
187003615
636563136
329278096
511531825
180738255
176205666
414085611
469579702
996549494
901050097
447867604
595676213
142682526
589755497
835154728
268400076
104592588
640369364
630285963
772485259
107741740
346627963
49022847
464834702
175542219
754061752
289775734
958277263
34491218
817800215
782811080
154050449
775886302
599944507
566208836
938898761
158730275
353201136
954493170
124754029
345293602
112074414
308015895
142392826
166498899
843727209
872349300
941858933
426055938
735873484
769168194
468496198
424103837
1302255
167772741
46504274
864346601
764819251
313539390
610717719
896637079
156610105
149573825
909134875
137426452
337445900
605039569
754978945
330342934
715348451
958322642
377513281
474034060
693723116
338010918
234371206
726267077
176752124
862483872
481305613
515048299
566701213
372385514
308583429
817205277
144342790
970680878
243053791
839338106
285805968
193605712
373886215
850485181
856988791
185685706
982532071
635795196
295434468
642534096
166128103
208074006
42333233
68751416
999001204
572976741
735240044
657402410
290567349
579646946
294633955
105842770
949236544
768475036
6080261
634809255
154531138
684451605
634543946
774672332
492067240
456713353
661227939
592655064
253403286
595738425
994342412
853430144
447850313
335689103
408983244
819924294
287727674
590844340
57504088
22143863
328283801
816153408
111136931
775249126
741653744
63724524
259885106
957391248
512867555
321275381
327359310
718298845
846189712
910502303
514306211
475033508
391368314
304499778
687897745
528197407
259727039
166186116
597008496
145874043
495929801
341761492
830311888
208156781
20123901
152166034
978835784
201188238
858603231
251776915
574140059
715451505
351916886
712092933
649002370
527769335
340532885
153337069
717845878
283935211
259930368
3768226
802473934
770976586
859650216
888736750
292179683
851360378
554401587
631761704
299614118
306989275
77745520
564953032
63049592
107930492
320989967
145615936
153670750
478495876
634221348
99893637
275840993
417978083
685255904
883254595
373926843
249777249
556116965
447065865
449761784
113509266
500660066
70669534
169536534
588835499
378724674
718495696
607136391
839230305
526320405
579090374
693625053
872599322
929997156
516084111
400068999
957744896
839389755
38070632
532505613
314529623
132703968
989414064
817185335
749696947
487360669
845481836
78092765
823828863
124881245
540177451
416220401
961841721
853781350
782338558
486808205
650198618
201665647
383944506
773429893
489065688
287046570
330823467
640903530
28278034
815767219
757879133
800647494
896408990
818601588
791875454
973762856
151683692
609782193
789307150
859090605
692609488
466474502
975122963
351983112
389599261
566861899
442341271
338626645
941847835
356166849
617198393
902681734
924382453
724847053
735618438
3032794
503572669
711123822
416726174
209494734
868376175
111267314
764443021
640501505
888245603
496930447
519867849
906211196
594880185
897057167
91573996
128523564
896205643
511632950
745430144
480206725
190709714
437485071
879686471
971831467
487051238
699009375
403863841
276212934
452354691
62659191
884259966
713850701
960847214
29138866
947968486
814490996
515282469
655441367
782461541
533731135
780678005
794254993
713249538
72478009
996306863
870750424
878052970
679217124
839644125
110618367
631650825
280090033
621740957
655054579
572751806
189895148
986383154
323140599
321014074
778914460
357622811
167071351
473343601
127547961
365709837
616172979
137026148
723513875
170194957
974436706
180089356
685113660
443983277
901806095
109803565
605366182
104629417
36142874
470941944
467301858
456107209
276201277
447973344
674396484
811748294
383607979
905644691
118213468
245557632
674782088
879822391
855640413
567444688
148601902
441240929
719951457
620293864
91602120
184623185
193146910
643861209
101128674
321330796
955255774
24669791
178423177
109600870
766872645
32765
278127326
518887734
633332672
551563060
560746635
548419915
314281718
833182889
102911530
617295765
498710069
470534423
267426310
407980034
739096120
289153636
581713653
860598995
176944963
945896477
196207712
527150790
926564322
718740962
620395946
303983524
32537011
947197353
209450657
367778491
968222508
660592367
228034155
4990551
553218984
380007166
20377055
447972039
614338099
941314304
402837171
778754500
153280883
52271549
485648234
741942240
295783763
703836115
15503129
739472928
433350883
948758336
67930945
537894924
574346479
690831122
817411512
24072419
635499022
410724293
115743586
430836835
778148559
284069003
371190244
81429754
380020127
891633916
104498640
661472378
206399139
271861754
572004849
307216578
56995121
658385327
103880329
776315780
182698449
859833746
832111287
115049834
616028282
882877785
44058967
101189419
91418079
386809046
579282874
348725493
908888797
928313257
257338318
741785724
849042500
213444512
462476465
398687437
89524241
42199860
213945432
76723397
32461893
521796864
558140466
812763154
840622721
810763702
537815356
67842564
742731368
566288950
104213804
223842386
484296773
473668683
420181920
143584881
72854319
938707027
56758105
909517722
42032746
210152504
102621924
753747883
895282588
919552743
624872785
705554645
76973234
302460053
27294118
894255145
215217809
49950720
448729655
573015039
286915092
295034105
52893433
834389579
77580734
327895874
780231593
234236350
733600402
974599119
199892490
493838181
719238603
121902425
884561362
873498043
582245940
698062431
402453800
136832286
833780088
672184611
98626657
666665403
162806883
260767213
948024597
747541704
693466718
558798865
864592770
845595941
906839824
851159325
722654289
74388686
956160016
338734307
977540696
962743536
821974457
226329644
951885265
99715291
431222017
229239481
717938758
524854632
61136251
522184580
868778116
952074366
658475475
806605639
203325543
695044049
397857333
320132803
819784671
206394832
505591545
654684322
586963422
361931547
596788141
199202979
190181209
531315310
340499295
33605449
481880591
39751153
947689573
493259839
270137447
282470076
151107476
614594315
106841570
289777215
832789806
969333200
318051655
871992193
988961072
358548742
480823098
637382275
950098209
914105706
777358167
295913733
1905873
96838890
572543457
800665252
918287226
573681779
720054344
417853995
617253715
884118989
547317806
520916362
936625313
464390840
368791153
840990292
795248577
299648401
916826844
724049551
756895423
894505347
311127974
970106419
959299019
969288879
825053891
458762895
145376049
411863647
521237841
790210224
739083582
97414266
648526252
358182925
297582567
358064501
927927635
156501190
828672096
644324048
891970064
64162019
928462432
194465554
443287895
614554525
103291441
672263627
68811473
896393089
471076867
11536582
691996080
698094048
311885200
954228949
35304639
902727417
809637915
166291735
802194837
680905134
841215128
43452255
837190753
275489634
327803510
814703219
870282858
537453191
764577207
874847015
892062003
422516102
862694158
753224739
139017008
636266732
61265936
611702224
584210290
755150959
280833866
324430957
912091559
984532255
502631267
101166917
471402351
971026098
793940441
324129057
688876228
720507001
333159949
11430088
864187462
611785448
510280970
706945971
485409639
454095659
306940227
672361734
799092210
347510959
364658713
74923255
425018290
501784950
9131795
346400681
480082798
401594393
220769632
161477817
401443165
202803960
17665086
573320451
506865613
794252645
714898448
404373786
274733096
572002622
763427673
647253913
962523425
816279562
42452
105274846
19910295
810031949
950957073
420846660
693552284
833511469
365551097
903128426
687472575
665297400
99329597
441565630
580035288
790400166
801730037
324523450
209886368
877490309
362936153
149669039
73892367
351269991
887806980
713809815
697381067
600853150
563756120
129528995
225169590
374236994
413951344
963167076
727845658
2780260
480743985
340304538
587691725
599575967
79036826
85141481
919508677
167488411
814939896
830925433
66290954
884933070
213158401
656686655
691227488
854866693
63005108
932957600
700855961
940922359
26818207
97836355
103838581
327483624
115013659
254851688
337105868
671521276
763765122
23614442
944700458
747648897
580613780
594042374
923954132
532112774
560915125
951904021
759774377
657149377
971141492
499025835
696851466
174684885
133380466
874763543
359045647
62326818
439331414
916345186
901192884
873351418
390984238
377610348
642245712
253259285
459384090
260165698
404906806
677239157
525219897
211106351
587415103
425787815
446758928
76245700
168965933
264917627
554833584
182132439
142127474
638171519
901754172
244042429
353877099
267163961
706119124
442291953
735953804
85607820
275804433
905099820
540942464
815034154
236066210
569513041
10362548
93133881
129005707
856761012
824662113
360015028
706630035
813604329
767777524
798991146
929027367
736972831
909185362
677056071
807889284
133781129
408098758
961407613
104890173
910286856
260549347
573856701
306925196
915408545
451394349
225665946
542229623
133662176
416300460
802232943
903197871
438987659
7996625
639507888
835823345
662915621
21910932
128423867
64811459
405881162
417612202
209499537
758750149
587215078
805499098
289614566
375205767
278187578
307488525
218904454
128490752
159157871
315863512
281708754
646048208
521170135
416580015
477273859
814030808
533161702
598278878
414972885
975478488
225275077
146917688
787773501
297757817
703143488
528540446
600526077
981530117
416152098
838066384
972600502
866544848
306673762
352283322
515845350
751806331
104559175
561368570
506322750
143956392
230529848
745463668
622607062
848777955
777066184
510152093
348512891
800357440
668998381
159756930
271175064
466677345
374796876
586593975
607813084
9304804
621479887
77218344
959100093
445600750
34896355
422767004
483398624
452319757
98323225
356880080
965651809
233623153
194262690
961229727
345594380
679826310
347835439
836042222
665492001
264280656
591793344
735422333
311838697
267436011
556750
834611911
43313441
732836605
232685072
884588953
454261806
545921591
698419437
844432792
964104409
919248497
607643038
356762142
628302449
361886448
221938835
797650891
939027548
545514732
868799915
162410484
573366830
123296793
122397714
428993646
672629827
409908532
779775157
407892795
18822965
641883220
715900176
654201442
903453657
552303796
475371299
574056601
986476101
816852378
219601325
182064957
183864928
211479903
803488454
552502368
886191581
557916965
139635474
867267118
97270008
484824447
546527852
857954509
136853726
725621651
232269691
116286509
519896710
328935078
812393714
230418346
865862077
255516445
646536029
20202896
843094940
313455559
593919936
449058015
994755999
418409999
769560071
492332517
223374756
971810481
169465426
917881002
689169873
481639734
228524366
521317001
681264393
610579907
877208532
804155859
557192045
261835989
288607518
87665077
581033846
541153040
867194889
636844340
261830730
687048217
899976085
443372727
581528528
779518142
921453922
716428604
56974647
989722508
395355480
107328712
442293030
137247977
555619434
497439911
38674228
250429753
404780569
830316529
909527472
748927709
711605134
572876501
382887837
86881984
540781694
16338956
856278409
951207550
556443067
546843114
342186739
201590634
322549004
976233796
325873603
347406009
507387055
757117318
548973946
235133543
278237419
992554633
968970390
37655024
473286622
588910046
406002479
838721596
996654876
71267750
597983131
194041239
739664114
323585169
893695260
360924846
624655625
638121162
945042507
997871494
362202975
488792461
748521924
667862038
576472618
820517599
694061654
799029783
69861474
755764856
895138657
849781301
685504373
855620011
247041620
548941750
431203371
162043736
607967274
656227932
629540101
89578574
460030989
863634715
624934655
609023971
971709640
941298804
343310251
521118770
892929831
751322815
963352767
236040912
427648346
434904845
367213754
104581096
473528942
370004706
103739819
946707356
276113278
813185438
919185326
363409257
785281950
696042004
314284615
108508658
162506147
694507853
956586199
1842872
458417709
637261709
497160486
275284963
208345001
436072225
450673051
444848620
714933379
221892372
505213220
91796893
279052102
441975991
988330245
331654761
605297575
337808127
713411787
193495684
666805442
642517795
156973845
803405329
826523946
216205152
289323643
481385137
987601186
550511851
202116362
625227251
237440057
960622923
678781001
593541159
817162041
894642830
555934265
17726022
571215454
161975800
939414242
54199300
290133118
249592879
573148318
915222602
782760603
254585284
298474328
282756621
214946201
740156226
609266102
124063127
236141231
582235174
841708748
266723054
908786605
483254377
619512577
147533401
453180906
980951994
819751788
574604593
346467552
304096830
889197441
513759190
958658550
76008928
242920081
852600508
510087527
676921451
455101517
361912789
870302946
711304041
802390647
939464326
893914828
543246231
62498245
417535196
864834581
955845869
420980365
819878376
470857304
81576397
228897536
307193617
295049318
459198688
709248575
827571288
139915138
570232979
23124578
853618747
608767808
426654745
649811757
495421589
550172292
33032515
235793542
208715184
632156815
906959028
679059649
755597552
523806346
42048463
840668453
16890705
506080026
716313585
966117148
419228497
116842754
450643953
233885386
971394365
156439835
588775594
353428158
567150843
24584319
677051257
431684039
364748800
513224894
903842196
788964394
501432642
953128386
129879498
48610041
152154635
682822744
667273202
586103502
78042483
980739421
661789879
389037514
977354619
413427708
129781681
166653933
751029485
929459766
317048846
702163859
600736811
259579607
889816088
111603880
404447291
191635592
205642633
178626995
130451208
596304029
59721908
301925331
579864736
130756218
29476542
502118349
332169339
790675457
533426662
307331268
776492392
661426932
302018458
869624485
912219432
855937350
2251732
967526210
893685161
541798027
962662085
405000080
680133927
413654953
858650776
787839752
39882321
71325228
751759863
419939124
774599939
614015454
999205977
776780252
237056101
456434159
986966680
754429696
31201501
702716991
886909399
399143044
102474860
739660464
164205397
266136296
632145159
56350487
228839453
17908282
215337701
818790538
611814252
937099520
919954214
676227362
642863602
321027464
491743757
966460247
259588118
301338010
983913845
898074745
471977412
2254246
912702178
981092533
501128797
122053357
835840900
743117847
359938494
53192011
821567594
208230190
703627267
407873075
959977692
832778480
606051717
253639974
951814021
68850584
491234715
518514827
893926907
931627364
342630261
130856430
367251345
890088648
320086198
73101540
721049816
126879109
282207722
543867212
486027674
505829512
156045866
785090883
382277331
122479538
336181350
466884351
665204377
778526734
702633971
10729350
411745570
938018186
682835603
540146425
242057513
772887840
379459732
689556154
173801281
761004686
270820205
695767418
559145577
435094853
223062430
86502363
348323157
89862610
498229258
971793263
702640667
698729144
757497604
326237585
431790805
963051030
767412278
783411977
743375186
858999866
410188775
920752462
877249303
590620098
33976585
898284849
670068057
453884210
85317125
340855187
493318198
646725929
324326974
690992469
547483216
802555560
902543386
350445258
727806986
838632009
251765956
531323400
976299745
458924273
45672362
876190867
729127657
306074668
641027159
356561503
483870060
763685891
717123262
896139623
568959211
543180391
14494549
135833937
948725420
383860248
95925324
165401320
813502448
890256824
397087919
739118252
441448521
488640309
264285300
689947315
87506036
69360479
797165191
986283357
308621235
63464498
756085612
607928984
211170283
548120296
964426037
281921461
186312369
852193021
559607129
501011077
715608609
174919802
927154404
618191454
638215974
729542098
692404396
461204760
649894679
845320910
4528543
309810519
965129310
278245782
584899118
387787109
482583352
416333335
855700349
488825197
640756893
765555065
515610141
890298107
997429855
970490322
940526772
490479667
453711123
607927892
694595173
517903253
355328535
928621006
705470575
372122914
230966889
2759765
429086146
250370165
259707248
575783858
912768284
490380085
997433291
342346873
458952606
131475061
153116411
973683076
107612204
269265079
823646928
524003781
116209565
527057170
772716392
803097885
812547527
476618823
618265853
77769730
158178117
713275115
283697527
670724345
840981650
188007367
787752258
535819403
488506751
8156207
768208200
41506051
865508339
789021640
889955240
836888903
18696037
933131015
92957761
589544632
9843845
903629580
126699082
320139305
112104502
833679285
246245092
922743249
439635999
113109029
640830909
793981380
967454038
24025301
501679884
722797793
937293348
246974375
846951765
39256662
782746073
959925520
735257436
934987841
836109941
59593971
707685553
186940735
192528406
237826456
873894451
495299072
144182329
938612931
354096003
547536534
926571213
922065970
365026616
814891304
667461088
633396054
843028002
211240209
820935145
894332191
816003757
851416842
135164497
621300051
757163131
702360060
582178802
1642368
600321195
36282120
24710358
529137201
369584368
480772891
884981837
956204353
426014013
739885394
184073281
218428604
123573757
496371704
807532642
641256295
531981022
119188061
886303262
349551124
528905682
885075725
990475456
658090751
690322414
948805674
893845295
298057080
887026959
106867429
590188566
699684789
89174891
111923800
283981040
607405231
346425255
296655655
10211800
355492392
379590534
317494622
737306113
989231814
512799554
584109609
526600550
437931273
104750917
228306775
272939052
392052252
742737349
470862308
962066303
615063035
251140114
305300313
108534704
239415503
968799945
461260974
66641722
36099330
309641936
979635274
935847834
264409451
916664660
480934140
444461768
433411971
791942975
721535956
975852032
294692275
593682668
28840681
548962171
33838415
622745004
913577192
687339280
623713946
315758258
296401789
761971268
119953996
587553878
348269103
659472731
861111415
418237056
757282063
545209221
868085557
726864567
355936570
52269379
231098313
985561593
140438108
51733445
496930243
870695538
508289067
199883164
864208766
855238742
683894559
115605089
334634485
85129706
804183182
339805541
175801845
947403704
227798122
779918968
624477639
517333927
914435160
307807712
941384560
219380185
205826921
554843667
491393651
911227920
573931143
866493514
224494465
882541566
72572950
637518556
73887946
430069701
180486022
181643676
248491636
71151758
976455407
645229575
907719482
912746771
385247986
559107634
353001247
770129120
772697740
645175887
75954941
464823446
755833764
746081100
560569781
701165273
207929281
61851760
463684107
233562266
483318837
419495909
476715758
114265349
106746549
309602807
868324883
891479827
100686036
598503724
818671131
115425805
814280402
895683569
206625380
905533991
210172477
302306838
324359472
924709321
941155051
94228607
575096105
71875335
844908665
837398278
908990781
960967245
263701015
766288908
45942959
668862819
687929726
283927941
492120645
588033374
771025237
411165012
721238645
410140896
293859586
610527609
854501449
46871929
8033442
650023238
585079825
482614191
330334433
240961048
968972429
496538818
515195792
868158687
519623274
841587494
814054300
80960371
301046830
409358981
922950614
418369369
181918422
582970944
735757632
107189453
525175949
478537375
477549079
462513422
321869031
516895242
119952418
593039495
145366655
438226805
673745074
426658115
643519783
420139923
599519776
695873210
991222356
302143180
900793281
822820654
844050057
114149862
425772194
195094324
775514165
974990497
998580498
958493787
235689077
389037366
767098479
122049680
372957407
862177474
253730941
483721352
102552778
676885070
607235197
215198846
227532939
301072752
480953129
777864864
607259463
389932726
541722089
472760462
646602488
25115282
382410478
714854530
488944774
794835745
685435364
585781787
484714997
774835406
924816905
193320223
794147197
568819725
177597691
20050233
540372969
496742289
675935013
811985929
767701937
398180883
87624315
481285666
956578062
681818788
428154933
853928469
34328280
470191106
481041051
172195379
220984755
145491327
779127456
199072760
152463295
966910479
858497527
125579874
198767913
877460075
951974946
645326837
417693762
922376752
483321040
147681268
9360187
348257700
906761168
899773321
518258435
94369105
297583016
335748660
479032108
630707251
494170606
294710262
452277918
116143564
917322984
572727566
748246989
64129271
343690478
420469573
248153779
403412622
223739772
910439363
213795208
348184142
577685975
130315160
915582193
460335582
149705464
834135462
474476629
750720965
698502616
643118187
401104113
662563376
690463140
117400427
753977831
498738162
307650888
132639982
927674887
227959361
69507344
747536771
673667748
487261727
306353470
896570176
328229639
305183336
659752642
82650476
944997825
491623369
116235235
607211282
786987075
169974102
182938828
549622975
679497172
490300874
158266464
954898133
232106000
807969858
922676542
546135436
298321472
967293426
758047976
760657042
242638918
630355000
682421405
921732789
131439864
142416236
106939586
213205364
951742117
274715514
55922924
580935406
677069325
501484
858081399
150087081
259433269
952791887
196440667
191791044
852714881
56273469
858080830
855172147
805479887
779009877
677270141
199898452
525844138
289781511
262303335
419532097
153901846
139934840
711274405
316763193
272426622
723176797
675739298
298386077
728477297
347708534
33369656
880106342
530088230
877653394
193363684
549513183
319637264
98843057
615412856
22994033
453493243
741707825
704385860
267390590
440546082
167620001
629128697
144544925
468844536
931302495
486365184
862494170
316974162
874868043
407461567
55995443
724800939
554147360
537678169
313963641
235255149
904210282
721330925
341652865
918753036
994405753
261025623
633585162
896037729
344301326
765197520
100746145
646189376
651848303
694096107
539859112
44889037
795292537
60739418
365414731
785031592
478791324
514985416
546122580
716968684
200411708
724613223
370552994
314108975
489281493
827055700
86952081
407602567
292650064
715112113
264900166
495251728
551512615
515662343
60357069
62002230
625992577
445361508
732549516
443563705
211017345
487350268
166092692
957687401
350704211
908537282
903653303
951894951
780164828
448418448
465868162
997029362
448416192
477045524
323579902
672324728
759958134
669112803
980655777
452324326
716408301
494602123
313085129
443766205
77817739
245745542
343095947
187838053
525950941
331054568
438818237
16823314
315289977
662125535
559334000
555888861
501890401
628838217
123046504
419199053
32379287
587163812
648277749
164541509
980721685
855136043
642870459
212302326
765272836
124775221
298648004
40985481
5134618
993305251
875972943
323161777
557131959
975571271
426748018
823257549
601523510
42806830
791521200
306217941
993740612
430516201
598297300
192096854
91115681
767747107
401881935
915195531
702097354
164556694
429993574
458453523
381528626
392877747
537855491
913339954
939224163
666740812
143117505
475744163
688061707
445725417
941251561
578122960
275973434
769075422
266646190
733153734
941225118
313301730
654327269
396397070
909848468
930140607
554726969
430033904
125637975
494232293
957216095
783798104
735939439
284822618
158666745
250679630
237960658
81910731
109556834
868714088
6826718
808870798
960196413
341958339
687105617
863575069
555188979
52221268
191202807
819644376
834806066
410323523
753381902
851888058
784690934
61423510
366547911
274402835
729895290
303800743
181338917
147371448
31834049
323299453
85823516
759350116
17101668
887942269
485970661
259559544
86793398
190461743
106104471
622338436
241453714
756265463
758625004
148159571
703162005
166187512
303303250
135869748
523357279
823918203
493093261
577708960
145376477
328368462
743084317
749080207
706164114
555259307
254111319
772526810
88640038
208296297
118022213
172804487
335770219
348634661
486322068
852358560
162577461
808871473
27331681
744378172
93666575
554495739
787215521
318918493
730943161
372200489
850709636
80172110
806864262
484206389
366495152
893680499
98191117
353158399
880863144
185861826
181232747
330513991
110589758
524542870
412732726
22031237
735602766
910978430
82165893
274573441
64758730
916511414
510437325
518402712
282327890
320479220
289487478
797178158
493276024
125222432
564654914
80135771
896599028
196236160
826380559
84791188
348408738
694336055
722323915
219548914
170191321
801722809
188977845
352771633
898451014
853263792
567065862
144640092
497187294
480546571
316245057
603883306
770485824
665806747
98064566
697848908
386455528
983859006
357014973
672876197
138735913
694615341
944937635
882787547
308886720
170366003
618342821
585849927
323306989
599251657
415541752
869913739
226662324
263149483
757506066
970857756
679503419
655093166
914607079
488920590
60822159
116373040
730223566
989650063
825365076
425226408
337338042
803837734
143457099
904043290
185831465
946675270
46815146
527630796
779702934
627049243
708539389
471293955
148397787
864231897
821427191
190003158
679471741
262705533
883846600
397070679
167690366
856569729
718805151
955217353
592124866
105454389
206848403
48694470
635613113
915633271
999925886
403739058
878875665
991464402
455758403
633440938
446755808
46311725
380111308
249904773
251268895
749704257
35805490
972794617
268822947
910890882
708197530
351087801
843191358
730236906
391826164
278433400
382015991
683963789
628764629
834020345
485981407
71443245
377384441
545891856
151670322
422790169
140122229
369366969
638160122
753625385
977036258
944893359
837970164
792707526
588369749
585976491
997876914
433334942
161134416
993816371
812426478
58836935
841145010
504649864
281893719
992661605
875274897
356726440
654215369
420666636
13159712
305020278
667384448
754144043
198283927
385194773
426852614
574060715
645765954
231672550
386460703
924678762
946952844
756835321
735496856
108612436
893859734
29516091
495825863
447335744
960475050
847178192
855778084
872758950
629597378
924980487
277182417
405189702
565001713
225608699
216284547
671343296
711682832
482735551
185742283
522098455
197358422
661053599
94960582
690125572
908930347
105141273
859114048
849219063
235381902
57360390
695133173
917785709
955861434
240144309
476602997
877669767
489125122
844449867
40495885
503511168
617005985
363080958
689453649
307769481
287594656
825343435
821028899
697673943
393613476
316130499
221672148
198677645
269645819
569259376
440725741
928622923
761428202
947160988
364247274
133565125
553284516
19517214
506035937
234489194
59215689
743632002
777556556
383193688
733577186
965929219
980944254
38760370
460280597
279941397
127086349
387573607
297962057
553522169
671888590
817498659
84556689
905468497
503410943
808706803
462593161
612823372
89265822
126591909
880201350
921282592
159035134
676830570
923565152
424542587
721215838
337780137
664499479
714148165
485465564
251709673
449800491
716648476
262343239
63158721
337426677
376689458
415711802
828043757
707742668
644122838
261743521
281948460
68274433
318592930
782395446
895835836
276446116
68254320
842594876
834047400
882081627
750628789
562711206
982427721
777441040
517825224
103353028
928334254
686353605
623545077
392245686
223231590
807219055
945487212
620319170
874897614
540628261
406844803
556656610
23334811
897740215
152880932
339871276
947492245
156253546
423001251
802849825
533855079
296035431
962384426
375997958
87296407
555416373
785141796
357424194
797888164
945880899
870947871
286575467
714835576
949391727
685273993
496604158
451587562
748944809
776289016
976282885
513140471
895988530
638431058
914674572
715650657
106697474
753085154
205021275
582624621
541121045
991943132
275684028
159652005
69154133
161400045
366762205
385420652
56553352
954230485
386491968
268629117
994472722
306777442
594323641
320199199
267140456
251918824
186843138
42960959
7541821
702933151
420948649
906909311
429297316
478269779
523321917
529989357
368743135
973777449
228139270
686000423
498862407
166409182
684514392
963775211
237921102
909232097
297509930
811493683
233786072
798731632
744312307
47972972
929335374
217966066
394799556
388003843
620881793
530554922
541176284
949333421
499876012
75414713
621184682
715770111
569095890
1515021
519136098
990328379
586062565
715246483
294449803
850798343
449498494
462630824
446896729
577311529
557074118
324031933
991859035
839486127
432637341
842717316
325544021
475644774
864717983
316091853
197104242
415727809
703874820
786780814
473116859
288008355
442825303
868099811
438239694
317762190
164040506
705300387
55987821
125275062
666814977
898474334
550169947
826448522
321715758
838584781
939363889
721640622
158930561
904489162
330133831
934235988
905446471
77614259
13827650
916492914
589286771
542613040
958241496
141128927
363482207
711864472
70578547
870581032
787088543
308812438
305964434
722005877
488138615
597390138
44271032
812432737
270504815
343985894
65563594
221437469
167214810
792622384
378190190
807494234
83188722
297035585
383614182
90503004
980817104
81096873
501528251
791561270
644196541
246119399
541552676
513749059
625896162
706424176
928569117
804465776
154621804
807786671
139306409
541006928
475574120
801556940
889544162
587456232
385083984
798335055
864105487
244923643
704787400
464239868
440506630
801062842
789336993
172397736
258002271
456141115
735344490
779140531
456379870
439656583
162074195
704107432
456290298
892253171
981516588
221594152
528011216
414613506
874476199
203818951
433605971
623376584
918654394
688562246
181606636
392267353
8926064
856770544
130151731
702756217
990715213
585069355
187585046
926721977
609809662
874095520
718097216
231478072
581087926
678840757
18605343
307910428
636587388
771285905
206998019
986856437
746834752
12582407
692955909
604367210
452779538
195283085
381008595
808632053
348846533
396174630
887425015
562161936
343765306
739471297
781686574
703921550
107388480
685915583
821834031
266851575
274444002
92401444
74854164
285036682
812552069
132844351
548604608
353321397
545639514
282317529
402701372
293091822
246027156
452363505
56468024
804286111
720625309
358530114
818415345
433222380
536899083
560054878
362087391
960008231
606325042
846961989
784552712
565606661
187798533
972371365
659619135
441972910
304691650
778909179
594595505
428065131
528409676
588802341
49950321
683500948
34937070
896170808
904973349
540907592
534189534
438352312
321748152
790040454
241285308
635034347
742790824
524285478
341510667
937946075
336287599
485023935
293719729
800776172
379273684
159528751
981331118
863320110
485207860
559240486
2095356
176169286
236394934
416840504
4236885
50942301
435615936
498251107
256494676
880542626
372542834
31539465
494470873
919269856
325068175
189294763
989992986
971987197
197405370
467266724
641759751
559231901
648014753
505255755
289536035
308483491
697343264
81458093
745574011
315545922
867847521
608621958
81161717
854971573
97945594
434273442
600070822
645830092
341489471
801214683
173341657
826934187
101301171
161358863
988910417
573496156
625608137
281092601
690217014
270226508
220801282
837247019
392303857
82083896
223981244
577797847
225238727
168905476
356971556
764077682
561434505
614666080
141354889
375042724
838662062
453887778
402647392
829498506
371738974
184854696
134824213
22699202
151550468
498535251
847639107
420374803
166890114
714517288
512425694
902871772
986895368
500085782
511997113
189965567
754414205
158842575
215685371
248777899
211181290
359223437
819129974
22192911
890681601
376831469
302681658
685457514
631839319
878901748
180730542
520513309
971460958
536453287
767934414
802829410
285000099
928092897
185587811
684065426
664931505
693717730
179246220
388753868
311874729
726182407
140264701
337630528
905808154
687482850
954258456
489911415
583587279
530123464
196192821
913376610
995627844
144614972
765946211
719002172
701909430
316692025
349306313
879415389
540693599
911182121
894292088
198896596
715369565
755267160
405545738
114659698
106082230
774775046
125381377
580408687
228768861
178656615
47037381
352324685
827211448
571564984
69623560
692830997
945158308
305914193
369864818
933571443
393794208
180085420
993458720
667596980
26552514
679335933
957380520
590929884
999566506
581086934
139220989
495438886
559607008
909521800
378601214
468934425
85085391
457440338
142665007
598106315
213231913
881422076
681399336
600527866
773265992
44243705
269051583
936205951
877829605
768354083
504888112
730644699
215429255
268338279
247045494
28535663
110914524
748996561
141767772
319253873
680524167
288871201
298859791
48138014
605277011
185453764
946192276
475276884
621585990
17995284
994405682
568135193
668619326
657449008
880016471
653662684
348419665
460678461
200768160
965757446
757467978
443001737
83134934
997575040
395748480
296715125
341099005
385424710
151708615
519610862
207516797
163845264
837259656
572599831
431455955
420471160
868126476
59226418
726962406
575433411
515610052
217485674
204880921
377294584
928850960
747275628
634858721
835269618
484900874
207681177
76892900
850436668
975659430
809813215
22056243
220754066
634928751
486465621
109292452
731098051
673546712
973567906
311774426
485836326
311068405
474996729
270440789
87376106
252464941
948305486
555571954
881498416
475909541
33688916
204679673
54328582
694792342
976216235
715519269
487891146
712602594
74133487
295389351
593236870
379388778
511306864
456325112
16596622
447941139
412288003
316126415
132503773
701711464
979827472
278383464
861119305
584059303
2666529
274745033
312420491
240787429
950879408
245579202
440513861
402412703
382498619
888041084
578683852
362350017
755609477
505791519
377881343
822707660
93388961
542762022
149892698
265536268
463887542
420210158
627210246
629418822
10127579
202842007
640646822
603517136
436432199
894669313
986860801
252194910
805504360
589439809
371856045
519686175
123856626
353321322
458244554
206618624
369863086
480205039
184494731
720915422
415055282
217251763
603647240
872034664
182648339
459929941
564245704
887117310
836140813
149214388
46139303
956205153
813453132
501619429
478485417
442863013
839157950
306261575
598525903
381307400
149327965
413373020
426482104
353830560
948468949
121822268
77475520
73605483
687104514
180636131
396388723
979438069
962754275
291577019
494949925
490036718
681169242
49845214
850063918
461577182
761368888
601726927
588097373
478204415
224741145
550175693
530894189
572268629
731926880
55461634
774892062
210672544
978178972
787951294
187721537
99226849
777561400
783463412
692752834
111936499
469049880
293013618
352712712
620231030
445565962
974237964
230342974
500938562
355605208
129162242
649771267
504976981
674850986
932098263
236989688
875579339
471963035
545734905
624880200
508532827
19827294
46403051
234337337
371469885
902835389
884337117
771079436
890487891
991877387
245610617
287971270
926107420
857467915
862651083
958880438
222810628
193082761
423731695
312762843
69917998
663450405
845007770
271753554
604124412
12936136
338666757
162161624
919960725
802722537
41118424
968715209
375643857
829029671
560065269
580216638
575621890
923585442
151303216
881595210
768124699
970701749
287334249
671025033
233090918
956328408
704987972
582336231
932358853
532913879
631038900
547631717
220868434
100972645
671888610
827663193
556930628
245282722
33943448
505887698
797689566
994959814
133256859
350172284
442035121
788261098
185925034
807276800
689523511
950638765
881539058
981880022
478217795
495053390
750019811
211272327
996695755
411269030
639264044
221060114
286443451
934197638
713516851
536148352
21888554
146785468
940147563
51955424
429463863
208986561
177427588
204112502
675728552
733233839
260238821
992180826
275131784
56018378
423265441
381213398
746199853
294843937
883933147
533202485
856025942
901145950
968351020
90185353
824202784
369022002
518372745
49247842
903099070
344013078
216068448
791738415
540792426
107519298
375493181
499984066
337296651
900357133
357116691
783190466
144742905
793693016
58170070
862522349
344938306
409718553
125738078
584810061
323781486
467693241
757102949
517181235
673232639
239499064
807151438
901983774
802589650
512537420
348091398
582228412
696942525
376352320
985550414
315531084
630462689
770456219
147109913
827752792
251245292
695089916
193993958
841520681
824539937
306264285
930555419
31905425
404923484
431698957
126321080
22680571
101370541
72067353
593193790
54186695
805820152
312405528
546490852
427043658
141469057
849722147
878415312
327499936
34171663
608757504
447692271
667306653
589817173
898953917
643426915
266983794
388652491
192174238
81589894
966290786
374797817
222992520
226061836
658447403
409610936
480342651
917045142
982876935
885473220
949193106
315146612
893987406
35167900
545219676
569681465
821595655
598487646
58148380
200125558
558256404
264108871
839886694
880726519
114339227
379764539
539390795
135906567
361023214
656569357
663129437
730758900
86344134
840983313
971921553
799939536
24336207
567257646
397938398
838762847
459354704
871403298
4002951
598151440
770198350
313600464
648554765
919936647
892526334
407887606
943022297
831054404
509988966
783029162
990312567
280495750
92379151
476407329
116133982
971307043
765200529
648092967
889978155
585627049
84906249
53537546
289194784
952993720
227900759
964773265
2293880
800191744
637132754
296744090
703909859
511889161
432625839
560111773
665054061
119356814
11662114
602998262
407486211
814533027
269760081
240351335
993283608
23936719
52162038
913561981
117064549
641527405
633808614
633413333
547558920
860622600
610797295
282077194
716830983
826634172
633850455
99861449
653098127
96443944
123234035
225210564
301263996
219570393
308685833
787386066
682874913
486760461
398020699
987551274
859224998
119029278
637000563
479820623
813752929
655907165
116141420
11364926
467757092
338701993
885204133
792294334
941074947
265630958
387174711
97457980
850710613
197851279
892148245
35535206
233805715
487686312
647535120
746376571
720008919
281795175
57966525
511190498
676358554
685721429
980005432
836653504
832195473
698299537
439616845
984271627
985435857
681687858
941625713
835649732
584442116
810293024
509436184
182844664
96911265
855473111
650404355
443735960
351505532
427414277
145665614
75677905
836933193
164577704
749246033
974901754
526333252
466430607
888353192
569557363
849908460
897119301
146914322
622074830
384880449
355993595
532203068
158674732
95339030
814650305
532176008
274508265
27112048
240219470
208787774
898612459
657807528
469413999
143320317
137145019
883806965
609843760
828782256
443007510
696291991
8493574
237068188
203590337
845978252
959825028
49076361
28659853
229594032
11502054
92253477
314411837
606882054
966095226
778840220
774075445
944795260
379221350
996879317
917517181
435220294
423292925
686781715
297748040
900575175
938543076
492961493
366879757
133315526
276633677
789709598
480265571
279366477
636201570
351673627
196677272
108476679
891301145
487124331
4214923
780537077
670989562
789313017
706275601
896076625
132797440
963975463
758724942
245986466
16996082
199261972
531045666
156794112
544860960
613991050
224641066
669082099
234867600
802763299
646466898
808276667
827770025
743777270
867981212
514185409
101959335
695633902
268452002
416729500
509474630
365299649
270596722
231601437
4802408
553743130
604854996
961763583
100713662
44711724
563071858
171727222
250261163
549915229
737147913
500791437
602545750
546810566
957408378
470871553
68835079
841115141
569584110
414235210
200758959
173704951
167752798
884518436
811195654
430238410
243213661
688278236
472944259
591417561
248321909
789919294
895409347
208087156
445516471
539182436
99450433
477134392
375690072
973126622
623621190
652977286
562338344
425658506
399421779
681735868
241799863
350120567
504722118
971210594
229125190
531281116
397688691
622572468
74579649
742724491
218251042
108917172
780833748
291731166
986873871
943859227
911655790
908853952
185052636
260150978
167886754
958384111
633168179
927052734
228282608
399478671
569307357
281801918
488097594
580631117
195109369
5055625
494283303
226988561
796374362
153060731
461604793
677243290
956320503
80506188
237800113
494499352
883822047
371017860
132683260
852863911
468766711
883384228
465292254
701290144
663096583
439940035
17976783
623810806
328433494
753497167
472841484
777015639
429189960
386761319
190605129
765765411
662379945
869172348
710290707
919403517
75302563
608651417
556598946
899167711
493051592
611087182
790454675
295185417
974733998
857773770
551110099
16016406
840823153
644038154
125328422
613806924
672609571
662451148
352725106
661475797
281152735
990321122
459794745
792942731
188166145
109395284
875158210
16421608
864444074
617718843
84524425
353172639
441216702
188800774
363763507
854650040
120331492
558338631
702481811
875881419
392594759
570374401
324675154
455575001
992261238
772706674
295189595
360365284
717127542
4362000
102164442
265817608
182642715
160306305
228739784
151289698
259591212
325470546
592364787
765404503
33384307
43031096
200858161
33749283
221605774
721882132
466268155
316574853
304041141
844145542
198488826
54403458
678616310
264187217
379916107
330618180
613352307
816654927
857193257
552108239
752052323
297656373
195616833
633313366
985894468
917515586
521123745
438669767
186085659
958091153
603135817
182233050
554487376
95429025
507220439
17305473
736638771
590584999
752631961
924510736
490663204
624802250
532728943
944852883
776513644
801400469
893844641
727067872
284182005
277777179
581566208
283952706
86466969
630816596
394244302
181830592
967127283
150613779
922141553
465472085
305688464
206667819
342605494
125742603
902327884
848824323
359185500
579496010
993262088
698180586
157932979
433579734
707293056
733693027
337798258
665638576
445897853
573179149
202580488
555430929
960721381
784018170
56518570
996976270
501047963
923234409
227750425
280922710
810780625
155709223
943769297
70006795
256138031
774569691
207892591
249943537
366749864
145347922
305553436
677881313
238954069
349650477
640069643
431693635
420453131
215497585
188682658
427893686
855028249
252194541
911614898
404344290
40983069
520411776
435920096
208794190
248821407
908400442
427397519
270475044
262447035
550993428
377878698
727771169
585997576
531537611
312603161
648047654
393530634
279488442
321650165
952566145
589220113
378788702
866341571
867373449
163697934
955137431
534643305
616744305
382487506
324739991
494576414
848461648
316165830
806694170
151701693
973355505
510296753
249793612
861402918
270034813
466638157
182096515
753249831
442959925
277525982
628723645
175281035
559526108
985246454
580783220
43741051
177681655
833880917
707397425
667680058
542745538
446535503
647563808
509819726
453329432
91403156
96370968
535742688
199188006
178169113
851088149
971557214
168534656
714674919
250602104
342699422
801391536
104005244
879932090
966680725
579956222
339562233
74519664
710869297
680007510
809291701
227888405
467566621
937619430
893506595
345487847
786727295
31667725
171626987
937411151
570889979
267747348
283107795
903026884
902892406
621791156
219269771
753780911
551070711
268859739
759357681
818746734
233975831
546696664
337999961
533763885
145538211
97959332
78952781
192406318
971865505
988028320
782235089
229579568
930405904
610515903
225480551
120641403
630526488
757428193
208335401
17105724
374028433
984206694
366547682
949618963
175044361
307432264
983231460
505981478
231262857
303345694
375814428
87847424
857602810
58422325
208873226
460708830
539521321
887158005
170673465
475713256
701824065
627825280
866510127
306413213
354578277
715012146
422003560
129321845
80270628
914549372
828580631
367925733
281593197
878836950
760337711
111687139
173814590
832976150
852801443
366518168
158512719
877582975
378257178
437838084
66407665
470331444
616063825
344289051
749597338
775119769
133909006
776290009
568350724
701415278
501379285
398068806
470624569
179804972
799391174
683226711
402464773
445506652
149208274
344276030
412107459
210096212
860486908
782156889
50388965
716052414
449930678
403210868
411599656
129873109
280980088
156225444
352541965
855089513
321449101
74024734
340123365
352067165
915675046
74687701
771777429
739101731
744512140
485453305
806193174
409537029
540868523
846705214
304287237
52572075
798066646
518610367
220293397
506474914
406039337
779498564
539375275
916074455
596348489
967707088
436076260
670483726
946856889
815740934
893245112
81925184
24964339
857421648
240010302
139416696
885137200
641458880
54925474
758917312
726235765
646636717
193657944
970119258
494436894
710911902
673303523
847871206
462567881
894725967
930697534
158303232
390815754
285029597
219179928
300464226
676308762
376661956
616498292
877915368
579409635
312404881
398740965
992172881
92099065
136577463
795245161
224804874
913048986
300565040
923174016
81244475
961047331
441132342
646277294
557959013
865228637
791358480
120137349
52304057
359255937
794846036
852889357
136926753
847260699
758765137
449469716
909357121
603891024
361331960
93817294
556166762
324522828
500170688
582120734
427574994
11230781
684535140
744715345
253880273
618582072
680298780
137015959
290782006
12369243
454702095
673427540
402374426
725794068
75738769
965088288
971340042
842830658
779585431
167756064
487626247
320560265
881861349
72587737
507797475
174649040
697104759
642195235
608131757
147084845
202711580
496428416
596113167
413271239
498403336
946229843
694296600
383091590
773711227
181854492
752822344
664582687
414310389
499738494
256322997
119604941
272444331
680137259
491432540
968759320
603253691
679790799
165317440
917925499
170599678
870538252
343859262
160650827
790943379
67518448
641373457
425413748
942769349
8849112
631322095
773959759
91520887
177020906
725004823
658263938
889463826
543215184
327707732
950672710
510520121
725014424
21900759
919371925
678817618
761336843
801274413
315728118
896197474
681723073
895243600
128502443
348683388
40627939
820498566
7012187
328627942
253482578
550635682
524508494
694554191
609517984
682699996
992821311
505462679
910881344
638537301
26604416
492878512
278453938
563005094
670917332
253321017
909824756
217793645
712399155
937281961
198740141
114175005
425325719
501643514
266267262
690246517
436243688
397315778
466097330
485566861
716320644
98569175
322445151
746195569
411436082
706476921
67814665
247593766
239640112
275878810
28050825
82038506
781741097
560609244
79987079
439265778
346343657
237938126
142273084
136413502
207002921
440511999
339278388
938557276
678895050
362741051
11351358
748312862
523540837
488092079
962313824
135256759
137464329
694070592
565607337
291325029
628574945
630285158
545145696
162987437
46291538
380312524
279698269
38474519
997201902
211410605
516602582
382447777
92107930
626489261
852375781
276095199
639630251
871176680
937683735
137970749
410975221
281220888
814908524
855018344
619889674
784545667
72565139
501430195
801124512
90840647
252869742
301604713
903805689
882957504
14234643
176128003
180248063
486342589
247576387
825394510
509174084
751997142
819639231
667024861
102717960
103690576
860037648
574215502
213328053
910906258
724482562
198880655
720463076
471039974
416468037
221074352
296155918
413723491
479159457
769847511
624773096
393995485
509207049
149382150
264564190
42787891
273321760
137247326
292186555
447541874
455470436
809510948
402771453
802041019
479846857
299364237
765714291
579965520
454111841
778246846
767201357
416662171
117847392
983139288
905209806
735281805
8576249
41389748
574001202
572703875
639071767
151430826
254132297
48468940
877758413
697089412
967358629
938465254
395160597
118996549
600984153
935049001
298072000
484510843
217972302
752347380
737389723
679154848
399924362
569894694
957662110
431320802
97095095
965026719
620255319
331851671
336870789
421537861
948720530
627278327
55800680
347184097
122373910
480349411
532022064
542108322
741684765
966664977
438958511
603994221
648900611
238652761
293930862
945554293
479279644
372946734
141290977
63347566
958678563
836496793
863124789
912235809
368910439
869560154
985317138
262415916
197384195
285770971
478042603
465067483
431820079
54572419
410469927
939490706
289849041
846515765
210353156
97188960
633425484
53644694
891174477
223385981
220968700
8214592
5045523
565014543
917637290
740189122
575954349
418065056
67726684
995102006
778067420
621149863
317407796
863992237
320822433
361052492
557526594
696646283
109857924
899686047
568460892
598136830
744231170
846717993
871187214
948114050
227119196
68577783
220028639
680612915
282906776
373355772
697135673
134512643
275338903
630133861
853838863
178776520
910749320
543006245
328101145
74859485
169176816
450845280
228531112
324139934
93189382
105190059
836948715
65209835
708050107
83734523
516313111
155719280
146730719
289655011
662871716
973994059
382906286
895315325
963976992
56721176
784523249
598347203
876568083
906120023
227922738
247707459
999681156
953344416
251633063
851807816
720521181
727095406
962612397
558553011
264108710
933323771
98710379
954680633
365769450
478757551
157432288
539282031
881076666
116788417
936172870
275743343
815632402
991210521
443255571
782777232
971325619
585941337
90248348
657100929
319879390
552035902
805141238
708041946
680036906
789144721
913389780
192068404
961449735
586921501
177409055
786802333
27259484
222550919
330468094
589867748
643599750
141050549
433404553
993331797
460613614
902218861
40776588
685663896
835427403
904809944
277234916
523056447
76449461
381621430
745681955
537937114
945436077
364183238
830545118
983389477
565028918
683629338
276856302
280975818
751099556
538231262
102881332
913271886
449424492
737699164
895891096
470569271
33342423
496117522
947263316
439042750
499989882
659096212
233601462
204140105
148346709
918032195
690191836
36832889
459299888
648936075
35384434
124874699
280389541
692741354
804510967
280789620
619627767
311393346
732573250
455509226
729465901
651113234
401122760
138509326
214439002
592111153
986453475
527445702
805696248
560378247
528724212
732490718
909905421
604437112
77193243
420479805
850267570
887640064
525024315
248068615
510355072
882590793
629487347
636752523
878895090
747647115
195440014
328089262
356732123
879888400
768423028
489329649
415379553
721672430
416395530
338607244
130351320
956658065
547411291
545761262
50893048
329616531
221665890
642221861
333817613
52802470
85792590
551834767
228145921
456740931
802439702
150221579
730958419
820069028
494622335
936874469
251504298
627366167
302383616
882112233
939079894
715452272
288023723
176376439
89709342
16830275
944567782
781932193
626667264
83848913
261799836
477156252
327015227
283049944
743312474
312474854
378403904
874905043
496556452
201248072
380137558
972065949
505752511
315503733
801720444
998033386
833553274
670167355
457595800
400702916
734529674
125962818
694521143
440025823
583700504
453246045
902614686
743456715
724786689
981513968
663437024
700178666
51248904
750948027
505894446
32673946
725644141
565813580
35072491
154560462
278497703
917247733
254472860
78521256
642303740
185324592
878758262
14760724
399036732
940757963
708196978
591508531
246365944
296785808
509960013
621168849
312013397
687173032
306047914
223222277
797406578
563096038
705985924
508248752
223056823
715647320
79106232
784832169
454356528
12208074
264570471
447776022
772922805
946848685
815936303
218175143
21064352
514618987
469088886
20449714
110502369
226470549
947900655
197969870
398322132
505109090
471091435
22176746
165425645
830270077
772454238
516698709
771021296
237734980
726185154
970838405
93174774
510778263
657428349
269827411
623390213
750981288
950761577
664368433
916717138
969117694
761046278
50031880
724719181
713761374
846280889
963301121
892012898
614394374
752061806
696108529
795271269
635804550
779295050
631340798
559326743
154069247
304759089
823015071
866503060
64308777
267809851
403904989
260094119
730956872
737223598
273219463
972416058
18743660
136289445
743988305
52453264
82840777
643934884
786433644
531008479
451153835
733886720
993387053
362652601
635462057
155061894
927964969
156626706
447616953
137824961
328878383
614120191
778337881
774362370
57024969
461722518
148233154
9448427
147344627
343235203
405894548
215951855
290531148
4889650
219096030
335115681
521945176
770132050
922038595
951268436
736713326
734889381
19200325
375147592
464150278
236345994
408179077
173587548
963877210
992488102
75989700
250165533
215585123
836805170
278893445
868327789
463484074
319451531
449840365
187301910
896884895
135476177
14282556
665122036
294765646
359736082
211919085
640548766
679871881
718366767
838591426
872548689
929571138
582798109
446462734
250662856
698838227
77712045
139081658
887399097
578272255
352166784
563539440
64667003
852923149
388308567
341938984
37094025
637080934
705566789
432737112
575406494
705523680
25538184
307763818
985222629
244844823
475876500
840973766
403184264
246603134
991503867
768990032
539346144
459997865
22451160
489133658
787063723
648283752
583111922
194269506
807773597
408997770
240374239
566277919
571653878
758492393
86860957
712259990
539403127
474396269
688973934
34884134
957705644
739244134
727241071
745463270
946909632
497199859
204516287
979308269
863495237
448666675
549157991
827374901
403767926
937801007
945445742
610989381
266029483
790661620
775201154
207190311
46882189
463862861
216939413
297307880
958413000
269893340
866335485
152589165
902568397
797745000
386922900
48462391
546612936
210044400
877413956
805510410
675298887
934139152
256605012
385535746
30972311
858865239
235166631
453270089
182357469
165559381
969736939
329083755
23891992
216629765
121816627
740742651
152226637
668889118
54810955
859316102
487027347
906619986
860810237
340058809
454408197
912564250
485965375
560120955
457730793
570253591
35929594
88429388
152564224
362721610
304040242
43644561
937195303
784178915
47836360
324475736
544900046
430604824
298267613
350942778
256435048
115277200
356026397
111951385
711725950
280655753
314893570
795424351
479459717
75265836
163503276
980936995
276052184
706617596
636424602
366257246
156647954
191687312
51450182
920620827
182309799
352648804
465483073
678851196
497734667
543347657
19022149
792030525
649923601
422947677
138266195
80986893
868157711
307173197
977000974
52854473
535437227
585224584
241364401
803687976
65642554
290442772
911856480
889758031
202827511
728283897
217337930
136786070
675471972
700277776
203377425
348075098
226834965
745599707
658914603
270756652
269784080
451456833
328973112
974969298
734106466
68945585
758749466
726690814
366858512
287072957
505708949
400555860
425623838
405129921
145883569
534628144
662858143
26073377
394067526
770786365
325185223
625406515
97429396
914137186
576938860
50691434
467454070
402506716
197704499
778482254
105591410
189049167
149783248
228086698
307113591
50007865
768083512
864987696
196120959
676672915
222053507
451419675
155754226
621182984
298137790
773357883
737874514
555271953
752523171
89769373
281241179
843233396
642315256
70462954
838125297
121880214
434823844
611647961
38739199
270174391
26933149
521223309
152094183
485125036
493250462
936305680
477255318
938367828
933199420
361405779
847554552
804785135
557682601
374801256
519639889
124058175
590637164
939846850
680941365
372391465
257236766
502656871
52085192
222642734
574899395
943404101
745245789
675253230
657723307
871969026
158112031
328766729
765472528
201528930
61350424
606152469
917229146
210375076
252116796
473553215
104057829
617070140
482473952
559221889
501363704
626354885
678060516
101344151
265001129
723424606
901980553
495066104
669404021
946758833
888951736
560564710
123279378
234439826
401588784
51545515
919532852
783833514
112640372
239835694
170193819
35089887
359723894
852540433
678921556
957001755
494165293
90480091
477874223
136932510
520557323
55581946
334721715
262653950
455505757
262540114
454298115
302672191
268658150
298192831
809993393
961620650
782273066
604138395
409698601
860754884
119999693
959094312
59911684
681034033
560814890
602479710
827485524
862265108
465108948
253865988
660969948
260972762
294266523
113045421
217813194
608714802
141597297
304271576
871761722
368585442
881278278
188472258
611156783
752338581
737141186
621507918
913392841
203711095
450045714
434637430
885699275
397790669
839192710
832319722
477414924
786353906
882713654
382957332
939141827
401226387
572806001
279137536
505411341
295135325
306100476
798960050
482321568
399760947
901235598
177333660
38271883
557342080
280797500
125654785
505536637
21403175
664097536
448126979
963186976
712804587
307455587
541588991
914682023
40140557
198574887
217641873
950527854
472926736
560356613
434219823
371660943
573325509
375377312
496312899
359221262
8682757
202929728
589801959
85244443
102245040
672817318
154741559
555921857
729593369
745780482
124206101
430136252
105275776
14850358
626802962
757159035
266911856
82093473
6162090
503103065
114583431
277511642
50366437
305839201
991393966
660174981
672993659
319196127
271809595
708334152
944530071
464405522
732338474
338981280
750291645
621919468
712701860
49312313
416891340
939713576
469616323
152696765
375993573
506914309
622964188
160800489
213455837
445906839
758820719
580535900
600172552
357368487
583561115
597059137
794888080
547049988
420736245
411389246
561312323
63203202
17116191
960897034
808875851
599994479
487947840
479223409
731333451
922973741
295013521
826773467
593739594
98190587
134856844
691073281
871581735
517077873
51744268
413148074
666291664
983095494
423827296
486709175
901688499
982159042
253209005
737271252
997400129
508870275
418683706
977013130
795175975
816895063
606976242
495062566
509692708
885288460
48754614
22050143
212915084
217938471
905581450
591207012
906347927
149737213
111885839
403171507
613210180
154874113
964830712
174015500
453113173
133898679
820291517
685678692
598011432
599088686
944349969
825400807
453716744
927811861
17650151
390191833
101911756
13957430
367019708
801200764
561312685
920354837
694613881
580697630
931743094
277392536
947208762
968566225
460473904
760760904
882522893
201426143
146673266
27252105
958276807
347487600
261873001
900546816
964692100
519586904
841759894
81754925
273972313
142821033
917008783
552729173
741316891
621461603
845803510
444618414
565823898
160668030
426832056
689678263
361337368
125208510
378065074
822075430
811213494
109358428
594718934
60366655
416113598
514833320
783867810
426479580
694517142
853706270
799379491
584044594
281666757
759447038
242336487
688648705
1632468
879004157
38020439
932040844
871563323
434134427
939921622
161353607
331932321
570904959
519999793
672705940
329702987
917162296
905533284
353612604
33996609
308924520
439940210
976440412
477466950
140538171
551517982
688057145
254252517
286909041
299303722
225222326
572758837
693954555
581803382
291697144
785576199
590698048
639711561
152680231
577220142
447734984
668709097
486213594
525795149
175524188
144107694
719389838
27222584
581486911
420242959
612374207
420709684
199534401
566773441
634774210
680885362
888083340
865762070
686255461
765491546
532326103
631751042
765795540
130367603
776089797
311983513
813580753
147011845
393786633
77734361
392623412
376222872
474186499
118273420
633633570
534001244
408879544
337184929
278376214
398156777
820713652
441960445
738879654
863446873
32685276
941883205
450537852
988459957
210680585
128080079
608314459
711869041
275863212
379029320
476601050
362609870
839245376
496873439
649459830
965486299
74937229
179648950
550488510
594992235
286312830
148745413
645280997
605985003
10765615
588183083
790617582
655871921
149836952
262307975
94710535
122075032
862801132
604056971
941483596
568165672
27193694
886136782
261869173
442863893
648371900
194959451
466013199
894626180
58475490
718365035
221848082
846016399
106081737
763932157
1123514
792049707
940456971
131384673
93549742
597686085
336441252
290254817
389939931
665874039
876041252
91557273
309880337
915003476
748488084
926283068
93847660
834801279
445068397
971333784
963681946
945177232
851690389
819902486
632279338
913064155
733692076
930805194
818553442
115169719
403103969
109031989
973062821
731561267
85608595
20103003
240423042
935412353
249225763
554364668
92990956
531934424
696111722
62558128
989529034
653858270
791558487
394656637
790893987
52793947
447435631
42926599
664421782
555636852
785744569
249517963
774599484
189430422
45024737
919855493
452473099
399963288
797679070
434161850
189680364
625691056
764967150
255208382
943355856
309504334
458809698
468999126
474196927
990984420
590114288
983874580
165175697
783553185
438985512
559148581
499257455
869429525
375434690
510660719
58313906
350044969
915674867
13881648
997946197
189505368
380621917
299776615
157207392
881105646
909162663
59182651
400852855
266493205
445002568
830738051
200984235
123681225
88073127
558295589
248699772
922763877
492266346
185574807
251486057
609219226
569196391
986135465
860654509
664116369
551365583
56806575
435038551
912042638
546318861
880733733
306606164
362862109
299182700
325170770
505110864
248711408
756963392
99859095
271854947
817119393
747820422
32281568
591875257
629449622
418282917
380815125
420058532
837155532
528310072
349609580
528086898
580413112
812499651
384540066
704930832
20617455
621034503
681484229
710052001
844786836
16953887
449003745
829884444
759771947
627414693
922760799
806509963
149689819
956526636
390414
315709584
491681294
780651006
100983750
645625681
81783045
817078748
887384000
639190759
497694591
689125662
326861749
397262864
801532391
641404701
618370508
615057001
732520694
690943861
97689389
292117313
347121242
332555845
205940734
362081491
781918194
592988260
13260806
861924850
795809911
981875565
129544173
177836822
912783295
476021028
378477035
180416490
956753773
415314619
751281764
241381842
458792844
980510108
974122139
755935125
546402775
797596299
576943856
749059180
689987141
166588271
29961351
595212855
943085759
400172924
389418936
128301482
917903293
579079862
739596796
550848486
853585054
316093809
424919567
537568165
934108494
521293874
29041204
170277312
714216952
226399919
224835413
337381142
965606124
455369735
421459904
508937888
275704317
340008666
770278388
316144435
421604134
316382492
560336467
169551917
886112372
217423153
48065965
469566075
640472195
624877279
112499562
633584282
630324520
224828467
239868549
733932918
938183086
200446690
287368155
940990882
245737960
274252919
301049813
667258504
450253678
630811034
846047298
491088866
586442000
439546632
935201795
414324212
251494933
265305505
341233886
98931135
400268340
906375023
990017972
614263983
802273909
979150160
548831231
413123855
371867463
557296054
919621312
919644462
994393963
893740218
327786614
460213582
337476827
18102264
200209099
227039662
23232830
735510055
408136275
698878758
105189964
854412409
722494185
803497909
35324404
222184083
313019798
214715935
149466594
70506180
192085948
594870677
394587830
687173887
901822485
178738550
180798629
730065598
263231169
477540552
576408067
897008691
781671721
525281337
580304382
469934709
238550585
740563765
877655047
792218811
147951298
159451794
24448426
359375267
217904162
239404032
471202244
987069200
417630305
998714833
274982060
580765648
650792950
766722764
313197683
328212666
773418331
49576408
69738066
506882503
858859116
87298127
349537815
591314973
383331602
210456756
890876082
72093742
820492079
515576495
673254208
826782537
643939057
748188439
667252733
806970604
255588979
150095093
194529968
499581555
608782900
115858224
935114567
125631168
84892818
75524866
934783679
536473026
604713310
594059739
153104964
506963481
872936470
984826311
359563378
533944872
985442895
264597623
395635766
359902500
159501066
647038320
288654791
853927381
721290430
728342968
862925837
940920007
853652358
897269992
746248480
336564613
792171790
321729161
883732561
219361505
932891609
131402680
592183062
755848182
176181580
337075057
594029840
37628874
82744811
444730325
278072725
9612258
843119482
445349042
547603834
224592752
324217618
620410508
634749734
903099716
91551615
519203224
589579230
123550875
260312827
582937291
993543191
320319851
904526928
279861945
786782376
367064986
267767236
421293153
903684683
566877417
601965930
683177917
531082146
163806667
339232913
380492273
91273386
808288947
838581022
672062983
37827132
737644706
181389452
247731320
717448148
825131378
215759258
396073160
919739563
291548600
286858105
207560354
246851567
690582261
837794797
77719704
416922145
985026081
242151524
490906467
447019142
936689124
827323691
249870436
904418838
256012735
828541617
899008470
453302109
134592915
353749039
29930713
505509230
33851887
407305502
498164254
532529146
946246319
787787443
134427135
541333669
340608799
633873173
561499972
787060276
557228239
692994092
4115241
301757401
32393030
187934202
726467358
617226248
880992110
280720448
513045782
908237157
948925916
160260457
746519211
745473894
489280288
166223814
386440605
459740203
521338198
469452836
941172086
465274674
125043912
689775128
134189491
956776539
115381625
201034766
719519567
812023228
27254962
670538048
340752145
259102376
26821008
892361545
744754633
837573601
595142175
952384600
104225642
593502456
524728672
981646682
914128280
963290776
153090945
886728713
247023030
705478389
115995292
21421430
851613632
891436423
340772751
102903094
921544006
550641125
325562738
937452869
372080716
606578640
347273363
664407921
695196541
856666616
375075423
889687595
22205234
848122074
883796663
33144856
663206972
445865047
973988940
559014626
300727921
9204746
289761842
866920207
687564428
707390018
493130811
938826833
67692380
637945474
234244712
623834853
248420265
848621443
417151676
324678590
690540869
665916785
545661569
242725486
437448944
234092285
777319167
123286553
510938441
377472616
202418516
677334970
452040355
295936253
794707569
673780237
179564757
84203047
671627959
530213573
528780211
868866892
960170121
224683855
301251988
729298118
416252477
820014818
41674930
704467143
788090166
915203968
456368426
196874729
932223395
555707790
858346046
586637573
275761118
7611228
5344486
42248437
628410281
381744625
139749399
841677595
761081073
532223255
397280878
199412945
801059471
604308353
494148479
421372057
503668712
728987593
154627539
418558102
959862861
462503367
641477473
448477476
890454775
153568826
296949569
615000142
553216271
986733354
441516971
163558930
799627964
354929758
717685827
515655226
306959073
575108432
420223823
764925479
236723443
148971081
202801585
625553219
395540102
526300506
229750934
639461824
1811836
554428634
739837704
43271648
100852470
778704621
11497631
630498080
313393641
934445975
784285267
705236603
601298839
431179118
440827203
317058012
800613624
217208911
522505243
355009080
142821759
704690124
182254377
534930893
513215263
543665221
636571363
630252853
132493399
816211173
416218467
706102817
584845878
85483453
326430983
752892481
327427942
437804839
884270130
462170689
622718781
857759884
548591111
726281509
702167581
38567641
61103095
569608689
160561555
187446951
139108637
555244394
470502465
185512270
668641546
164509341
710386337
116258032
128472009
609234631
837996098
627865470
635040057
808830062
661196712
442777726
875423604
748620159
139895079
268581225
882635387
359369110
413963574
693679838
936863604
111029400
131876600
355557097
33261942
656551791
158153123
317380256
986252517
905494146
746390972
657874162
92028070
734476315
149340802
791962591
464062574
694255471
126490203
349452829
326685164
667415210
298631462
139224730
985958075
831757704
568001299
15138245
234315127
789014297
170973525
531643503
516232674
262677042
944980061
506277925
999246301
435199811
886014734
878189983
300565371
92866171
360562231
356088947
502430173
860248362
22927729
386298478
282155914
322036409
262374787
111075288
853511142
863191399
444904572
720280754
846577371
346453807
816170727
878761701
514257602
184207339
845422448
601959890
962059038
346788974
430452071
318293882
1621188
24374869
680434529
97883228
256892812
556511796
875445629
72694191
379094198
785045855
876131547
821911045
475182138
462118753
925759925
347398403
776616994
423027641
111807095
768067688
312596571
214607354
881051638
569543566
861498871
76917748
961833622
713729629
315596043
528977521
24895951
313733542
167550951
546080849
846049052
503772208
283529165
734449431
448587197
248874644
718014317
373880839
664742154
249965069
14695558
969166290
957392916
45698037
457964907
904320704
544466248
96487472
219866047
167432831
10702779
892139660
984884736
96883361
472069277
323308656
333534989
597275615
47651297
105402717
819378737
464756862
67027550
721842060
828395465
628773290
255495326
983683439
205612254
27189296
85221317
918485649
309476878
420164359
94798119
541410819
918309739
751487759
632604716
660085440
619878795
792270927
702793989
164768529
135934651
996126446
467209609
359602969
511872517
451068958
524416006
146847515
664470791
95602232
733515236
246684502
281062729
567173960
513254850
135640065
42596278
571929839
102395771
921951450
348422140
442326887
628221682
147669511
593325377
154777976
271620618
724944147
783172677
8832294
232408146
711705208
51453231
278557927
245193005
369547814
881351139
971492918
472581373
709046937
301105324
298475416
118319284
76364685
406097144
461948648
851358536
880050459
985877913
728542163
481668156
102020048
142605095
415643485
779427549
754324838
402371475
460526254
629529306
577763814
370543318
359872013
727532573
184676901
64825508
647723777
523766423
763880052
418911853
297960394
598106854
712423418
225069608
94818414
551222827
24282658
881817585
306784398
157734946
889508381
816424540
387074950
435148592
233541287
795663318
952957046
459428978
645244829
107437909
324720736
680138435
417750916
24347717
532486182
59501917
296499314
35883579
643462608
41753693
519071376
991343707
457900238
662027839
826854581
163512755
85542694
508473674
408745082
369801110
800400917
162524974
259254816
484064796
476147331
445044033
926891018
619984253
755333924
205443132
825158131
776782447
48028743
149006027
350287011
90583346
147640446
394461047
230958864
927113432
325672914
61734428
139689185
535442631
253411207
843398933
622082393
365276775
231897653
795356134
594331626
459499732
521332945
934057321
755021194
589567703
235070910
499643044
318083901
535380480
555200000
624770856
299365580
101197837
296447528
987895743
145517158
309666301
327411831
48459027
890091802
394583843
284415765
917366038
499876789
521093885
889115676
328165638
641863576
385524951
965910391
145848789
340332625
605841599
624407582
667074374
492700185
420912156
870440691
819894051
426927174
344334644
792452684
590679579
215229533
544037400
256576560
727605233
259170652
469108276
699576235
701481069
916723079
595749353
126119486
758339946
12639023
967766708
403806682
44144331
955533099
636701081
232552758
919595138
146827517
754502473
466678763
602059404
605390585
305231116
820816205
906702696
490395667
54843676
205713484
855794685
80266567
612878062
886972223
187512877
478794484
507076014
29242465
313659410
360042335
179742486
544061033
871259237
552801320
18326925
287452273
507754113
417707652
117194494
425374867
33599996
927547682
632007534
805279656
886057
799295187
139913272
903289882
763042981
549006485
584052585
204343281
46014607
864881735
628175109
421283429
453928784
24884042
443770134
791638388
956638523
318837417
145458659
305629353
722482484
712300406
42586898
282336023
578149626
504113412
429819407
125565384
289890573
961481141
541288771
64420747
178976160
854281038
328830651
491821855
794962444
216825054
781577538
239193315
205574162
210954918
421554470
130845220
705775000
829241266
777906530
895621643
854966838
628511556
188514462
822539540
206137972
304394389
907731696
185413479
757632643
493531066
830461165
93655344
835286785
773960234
920939617
480105478
846758401
373046627
391256558
66334588
466280824
617634965
170154675
707980196
145877696
769281633
271334296
876167119
591799209
599836390
666408423
509071454
551006067
720845962
458950936
4821285
738709669
208250413
184498436
568752443
58523714
683320481
721256859
599957995
830626718
603975374
245639137
352082664
859354326
1101216
329038738
756946556
751490926
135120557
567735965
42343825
540302708
263933924
868975508
328701651
8095609
996472314
86424738
715542325
684087984
623436796
355018019
381919451
415960592
793973065
845728718
499195672
235242188
731357233
313773652
553614278
140552420
760114668
990366523
790892808
220112861
387906010
75666899
917441673
449893089
798131198
609524241
123967571
366420214
328978350
758263010
73104877
305262371
342961823
696712074
700972181
445953818
588368676
205922915
906672915
933858017
826931279
537352732
987087883
104267649
767281574
178026030
571454910
439823859
286773530
259627012
146338391
948414737
931553836
133601781
369777616
795131738
569949962
983661137
336400132
355809113
838640117
972862693
122667569
938113065
996085331
282695381
415216159
833709209
542882316
440733679
643865612
419435909
481859428
767195503
988405929
774300376
333174482
283798194
353253553
507863858
440549222
535417416
74835546
278535850
345775599
741858653
712703529
125363591
422918861
239325393
241513099
674153859
331982954
271791434
372373660
724852389
583956678
857449521
756863064
513602572
918012761
781846568
434194269
480656693
459572721
972028290
551291903
73220852
972017599
804010521
436494575
575086513
654706233
953130747
491958346
855482942
672008184
992133135
602834029
463877732
965023629
108832878
177425320
553668971
985632209
753378046
475605988
420690136
949309999
845682918
243171964
25427346
344485750
281492203
366479680
662780627
407011127
560183705
619024994
18692916
790170743
500080944
29320482
29763188
372206027
932656688
703138957
842478907
381332069
591712931
377422091
134760221
839545259
110126888
680026554
555798348
736070275
144487943
196741238
905550456
499520457
886953942
201552514
71049047
360972382
36786911
509749597
393606741
301523675
399584061
882787160
883195558
215338600
17791286
212289771
785297939
362800423
439706076
329475909
803615426
525923741
926264521
5433590
591760601
463482615
201092597
23042072
458257950
492837001
337238721
649058092
664290757
40194352
632156321
56466936
725356150
948731391
60342152
58525698
543255192
550205945
382990101
941799130
619982828
181834619
106461081
459046520
693849748
281034725
559624816
273664025
701363222
486580075
257099061
339395700
722392926
709499319
244250831
182151344
666471885
285956814
589801383
605312960
345171123
580306483
387186539
228013883
780435094
981176041
939059385
814048642
44790512
112270261
239256254
904330887
271436726
510954185
847004896
623229889
400137934
407527905
300262530
755789804
6973439
130747062
928274855
985065221
230246209
815688869
237292795
168819105
29024166
496501507
219702900
75709612
990067061
836900680
632376181
889984930
609051132
933083012
238645773
751131216
628835066
700189410
250616088
229171592
193848328
360085886
620834132
934679999
387485128
544125957
693253870
951564980
30944563
259160567
757157260
224327076
822866956
551278851
966251768
5289772
924273481
669574947
8373533
602739149
824902224
24669561
927063992
897872601
968346406
396526824
259914835
610631747
636197317
811111477
904608438
37756513
323092280
598109091
469892044
523521994
431964687
454697509
15230718
656437573
694751269
645076588
933005055
540905611
84135330
233931586
589392538
24574261
750046899
688029445
545289047
28699247
653531859
274572926
345787834
812618999
620998078
71777577
610762553
436647735
14416666
760377234
667131087
151656648
86933176
405975532
714062046
513036356
952228577
797911037
440733836
457554500
690262759
576863221
83021880
875192321
135116134
207883757
259480462
258794221
509091696
484157570
698923807
307727065
676665026
342264681
365643675
424350587
24980910
639925837
261593438
690141364
906557124
984195197
164557137
111831831
397028343
845296967
612758601
289506011
667141078
814456618
228120646
207774452
194430244
358093339
62575654
963536552
241455971
472592535
93591434
617738292
107043546
755498408
402171972
770892873
46597244
753983790
773903906
104052740
561253495
817058588
546996660
696894020
315633233
748789540
76549600
793370350
892336599
618500723
25713207
906880564
223423416
182394707
989058070
650602449
175457458
591394214
121192988
986361447
199216075
744686547
687195833
653224678
198043510
216249976
953512069
674646432
853407421
368082834
400968575
833006175
394342942
20274843
518677138
549641446
919627883
561596712
348951036
46768834
355688535
647030921
869541474
