1174172880
4478497695
3782711016
2041581465
6271115292
335049372
303427845
156899715
819319060
1686763260
927504513
468464975
2574655850
167469335
1159217325
930688407
545007804
3627680290
455888223
557092250
1685825596
842090625
604989000
78868335
1899276822
1977112200
2848736937
396378279
623779065
1852315374
4560601500
1651979615
1250610625
5978116872
675164655
2209733820
466668930
1095237825
4495213800
454636974
1028270775
1157946140
110864715
60824358
574344927
876331265
2227270500
499472265
791493375
224323317
1768117890
677719575
2093640549
265674500
716350054
41956446
1741795572
742741650
1934336250
915077625
232941150
816981165
3917348325
2304179460
927739015
3230747208
2429497125
430524435
1002755500
525888495
1273251750
302486220
853404525
1611658125
3264826500
816689115
75072690
353272477
2829281805
1504672650
1289980566
243181695
3353942700
2741954985
504833469
953377425
622830051
966380605
1402311638
1236565239
588629547
611843625
123894870
32522875
3819093642
843139860
3932723522
715251465
536651107
978191301
