23786827
-33576192
678483
-25389803
-9559313
-30164328
-50906394
19229413
2509388
5862187
11686844
12975046
20519858
27334951
23012456
29679936
4467061
6233256
25866200
-1374835
-23496764
-13299931
-16072509
388452
-2118624
-4883902
-2428415
27780689
22915517
23146583
-35243320
-1289847
563315
-34162000
20208765
-14856900
-18673812
-22112174
14939004
27288875
-26482431
19200342
-996750
2733417
-30603684
119543
2606266
11325015
13121545
6960874
12157442
9893326
-4893451
-26502648
4323550
-3112992
-18963273
2798251
-2233112
8860695
15238635
29988110
-2533830
32208903
-7784571
9187428
-5281490
12029916
-18201814
-18850422
-1424565
12082621
7448199
20558364
-19599722
4495048
14356022
31344972
-3789419
7285982
19208469
19959277
-32787841
-14283353
494981
-29879581
24933772
20929140
48126991
-11298574
13799806
-32079599
2517228
-17421435
5973111
-1916083
12663834
30220634
-26300709
99077
9875780
-5886933
11605375
36018872
-716705
20101801
-25034767
-25096878
4284223
-32647698
6788533
-23917092
1453568
-23296990
25464845
4163800
21199160
-1337959
-7282072
640292
15487060
1498051
-262441
10924090
8798099
15542594
-32611247
15815052
1289096
-32395713
773623
12100554
-30773289
-4703193
-2649069
5326807
1711838
-15012814
17170450
-31804173
13954992
-28002520
-32544085
17424384
1333347
4349734
-11648081
23866344
-21400434
-1636019
-14622766
-473068
-12682197
-17314434
17276637
2437328
15101761
9303832
10669029
15513410
10205808
582068
-9081217
25136572
26604170
-7932264
2033047
-5440413
7112285
-49047832
-44715043
6822253
28695267
1024943
-24677631
10136212
-17168355
-8405656
22552629
23216064
-30742905
-19470707
-24067670
1866444
-3635715
10627889
15306683
-26158872
-10299205
5786323
24264290
19834662
1591365
44141678
4195903
-18231136
26233014
19457968
-9335883
-34473519
31347707
18241764
695342
8958112
-31914688
-31160966
28740034
6206518
-11608150
27020160
-29502785
12095265
7374523
38383891
-15649057
-10358536
16656118
29230471
-7498609
-1937864
-8804834
-26026975
-9719038
32812359
6872702
-45005628
15106925
-36140323
-4784674
6261533
-50620474
49488872
9845712
21434295
7798448
2877530
-19680725
19754581
9914398
4731432
6882108
1256096
-2419798
-4853054
25602011
13817825
-23197224
4907497
4416389
4101858
12486125
28108510
27716445
-15215820
-17809228
35036332
-40650813
-62442112
-38042816
-15322834
9668053
-53914703
-39344533
9134583
11989738
10334013
-25843558
-34462609
44032482
-27646018
53334237
-18198932
5679306
10239681
34020454
9142930
2082801
-1939912
6119593
21947385
3072658
29055156
-15449654
16816210
-1067504
5147821
-34933758
-27363726
7001271
-6250295
-16441534
7020284
-18020767
24846734
13823918
16265709
-2115637
19736006
-41950683
19314562
4504338
-17484155
17059013
43287251
-20415220
8018768
-46139125
4820949
-1417463
-43731435
31533133
11348782
-12736662
-16938954
3208411
-59371353
17147134
24254320
25248724
22096362
4881079
-18021764
-4946835
14288403
-50320164
28338816
-34413171
48860719
21291682
2198656
-14024449
32394302
20460336
6908870
-25572578
40164380
-1967940
5320172
4922720
16502072
-12484892
-1090136
26402082
-28162156
-8063118
-11704870
30520755
13538407
-16491385
4007451
31875029
15362213
-50645400
5699579
-39455041
-60825269
4404469
-47982675
-7929535
-2753233
33048251
15440034
-18336507
-11305834
1139881
14059230
24812947
15616247
-36291644
-13113381
37719407
-5614083
-1328807
8819592
11109551
-6080804
583242
-1138823
-19250411
1118794
21739410
17736031
18829066
13602082
2135970
-23979376
40792634
7216935
13761642
19171260
7847844
-280050
404421
23995229
-45007293
-12516006
-6755924
-42425603
25925335
9434089
-20034498
756239
-21814073
10106377
25898648
121985
4907676
22847783
15706071
-20704620
-4699090
-3543685
-671741
-9797868
-13304667
19940961
-27190871
-15035550
8000587
-17361799
10792486
-6730416
-36944130
13857968
32897255
-12950772
35128160
2845121
12253015
6472619
23961020
39808011
11294903
-2756309
-2588144
17968356
10424023
-26910173
-419412
-31363376
-38880147
17636733
-19043386
18237180
-12270558
10959770
26818225
11049739
26081326
17452008
12780332
-27862054
6425890
-3653111
-4710302
-28521685
8619508
8137194
-447650
3589163
22155094
12163995
-2279444
42502244
-17636128
11711445
2811548
-29963000
-29862060
621672
-2444404
-13920030
12720095
26716764
-65599414
-8469342
-977096
-584348
-20471388
-35626686
-2241705
-11678356
6337389
-33403719
23956627
-4171025
7349066
17662250
19844279
42411208
-45143050
39754833
-21770873
10333881
-3530191
38060852
5100088
4458524
-17916585
9692760
19293608
-12212411
-23309578
24715116
8246934
-2014052
-7433702
37714996
-4455257
17946409
-39466738
-1647158
19977697
-16861301
28841326
5156105
-12194768
7921014
36212045
-13107035
4311837
13774584
23477730
4558384
12543875
26589064
18212850
-8951234
-7266156
42470984
24500793
14557395
-307811
-17934498
-34719755
5475844
-33822340
7919890
20314648
11033603
-9196207
13917620
8570851
-2540612
14360039
-1133631
-8339564
42349664
-27967906
18168599
-10216739
-16368369
40527088
2855193
-1420160
12211314
18836462
-568746
1049345
5518509
-46486921
815595
3803565
1690469
14244944
1508837
-22737269
674928
-14711562
-1545917
9460692
-23449775
30246993
12242604
19348
142506
-12688235
-11386986
-8818612
6052856
18983069
8018922
7160264
-5777107
14289678
-20025572
11137180
16732307
-20977590
20226125
-3892437
28442478
5690171
5787379
-19943418
17899791
8327982
657095
-6122773
26581933
-18389788
16482230
-12167928
19781045
-2185925
-30187141
24952402
6665280
-15892965
8054140
-3519469
503438
-37056069
-20096349
-28013863
19861544
2928171
-33127134
-21538362
2580677
34395538
-12734358
14391381
-19547759
-5016014
-544620
-20431144
18276749
10573164
40910086
4402488
8256137
-143383
-7642841
3846857
-28907035
15354780
-17768455
41425635
-16489885
1967875
-21653488
-11410857
27403100
-42592204
-42342416
-2656466
-49769879
-8155199
-12334838
-3066085
-530507
10279539
12556480
-20898307
20349672
4818233
26404059
34631197
-7503376
4285514
-24081459
-24345430
-157202
-10884172
-17447652
-49498881
17906684
5851099
-23321441
-18357452
-3577756
12560780
3970387
480220
-5277037
16392746
-13322253
35142369
-32009847
-757651
-11180524
-13494950
12527347
24996653
31456983
3147437
15976377
30988734
-27960459
31060700
23045940
-31757193
-29132009
11161616
16965879
34608922
-21585294
-31717344
-10996240
8934659
-28803924
-2416221
33562343
9924452
-1434226
10804624
3942150
18413273
-26378382
25971973
-7324625
-6203120
-17044160
5158403
15516083
4802501
15834667
18056027
-68453230
27101464
14824997
9120874
1665400
13580436
-12985933
11880572
-26825436
-17961836
28901023
11857897
-8549921
33896549
33923690
2684422
-16212365
-4809042
11045616
-23802419
8941599
-12734373
-2845183
-22370008
-4950273
466978
12362166
4243768
-3002201
-5739936
-25500073
21974681
8061742
5003367
16547473
-7216015
10976112
241279
25982175
1621387
5985980
-3531193
-40838083
30453714
21031326
4665717
756449
-7817347
26053782
-8805823
-32696518
20064845
-22416407
8781441
7014186
-16595557
3582374
-38219393
-31406648
12721777
-9368125
-8545812
-19394192
-751258
-13147697
17374948
14901462
10765317
40688843
2319047
10305302
5528878
1785399
-26524550
-23993965
19493938
9001221
-1263490
-39743958
-35189500
4148456
-4140664
2486451
13355262
-34747837
21897791
-5661125
-18957564
-6928037
-9283014
6022725
1195085
-45968451
-3543294
-4322329
7233525
38924661
-24546971
-24002797
-19108200
21152418
26612378
-13612058
25189424
49719540
13283931
-25779544
-49921603
14142131
710116
23916479
-728841
8998693
31094976
4307786
20391328
-32817108
22501546
-33638108
18715568
16154344
21051520
2134279
-10595391
3461914
4114172
-37056374
-11673336
-24091372
-17689863
4857284
-21949661
-6845201
6030249
19294207
-17128956
23959163
9878497
-20773078
9339898
-14496737
1921863
24208260
10060551
12488933
40103334
8664069
-25739693
-3723631
-4606954
-32681029
5156115
13262346
-30420205
-4234638
15069408
30434443
-791388
7418621
-12339743
-18958836
-43344278
-7136242
-5216551
-3922014
-26878555
-1799398
31346551
-1162582
-45413453
370658
-29733655
13537678
-28179340
36298356
-46637277
-11151312
18610767
5128156
-5369038
12799308
1253007
-20007744
-25232185
-14869961
-6429845
-19786769
650850
12330157
40644311
19870234
-20604876
-16548238
12348733
22770461
3649986
-2525099
-23962294
-12959980
11253699
-13165740
-11825141
12675127
-8427638
17543305
-316655
-2456982
-30946758
-3784850
-43297548
32770535
13294784
4108380
-1745542
2782724
18665121
-8765504
5067437
-885975
9772070
1567830
-18495329
3409914
25000085
15684355
-24174992
-8895828
-53327542
-7625878
-25153960
9003976
-79275
46289245
50966284
27367207
20575639
36148847
-18138650
15695536
-12231058
23352985
-22831927
28544417
21092972
5728275
-8730303
23546423
-21961551
-17347925
8533719
13837618
6754255
-1396657
20921172
-14197240
31120721
-17479503
447510
-7421870
-3937262
-12456165
-40544240
-31884993
-119945
32176052
12227732
-1543120
-36169144
-1488584
-56051260
1596342
-19349447
10161466
14971228
18664106
6065494
12873315
-39268662
-5869336
30498038
19668959
