-3895977
2291080
-2059969
-10274068
2034435
-21202398
-3657902
3023059
-4107186
283828
-9897665
5816689
6476937
657149
-20797799
-26944120
-6677158
12418305
-9004958
2503345
-25655874
-7618633
-19645056
-5675891
12921692
-9971952
-11253521
3346261
-4932783
718398
-28925196
-7324718
-10060606
-12795837
6419497
-23605893
2494545
-10592817
380456
-238114
11184483
1335959
2957094
-3675528
-11118917
6524139
7419102
7031794
-15873105
20036980
18169547
-1715121
-10783996
-2452198
3657054
27842307
28430248
-3406011
9624866
6894969
11321577
4600106
-5500785
7315455
-16379858
10443923
-9003867
-7802645
-2142208
-9890494
-4432127
2467505
3214263
248715
-5478787
-21479731
-11929894
1362908
2209625
18890283
13641045
8886485
5746691
2378958
22070845
-5393887
19404447
-26806981
12129756
-1783351
1739
343382
1881213
-10103395
12008912
-1500720
20362036
-16496389
-11088342
-17095495
-14541823
3431922
18073827
-2139688
-4971049
-10534756
-21563021
6012275
-23779303
-19477462
-11568781
6263822
25237264
7446559
-4064958
-5375354
-5548634
12089948
2854322
22132086
-29983411
-4529803
-2806602
3614138
2671558
288269
-1293517
2259198
13577526
-5872782
4299308
-14896514
-8275075
-29780
8974799
8755696
5747879
7178587
-15063337
-13641096
-19733138
-3151486
-2459895
-11380490
7910572
-27957561
-5089133
10239742
10639242
22786896
14891221
-7563765
1001581
-4116861
-18330181
-9619641
2495042
2908098
-13866930
-5152818
-26629137
-9329778
-9120862
-12850517
5714526
-17596647
-6828637
3517678
-7116336
-6804030
-5875620
12404969
-3769407
968493
-23915239
-6103526
19406527
-652871
-17341075
-2587560
8676296
-4126606
-31791427
223002
-14229054
-7899460
4398162
-11702506
-16696023
9961805
12989889
-3383911
5233751
-15737882
16665804
-21993642
-3361203
5026562
-3108531
14026282
-6188350
3315856
-1379313
-18776969
-3026699
10377869
-14437357
-4136638
-13377991
437679
-5172212
-9080597
2107865
-18404461
-3377271
-24176
7625742
6736957
15287391
-5800330
-370076
17148333
3123430
7007476
-5729524
2107888
-15514199
-9731887
-9146079
-17265121
-9041119
2826975
-10885353
-9890204
4646224
-21276918
-3919079
-7939921
-4317979
-4503427
-11189321
5018066
-11939116
4828698
66802
2450948
-1986983
-3408872
-5616863
-12700035
-18005485
19337882
2487032
20337347
-3543811
22635916
11287551
-21370445
17226715
-4318908
-28433686
10510160
-18099762
-3460361
-1922439
-3138587
-2381255
-18686076
1527678
-31613938
-11234685
-17353540
-6849227
-16409210
-14390089
15131245
-8471841
-20577365
13784811
-322402
-5494433
-3706696
-7180484
-2508275
-9688843
-14441890
-9129937
-25575010
22087562
28362178
-7595026
11459664
-7568547
-1671170
-19601769
-5406003
-26599585
-2222879
18638139
-11429879
-23743230
-21181492
-14523545
-6467332
1388183
11072720
3682598
-4360450
3034219
24590664
-11057308
-847112
17186420
-11715489
-14335502
968706
4720011
-9454514
5307081
-11375403
-12764912
-6962084
-16868569
12640823
3236808
-2011625
-21509273
2641792
-13989994
-4749475
21159809
-5212455
303689
-4943066
-20684669
-4780352
11111189
-16333889
8249264
11269448
-6796935
16471883
1934889
-10285102
-3103416
4341153
4372669
-8640528
-14082701
13600031
-4008144
-7776311
927123
9501914
15503309
-16413307
-15630421
-1445437
4489832
-5481316
-1544352
-3366096
-10419730
-17401314
-1441138
-19014673
-462752
11865350
-9669911
5052598
-6607301
4069586
2459226
-9092511
1879153
12903187
-30244529
4322029
2066062
6523227
-1198445
-12055257
6493021
17783438
-1884189
10698444
-24586625
12515098
-5581488
-2333556
-1754584
24775746
10461236
-21382135
-11523560
-16934668
-3025545
-11193545
-1644654
-4913823
-26003664
-21307205
13385808
25131734
21411229
-4299297
-1058132
5752213
4696115
-2202279
19475904
-3925692
-28800849
-7972054
18346849
7964104
-6281926
-7058085
-16492315
-4576915
8701446
28651784
-5372989
-1007129
7957670
16644234
628510
-27825139
11592011
20180518
-5583581
-12686939
3589713
29951924
-512595
-30654195
-1827001
-1291488
254496
3509166
10445389
-17420767
11754532
-6470990
-7751903
101207
14528909
15758306
-34646793
-10426941
-2159892
-6577715
22113320
-7190974
9621110
9275232
-3321151
-173206
2598438
18565582
-4934853
-1491752
5499899
-7784043
-12106554
2553374
-8119500
-18598330
-3690354
14071309
19261199
-6153199
-20231618
6777083
109531
-4830137
-28829993
2615274
-10345534
-652441
19692842
22024251
-2953835
-6172933
2458736
-404824
-6541320
-5581984
1170489
-4901596
2715933
-11592331
13007274
3642604
10319476
-1096409
-6964125
-7003835
-22069756
-15303280
-25723648
-7640212
-5967986
-11365417
2552524
21096188
-8395253
1232996
-26179801
-2443026
-3806027
24690145
-16838041
11928048
15053141
5544473
1599969
534435
-18864102
-738864
-7788594
-5713432
-82993
-23123659
-16753147
-11347585
-25574979
-904985
8603898
-6904010
-3204364
-15302352
273899
-11553039
-6276515
-17661870
1750419
-13754865
-23646675
10729779
-14375677
-856059
-3361849
22362017
-7087681
4817853
-2686280
-2360880
6422087
-17571614
16556140
4822580
6169194
-6255229
-13091746
-2246713
10407655
3538858
-19634674
1739365
2039178
19256255
26503543
-25213176
2117399
-4433238
21339318
6471196
-17989721
-5253612
-4180939
20727583
-16218653
5595465
4453070
-18371812
-16979240
-108745
7188590
-12658271
10912240
-10240099
-6094871
-28207189
-6360
7509581
-1461675
4263484
-21610018
-2901504
-29474184
-30497927
17047572
-7367353
7424720
-13353086
-12208785
-5801997
1999005
-24445578
-15571736
-1811175
-7825196
-7893723
18784626
-7742447
-4180996
-1199111
-16064879
1214443
-19996452
-7187872
6822557
-4233871
-6649347
-1907277
2539881
-6173307
1231647
-13800253
12663371
1803439
14571806
2286824
-13837458
-13453350
-1938454
-5921783
29834126
-9928591
1307372
-7202842
-638673
19793690
-408004
-21934030
-8088472
3811068
130134
-9740308
15295239
1989352
-27199044
-4471341
-5906885
-16739854
-5246749
1913381
-3327812
-15192799
-16215224
-15546596
-26489069
3023801
-18771600
-5772335
13465757
-2503090
-7425423
-8096332
5592291
27598664
-15448377
-8407497
-4523643
6963729
-18164076
-18083823
7519777
14818864
9974379
8599284
-14499726
4931912
-8713781
-2563015
-2227081
17986638
-13375212
1096866
-8637463
2619288
-3840097
9383067
3615717
19010035
-2081482
-5516935
-19331407
-10297777
-10816656
-12033525
-4553176
-6807934
836941
-3378607
-4955915
-149120
-4173212
-6395502
10775711
-883125
1957818
30336243
-26672582
29414835
-9769108
-5564844
3815631
-10750446
1162246
15915930
9538864
-19122894
-4517789
6203264
1739365
-4819146
7804582
26273169
3975701
6463198
-573420
16741324
1681931
-5126240
-12834681
1552229
-23682242
-29280743
-2683272
5932650
16433471
-10320669
21184982
-3123708
-1785468
-15742173
16037416
21938292
6880466
-28941127
-9201595
-9556791
-5935584
3731205
-1114612
4097350
17729788
14671151
-7855457
3517048
-2171129
-5486241
-1530503
-343806
-21766681
-14452832
-1465807
-1834368
-1720171
10532570
-1272625
-6760011
11486343
13278899
-24718521
-1122975
-985295
-7502176
1147244
22106775
-6276592
-16251529
3644869
-3802684
-6478152
-9879086
-9104112
-6091330
-22841876
-26733709
-17030565
-3684446
394224
10032603
2481641
3157460
428738
-1620565
16605476
10525146
-21391893
6905611
8141745
3630853
-52534
2264045
12176653
-1511848
2524405
19426587
-29396842
6415461
-6849648
-8011019
-4686470
-18923022
-15611594
-15944072
11929425
-2519949
6202946
15130721
10377112
-14805619
-453472
3307776
-10451462
7145391
9334201
8426548
-17265724
15594480
3334322
-16973912
14777732
-2292665
3066556
719224
-1696835
22039209
-12891937
17568519
-2007177
-14209803
-13516514
-14403576
-5461313
-3772101
-14435961
-10543049
3810382
31417296
-6688135
18099298
10933546
833022
-20063763
3047698
-3177011
852690
-13757438
773470
-32069491
-3968214
660216
16709784
-7006613
-13856262
16563749
-10803475
2369485
9830956
-657451
-24594289
-8724851
-14380688
-8346905
-14214959
-2401791
4051083
-11849396
-11214209
9985278
1932133
-14185691
-3380151
-8307639
2973854
2999064
-27001012
-717024
25953046
3554110
-30114903
-3608810
-1932392
14650576
-4295001
-5682665
12725554
-3653365
-7103942
2464295
-3983792
-16448347
-14580319
-6400458
-3567214
14598003
2096887
-3413279
10805471
19123973
7938826
-11986899
677581
6368333
8064354
5391389
22048268
-7668830
-24345810
25813824
-25632616
-17823326
-1903770
-7397485
-22127307
-24114124
-8473906
-9495882
-7608168
336509
-4012125
-2408692
10247395
23678445
9331952
-4559514
5744991
-29261548
3791928
-7798728
-14847499
20859190
1790887
1814000
-24162244
-19833566
-5155828
-7349952
-17463445
2893785
6132578
-1199358
13052047
-13760466
-7739133
15365104
-17221228
18743092
-3043437
14250711
-7379353
188717
-14454193
-26194036
1898184
-1093232
6893662
-3375441
-12486806
-14173114
2139445
2172188
18316503
-2005557
-1356690
31477835
-14974879
-2511282
-1879349
6166777
-16860093
-3677305
857191
-3809865
-19693729
2813641
19418990
-19049531
-17035380
-4829646
18321727
-14812877
5488144
-19991838
-8156379
-4040319
-136010
-18529860
-48963
2080116
-2090314
-8654980
-19520057
-12141456
23352293
