8810922
481103
7781951
-5933308
11004440
7168315
1944978
4415804
-5651320
-5845146
-6077572
-11387901
11175025
592208
4082363
-11020279
-674381
-3697269
1155177
4864289
7351451
-530868
14521843
-540723
-9960719
-12678744
-3006768
1071695
14078797
-5580620
4362544
8201101
-9870494
9978104
608217
-9903686
2451934
-1671103
911156
3569877
6121147
-3107828
-8609547
4889030
-11060112
-803826
-4182634
-7778508
8287226
-3037034
8050577
200452
-298848
9609706
-4724094
10465616
-1773636
10555815
1221027
2187752
-2161996
-14215091
2442396
527655
11539966
6392351
4416723
11934626
3150530
14793419
744948
9699701
-3901900
-185814
-10271868
4221413
15722645
158800
645950
1226709
-7146051
1107607
-1573449
12687098
-1981138
2909224
594001
16004040
43227
-14454733
4564871
8626090
2669797
9448988
-7621224
12799698
6031617
2336994
8415506
936773
11284252
-3235741
13128141
5949842
16846562
8474194
-14827390
12807082
-12061165
-4173467
6566540
4379340
4829564
3838029
1961878
-15013869
-2485644
10578424
-41226
2352821
-10644973
4077643
-497880
52827
2522373
-75236
-8430490
7297752
16067263
10246135
-6015328
11768149
-6320871
6887634
3622947
-13249229
-4446288
1439071
-1398888
-620055
616545
3871167
-3426045
-6606149
10788866
-124969
2727487
2605429
-1820017
690171
-8518584
-5066835
9086088
13083396
-8049486
-9083966
9398468
2374280
-2520793
6688477
-9468350
1991689
11039128
-3232483
-7671125
2528046
-14315920
-4341443
-7071089
4437255
5546305
1223741
1266170
-476213
-14141349
424313
8493281
627769
4528535
10709933
-603787
1108659
81147
7471200
-1998851
12010182
-5208790
-2893411
1174420
-1296723
9165081
6026890
9698191
-8667745
2564708
2171854
-13304756
4529347
-5389836
2693543
9211526
12635070
-8502770
4152044
9016774
-2235528
-6899535
-5961682
5123530
-5293024
6483441
-732572
6306938
898119
-8804774
558752
-6925955
-2196630
-6339486
-8028299
2106262
-12780962
-9781431
4523078
5596668
-4143213
-4403152
4416370
14342538
7415358
9003193
2316154
7787873
-3061684
4445264
7048938
-2908402
-1856834
11029997
-4032898
-9296701
-528530
2831631
9191739
-9086424
4004531
2369057
-3918554
1342249
-1148290
4552260
1355233
6051329
5606580
4001896
-2806872
-10261120
-2607897
-7653181
2679679
-10076992
-310129
-10352969
-2272108
4935482
-6478705
12384031
3321659
-1016898
4911429
-7594149
-8857286
12505991
5345607
6486413
-1562952
-2656605
-14501557
234945
2815209
1677201
-277137
4802536
164024
7946510
-5053011
2257589
4567148
348125
-15503141
716292
-14410676
-5105173
-13536342
42512
1564662
-5769628
-1897212
2072657
-15450425
2358632
6629692
15636221
8400418
2924883
-272393
-3691559
-1879010
1100999
5417396
-903178
6348762
8412857
4510861
4783140
1400612
11259135
7121558
-3065776
2178812
2689467
8360671
3313407
-9735743
-3491147
-1066587
-3186253
-12211229
-17553587
6012302
1613777
6809606
-7301227
1351390
-2516469
9224788
1873406
-6022754
2340941
6843059
3832249
6438346
3435138
-8757675
786945
-2209433
2609415
-3786811
65369
-296246
1606686
7295136
8977347
3730165
7894372
1802343
2347695
2744906
4196980
1061198
-2252889
872810
5081882
2917776
-17002578
-3021173
3042375
3772030
8215309
-9832863
-1136027
-6714327
-9558726
-7912944
5570350
101574
-273298
9501714
814861
9133508
-6896825
-12352130
3293552
1409243
-13394369
-5553911
1110669
-2801072
-7412543
5258342
-1207702
3458330
-10037002
4049253
2122077
-4374311
-9138969
-323173
2746301
2794557
4992396
12268759
9132379
-17376439
-2788827
-6324056
5693002
-483630
2101711
2020280
-6404268
-10310434
-5409046
17983252
4318591
15321077
3978366
275611
-6383103
-2890084
9988115
-446487
-5622512
-10153419
9477385
-14632560
9977148
-5929189
-12005040
11252101
-3484165
13660757
1146824
7802013
7103049
6996041
-2922354
10419745
-16933342
-1593296
8169660
8898827
1703391
-12293748
1018993
1399979
-2741574
9846878
-3051407
-9684446
7346391
-4545972
5446473
10878766
-10388907
9656285
5576983
12965085
2581191
-1343826
-10797834
10557850
6321004
-5426947
5253107
-998193
2758315
-5308164
-396187
-3194812
-7353567
533854
687615
-6955140
4101653
11637118
-14905815
4282872
-7598134
3917705
3437973
8347020
9018451
-1169894
-10104026
-6632682
6382379
-4264154
-423624
9269781
216597
2748330
230290
12871319
10075837
-11974060
2424213
3352887
-6125449
-6893742
585926
2814459
-2108738
349094
-1603725
-10607271
2421003
4279124
498972
2362326
-1659905
-8094720
11987896
9221157
9592273
-13535088
3087147
-5791968
-40207
-1920516
2933978
-1947298
7700019
2827854
3696223
2028763
1358975
-6364552
-1771005
-3777018
8445991
6751155
-3073711
8350653
1988951
13175824
12251568
10091925
-2494801
-4757187
11422778
7944273
2189479
1083165
-153793
1582165
942755
6995550
1455903
10961229
-3395049
-11759389
8436848
594149
-4416723
-12191567
1923442
767379
-7317686
835825
-9083217
-2919951
2034060
-969449
4398471
3183828
-3006754
3634392
-4969198
9714563
-1633100
-3250980
10445901
-4757187
8607962
-3384904
6267688
11252101
7188049
6747072
1096006
7550873
6394290
5963545
-12660985
333868
-3942628
-16538123
-1970137
-2175311
1568988
11355511
2054523
852858
-6653468
1470493
3433830
6970984
5039784
7178127
-1819708
2795916
-1100830
-619818
8013019
2557384
-13150879
11840625
-5735758
2536288
5106921
1018359
-36425
-8641257
4390495
-13815090
-342153
10184487
8437017
-5226909
-2181562
-5786492
1155177
-9630013
-13203469
-710253
5816778
-19790492
13944455
7506320
-1415856
6039638
-1554313
9364153
-1830449
551349
-3370027
-8142074
4021612
-6536028
-963484
9496235
316408
3249176
7911053
3858836
-12677137
-2121926
-1575054
1875612
-8594514
-9631125
-8741498
13652655
474053
-3845714
4990133
13201444
11323170
-644880
-4097854
1459998
1411373
-17024889
2917776
14681439
4709434
-3172244
4369740
6311069
3712813
-10092734
-11328122
-8605901
-5412927
-12953958
1045466
1480780
2201552
7246332
-6338335
-4910377
-1132167
3509279
-3848451
-1397563
12349402
2058927
-5437622
1519133
4405767
-1026136
359521
-1582492
-1326083
1817670
3436067
-3352344
9422251
10410238
8340080
-2302562
-13246661
-7516160
2036184
-1077916
-8656315
3456061
-1423427
-2181541
-289677
1505004
6432354
-3508308
-3819503
8065957
9886457
-3909430
-2199915
-2644081
936935
3055727
-11328558
5528080
-182540
-300465
-735658
-5863468
3279649
3396614
4802683
-10471098
3412480
5971039
5528344
904859
-13051057
-3495157
-8838200
7371654
-13292629
-2848936
11341879
12081131
-3993618
4823727
-1729545
12527032
5909191
254086
-8178874
14811208
11099978
-471854
6700499
-3011883
1718706
9168845
12500446
-4483739
5760747
-12653801
258177
-7523881
781553
12486009
-11711171
-6493945
-3148202
348125
2995059
908650
-10749550
11685452
-13791940
5440331
5341197
-1527123
-1604505
8883283
5958782
117316
-5880538
2909297
2631313
8521751
11977914
4677414
-3890759
8033877
-2693373
15358158
8517520
-4032440
62793
8974315
9211822
5847651
2642163
371899
11778981
2231241
-4176452
2530909
10435771
5914956
11270628
2243147
6006031
6410375
-1980898
3621550
2667922
-1898286
-5193757
-1294529
11658560
-7361115
-1574813
5255932
-4572484
8135522
1731319
5524362
-465584
12426176
-9874347
-8487211
8418034
1561445
1576276
4425325
9911282
7878931
564265
-1519037
198498
-3091033
-5801088
9678098
-3122273
17745243
-2640274
-9020797
261031
4987675
5672887
-1302059
3305509
11396475
-5543300
-8353267
-5893495
-11198851
851964
-6741822
-4046449
-11063321
-6401277
9412534
-102343
-765281
-8678422
-2034080
2509705
-5046716
1947248
-4451643
-3732609
-3992576
-9050559
-9778622
4608315
11570010
-5313721
5581188
2337097
-2290047
-14476157
3342774
-2972110
10207390
840403
12315054
4468719
7750368
-1013490
-566090
-8680537
-8144870
1635717
-2666534
-554669
-583083
6294395
12240413
-8994837
-7230133
-15859793
-15660709
4851844
11878378
-2242319
-10692406
7877729
-7801041
-8504194
-3308080
1499217
-1514719
11267442
1218728
333149
3100096
9163171
12019910
-5325130
-358037
-7622933
-2078099
-11404405
-10078299
2699672
-6520800
2377031
-6113516
12700814
5029679
9135342
-7728967
6303699
1053757
3519795
1966389
-11766117
6747999
5433729
18566360
-5827022
-10537167
6848815
-3277511
17741426
-6064744
-2320477
197194
517507
1498844
1733891
12221361
-10671063
-17622526
6202538
-20057
-5776634
-11281344
-5939295
-875367
1980491
-17601742
-10982164
-2214137
-673058
-6595881
1052020
-1528565
10612294
-1987571
12194490
-5646962
2773643
8228434
8829437
-6543983
14637643
-13093376
4694611
1810468
-14382930
-11039780
1677820
2931628
-4436668
2847300
8047574
6245666
2200730
12770471
941337
-3992555
7895979
-144344
-6222369
3010441
9568480
-1290880
-11600238
-714764
578826
1121723
