154057
31573
8243
21283
72937229
2273
547727
5596937
293093
251
899831
2275439
227
327647
907657
375593
7057
479827351
353218711
887
914801
1714507
514661263
16561
421768801
880005073
604397
6217
973126829
6047
631577
216523
88337
29851
413243
203413927
788985383
157
182577049
1831
3158041
171763
2275529
463
37693
602801
1635721
432413
517073
26479657
24251
260411
4987967
790219
65183
526051
81237973
6380669
2017
4954979
3217307
2738371
2203
6527497
73405081
3828151
17389
8536357
6949
61703
4451
30595921
9239
428177
29383
251
5419
7780061
3589739
1709
477259
29683
38498773
6701
36559
57982843
6173
4314017
51898381
1955141
130003
110660743
99317
151
140010853
728869961
6152969
45841
65687
1789
