1655
3 1 2
4 5 13
7 6 14
8 12 15
9 16 18
10 19 21
11 23 24
17 25 28
20 26 29
22 30 32
27 31 33
36 35 34
37 38 43
39 40 44
46 41 47
48 42 49
50 45 52
57 51 54
58 53 56
60 55 59
69 61 62
72 63 64
75 65 66
76 71 67
82 74 68
84 77 70
87 78 73
88 80 79
89 81 83
92 90 85
96 93 86
98 95 91
100 97 94
104 99 102
106 101 103
107 105 109
108 114 111
110 117 113
112 121 119
115 124 120
116 125 126
118 128 127
122 130 129
123 132 136
131 133 137
135 134 138
143 139 146
145 140 147
151 141 148
152 142 149
153 144 154
168 150 155
172 157 156
180 159 158
182 160 162
185 161 164
186 163 165
188 166 167
194 169 170
195 174 171
196 175 173
198 176 178
201 177 179
204 181 187
209 183 191
210 184 193
211 189 199
212 190 205
214 192 208
215 197 216
221 200 218
224 202 219
232 203 225
239 206 228
244 207 229
246 213 230
247 217 231
250 220 235
252 222 236
259 223 237
262 226 238
263 227 243
266 233 248
274 234 253
275 240 258
278 241 268
279 242 269
282 245 277
283 249 284
285 251 287
286 254 291
288 255 295
290 256 297
298 257 299
300 260 310
301 261 311
302 264 316
303 265 320
305 267 331
307 270 336
312 271 337
313 272 339
314 273 340
315 276 343
319 280 346
324 281 348
325 289 350
327 292 352
328 293 354
329 294 356
330 296 357
332 304 359
335 306 361
338 308 362
344 309 365
345 317 366
351 318 367
355 321 368
360 322 371
363 323 372
376 326 373
378 333 374
380 334 377
383 341 381
384 342 382
385 347 392
386 349 393
390 353 394
391 358 396
398 364 405
399 369 407
401 370 409
403 375 410
406 379 412
408 387 416
413 388 420
417 389 429
418 395 432
422 397 433
423 400 439
424 402 441
428 404 442
431 411 446
434 414 447
436 415 449
440 419 450
443 421 455
444 425 458
445 426 465
448 427 471
451 430 472
452 435 475
454 437 478
457 438 487
461 453 491
462 456 500
463 459 503
470 460 507
473 464 510
476 466 517
479 467 518
480 468 519
484 469 520
488 474 522
490 477 526
494 481 529
496 482 544
497 483 548
498 485 549
509 486 554
511 489 557
514 492 560
521 493 568
524 495 569
530 499 571
534 501 572
537 502 573
539 504 576
540 505 582
541 506 586
543 508 590
546 512 593
547 513 597
558 515 601
561 516 602
562 523 603
564 525 610
566 527 612
570 528 614
574 531 617
577 532 618
578 533 621
580 535 624
585 536 629
592 538 630
594 542 635
596 545 636
600 550 638
604 551 640
605 552 641
606 553 644
611 555 646
613 556 649
615 559 653
616 563 655
627 565 656
631 567 665
633 575 672
634 579 678
637 581 684
639 583 686
647 584 688
650 587 692
652 588 695
657 589 696
658 591 702
659 595 703
661 598 704
663 599 717
664 607 719
666 608 726
668 609 729
673 619 731
675 620 734
677 622 736
680 623 740
681 625 742
682 626 743
693 628 747
697 632 752
699 642 754
700 643 760
710 645 767
713 648 771
715 651 772
716 654 774
724 660 775
725 662 779
727 667 784
730 669 785
732 670 786
733 671 792
735 674 794
745 676 795
748 679 800
749 683 801
750 685 802
751 687 804
755 689 806
756 690 810
765 691 811
766 694 813
768 698 814
769 701 815
770 705 818
773 706 819
777 707 820
778 708 821
780 709 823
781 711 826
782 712 828
791 714 829
793 718 831
798 720 835
803 721 839
805 722 844
807 723 845
808 728 846
809 737 850
812 738 853
822 739 854
830 741 856
832 744 862
833 746 866
836 753 871
837 757 873
838 758 877
852 759 879
855 761 880
858 762 882
860 763 885
861 764 888
863 776 889
868 783 891
869 787 893
870 788 894
874 789 895
875 790 898
883 796 899
884 797 904
886 799 910
887 816 911
896 817 912
897 824 913
902 825 918
905 827 924
906 834 927
908 840 929
909 841 930
914 842 931
915 843 933
916 847 934
917 848 935
920 849 936
921 851 941
922 857 944
932 859 945
938 864 947
939 865 948
946 867 951
950 872 954
952 876 956
955 878 957
960 881 958
969 890 961
977 892 962
979 900 963
980 901 974
981 903 978
986 907 983
989 919 985
1002 923 990
1006 925 992
1008 926 993
1009 928 994
1011 937 998
1015 940 1000
1018 942 1003
1024 943 1004
1028 949 1005
1030 953 1007
1034 959 1013
1036 964 1019
1037 965 1021
1041 966 1027
1044 967 1038
1045 968 1039
1046 970 1042
1048 971 1043
1049 972 1051
1050 973 1054
1055 975 1056
1060 976 1057
1071 982 1058
1072 984 1062
1074 987 1063
1077 988 1068
1079 991 1070
1087 995 1075
1089 996 1080
1091 997 1085
1099 999 1088
1110 1001 1095
1112 1010 1096
1119 1012 1097
1121 1014 1098
1122 1016 1101
1125 1017 1104
1127 1020 1106
1129 1022 1108
1131 1023 1109
1140 1025 1114
1141 1026 1115
1143 1029 1124
1144 1031 1126
1147 1032 1128
1149 1033 1132
1156 1035 1134
1159 1040 1138
1160 1047 1142
1161 1052 1146
1162 1053 1150
1163 1059 1152
1166 1061 1154
1167 1064 1155
1168 1065 1157
1172 1066 1158
1176 1067 1165
1179 1069 1169
1186 1073 1171
1187 1076 1173
1189 1078 1174
1194 1081 1178
1195 1082 1181
1199 1083 1182
1200 1084 1183
1201 1086 1184
1202 1090 1185
1211 1092 1188
1212 1093 1191
1213 1094 1192
1214 1100 1196
1216 1102 1198
1217 1103 1204
1218 1105 1205
1222 1107 1206
1224 1111 1208
1229 1113 1219
1235 1116 1221
1237 1117 1223
1253 1118 1230
1254 1120 1232
1258 1123 1233
1262 1130 1234
1263 1133 1238
1264 1135 1243
1266 1136 1248
1270 1137 1252
1272 1139 1255
1281 1145 1256
1282 1148 1257
1288 1151 1259
1289 1153 1260
1293 1164 1267
1294 1170 1269
1303 1175 1271
1306 1177 1274
1307 1180 1275
1308 1190 1276
1319 1193 1279
1325 1197 1280
1326 1203 1283
1327 1207 1285
1328 1209 1287
1333 1210 1290
1337 1215 1291
1345 1220 1292
1351 1225 1295
1359 1226 1298
1362 1227 1299
1370 1228 1300
1373 1231 1301
1374 1236 1302
1375 1239 1304
1376 1240 1312
1377 1241 1315
1378 1242 1316
1379 1244 1321
1384 1245 1329
1393 1246 1332
1394 1247 1334
1397 1249 1335
1405 1250 1339
1406 1251 1341
1407 1261 1342
1408 1265 1343
1410 1268 1344
1414 1273 1352
1416 1277 1353
1418 1278 1354
1421 1284 1356
1423 1286 1361
1427 1296 1364
1428 1297 1366
1431 1305 1367
1434 1309 1368
1441 1310 1369
1444 1311 1372
1446 1313 1380
1447 1314 1382
1448 1317 1385
1449 1318 1386
1454 1320 1389
1455 1322 1390
1457 1323 1391
1466 1324 1395
1470 1330 1398
1472 1331 1399
1473 1336 1402
1476 1338 1404
1479 1340 1415
1480 1346 1419
1486 1347 1422
1487 1348 1424
1493 1349 1425
1495 1350 1430
1497 1355 1432
1499 1357 1435
1501 1358 1436
1503 1360 1437
1510 1363 1450
1514 1365 1451
1518 1371 1463
1519 1381 1465
1520 1383 1467
1522 1387 1468
1526 1388 1469
1531 1392 1475
1536 1396 1477
1538 1400 1483
1539 1401 1484
1548 1403 1488
1550 1409 1492
1554 1411 1494
1555 1412 1496
1563 1413 1498
1564 1417 1502
1565 1420 1506
1566 1426 1508
1568 1429 1511
1569 1433 1513
1570 1438 1516
1571 1439 1527
1573 1440 1528
1575 1442 1529
1577 1443 1530
1582 1445 1532
1598 1452 1535
1599 1453 1540
1602 1456 1541
1605 1458 1542
1606 1459 1543
1613 1460 1545
1618 1461 1547
1620 1462 1558
1624 1464 1560
1633 1471 1561
1635 1474 1562
1636 1478 1579
1643 1481 1580
1644 1482 1581
1646 1485 1583
1647 1489 1587
1650 1490 1591
1654 1491 1594
1656 1500 1595
1657 1504 1596
1658 1505 1597
1659 1507 1600
1662 1509 1601
1666 1512 1609
1669 1515 1610
1670 1517 1611
1672 1521 1614
1678 1523 1621
1679 1524 1622
1680 1525 1623
1687 1533 1625
1689 1534 1627
1692 1537 1629
1694 1544 1632
1695 1546 1634
1703 1549 1638
1707 1551 1639
1709 1552 1640
1711 1553 1641
1712 1556 1642
1713 1557 1645
1714 1559 1655
1715 1567 1661
1716 1572 1663
1718 1574 1664
1720 1576 1665
1723 1578 1671
1724 1584 1673
1733 1585 1674
1736 1586 1676
1739 1588 1681
1740 1589 1683
1742 1590 1684
1746 1592 1691
1747 1593 1693
1748 1603 1696
1751 1604 1697
1752 1607 1698
1753 1608 1700
1754 1612 1701
1758 1615 1702
1759 1616 1710
1766 1617 1717
1770 1619 1719
1776 1626 1721
1779 1628 1727
1790 1630 1728
1797 1631 1732
1802 1637 1734
1803 1648 1737
1809 1649 1738
1820 1651 1744
1825 1652 1750
1827 1653 1757
1830 1660 1760
1836 1667 1761
1838 1668 1763
1839 1675 1764
1840 1677 1767
1841 1682 1768
1843 1685 1769
1845 1686 1772
1850 1688 1773
1858 1690 1774
1861 1699 1775
1864 1704 1777
1865 1705 1778
1868 1706 1782
1870 1708 1783
1875 1722 1784
1876 1725 1785
1884 1726 1787
1885 1729 1788
1889 1730 1789
1890 1731 1798
1891 1735 1799
1895 1741 1800
1896 1743 1801
1901 1745 1805
1904 1749 1812
1906 1755 1813
1909 1756 1814
1915 1762 1816
1916 1765 1818
1919 1771 1823
1920 1780 1824
1921 1781 1832
1924 1786 1833
1927 1791 1834
1928 1792 1837
1933 1793 1842
1938 1794 1846
1939 1795 1848
1943 1796 1849
1945 1804 1851
1948 1806 1854
1950 1807 1855
1955 1808 1856
1956 1810 1857
1957 1811 1859
1960 1815 1860
1961 1817 1866
1963 1819 1867
1964 1821 1871
1967 1822 1873
1971 1826 1879
1975 1828 1881
1979 1829 1882
1985 1831 1883
1986 1835 1887
1987 1844 1888
1994 1847 1897
1995 1852 1900
1997 1853 1903
1998 1862 1905
2003 1863 1907
2006 1869 1911
2011 1872 1913
2013 1874 1922
2014 1877 1923
2016 1878 1925
2018 1880 1932
2021 1886 1937
2024 1892 1940
2025 1893 1941
2037 1894 1946
2038 1898 1947
2039 1899 1949
2041 1902 1951
2043 1908 1952
2045 1910 1954
2047 1912 1959
2051 1914 1962
2055 1917 1966
2060 1918 1968
2061 1926 1972
2062 1929 1974
2068 1930 1977
2073 1931 1980
2075 1934 1983
2099 1935 1984
2102 1936 1988
2104 1942 1989
2106 1944 1990
2107 1953 1992
2108 1958 1993
2110 1965 1996
2112 1969 1999
2115 1970 2000
2121 1973 2004
2122 1976 2008
2123 1978 2017
2125 1981 2019
2126 1982 2020
2128 1991 2022
2129 2001 2023
2130 2002 2026
2131 2005 2030
2134 2007 2031
2136 2009 2032
2137 2010 2033
2139 2012 2035
2141 2015 2040
2146 2027 2044
2150 2028 2050
2153 2029 2052
2154 2034 2056
2160 2036 2058
2161 2042 2063
2164 2046 2064
2166 2048 2066
2171 2049 2067
2172 2053 2070
2178 2054 2077
2183 2057 2079
2184 2059 2080
2186 2065 2081
2187 2069 2082
2189 2071 2083
2192 2072 2084
2194 2074 2086
2196 2076 2087
2198 2078 2090
2202 2085 2092
2203 2088 2093
2205 2089 2095
2206 2091 2096
2209 2094 2097
2211 2098 2100
2212 2105 2101
2216 2117 2103
2217 2120 2109
2220 2133 2111
2222 2143 2113
2224 2144 2114
2225 2147 2116
2226 2149 2118
2227 2151 2119
2233 2152 2124
2236 2156 2127
2241 2159 2132
2242 2165 2135
2246 2168 2138
2247 2169 2140
2248 2170 2142
2256 2173 2145
2261 2175 2148
2262 2176 2155
2263 2177 2157
2268 2180 2158
2270 2181 2162
2272 2182 2163
2277 2185 2167
2285 2188 2174
2286 2190 2179
2288 2191 2197
2296 2193 2199
2297 2195 2201
2301 2200 2208
2307 2204 2210
2308 2207 2213
2317 2223 2214
2318 2228 2215
2322 2231 2218
2323 2235 2219
2324 2238 2221
2326 2244 2229
2327 2245 2230
2331 2252 2232
2334 2253 2234
2336 2255 2237
2340 2257 2239
2341 2264 2240
2342 2265 2243
2346 2275 2249
2347 2281 2250
2348 2283 2251
2349 2284 2254
2350 2287 2258
2354 2289 2259
2356 2293 2260
2357 2294 2266
2359 2295 2267
2364 2299 2269
2367 2300 2271
2372 2303 2273
2375 2304 2274
2379 2305 2276
2384 2306 2278
2385 2309 2279
2389 2311 2280
2396 2313 2282
2403 2314 2290
2405 2319 2291
2408 2320 2292
2410 2321 2298
2412 2325 2302
2414 2332 2310
2415 2333 2312
2416 2338 2315
2417 2344 2316
2418 2352 2328
2424 2353 2329
2425 2355 2330
2426 2358 2335
2436 2361 2337
2439 2363 2339
2440 2365 2343
2444 2368 2345
2445 2373 2351
2452 2376 2360
2454 2380 2362
2466 2383 2366
2468 2386 2369
2479 2387 2370
2482 2388 2371
2483 2391 2374
2488 2392 2377
2492 2393 2378
2493 2397 2381
2494 2399 2382
2505 2402 2390
2511 2404 2394
2512 2406 2395
2514 2407 2398
2515 2411 2400
2517 2413 2401
2518 2421 2409
2523 2423 2419
2525 2428 2420
2527 2429 2422
2528 2430 2427
2532 2432 2431
2533 2433 2434
2535 2441 2435
2537 2442 2437
2539 2443 2438
2540 2447 2446
2545 2448 2449
2546 2458 2450
2548 2459 2451
2554 2460 2453
2555 2461 2455
2561 2463 2456
2562 2464 2457
2565 2465 2462
2568 2469 2467
2569 2471 2470
2571 2474 2472
2575 2475 2473
2586 2476 2484
2590 2477 2485
2595 2478 2486
2596 2480 2487
2599 2481 2490
2607 2489 2491
2609 2500 2495
2610 2501 2496
2612 2503 2497
2613 2506 2498
2614 2507 2499
2616 2513 2502
2617 2516 2504
2623 2522 2508
2624 2524 2509
2626 2526 2510
2634 2529 2519
2638 2531 2520
2639 2536 2521
2643 2538 2530
2645 2541 2534
2649 2547 2542
2652 2550 2543
2658 2551 2544
2659 2553 2549
2662 2557 2552
2663 2558 2556
2668 2560 2559
2669 2564 2563
2671 2567 2566
2673 2570 2572
2674 2573 2576
2676 2574 2577
2677 2578 2580
2679 2579 2581
2684 2582 2583
2687 2584 2587
2688 2585 2588
2689 2589 2591
2690 2593 2592
2691 2597 2594
2693 2598 2600
2694 2601 2605
2697 2602 2606
2699 2603 2611
2702 2604 2615
2703 2608 2620
2716 2618 2621
2718 2619 2622
2729 2625 2627
2737 2628 2629
2738 2631 2630
2740 2632 2633
2745 2636 2635
2748 2640 2637
2749 2642 2641
2752 2644 2648
2756 2646 2655
2767 2647 2656
2774 2650 2661
2782 2651 2678
2784 2653 2680
2788 2654 2682
2792 2657 2692
2798 2660 2695
2801 2664 2696
2802 2665 2698
2803 2666 2700
2810 2667 2707
2817 2670 2708
2822 2672 2710
2827 2675 2711
2829 2681 2712
2833 2683 2714
2834 2685 2715
2836 2686 2721
2843 2701 2724
2846 2704 2727
2848 2705 2741
2854 2706 2742
2858 2709 2746
2861 2713 2750
2862 2717 2751
2864 2719 2753
2869 2720 2754
2870 2722 2755
2874 2723 2757
2876 2725 2759
2878 2726 2760
2882 2728 2761
2888 2730 2766
2889 2731 2768
2890 2732 2769
2894 2733 2771
2897 2734 2772
2900 2735 2773
2902 2736 2775
2903 2739 2776
2913 2743 2778
2919 2744 2779
2925 2747 2780
2929 2758 2783
2930 2762 2789
2931 2763 2790
2933 2764 2797
2935 2765 2804
2936 2770 2808
2937 2777 2809
2940 2781 2812
2942 2785 2813
2947 2786 2814
2948 2787 2815
2951 2791 2816
2955 2793 2819
2961 2794 2824
2965 2795 2825
2966 2796 2828
2968 2799 2835
2969 2800 2840
2976 2805 2841
2977 2806 2844
2979 2807 2847
2981 2811 2852
2982 2818 2856
2989 2820 2857
2992 2821 2859
2994 2823 2863
3000 2826 2865
3002 2830 2866
3006 2831 2868
3007 2832 2871
3012 2837 2875
3020 2838 2877
3029 2839 2879
3031 2842 2884
3035 2845 2885
3038 2849 2886
3039 2850 2887
3041 2851 2891
3042 2853 2893
3043 2855 2896
3050 2860 2901
3051 2867 2904
3052 2872 2905
3054 2873 2907
3058 2880 2909
3059 2881 2910
3063 2883 2911
3067 2892 2912
3069 2895 2914
3072 2898 2916
3075 2899 2917
3078 2906 2923
3080 2908 2927
3082 2915 2932
3085 2918 2939
3091 2920 2941
3093 2921 2943
3098 2922 2945
3102 2924 2950
3107 2926 2954
3108 2928 2957
3109 2934 2960
3110 2938 2963
3113 2944 2967
3114 2946 2974
3115 2949 2975
3117 2952 2980
3118 2953 2985
3123 2956 2986
3128 2958 2987
3129 2959 2990
3130 2962 2991
3132 2964 2995
3139 2970 2998
3143 2971 2999
3149 2972 3003
3155 2973 3005
3156 2978 3008
3157 2983 3009
3161 2984 3013
3162 2988 3017
3163 2993 3018
3165 2996 3022
3169 2997 3023
3173 3001 3025
3175 3004 3026
3177 3010 3032
3179 3011 3033
3180 3014 3036
3183 3015 3040
3184 3016 3044
3187 3019 3045
3190 3021 3046
3194 3024 3047
3199 3027 3048
3200 3028 3053
3202 3030 3057
3203 3034 3062
3204 3037 3064
3205 3049 3065
3208 3055 3066
3213 3056 3070
3214 3060 3077
3216 3061 3081
3224 3068 3086
3226 3071 3087
3230 3073 3088
3231 3074 3090
3234 3076 3094
3235 3079 3095
3236 3083 3097
3237 3084 3101
3242 3089 3103
3243 3092 3104
3250 3096 3105
3251 3099 3106
3252 3100 3111
3257 3112 3120
3261 3116 3121
3266 3119 3122
3267 3124 3125
3268 3126 3127
3269 3131 3135
3273 3133 3136
3274 3134 3140
3275 3137 3142
3279 3138 3144
3283 3141 3150
3289 3145 3151
3290 3146 3152
3292 3147 3153
3294 3148 3158
3300 3154 3160
3302 3159 3167
3305 3164 3171
3306 3166 3188
3307 3168 3195
3309 3170 3196
3310 3172 3197
3312 3174 3209
3313 3176 3211
3314 3178 3215
3316 3181 3218
3317 3182 3221
3318 3185 3222
3319 3186 3225
3321 3189 3228
3322 3191 3232
3330 3192 3238
3337 3193 3240
3338 3198 3246
3339 3201 3248
3345 3206 3253
3347 3207 3260
3348 3210 3262
3349 3212 3264
3350 3217 3271
3353 3219 3280
3358 3220 3285
3359 3223 3288
3368 3227 3291
3378 3229 3295
3381 3233 3296
3384 3239 3323
3388 3241 3326
3389 3244 3333
3390 3245 3334
3391 3247 3340
3395 3249 3344
3396 3254 3354
3401 3255 3355
3406 3256 3361
3409 3258 3363
3413 3259 3365
3416 3263 3366
3424 3265 3367
3425 3270 3369
3427 3272 3371
3429 3276 3372
3436 3277 3375
3437 3278 3376
3439 3281 3379
3447 3282 3380
3450 3284 3382
3453 3286 3385
3454 3287 3394
3460 3293 3397
3461 3297 3407
3463 3298 3411
3470 3299 3412
3471 3301 3418
3474 3303 3420
3475 3304 3422
3477 3308 3426
3479 3311 3434
3482 3315 3435
3483 3320 3441
3485 3324 3443
3487 3325 3445
3490 3327 3446
3493 3328 3448
3496 3329 3449
3497 3331 3451
3498 3332 3452
3500 3335 3457
3504 3336 3459
3507 3341 3462
3509 3342 3464
3511 3343 3466
3513 3346 3467
3515 3351 3468
3522 3352 3476
3523 3356 3478
3524 3357 3481
3525 3360 3484
3529 3362 3486
3530 3364 3488
3534 3370 3492
3538 3373 3499
3543 3374 3505
3551 3377 3506
3552 3383 3508
3556 3386 3510
3559 3387 3512
3562 3392 3516
3563 3393 3519
3564 3398 3521
3566 3399 3526
3568 3400 3527
3572 3402 3531
3578 3403 3537
3579 3404 3539
3583 3405 3540
3589 3408 3547
3592 3410 3549
3594 3414 3554
3596 3415 3555
3598 3417 3558
3602 3419 3560
3605 3421 3561
3607 3423 3565
3610 3428 3567
3621 3430 3569
3624 3431 3571
3625 3432 3574
3626 3433 3576
3630 3438 3580
3638 3440 3585
3639 3442 3586
3640 3444 3590
3643 3455 3593
3645 3456 3595
3646 3458 3597
3648 3465 3601
3650 3469 3603
3652 3472 3604
3654 3473 3606
3655 3480 3612
3656 3489 3614
3657 3491 3616
3663 3494 3623
3667 3495 3628
3671 3501 3632
3673 3502 3633
3675 3503 3634
3677 3514 3636
3679 3517 3637
3680 3518 3641
3687 3520 3642
3693 3528 3651
3694 3532 3653
3695 3533 3658
3697 3535 3659
3703 3536 3664
3709 3541 3666
3710 3542 3668
3713 3544 3670
3714 3545 3672
3715 3546 3676
3724 3548 3681
3730 3550 3682
3733 3553 3683
3744 3557 3684
3746 3570 3685
3751 3573 3688
3752 3575 3689
3753 3577 3690
3756 3581 3696
3759 3582 3698
3767 3584 3700
3768 3587 3701
3770 3588 3702
3772 3591 3704
3773 3599 3705
3774 3600 3706
3776 3608 3711
3778 3609 3716
3779 3611 3726
3781 3613 3727
3785 3615 3728
3787 3617 3729
3789 3618 3731
3791 3619 3732
3792 3620 3734
3793 3622 3735
3794 3627 3736
3796 3629 3737
3801 3631 3739
3803 3635 3740
3810 3644 3741
3814 3647 3742
3815 3649 3743
3819 3660 3745
3820 3661 3748
3825 3662 3760
3828 3665 3765
3829 3669 3766
3830 3674 3771
3833 3678 3775
3835 3686 3777
3836 3691 3782
3837 3692 3784
3839 3699 3786
3840 3707 3797
3842 3708 3798
3844 3712 3799
3845 3717 3802
3848 3718 3804
3855 3719 3806
3856 3720 3807
3857 3721 3808
3867 3722 3809
3868 3723 3813
3870 3725 3818
3871 3738 3821
3873 3747 3822
3877 3749 3823
3883 3750 3826
3891 3754 3831
3897 3755 3832
3898 3757 3834
3900 3758 3843
3903 3761 3846
3905 3762 3849
3906 3763 3850
3907 3764 3851
3909 3769 3852
3911 3780 3863
3920 3783 3869
3924 3788 3872
3928 3790 3875
3929 3795 3876
3933 3800 3879
3938 3805 3881
3939 3811 3882
3940 3812 3884
3941 3816 3885
3945 3817 3886
3947 3824 3890
3950 3827 3893
3953 3838 3894
3955 3841 3895
3957 3847 3896
3959 3853 3902
3961 3854 3913
3966 3858 3915
3968 3859 3916
3970 3860 3917
3971 3861 3918
3976 3862 3923
3978 3864 3930
3984 3865 3931
3986 3866 3936
3987 3874 3948
3992 3878 3949
3994 3880 3951
3995 3887 3952
3996 3888 3954
4004 3889 3956
4006 3892 3958
4011 3899 3962
4013 3901 3963
4021 3904 3967
4024 3908 3972
4026 3910 3973
4030 3912 3974
4038 3914 3975
4041 3919 3981
4044 3921 3982
4047 3922 3990
4049 3925 3997
4052 3926 3998
4053 3927 4000
4055 3932 4001
4057 3934 4002
4058 3935 4007
4060 3937 4012
4062 3942 4015
4066 3943 4020
4069 3944 4025
4070 3946 4027
4074 3960 4028
4078 3964 4031
4079 3965 4032
4090 3969 4036
4092 3977 4037
4093 3979 4039
4098 3980 4040
4099 3983 4042
4100 3985 4045
4105 3988 4048
4106 3989 4050
4118 3991 4051
4119 3993 4056
4123 3999 4059
4124 4003 4064
4126 4005 4065
4127 4008 4067
4128 4009 4068
4133 4010 4072
4138 4014 4075
4140 4016 4076
4149 4017 4077
4151 4018 4081
4155 4019 4084
4156 4022 4087
4162 4023 4088
4165 4029 4091
4169 4033 4101
4170 4034 4103
4171 4035 4104
4173 4043 4111
4180 4046 4112
4181 4054 4115
4183 4061 4121
4184 4063 4130
4187 4071 4134
4189 4073 4139
4192 4080 4141
4194 4082 4142
4195 4083 4145
4198 4085 4146
4199 4086 4148
4201 4089 4150
4206 4094 4152
4207 4095 4153
4211 4096 4157
4212 4097 4159
4214 4102 4160
4215 4107 4163
4219 4108 4167
4220 4109 4172
4221 4110 4174
4223 4113 4176
4225 4114 4177
4228 4116 4178
4229 4117 4179
4231 4120 4188
4235 4122 4191
4238 4125 4193
4239 4129 4196
4242 4131 4197
4245 4132 4202
4250 4135 4203
4253 4136 4205
4254 4137 4208
4255 4143 4213
4256 4144 4218
4257 4147 4226
4258 4154 4227
4260 4158 4230
4263 4161 4234
4268 4164 4236
4270 4166 4237
4276 4168 4240
4279 4175 4243
4282 4182 4246
4285 4185 4247
4286 4186 4248
4287 4190 4249
4288 4200 4252
4289 4204 4261
4290 4209 4266
4291 4210 4271
4293 4216 4273
4296 4217 4274
4298 4222 4278
4299 4224 4280
4301 4232 4281
4306 4233 4284
4307 4241 4292
4308 4244 4294
4310 4251 4302
4311 4259 4305
4314 4262 4309
4315 4264 4312
4320 4265 4313
4324 4267 4316
4325 4269 4318
4326 4272 4319
4333 4275 4322
4334 4277 4330
4335 4283 4331
4343 4295 4332
4344 4297 4338
4345 4300 4341
4347 4303 4342
4352 4304 4346
4353 4317 4350
4354 4321 4351
4355 4323 4357
4358 4327 4361
4360 4328 4362
4369 4329 4365
4370 4336 4366
4374 4337 4367
4376 4339 4368
4379 4340 4371
4381 4348 4375
4382 4349 4377
4385 4356 4378
4389 4359 4380
4398 4363 4383
4406 4364 4384
4411 4372 4391
4414 4373 4392
4417 4386 4395
4419 4387 4396
4423 4388 4397
4425 4390 4402
4426 4393 4403
4428 4394 4404
4434 4399 4408
4437 4400 4412
4438 4401 4413
4440 4405 4415
4448 4407 4416
4456 4409 4420
4457 4410 4424
4458 4418 4427
4461 4421 4429
4463 4422 4430
4470 4435 4431
4472 4436 4432
4475 4439 4433
4476 4444 4441
4480 4447 4442
4481 4449 4443
4482 4450 4445
4485 4451 4446
4487 4454 4452
4498 4455 4453
4500 4459 4465
4501 4460 4469
4503 4462 4473
4505 4464 4474
4508 4466 4479
4511 4467 4483
4516 4468 4491
4520 4471 4492
4521 4477 4493
4522 4478 4495
4523 4484 4496
4527 4486 4502
4533 4488 4504
4535 4489 4506
4536 4490 4507
4537 4494 4509
4539 4497 4510
4541 4499 4517
4551 4512 4525
4552 4513 4528
4554 4514 4531
4562 4515 4534
4568 4518 4538
4576 4519 4540
4582 4524 4543
4584 4526 4546
4585 4529 4549
4591 4530 4555
4598 4532 4559
4601 4542 4560
4603 4544 4563
4604 4545 4564
4607 4547 4565
4608 4548 4567
4611 4550 4569
4617 4553 4570
4618 4556 4578
4621 4557 4580
4623 4558 4583
4625 4561 4587
4638 4566 4588
4639 4571 4590
4641 4572 4593
4643 4573 4595
4645 4574 4597
4647 4575 4599
4648 4577 4600
4653 4579 4605
4654 4581 4606
4655 4586 4609
4659 4589 4610
4660 4592 4613
4664 4594 4622
4668 4596 4626
4672 4602 4627
4674 4612 4628
4678 4614 4632
4679 4615 4633
4680 4616 4636
4682 4619 4640
4683 4620 4644
4684 4624 4652
4690 4629 4661
4693 4630 4663
4694 4631 4670
4697 4634 4671
4699 4635 4673
4700 4637 4675
4703 4642 4676
4709 4646 4685
4715 4649 4687
4716 4650 4695
4720 4651 4696
4721 4656 4704
4723 4657 4705
4728 4658 4706
4729 4662 4708
4732 4665 4710
4733 4666 4714
4734 4667 4717
4738 4669 4718
4740 4677 4719
4744 4681 4722
4750 4686 4724
4754 4688 4725
4756 4689 4726
4759 4691 4727
4761 4692 4730
4767 4698 4737
4769 4701 4739
4773 4702 4743
4775 4707 4747
4780 4711 4751
4782 4712 4753
4783 4713 4755
4786 4731 4757
4787 4735 4760
4789 4736 4764
4791 4741 4766
4799 4742 4768
4802 4745 4771
4812 4746 4772
4816 4748 4774
4820 4749 4776
4825 4752 4778
4826 4758 4779
4828 4762 4781
4829 4763 4784
4830 4765 4785
4834 4770 4788
4835 4777 4793
4838 4790 4794
4847 4792 4797
4848 4795 4803
4850 4796 4805
4852 4798 4807
4854 4800 4809
4858 4801 4813
4860 4804 4814
4863 4806 4818
4864 4808 4823
4865 4810 4827
4870 4811 4832
4873 4815 4833
4874 4817 4837
4875 4819 4842
4876 4821 4843
4877 4822 4845
4878 4824 4851
4882 4831 4855
4883 4836 4857
4888 4839 4859
4892 4840 4862
4893 4841 4867
4894 4844 4872
4895 4846 4879
4896 4849 4880
4897 4853 4891
4901 4856 4898
4904 4861 4899
4906 4866 4903
4912 4868 4905
4914 4869 4907
4916 4871 4910
4918 4881 4911
4922 4884 4913
4926 4885 4917
4929 4886 4921
4933 4887 4925
4938 4889 4931
4948 4890 4932
4950 4900 4934
4957 4902 4936
4958 4908 4937
4959 4909 4939
4969 4915 4942
4974 4919 4943
4975 4920 4944
4976 4923 4945
4979 4924 4947
4980 4927 4949
4990 4928 4953
4996 4930 4954
4998 4935 4956
5000 4940 4963
