138574309
112230793
0
17655843
38812850
41099222
0
209659
5406525
64209459
108835366
18164272
7259593
0
14996969
164780383
23241180
122809596
26776145
101350902
146682227
72286380
43442692
123525758
95980843
153873006
12159484
53263244
17558017
0
96754407
30037909
54444450
50840456
0
30387213
87694929
150283127
112218670
17948180
131260009
74573603
23454401
131565353
51195734
57351446
1077224
17765571
3035227
81714449
142842265
58630963
10290460
17024166
6299548
10165829
79431041
103570078
7842281
136023702
66546868
100710981
108757741
45564631
108341382
74483331
8712832
0
109672169
122885958
74949067
36184393
133934815
0
135126085
138190416
160871040
123641158
69771381
69293635
0
28978943
19606895
0
176767008
31649679
6741939
13093167
33545221
68687173
133769718
1206695
0
46154705
0
139869617
82255722
82288856
9070365
67171263
