198297
89716
166540
236352
2809
1080
235726
8759
116781
22221
80733
119595
73937
225
35721
3971
1368
51
169750
12039
100545
84652
39106
86508
5655
9465
120751
1158
136530
3844
133615
42
173697
172335
9676
64343
52094
44733
158446
4245
181518
36511
99351
7665
47981
1212
60788
204477
102129
35346
18502
6945
35650
35196
226104
45324
39049
122154
159600
57460
21511
54840
163272
232666
236763
175330
163348
5190
93045
150968
20596
56
239334
34510
93118
98101
20451
199366
2542
210813
9766
240442
9120
144189
10424
6658
113332
9831
133839
152750
38572
126381
115602
15509
9515
358
20961
155751
173056
166065
11166
8373
152715
8059
14884
4113
115341
7231
22750
1264
