1
12496
172227
23566
164027
26484
229921
5043
220356
111258
205117
3620
121801
120805
9542
20086
47097
22714
104175
420
7571
55496
63021
195066
16404
5419
4979
30102
143731
168100
86851
31248
156
244726
17454
34825
49286
87181
92401
25167
5226
147921
9246
153066
25993
136534
3606
7116
111021
64771
992
113915
18171
143653
68431
61021
230404
69969
197178
166906
32980
45369
288
70281
2431
69549
94255
71038
51088
115836
42
21498
4
206595
3136
40834
133221
23104
141558
17779
72101
7868
60036
24739
21448
129612
88056
144406
4299
129642
140757
82657
111478
76248
129810
185280
232326
4761
35741
79975
