237981
109855
90002
213073
143647
119746
100461
141768
64021
223377
180697
132869
115872
63504
78801
105807
82091
238657
62975
196693
88033
65692
160072
135556
185773
194041
87622
106071
93814
121468
242073
151053
171325
143298
165669
245601
154156
153736
121488
200452
203350
242917
173728
148324
208939
82006
160156
213474
143226
225667
116301
104668
178542
246537
146689
163620
136555
198265
72876
224266
135105
128053
72855
209836
102916
79251
194958
150676
127101
181246
68986
165076
95197
200794
203071
94864
209342
143066
83761
121488
229461
134358
177261
173146
235378
80728
155855
158902
89511
127689
180757
66048
138016
101833
212860
176400
141948
142219
117516
95839
106282
190126
67642
109563
105715
75076
246513
132213
70297
68650
100181
200425
104733
208536
159721
64516
95020
226786
116631
130801
135312
223819
110565
72711
67111
66991
78261
134341
162861
102201
177762
155634
199558
197478
67116
143263
122914
144844
192723
83257
113942
194511
220626
174231
174148
88330
214868
103686
83859
177671
125336
106949
192777
96442
170556
163596
142627
106175
160056
230961
71311
83563
73776
74601
179433
122073
101763
146689
196234
100807
199506
66835
142131
121857
94894
104329
112896
164455
87856
81591
131879
110686
101124
169396
157216
229785
218997
82551
179139
212096
65905
221374
105469
245584
121933
126031
199516
144844
82656
63772
